[2026-07-27T14:00:46.144+0000] {local_task_job_runner.py:123} INFO - ::group::Pre task execution logs
[2026-07-27T14:00:46.154+0000] {taskinstance.py:2614} INFO - Dependencies all met for dep_context=non-requeueable deps ti=<TaskInstance: avito_to_raw_midraw.dbt_build_midraw scheduled__2026-07-27T13:00:00+00:00 [queued]>
[2026-07-27T14:00:46.158+0000] {taskinstance.py:2614} INFO - Dependencies all met for dep_context=requeueable deps ti=<TaskInstance: avito_to_raw_midraw.dbt_build_midraw scheduled__2026-07-27T13:00:00+00:00 [queued]>
[2026-07-27T14:00:46.158+0000] {taskinstance.py:2867} INFO - Starting attempt 1 of 2
[2026-07-27T14:00:46.163+0000] {taskinstance.py:2890} INFO - Executing <Task(BashOperator): dbt_build_midraw> on 2026-07-27 13:00:00+00:00
[2026-07-27T14:00:46.165+0000] {standard_task_runner.py:72} INFO - Started process 4138 to run task
[2026-07-27T14:00:46.168+0000] {standard_task_runner.py:104} INFO - Running: ['***', 'tasks', 'run', 'avito_to_raw_midraw', 'dbt_build_midraw', 'scheduled__2026-07-27T13:00:00+00:00', '--job-id', '410', '--raw', '--subdir', 'DAGS_FOLDER/avito_to_raw_midraw.py', '--cfg-path', '/tmp/tmpcxl8s45g']
[2026-07-27T14:00:46.169+0000] {standard_task_runner.py:105} INFO - Job 410: Subtask dbt_build_midraw
[2026-07-27T14:00:46.196+0000] {task_command.py:467} INFO - Running <TaskInstance: avito_to_raw_midraw.dbt_build_midraw scheduled__2026-07-27T13:00:00+00:00 [running]> on host 4c6dd7d943f5
[2026-07-27T14:00:46.338+0000] {taskinstance.py:3134} INFO - Exporting env vars: AIRFLOW_CTX_DAG_OWNER='data-eng' AIRFLOW_CTX_DAG_ID='avito_to_raw_midraw' AIRFLOW_CTX_TASK_ID='dbt_build_midraw' AIRFLOW_CTX_EXECUTION_DATE='2026-07-27T13:00:00+00:00' AIRFLOW_CTX_TRY_NUMBER='1' AIRFLOW_CTX_DAG_RUN_ID='scheduled__2026-07-27T13:00:00+00:00'
[2026-07-27T14:00:46.338+0000] {taskinstance.py:732} INFO - ::endgroup::
[2026-07-27T14:00:46.343+0000] {subprocess.py:78} INFO - Tmp dir root location: /tmp
[2026-07-27T14:00:46.344+0000] {subprocess.py:88} INFO - Running command: ['/usr/bin/bash', '-c', 'cd /opt/***/dbt && dbt run --profiles-dir . --select avito_ads && dbt test --profiles-dir . --select avito_ads']
[2026-07-27T14:00:46.348+0000] {subprocess.py:99} INFO - Output:
[2026-07-27T14:00:47.399+0000] {subprocess.py:106} INFO - [0m14:00:47  Running with dbt=1.11.12
[2026-07-27T14:00:47.500+0000] {subprocess.py:106} INFO - [0m14:00:47  Registered adapter: postgres=1.9.0
[2026-07-27T14:00:47.714+0000] {subprocess.py:106} INFO - [0m14:00:47  Found 1 model, 4 data tests, 3 sources, 475 macros
[2026-07-27T14:00:47.715+0000] {subprocess.py:106} INFO - [0m14:00:47
[2026-07-27T14:00:47.716+0000] {subprocess.py:106} INFO - [0m14:00:47  Concurrency: 4 threads (target='dev')
[2026-07-27T14:00:47.716+0000] {subprocess.py:106} INFO - [0m14:00:47
[2026-07-27T14:00:47.770+0000] {subprocess.py:106} INFO - [0m14:00:47  1 of 1 START sql table model midraw.avito_ads .................................. [RUN]
[2026-07-27T14:00:47.836+0000] {subprocess.py:106} INFO - [0m14:00:47  1 of 1 OK created sql table model midraw.avito_ads ............................. [[32mSELECT 893[0m in 0.06s]
[2026-07-27T14:00:47.846+0000] {subprocess.py:106} INFO - [0m14:00:47
[2026-07-27T14:00:47.847+0000] {subprocess.py:106} INFO - [0m14:00:47  Finished running 1 table model in 0 hours 0 minutes and 0.13 seconds (0.13s).
[2026-07-27T14:00:47.876+0000] {subprocess.py:106} INFO - [0m14:00:47
[2026-07-27T14:00:47.876+0000] {subprocess.py:106} INFO - [0m14:00:47  [32mCompleted successfully[0m
[2026-07-27T14:00:47.877+0000] {subprocess.py:106} INFO - [0m14:00:47
[2026-07-27T14:00:47.877+0000] {subprocess.py:106} INFO - [0m14:00:47  Done. PASS=1 WARN=0 ERROR=0 SKIP=0 NO-OP=0 TOTAL=1
[2026-07-27T14:00:52.939+0000] {subprocess.py:106} INFO - [0m14:00:52  Running with dbt=1.11.12
[2026-07-27T14:00:53.030+0000] {subprocess.py:106} INFO - [0m14:00:53  Registered adapter: postgres=1.9.0
[2026-07-27T14:00:53.233+0000] {subprocess.py:106} INFO - [0m14:00:53  Found 1 model, 4 data tests, 3 sources, 475 macros
[2026-07-27T14:00:53.235+0000] {subprocess.py:106} INFO - [0m14:00:53
[2026-07-27T14:00:53.235+0000] {subprocess.py:106} INFO - [0m14:00:53  Concurrency: 4 threads (target='dev')
[2026-07-27T14:00:53.235+0000] {subprocess.py:106} INFO - [0m14:00:53
[2026-07-27T14:00:53.276+0000] {subprocess.py:106} INFO - [0m14:00:53  1 of 4 START test accepted_values_avito_ads_source_system__avito__synthetic_avito  [RUN]
[2026-07-27T14:00:53.276+0000] {subprocess.py:106} INFO - [0m14:00:53  2 of 4 START test not_null_avito_ads_avito_id .................................. [RUN]
[2026-07-27T14:00:53.276+0000] {subprocess.py:106} INFO - [0m14:00:53  3 of 4 START test not_null_avito_ads_title ..................................... [RUN]
[2026-07-27T14:00:53.277+0000] {subprocess.py:106} INFO - [0m14:00:53  4 of 4 START test not_null_avito_ads_url ....................................... [RUN]
[2026-07-27T14:00:53.326+0000] {subprocess.py:106} INFO - [0m14:00:53  3 of 4 PASS not_null_avito_ads_title ........................................... [[32mPASS[0m in 0.05s]
[2026-07-27T14:00:53.326+0000] {subprocess.py:106} INFO - [0m14:00:53  1 of 4 PASS accepted_values_avito_ads_source_system__avito__synthetic_avito .... [[32mPASS[0m in 0.05s]
[2026-07-27T14:00:53.326+0000] {subprocess.py:106} INFO - [0m14:00:53  2 of 4 PASS not_null_avito_ads_avito_id ........................................ [[32mPASS[0m in 0.05s]
[2026-07-27T14:00:53.327+0000] {subprocess.py:106} INFO - [0m14:00:53  4 of 4 PASS not_null_avito_ads_url ............................................. [[32mPASS[0m in 0.05s]
[2026-07-27T14:00:53.337+0000] {subprocess.py:106} INFO - [0m14:00:53
[2026-07-27T14:00:53.337+0000] {subprocess.py:106} INFO - [0m14:00:53  Finished running 4 data tests in 0 hours 0 minutes and 0.10 seconds (0.10s).
[2026-07-27T14:00:53.362+0000] {subprocess.py:106} INFO - [0m14:00:53
[2026-07-27T14:00:53.362+0000] {subprocess.py:106} INFO - [0m14:00:53  [32mCompleted successfully[0m
[2026-07-27T14:00:53.362+0000] {subprocess.py:106} INFO - [0m14:00:53
[2026-07-27T14:00:53.363+0000] {subprocess.py:106} INFO - [0m14:00:53  Done. PASS=4 WARN=0 ERROR=0 SKIP=0 NO-OP=0 TOTAL=4
[2026-07-27T14:00:57.580+0000] {subprocess.py:110} INFO - Command exited with return code 0
[2026-07-27T14:00:57.594+0000] {taskinstance.py:341} INFO - ::group::Post task execution logs
[2026-07-27T14:00:57.594+0000] {taskinstance.py:353} INFO - Marking task as SUCCESS. dag_id=avito_to_raw_midraw, task_id=dbt_build_midraw, run_id=scheduled__2026-07-27T13:00:00+00:00, execution_date=20260727T130000, start_date=20260727T140046, end_date=20260727T140057
[2026-07-27T14:00:57.635+0000] {local_task_job_runner.py:266} INFO - Task exited with return code 0
[2026-07-27T14:00:57.643+0000] {taskinstance.py:3901} INFO - 0 downstream tasks scheduled from follow-on schedule check
[2026-07-27T14:00:57.643+0000] {local_task_job_runner.py:245} INFO - ::endgroup::
