[2026-07-25T00:02:23.628+0000] {local_task_job_runner.py:123} INFO - ::group::Pre task execution logs
[2026-07-25T00:02:23.635+0000] {taskinstance.py:2614} INFO - Dependencies all met for dep_context=non-requeueable deps ti=<TaskInstance: avito_to_raw_midraw.dbt_build_midraw scheduled__2026-07-24T23:00:00+00:00 [queued]>
[2026-07-25T00:02:23.638+0000] {taskinstance.py:2614} INFO - Dependencies all met for dep_context=requeueable deps ti=<TaskInstance: avito_to_raw_midraw.dbt_build_midraw scheduled__2026-07-24T23:00:00+00:00 [queued]>
[2026-07-25T00:02:23.638+0000] {taskinstance.py:2867} INFO - Starting attempt 1 of 2
[2026-07-25T00:02:23.641+0000] {taskinstance.py:2890} INFO - Executing <Task(BashOperator): dbt_build_midraw> on 2026-07-24 23:00:00+00:00
[2026-07-25T00:02:23.643+0000] {standard_task_runner.py:72} INFO - Started process 2326 to run task
[2026-07-25T00:02:23.645+0000] {standard_task_runner.py:104} INFO - Running: ['***', 'tasks', 'run', 'avito_to_raw_midraw', 'dbt_build_midraw', 'scheduled__2026-07-24T23:00:00+00:00', '--job-id', '286', '--raw', '--subdir', 'DAGS_FOLDER/avito_to_raw_midraw.py', '--cfg-path', '/tmp/tmpqcw6uy4m']
[2026-07-25T00:02:23.646+0000] {standard_task_runner.py:105} INFO - Job 286: Subtask dbt_build_midraw
[2026-07-25T00:02:23.665+0000] {task_command.py:467} INFO - Running <TaskInstance: avito_to_raw_midraw.dbt_build_midraw scheduled__2026-07-24T23:00:00+00:00 [running]> on host 4c6dd7d943f5
[2026-07-25T00:02:23.763+0000] {taskinstance.py:3134} INFO - Exporting env vars: AIRFLOW_CTX_DAG_OWNER='data-eng' AIRFLOW_CTX_DAG_ID='avito_to_raw_midraw' AIRFLOW_CTX_TASK_ID='dbt_build_midraw' AIRFLOW_CTX_EXECUTION_DATE='2026-07-24T23:00:00+00:00' AIRFLOW_CTX_TRY_NUMBER='1' AIRFLOW_CTX_DAG_RUN_ID='scheduled__2026-07-24T23:00:00+00:00'
[2026-07-25T00:02:23.763+0000] {taskinstance.py:732} INFO - ::endgroup::
[2026-07-25T00:02:23.767+0000] {subprocess.py:78} INFO - Tmp dir root location: /tmp
[2026-07-25T00:02:23.767+0000] {subprocess.py:88} INFO - Running command: ['/usr/bin/bash', '-c', 'cd /opt/***/dbt && dbt run --profiles-dir . --select avito_ads && dbt test --profiles-dir . --select avito_ads']
[2026-07-25T00:02:23.770+0000] {subprocess.py:99} INFO - Output:
[2026-07-25T00:02:24.478+0000] {subprocess.py:106} INFO - [0m00:02:24  Running with dbt=1.11.12
[2026-07-25T00:02:24.554+0000] {subprocess.py:106} INFO - [0m00:02:24  Registered adapter: postgres=1.9.0
[2026-07-25T00:02:24.704+0000] {subprocess.py:106} INFO - [0m00:02:24  Found 1 model, 4 data tests, 3 sources, 475 macros
[2026-07-25T00:02:24.705+0000] {subprocess.py:106} INFO - [0m00:02:24
[2026-07-25T00:02:24.705+0000] {subprocess.py:106} INFO - [0m00:02:24  Concurrency: 4 threads (target='dev')
[2026-07-25T00:02:24.706+0000] {subprocess.py:106} INFO - [0m00:02:24
[2026-07-25T00:02:24.742+0000] {subprocess.py:106} INFO - [0m00:02:24  1 of 1 START sql table model midraw.avito_ads .................................. [RUN]
[2026-07-25T00:02:24.797+0000] {subprocess.py:106} INFO - [0m00:02:24  1 of 1 OK created sql table model midraw.avito_ads ............................. [[32mSELECT 2393[0m in 0.05s]
[2026-07-25T00:02:24.803+0000] {subprocess.py:106} INFO - [0m00:02:24
[2026-07-25T00:02:24.803+0000] {subprocess.py:106} INFO - [0m00:02:24  Finished running 1 table model in 0 hours 0 minutes and 0.10 seconds (0.10s).
[2026-07-25T00:02:24.827+0000] {subprocess.py:106} INFO - [0m00:02:24
[2026-07-25T00:02:24.827+0000] {subprocess.py:106} INFO - [0m00:02:24  [32mCompleted successfully[0m
[2026-07-25T00:02:24.827+0000] {subprocess.py:106} INFO - [0m00:02:24
[2026-07-25T00:02:24.828+0000] {subprocess.py:106} INFO - [0m00:02:24  Done. PASS=1 WARN=0 ERROR=0 SKIP=0 NO-OP=0 TOTAL=1
[2026-07-25T00:02:26.212+0000] {subprocess.py:106} INFO - [0m00:02:26  Running with dbt=1.11.12
[2026-07-25T00:02:26.287+0000] {subprocess.py:106} INFO - [0m00:02:26  Registered adapter: postgres=1.9.0
[2026-07-25T00:02:26.441+0000] {subprocess.py:106} INFO - [0m00:02:26  Found 1 model, 4 data tests, 3 sources, 475 macros
[2026-07-25T00:02:26.442+0000] {subprocess.py:106} INFO - [0m00:02:26
[2026-07-25T00:02:26.442+0000] {subprocess.py:106} INFO - [0m00:02:26  Concurrency: 4 threads (target='dev')
[2026-07-25T00:02:26.442+0000] {subprocess.py:106} INFO - [0m00:02:26
[2026-07-25T00:02:26.473+0000] {subprocess.py:106} INFO - [0m00:02:26  1 of 4 START test accepted_values_avito_ads_source_system__avito__synthetic_avito  [RUN]
[2026-07-25T00:02:26.473+0000] {subprocess.py:106} INFO - [0m00:02:26  2 of 4 START test not_null_avito_ads_avito_id .................................. [RUN]
[2026-07-25T00:02:26.474+0000] {subprocess.py:106} INFO - [0m00:02:26  3 of 4 START test not_null_avito_ads_title ..................................... [RUN]
[2026-07-25T00:02:26.474+0000] {subprocess.py:106} INFO - [0m00:02:26  4 of 4 START test not_null_avito_ads_url ....................................... [RUN]
[2026-07-25T00:02:26.513+0000] {subprocess.py:106} INFO - [0m00:02:26  2 of 4 PASS not_null_avito_ads_avito_id ........................................ [[32mPASS[0m in 0.04s]
[2026-07-25T00:02:26.513+0000] {subprocess.py:106} INFO - [0m00:02:26  3 of 4 PASS not_null_avito_ads_title ........................................... [[32mPASS[0m in 0.04s]
[2026-07-25T00:02:26.514+0000] {subprocess.py:106} INFO - [0m00:02:26  1 of 4 PASS accepted_values_avito_ads_source_system__avito__synthetic_avito .... [[32mPASS[0m in 0.04s]
[2026-07-25T00:02:26.514+0000] {subprocess.py:106} INFO - [0m00:02:26  4 of 4 PASS not_null_avito_ads_url ............................................. [[32mPASS[0m in 0.04s]
[2026-07-25T00:02:26.522+0000] {subprocess.py:106} INFO - [0m00:02:26
[2026-07-25T00:02:26.522+0000] {subprocess.py:106} INFO - [0m00:02:26  Finished running 4 data tests in 0 hours 0 minutes and 0.08 seconds (0.08s).
[2026-07-25T00:02:26.542+0000] {subprocess.py:106} INFO - [0m00:02:26
[2026-07-25T00:02:26.542+0000] {subprocess.py:106} INFO - [0m00:02:26  [32mCompleted successfully[0m
[2026-07-25T00:02:26.542+0000] {subprocess.py:106} INFO - [0m00:02:26
[2026-07-25T00:02:26.543+0000] {subprocess.py:106} INFO - [0m00:02:26  Done. PASS=4 WARN=0 ERROR=0 SKIP=0 NO-OP=0 TOTAL=4
[2026-07-25T00:02:27.122+0000] {subprocess.py:110} INFO - Command exited with return code 0
[2026-07-25T00:02:27.134+0000] {taskinstance.py:341} INFO - ::group::Post task execution logs
[2026-07-25T00:02:27.134+0000] {taskinstance.py:353} INFO - Marking task as SUCCESS. dag_id=avito_to_raw_midraw, task_id=dbt_build_midraw, run_id=scheduled__2026-07-24T23:00:00+00:00, execution_date=20260724T230000, start_date=20260725T000223, end_date=20260725T000227
[2026-07-25T00:02:27.155+0000] {local_task_job_runner.py:266} INFO - Task exited with return code 0
[2026-07-25T00:02:27.163+0000] {taskinstance.py:3901} INFO - 0 downstream tasks scheduled from follow-on schedule check
[2026-07-25T00:02:27.164+0000] {local_task_job_runner.py:245} INFO - ::endgroup::
