[2026-07-28T16:01:16.763+0000] {local_task_job_runner.py:123} INFO - ::group::Pre task execution logs
[2026-07-28T16:01:17.315+0000] {taskinstance.py:2614} INFO - Dependencies all met for dep_context=non-requeueable deps ti=<TaskInstance: avito_to_raw_midraw.dbt_build_midraw scheduled__2026-07-28T15:00:00+00:00 [queued]>
[2026-07-28T16:01:17.489+0000] {taskinstance.py:2614} INFO - Dependencies all met for dep_context=requeueable deps ti=<TaskInstance: avito_to_raw_midraw.dbt_build_midraw scheduled__2026-07-28T15:00:00+00:00 [queued]>
[2026-07-28T16:01:17.505+0000] {taskinstance.py:2867} INFO - Starting attempt 1 of 2
[2026-07-28T16:01:18.104+0000] {taskinstance.py:2890} INFO - Executing <Task(BashOperator): dbt_build_midraw> on 2026-07-28 15:00:00+00:00
[2026-07-28T16:01:18.312+0000] {standard_task_runner.py:72} INFO - Started process 4892 to run task
[2026-07-28T16:01:18.394+0000] {standard_task_runner.py:104} INFO - Running: ['***', 'tasks', 'run', 'avito_to_raw_midraw', 'dbt_build_midraw', 'scheduled__2026-07-28T15:00:00+00:00', '--job-id', '462', '--raw', '--subdir', 'DAGS_FOLDER/avito_to_raw_midraw.py', '--cfg-path', '/tmp/tmps_62l4fs']
[2026-07-28T16:01:18.503+0000] {standard_task_runner.py:105} INFO - Job 462: Subtask dbt_build_midraw
[2026-07-28T16:01:19.155+0000] {task_command.py:467} INFO - Running <TaskInstance: avito_to_raw_midraw.dbt_build_midraw scheduled__2026-07-28T15:00:00+00:00 [running]> on host 4c6dd7d943f5
[2026-07-28T16:01:24.958+0000] {taskinstance.py:3134} INFO - Exporting env vars: AIRFLOW_CTX_DAG_OWNER='data-eng' AIRFLOW_CTX_DAG_ID='avito_to_raw_midraw' AIRFLOW_CTX_TASK_ID='dbt_build_midraw' AIRFLOW_CTX_EXECUTION_DATE='2026-07-28T15:00:00+00:00' AIRFLOW_CTX_TRY_NUMBER='1' AIRFLOW_CTX_DAG_RUN_ID='scheduled__2026-07-28T15:00:00+00:00'
[2026-07-28T16:01:24.972+0000] {taskinstance.py:732} INFO - ::endgroup::
[2026-07-28T16:01:25.057+0000] {subprocess.py:78} INFO - Tmp dir root location: /tmp
[2026-07-28T16:01:25.066+0000] {subprocess.py:88} INFO - Running command: ['/usr/bin/bash', '-c', 'cd /opt/***/dbt && dbt run --profiles-dir . --select avito_ads && dbt test --profiles-dir . --select avito_ads']
[2026-07-28T16:01:25.152+0000] {subprocess.py:99} INFO - Output:
[2026-07-28T16:03:04.613+0000] {job.py:229} INFO - Heartbeat recovered after 51.77 seconds
[2026-07-28T16:03:04.879+0000] {subprocess.py:106} INFO - [0m16:03:04  Running with dbt=1.11.12
[2026-07-28T16:03:05.038+0000] {subprocess.py:106} INFO - [0m16:03:05  Registered adapter: postgres=1.9.0
[2026-07-28T16:03:05.288+0000] {subprocess.py:106} INFO - [0m16:03:05  Found 1 model, 4 data tests, 3 sources, 475 macros
[2026-07-28T16:03:05.290+0000] {subprocess.py:106} INFO - [0m16:03:05
[2026-07-28T16:03:05.290+0000] {subprocess.py:106} INFO - [0m16:03:05  Concurrency: 4 threads (target='dev')
[2026-07-28T16:03:05.290+0000] {subprocess.py:106} INFO - [0m16:03:05
[2026-07-28T16:03:05.346+0000] {subprocess.py:106} INFO - [0m16:03:05  1 of 1 START sql table model midraw.avito_ads .................................. [RUN]
[2026-07-28T16:03:05.493+0000] {subprocess.py:106} INFO - [0m16:03:05  1 of 1 OK created sql table model midraw.avito_ads ............................. [[32mSELECT 1099[0m in 0.14s]
[2026-07-28T16:03:05.506+0000] {subprocess.py:106} INFO - [0m16:03:05
[2026-07-28T16:03:05.507+0000] {subprocess.py:106} INFO - [0m16:03:05  Finished running 1 table model in 0 hours 0 minutes and 0.22 seconds (0.22s).
[2026-07-28T16:03:05.536+0000] {subprocess.py:106} INFO - [0m16:03:05
[2026-07-28T16:03:05.537+0000] {subprocess.py:106} INFO - [0m16:03:05  [32mCompleted successfully[0m
[2026-07-28T16:03:05.538+0000] {subprocess.py:106} INFO - [0m16:03:05
[2026-07-28T16:03:05.538+0000] {subprocess.py:106} INFO - [0m16:03:05  Done. PASS=1 WARN=0 ERROR=0 SKIP=0 NO-OP=0 TOTAL=1
[2026-07-28T16:03:08.156+0000] {subprocess.py:106} INFO - [0m16:03:08  Running with dbt=1.11.12
[2026-07-28T16:03:10.536+0000] {job.py:229} INFO - Heartbeat recovered after 49.25 seconds
[2026-07-28T16:03:23.694+0000] {subprocess.py:106} INFO - [0m16:03:23  Registered adapter: postgres=1.9.0
[2026-07-28T16:03:41.408+0000] {job.py:229} INFO - Heartbeat recovered after 21.83 seconds
[2026-07-28T16:03:41.829+0000] {subprocess.py:106} INFO - [0m16:03:41  Found 1 model, 4 data tests, 3 sources, 475 macros
[2026-07-28T16:03:41.830+0000] {subprocess.py:106} INFO - [0m16:03:41
[2026-07-28T16:03:41.831+0000] {subprocess.py:106} INFO - [0m16:03:41  Concurrency: 4 threads (target='dev')
[2026-07-28T16:03:41.831+0000] {subprocess.py:106} INFO - [0m16:03:41
[2026-07-28T16:03:41.878+0000] {subprocess.py:106} INFO - [0m16:03:41  1 of 4 START test accepted_values_avito_ads_source_system__avito__synthetic_avito  [RUN]
[2026-07-28T16:03:41.878+0000] {subprocess.py:106} INFO - [0m16:03:41  2 of 4 START test not_null_avito_ads_avito_id .................................. [RUN]
[2026-07-28T16:03:41.879+0000] {subprocess.py:106} INFO - [0m16:03:41  3 of 4 START test not_null_avito_ads_title ..................................... [RUN]
[2026-07-28T16:03:41.879+0000] {subprocess.py:106} INFO - [0m16:03:41  4 of 4 START test not_null_avito_ads_url ....................................... [RUN]
[2026-07-28T16:03:41.940+0000] {subprocess.py:106} INFO - [0m16:03:41  1 of 4 PASS accepted_values_avito_ads_source_system__avito__synthetic_avito .... [[32mPASS[0m in 0.06s]
[2026-07-28T16:03:41.940+0000] {subprocess.py:106} INFO - [0m16:03:41  3 of 4 PASS not_null_avito_ads_title ........................................... [[32mPASS[0m in 0.06s]
[2026-07-28T16:03:41.940+0000] {subprocess.py:106} INFO - [0m16:03:41  4 of 4 PASS not_null_avito_ads_url ............................................. [[32mPASS[0m in 0.06s]
[2026-07-28T16:03:41.941+0000] {subprocess.py:106} INFO - [0m16:03:41  2 of 4 PASS not_null_avito_ads_avito_id ........................................ [[32mPASS[0m in 0.06s]
[2026-07-28T16:03:41.950+0000] {subprocess.py:106} INFO - [0m16:03:41
[2026-07-28T16:03:41.950+0000] {subprocess.py:106} INFO - [0m16:03:41  Finished running 4 data tests in 0 hours 0 minutes and 0.12 seconds (0.12s).
[2026-07-28T16:03:41.974+0000] {subprocess.py:106} INFO - [0m16:03:41
[2026-07-28T16:03:41.975+0000] {subprocess.py:106} INFO - [0m16:03:41  [32mCompleted successfully[0m
[2026-07-28T16:03:41.975+0000] {subprocess.py:106} INFO - [0m16:03:41
[2026-07-28T16:03:41.975+0000] {subprocess.py:106} INFO - [0m16:03:41  Done. PASS=4 WARN=0 ERROR=0 SKIP=0 NO-OP=0 TOTAL=4
[2026-07-28T16:03:42.751+0000] {subprocess.py:110} INFO - Command exited with return code 0
[2026-07-28T16:03:42.787+0000] {taskinstance.py:341} INFO - ::group::Post task execution logs
[2026-07-28T16:03:42.787+0000] {taskinstance.py:353} INFO - Marking task as SUCCESS. dag_id=avito_to_raw_midraw, task_id=dbt_build_midraw, run_id=scheduled__2026-07-28T15:00:00+00:00, execution_date=20260728T150000, start_date=20260728T160117, end_date=20260728T160342
[2026-07-28T16:03:42.843+0000] {local_task_job_runner.py:266} INFO - Task exited with return code 0
[2026-07-28T16:03:42.858+0000] {taskinstance.py:3901} INFO - 0 downstream tasks scheduled from follow-on schedule check
[2026-07-28T16:03:42.859+0000] {local_task_job_runner.py:245} INFO - ::endgroup::
