[2026-07-23T03:22:29.388+0000] {local_task_job_runner.py:123} INFO - ::group::Pre task execution logs
[2026-07-23T03:22:29.398+0000] {taskinstance.py:2614} INFO - Dependencies all met for dep_context=non-requeueable deps ti=<TaskInstance: avito_to_raw_midraw.dbt_build_midraw scheduled__2026-07-23T02:00:00+00:00 [queued]>
[2026-07-23T03:22:29.401+0000] {taskinstance.py:2614} INFO - Dependencies all met for dep_context=requeueable deps ti=<TaskInstance: avito_to_raw_midraw.dbt_build_midraw scheduled__2026-07-23T02:00:00+00:00 [queued]>
[2026-07-23T03:22:29.401+0000] {taskinstance.py:2867} INFO - Starting attempt 1 of 2
[2026-07-23T03:22:29.406+0000] {taskinstance.py:2890} INFO - Executing <Task(BashOperator): dbt_build_midraw> on 2026-07-23 02:00:00+00:00
[2026-07-23T03:22:29.408+0000] {standard_task_runner.py:72} INFO - Started process 1021 to run task
[2026-07-23T03:22:29.410+0000] {standard_task_runner.py:104} INFO - Running: ['***', 'tasks', 'run', 'avito_to_raw_midraw', 'dbt_build_midraw', 'scheduled__2026-07-23T02:00:00+00:00', '--job-id', '196', '--raw', '--subdir', 'DAGS_FOLDER/avito_to_raw_midraw.py', '--cfg-path', '/tmp/tmpxnv398j_']
[2026-07-23T03:22:29.411+0000] {standard_task_runner.py:105} INFO - Job 196: Subtask dbt_build_midraw
[2026-07-23T03:22:29.434+0000] {task_command.py:467} INFO - Running <TaskInstance: avito_to_raw_midraw.dbt_build_midraw scheduled__2026-07-23T02:00:00+00:00 [running]> on host 4c6dd7d943f5
[2026-07-23T03:22:29.567+0000] {taskinstance.py:3134} INFO - Exporting env vars: AIRFLOW_CTX_DAG_OWNER='data-eng' AIRFLOW_CTX_DAG_ID='avito_to_raw_midraw' AIRFLOW_CTX_TASK_ID='dbt_build_midraw' AIRFLOW_CTX_EXECUTION_DATE='2026-07-23T02:00:00+00:00' AIRFLOW_CTX_TRY_NUMBER='1' AIRFLOW_CTX_DAG_RUN_ID='scheduled__2026-07-23T02:00:00+00:00'
[2026-07-23T03:22:29.567+0000] {taskinstance.py:732} INFO - ::endgroup::
[2026-07-23T03:22:29.572+0000] {subprocess.py:78} INFO - Tmp dir root location: /tmp
[2026-07-23T03:22:29.572+0000] {subprocess.py:88} INFO - Running command: ['/usr/bin/bash', '-c', 'cd /opt/***/dbt && dbt run --profiles-dir . --select avito_ads && dbt test --profiles-dir . --select avito_ads']
[2026-07-23T03:22:29.576+0000] {subprocess.py:99} INFO - Output:
[2026-07-23T03:22:30.458+0000] {subprocess.py:106} INFO - [0m03:22:30  Running with dbt=1.11.12
[2026-07-23T03:22:30.550+0000] {subprocess.py:106} INFO - [0m03:22:30  Registered adapter: postgres=1.9.0
[2026-07-23T03:22:30.757+0000] {subprocess.py:106} INFO - [0m03:22:30  Found 1 model, 4 data tests, 3 sources, 475 macros
[2026-07-23T03:22:30.758+0000] {subprocess.py:106} INFO - [0m03:22:30
[2026-07-23T03:22:30.759+0000] {subprocess.py:106} INFO - [0m03:22:30  Concurrency: 4 threads (target='dev')
[2026-07-23T03:22:30.759+0000] {subprocess.py:106} INFO - [0m03:22:30
[2026-07-23T03:22:30.807+0000] {subprocess.py:106} INFO - [0m03:22:30  1 of 1 START sql table model midraw.avito_ads .................................. [RUN]
[2026-07-23T03:22:30.871+0000] {subprocess.py:106} INFO - [0m03:22:30  1 of 1 OK created sql table model midraw.avito_ads ............................. [[32mSELECT 2006[0m in 0.06s]
[2026-07-23T03:22:30.878+0000] {subprocess.py:106} INFO - [0m03:22:30
[2026-07-23T03:22:30.878+0000] {subprocess.py:106} INFO - [0m03:22:30  Finished running 1 table model in 0 hours 0 minutes and 0.12 seconds (0.12s).
[2026-07-23T03:22:30.902+0000] {subprocess.py:106} INFO - [0m03:22:30
[2026-07-23T03:22:30.903+0000] {subprocess.py:106} INFO - [0m03:22:30  [32mCompleted successfully[0m
[2026-07-23T03:22:30.903+0000] {subprocess.py:106} INFO - [0m03:22:30
[2026-07-23T03:22:30.903+0000] {subprocess.py:106} INFO - [0m03:22:30  Done. PASS=1 WARN=0 ERROR=0 SKIP=0 NO-OP=0 TOTAL=1
[2026-07-23T03:22:32.657+0000] {subprocess.py:106} INFO - [0m03:22:32  Running with dbt=1.11.12
[2026-07-23T03:22:32.750+0000] {subprocess.py:106} INFO - [0m03:22:32  Registered adapter: postgres=1.9.0
[2026-07-23T03:22:32.960+0000] {subprocess.py:106} INFO - [0m03:22:32  Found 1 model, 4 data tests, 3 sources, 475 macros
[2026-07-23T03:22:32.962+0000] {subprocess.py:106} INFO - [0m03:22:32
[2026-07-23T03:22:32.962+0000] {subprocess.py:106} INFO - [0m03:22:32  Concurrency: 4 threads (target='dev')
[2026-07-23T03:22:32.962+0000] {subprocess.py:106} INFO - [0m03:22:32
[2026-07-23T03:22:33.003+0000] {subprocess.py:106} INFO - [0m03:22:33  1 of 4 START test accepted_values_avito_ads_source_system__avito__synthetic_avito  [RUN]
[2026-07-23T03:22:33.004+0000] {subprocess.py:106} INFO - [0m03:22:33  2 of 4 START test not_null_avito_ads_avito_id .................................. [RUN]
[2026-07-23T03:22:33.004+0000] {subprocess.py:106} INFO - [0m03:22:33  3 of 4 START test not_null_avito_ads_title ..................................... [RUN]
[2026-07-23T03:22:33.005+0000] {subprocess.py:106} INFO - [0m03:22:33  4 of 4 START test not_null_avito_ads_url ....................................... [RUN]
[2026-07-23T03:22:33.058+0000] {subprocess.py:106} INFO - [0m03:22:33  2 of 4 PASS not_null_avito_ads_avito_id ........................................ [[32mPASS[0m in 0.05s]
[2026-07-23T03:22:33.059+0000] {subprocess.py:106} INFO - [0m03:22:33  1 of 4 PASS accepted_values_avito_ads_source_system__avito__synthetic_avito .... [[32mPASS[0m in 0.05s]
[2026-07-23T03:22:33.060+0000] {subprocess.py:106} INFO - [0m03:22:33  4 of 4 PASS not_null_avito_ads_url ............................................. [[32mPASS[0m in 0.05s]
[2026-07-23T03:22:33.060+0000] {subprocess.py:106} INFO - [0m03:22:33  3 of 4 PASS not_null_avito_ads_title ........................................... [[32mPASS[0m in 0.05s]
[2026-07-23T03:22:33.073+0000] {subprocess.py:106} INFO - [0m03:22:33
[2026-07-23T03:22:33.073+0000] {subprocess.py:106} INFO - [0m03:22:33  Finished running 4 data tests in 0 hours 0 minutes and 0.11 seconds (0.11s).
[2026-07-23T03:22:33.101+0000] {subprocess.py:106} INFO - [0m03:22:33
[2026-07-23T03:22:33.101+0000] {subprocess.py:106} INFO - [0m03:22:33  [32mCompleted successfully[0m
[2026-07-23T03:22:33.102+0000] {subprocess.py:106} INFO - [0m03:22:33
[2026-07-23T03:22:33.102+0000] {subprocess.py:106} INFO - [0m03:22:33  Done. PASS=4 WARN=0 ERROR=0 SKIP=0 NO-OP=0 TOTAL=4
[2026-07-23T03:22:33.936+0000] {subprocess.py:110} INFO - Command exited with return code 0
[2026-07-23T03:22:33.950+0000] {taskinstance.py:341} INFO - ::group::Post task execution logs
[2026-07-23T03:22:33.951+0000] {taskinstance.py:353} INFO - Marking task as SUCCESS. dag_id=avito_to_raw_midraw, task_id=dbt_build_midraw, run_id=scheduled__2026-07-23T02:00:00+00:00, execution_date=20260723T020000, start_date=20260723T032229, end_date=20260723T032233
[2026-07-23T03:22:34.001+0000] {local_task_job_runner.py:266} INFO - Task exited with return code 0
[2026-07-23T03:22:34.010+0000] {taskinstance.py:3901} INFO - 0 downstream tasks scheduled from follow-on schedule check
[2026-07-23T03:22:34.011+0000] {local_task_job_runner.py:245} INFO - ::endgroup::
