[2026-07-28T17:11:36.748+0000] {local_task_job_runner.py:123} INFO - ::group::Pre task execution logs
[2026-07-28T17:11:36.758+0000] {taskinstance.py:2614} INFO - Dependencies all met for dep_context=non-requeueable deps ti=<TaskInstance: avito_to_raw_midraw.dbt_build_midraw scheduled__2026-07-28T16:00:00+00:00 [queued]>
[2026-07-28T17:11:36.762+0000] {taskinstance.py:2614} INFO - Dependencies all met for dep_context=requeueable deps ti=<TaskInstance: avito_to_raw_midraw.dbt_build_midraw scheduled__2026-07-28T16:00:00+00:00 [queued]>
[2026-07-28T17:11:36.763+0000] {taskinstance.py:2867} INFO - Starting attempt 1 of 2
[2026-07-28T17:11:36.767+0000] {taskinstance.py:2890} INFO - Executing <Task(BashOperator): dbt_build_midraw> on 2026-07-28 16:00:00+00:00
[2026-07-28T17:11:36.769+0000] {standard_task_runner.py:72} INFO - Started process 4921 to run task
[2026-07-28T17:11:36.771+0000] {standard_task_runner.py:104} INFO - Running: ['***', 'tasks', 'run', 'avito_to_raw_midraw', 'dbt_build_midraw', 'scheduled__2026-07-28T16:00:00+00:00', '--job-id', '464', '--raw', '--subdir', 'DAGS_FOLDER/avito_to_raw_midraw.py', '--cfg-path', '/tmp/tmp6pstbcdd']
[2026-07-28T17:11:36.773+0000] {standard_task_runner.py:105} INFO - Job 464: Subtask dbt_build_midraw
[2026-07-28T17:11:36.798+0000] {task_command.py:467} INFO - Running <TaskInstance: avito_to_raw_midraw.dbt_build_midraw scheduled__2026-07-28T16:00:00+00:00 [running]> on host 4c6dd7d943f5
[2026-07-28T17:11:36.955+0000] {taskinstance.py:3134} INFO - Exporting env vars: AIRFLOW_CTX_DAG_OWNER='data-eng' AIRFLOW_CTX_DAG_ID='avito_to_raw_midraw' AIRFLOW_CTX_TASK_ID='dbt_build_midraw' AIRFLOW_CTX_EXECUTION_DATE='2026-07-28T16:00:00+00:00' AIRFLOW_CTX_TRY_NUMBER='1' AIRFLOW_CTX_DAG_RUN_ID='scheduled__2026-07-28T16:00:00+00:00'
[2026-07-28T17:11:36.955+0000] {taskinstance.py:732} INFO - ::endgroup::
[2026-07-28T17:11:36.962+0000] {subprocess.py:78} INFO - Tmp dir root location: /tmp
[2026-07-28T17:11:36.962+0000] {subprocess.py:88} INFO - Running command: ['/usr/bin/bash', '-c', 'cd /opt/***/dbt && dbt run --profiles-dir . --select avito_ads && dbt test --profiles-dir . --select avito_ads']
[2026-07-28T17:11:36.968+0000] {subprocess.py:99} INFO - Output:
[2026-07-28T17:11:38.135+0000] {subprocess.py:106} INFO - [0m17:11:38  Running with dbt=1.11.12
[2026-07-28T17:11:38.265+0000] {subprocess.py:106} INFO - [0m17:11:38  Registered adapter: postgres=1.9.0
[2026-07-28T17:11:38.529+0000] {subprocess.py:106} INFO - [0m17:11:38  Found 1 model, 4 data tests, 3 sources, 475 macros
[2026-07-28T17:11:38.531+0000] {subprocess.py:106} INFO - [0m17:11:38
[2026-07-28T17:11:38.531+0000] {subprocess.py:106} INFO - [0m17:11:38  Concurrency: 4 threads (target='dev')
[2026-07-28T17:11:38.531+0000] {subprocess.py:106} INFO - [0m17:11:38
[2026-07-28T17:11:38.599+0000] {subprocess.py:106} INFO - [0m17:11:38  1 of 1 START sql table model midraw.avito_ads .................................. [RUN]
[2026-07-28T17:11:38.684+0000] {subprocess.py:106} INFO - [0m17:11:38  1 of 1 OK created sql table model midraw.avito_ads ............................. [[32mSELECT 1136[0m in 0.08s]
[2026-07-28T17:11:38.693+0000] {subprocess.py:106} INFO - [0m17:11:38
[2026-07-28T17:11:38.694+0000] {subprocess.py:106} INFO - [0m17:11:38  Finished running 1 table model in 0 hours 0 minutes and 0.16 seconds (0.16s).
[2026-07-28T17:11:38.724+0000] {subprocess.py:106} INFO - [0m17:11:38
[2026-07-28T17:11:38.725+0000] {subprocess.py:106} INFO - [0m17:11:38  [32mCompleted successfully[0m
[2026-07-28T17:11:38.725+0000] {subprocess.py:106} INFO - [0m17:11:38
[2026-07-28T17:11:38.725+0000] {subprocess.py:106} INFO - [0m17:11:38  Done. PASS=1 WARN=0 ERROR=0 SKIP=0 NO-OP=0 TOTAL=1
[2026-07-28T17:11:40.604+0000] {subprocess.py:106} INFO - [0m17:11:40  Running with dbt=1.11.12
[2026-07-28T17:11:40.723+0000] {subprocess.py:106} INFO - [0m17:11:40  Registered adapter: postgres=1.9.0
[2026-07-28T17:11:40.963+0000] {subprocess.py:106} INFO - [0m17:11:40  Found 1 model, 4 data tests, 3 sources, 475 macros
[2026-07-28T17:11:40.964+0000] {subprocess.py:106} INFO - [0m17:11:40
[2026-07-28T17:11:40.965+0000] {subprocess.py:106} INFO - [0m17:11:40  Concurrency: 4 threads (target='dev')
[2026-07-28T17:11:40.965+0000] {subprocess.py:106} INFO - [0m17:11:40
[2026-07-28T17:11:41.013+0000] {subprocess.py:106} INFO - [0m17:11:41  1 of 4 START test accepted_values_avito_ads_source_system__avito__synthetic_avito  [RUN]
[2026-07-28T17:11:41.013+0000] {subprocess.py:106} INFO - [0m17:11:41  2 of 4 START test not_null_avito_ads_avito_id .................................. [RUN]
[2026-07-28T17:11:41.014+0000] {subprocess.py:106} INFO - [0m17:11:41  3 of 4 START test not_null_avito_ads_title ..................................... [RUN]
[2026-07-28T17:11:41.014+0000] {subprocess.py:106} INFO - [0m17:11:41  4 of 4 START test not_null_avito_ads_url ....................................... [RUN]
[2026-07-28T17:11:41.074+0000] {subprocess.py:106} INFO - [0m17:11:41  1 of 4 PASS accepted_values_avito_ads_source_system__avito__synthetic_avito .... [[32mPASS[0m in 0.06s]
[2026-07-28T17:11:41.076+0000] {subprocess.py:106} INFO - [0m17:11:41  3 of 4 PASS not_null_avito_ads_title ........................................... [[32mPASS[0m in 0.06s]
[2026-07-28T17:11:41.076+0000] {subprocess.py:106} INFO - [0m17:11:41  2 of 4 PASS not_null_avito_ads_avito_id ........................................ [[32mPASS[0m in 0.06s]
[2026-07-28T17:11:41.077+0000] {subprocess.py:106} INFO - [0m17:11:41  4 of 4 PASS not_null_avito_ads_url ............................................. [[32mPASS[0m in 0.06s]
[2026-07-28T17:11:41.089+0000] {subprocess.py:106} INFO - [0m17:11:41
[2026-07-28T17:11:41.089+0000] {subprocess.py:106} INFO - [0m17:11:41  Finished running 4 data tests in 0 hours 0 minutes and 0.12 seconds (0.12s).
[2026-07-28T17:11:41.119+0000] {subprocess.py:106} INFO - [0m17:11:41
[2026-07-28T17:11:41.120+0000] {subprocess.py:106} INFO - [0m17:11:41  [32mCompleted successfully[0m
[2026-07-28T17:11:41.120+0000] {subprocess.py:106} INFO - [0m17:11:41
[2026-07-28T17:11:41.120+0000] {subprocess.py:106} INFO - [0m17:11:41  Done. PASS=4 WARN=0 ERROR=0 SKIP=0 NO-OP=0 TOTAL=4
[2026-07-28T17:11:41.843+0000] {subprocess.py:110} INFO - Command exited with return code 0
[2026-07-28T17:11:41.860+0000] {taskinstance.py:341} INFO - ::group::Post task execution logs
[2026-07-28T17:11:41.861+0000] {taskinstance.py:353} INFO - Marking task as SUCCESS. dag_id=avito_to_raw_midraw, task_id=dbt_build_midraw, run_id=scheduled__2026-07-28T16:00:00+00:00, execution_date=20260728T160000, start_date=20260728T171136, end_date=20260728T171141
[2026-07-28T17:11:41.884+0000] {local_task_job_runner.py:266} INFO - Task exited with return code 0
[2026-07-28T17:11:41.894+0000] {taskinstance.py:3901} INFO - 0 downstream tasks scheduled from follow-on schedule check
[2026-07-28T17:11:41.895+0000] {local_task_job_runner.py:245} INFO - ::endgroup::
