[2026-08-03T12:29:05.324+0000] {local_task_job_runner.py:123} INFO - ::group::Pre task execution logs
[2026-08-03T12:29:05.335+0000] {taskinstance.py:2614} INFO - Dependencies all met for dep_context=non-requeueable deps ti=<TaskInstance: avito_to_raw_midraw.dbt_build_midraw scheduled__2026-08-03T11:00:00+00:00 [queued]>
[2026-08-03T12:29:05.339+0000] {taskinstance.py:2614} INFO - Dependencies all met for dep_context=requeueable deps ti=<TaskInstance: avito_to_raw_midraw.dbt_build_midraw scheduled__2026-08-03T11:00:00+00:00 [queued]>
[2026-08-03T12:29:05.339+0000] {taskinstance.py:2867} INFO - Starting attempt 1 of 2
[2026-08-03T12:29:05.344+0000] {taskinstance.py:2890} INFO - Executing <Task(BashOperator): dbt_build_midraw> on 2026-08-03 11:00:00+00:00
[2026-08-03T12:29:05.346+0000] {standard_task_runner.py:72} INFO - Started process 1326 to run task
[2026-08-03T12:29:05.348+0000] {standard_task_runner.py:104} INFO - Running: ['***', 'tasks', 'run', 'avito_to_raw_midraw', 'dbt_build_midraw', 'scheduled__2026-08-03T11:00:00+00:00', '--job-id', '683', '--raw', '--subdir', 'DAGS_FOLDER/avito_to_raw_midraw.py', '--cfg-path', '/tmp/tmp7o58h6as']
[2026-08-03T12:29:05.350+0000] {standard_task_runner.py:105} INFO - Job 683: Subtask dbt_build_midraw
[2026-08-03T12:29:05.376+0000] {task_command.py:467} INFO - Running <TaskInstance: avito_to_raw_midraw.dbt_build_midraw scheduled__2026-08-03T11:00:00+00:00 [running]> on host 4c6dd7d943f5
[2026-08-03T12:29:05.536+0000] {taskinstance.py:3134} INFO - Exporting env vars: AIRFLOW_CTX_DAG_OWNER='data-eng' AIRFLOW_CTX_DAG_ID='avito_to_raw_midraw' AIRFLOW_CTX_TASK_ID='dbt_build_midraw' AIRFLOW_CTX_EXECUTION_DATE='2026-08-03T11:00:00+00:00' AIRFLOW_CTX_TRY_NUMBER='1' AIRFLOW_CTX_DAG_RUN_ID='scheduled__2026-08-03T11:00:00+00:00'
[2026-08-03T12:29:05.537+0000] {taskinstance.py:732} INFO - ::endgroup::
[2026-08-03T12:29:05.544+0000] {subprocess.py:78} INFO - Tmp dir root location: /tmp
[2026-08-03T12:29:05.546+0000] {subprocess.py:88} INFO - Running command: ['/usr/bin/bash', '-c', 'cd /opt/***/dbt && dbt run --profiles-dir . --select avito_ads && dbt test --profiles-dir . --select avito_ads']
[2026-08-03T12:29:05.553+0000] {subprocess.py:99} INFO - Output:
[2026-08-03T12:29:06.573+0000] {subprocess.py:106} INFO - [0m12:29:06  Running with dbt=1.11.12
[2026-08-03T12:29:06.678+0000] {subprocess.py:106} INFO - [0m12:29:06  Registered adapter: postgres=1.9.0
[2026-08-03T12:29:06.902+0000] {subprocess.py:106} INFO - [0m12:29:06  Found 1 model, 4 data tests, 3 sources, 475 macros
[2026-08-03T12:29:06.903+0000] {subprocess.py:106} INFO - [0m12:29:06
[2026-08-03T12:29:06.903+0000] {subprocess.py:106} INFO - [0m12:29:06  Concurrency: 4 threads (target='dev')
[2026-08-03T12:29:06.904+0000] {subprocess.py:106} INFO - [0m12:29:06
[2026-08-03T12:29:06.957+0000] {subprocess.py:106} INFO - [0m12:29:06  1 of 1 START sql table model midraw.avito_ads .................................. [RUN]
[2026-08-03T12:29:07.029+0000] {subprocess.py:106} INFO - [0m12:29:07  1 of 1 OK created sql table model midraw.avito_ads ............................. [[32mSELECT 1964[0m in 0.07s]
[2026-08-03T12:29:07.037+0000] {subprocess.py:106} INFO - [0m12:29:07
[2026-08-03T12:29:07.037+0000] {subprocess.py:106} INFO - [0m12:29:07  Finished running 1 table model in 0 hours 0 minutes and 0.13 seconds (0.13s).
[2026-08-03T12:29:07.063+0000] {subprocess.py:106} INFO - [0m12:29:07
[2026-08-03T12:29:07.063+0000] {subprocess.py:106} INFO - [0m12:29:07  [32mCompleted successfully[0m
[2026-08-03T12:29:07.064+0000] {subprocess.py:106} INFO - [0m12:29:07
[2026-08-03T12:29:07.064+0000] {subprocess.py:106} INFO - [0m12:29:07  Done. PASS=1 WARN=0 ERROR=0 SKIP=0 NO-OP=0 TOTAL=1
[2026-08-03T12:29:08.993+0000] {subprocess.py:106} INFO - [0m12:29:08  Running with dbt=1.11.12
[2026-08-03T12:29:09.109+0000] {subprocess.py:106} INFO - [0m12:29:09  Registered adapter: postgres=1.9.0
[2026-08-03T12:29:09.359+0000] {subprocess.py:106} INFO - [0m12:29:09  Found 1 model, 4 data tests, 3 sources, 475 macros
[2026-08-03T12:29:09.361+0000] {subprocess.py:106} INFO - [0m12:29:09
[2026-08-03T12:29:09.361+0000] {subprocess.py:106} INFO - [0m12:29:09  Concurrency: 4 threads (target='dev')
[2026-08-03T12:29:09.362+0000] {subprocess.py:106} INFO - [0m12:29:09
[2026-08-03T12:29:09.410+0000] {subprocess.py:106} INFO - [0m12:29:09  1 of 4 START test accepted_values_avito_ads_source_system__avito__synthetic_avito  [RUN]
[2026-08-03T12:29:09.411+0000] {subprocess.py:106} INFO - [0m12:29:09  2 of 4 START test not_null_avito_ads_avito_id .................................. [RUN]
[2026-08-03T12:29:09.411+0000] {subprocess.py:106} INFO - [0m12:29:09  3 of 4 START test not_null_avito_ads_title ..................................... [RUN]
[2026-08-03T12:29:09.412+0000] {subprocess.py:106} INFO - [0m12:29:09  4 of 4 START test not_null_avito_ads_url ....................................... [RUN]
[2026-08-03T12:29:09.471+0000] {subprocess.py:106} INFO - [0m12:29:09  2 of 4 PASS not_null_avito_ads_avito_id ........................................ [[32mPASS[0m in 0.06s]
[2026-08-03T12:29:09.472+0000] {subprocess.py:106} INFO - [0m12:29:09  1 of 4 PASS accepted_values_avito_ads_source_system__avito__synthetic_avito .... [[32mPASS[0m in 0.06s]
[2026-08-03T12:29:09.472+0000] {subprocess.py:106} INFO - [0m12:29:09  3 of 4 PASS not_null_avito_ads_title ........................................... [[32mPASS[0m in 0.06s]
[2026-08-03T12:29:09.473+0000] {subprocess.py:106} INFO - [0m12:29:09  4 of 4 PASS not_null_avito_ads_url ............................................. [[32mPASS[0m in 0.06s]
[2026-08-03T12:29:09.484+0000] {subprocess.py:106} INFO - [0m12:29:09
[2026-08-03T12:29:09.485+0000] {subprocess.py:106} INFO - [0m12:29:09  Finished running 4 data tests in 0 hours 0 minutes and 0.12 seconds (0.12s).
[2026-08-03T12:29:09.515+0000] {subprocess.py:106} INFO - [0m12:29:09
[2026-08-03T12:29:09.515+0000] {subprocess.py:106} INFO - [0m12:29:09  [32mCompleted successfully[0m
[2026-08-03T12:29:09.516+0000] {subprocess.py:106} INFO - [0m12:29:09
[2026-08-03T12:29:09.516+0000] {subprocess.py:106} INFO - [0m12:29:09  Done. PASS=4 WARN=0 ERROR=0 SKIP=0 NO-OP=0 TOTAL=4
[2026-08-03T12:29:10.201+0000] {subprocess.py:110} INFO - Command exited with return code 0
[2026-08-03T12:29:10.223+0000] {taskinstance.py:341} INFO - ::group::Post task execution logs
[2026-08-03T12:29:10.224+0000] {taskinstance.py:353} INFO - Marking task as SUCCESS. dag_id=avito_to_raw_midraw, task_id=dbt_build_midraw, run_id=scheduled__2026-08-03T11:00:00+00:00, execution_date=20260803T110000, start_date=20260803T122905, end_date=20260803T122910
[2026-08-03T12:29:10.249+0000] {local_task_job_runner.py:266} INFO - Task exited with return code 0
[2026-08-03T12:29:10.275+0000] {taskinstance.py:3901} INFO - 0 downstream tasks scheduled from follow-on schedule check
[2026-08-03T12:29:10.276+0000] {local_task_job_runner.py:245} INFO - ::endgroup::
