[2026-07-24T08:02:00.630+0000] {local_task_job_runner.py:123} INFO - ::group::Pre task execution logs
[2026-07-24T08:02:00.641+0000] {taskinstance.py:2614} INFO - Dependencies all met for dep_context=non-requeueable deps ti=<TaskInstance: avito_to_raw_midraw.dbt_build_midraw scheduled__2026-07-24T07:00:00+00:00 [queued]>
[2026-07-24T08:02:00.645+0000] {taskinstance.py:2614} INFO - Dependencies all met for dep_context=requeueable deps ti=<TaskInstance: avito_to_raw_midraw.dbt_build_midraw scheduled__2026-07-24T07:00:00+00:00 [queued]>
[2026-07-24T08:02:00.645+0000] {taskinstance.py:2867} INFO - Starting attempt 1 of 2
[2026-07-24T08:02:00.651+0000] {taskinstance.py:2890} INFO - Executing <Task(BashOperator): dbt_build_midraw> on 2026-07-24 07:00:00+00:00
[2026-07-24T08:02:00.653+0000] {standard_task_runner.py:72} INFO - Started process 1862 to run task
[2026-07-24T08:02:00.656+0000] {standard_task_runner.py:104} INFO - Running: ['***', 'tasks', 'run', 'avito_to_raw_midraw', 'dbt_build_midraw', 'scheduled__2026-07-24T07:00:00+00:00', '--job-id', '254', '--raw', '--subdir', 'DAGS_FOLDER/avito_to_raw_midraw.py', '--cfg-path', '/tmp/tmpx9vw6naq']
[2026-07-24T08:02:00.658+0000] {standard_task_runner.py:105} INFO - Job 254: Subtask dbt_build_midraw
[2026-07-24T08:02:00.686+0000] {task_command.py:467} INFO - Running <TaskInstance: avito_to_raw_midraw.dbt_build_midraw scheduled__2026-07-24T07:00:00+00:00 [running]> on host 4c6dd7d943f5
[2026-07-24T08:02:00.829+0000] {taskinstance.py:3134} INFO - Exporting env vars: AIRFLOW_CTX_DAG_OWNER='data-eng' AIRFLOW_CTX_DAG_ID='avito_to_raw_midraw' AIRFLOW_CTX_TASK_ID='dbt_build_midraw' AIRFLOW_CTX_EXECUTION_DATE='2026-07-24T07:00:00+00:00' AIRFLOW_CTX_TRY_NUMBER='1' AIRFLOW_CTX_DAG_RUN_ID='scheduled__2026-07-24T07:00:00+00:00'
[2026-07-24T08:02:00.830+0000] {taskinstance.py:732} INFO - ::endgroup::
[2026-07-24T08:02:00.835+0000] {subprocess.py:78} INFO - Tmp dir root location: /tmp
[2026-07-24T08:02:00.836+0000] {subprocess.py:88} INFO - Running command: ['/usr/bin/bash', '-c', 'cd /opt/***/dbt && dbt run --profiles-dir . --select avito_ads && dbt test --profiles-dir . --select avito_ads']
[2026-07-24T08:02:00.840+0000] {subprocess.py:99} INFO - Output:
[2026-07-24T08:02:01.928+0000] {subprocess.py:106} INFO - [0m08:02:01  Running with dbt=1.11.12
[2026-07-24T08:02:02.038+0000] {subprocess.py:106} INFO - [0m08:02:02  Registered adapter: postgres=1.9.0
[2026-07-24T08:02:02.265+0000] {subprocess.py:106} INFO - [0m08:02:02  Found 1 model, 4 data tests, 3 sources, 475 macros
[2026-07-24T08:02:02.267+0000] {subprocess.py:106} INFO - [0m08:02:02
[2026-07-24T08:02:02.267+0000] {subprocess.py:106} INFO - [0m08:02:02  Concurrency: 4 threads (target='dev')
[2026-07-24T08:02:02.268+0000] {subprocess.py:106} INFO - [0m08:02:02
[2026-07-24T08:02:02.324+0000] {subprocess.py:106} INFO - [0m08:02:02  1 of 1 START sql table model midraw.avito_ads .................................. [RUN]
[2026-07-24T08:02:02.394+0000] {subprocess.py:106} INFO - [0m08:02:02  1 of 1 OK created sql table model midraw.avito_ads ............................. [[32mSELECT 2210[0m in 0.07s]
[2026-07-24T08:02:02.402+0000] {subprocess.py:106} INFO - [0m08:02:02
[2026-07-24T08:02:02.402+0000] {subprocess.py:106} INFO - [0m08:02:02  Finished running 1 table model in 0 hours 0 minutes and 0.13 seconds (0.13s).
[2026-07-24T08:02:02.430+0000] {subprocess.py:106} INFO - [0m08:02:02
[2026-07-24T08:02:02.430+0000] {subprocess.py:106} INFO - [0m08:02:02  [32mCompleted successfully[0m
[2026-07-24T08:02:02.430+0000] {subprocess.py:106} INFO - [0m08:02:02
[2026-07-24T08:02:02.430+0000] {subprocess.py:106} INFO - [0m08:02:02  Done. PASS=1 WARN=0 ERROR=0 SKIP=0 NO-OP=0 TOTAL=1
[2026-07-24T08:02:04.850+0000] {subprocess.py:106} INFO - [0m08:02:04  Running with dbt=1.11.12
[2026-07-24T08:02:04.962+0000] {subprocess.py:106} INFO - [0m08:02:04  Registered adapter: postgres=1.9.0
[2026-07-24T08:02:05.202+0000] {subprocess.py:106} INFO - [0m08:02:05  Found 1 model, 4 data tests, 3 sources, 475 macros
[2026-07-24T08:02:05.204+0000] {subprocess.py:106} INFO - [0m08:02:05
[2026-07-24T08:02:05.204+0000] {subprocess.py:106} INFO - [0m08:02:05  Concurrency: 4 threads (target='dev')
[2026-07-24T08:02:05.204+0000] {subprocess.py:106} INFO - [0m08:02:05
[2026-07-24T08:02:05.252+0000] {subprocess.py:106} INFO - [0m08:02:05  1 of 4 START test accepted_values_avito_ads_source_system__avito__synthetic_avito  [RUN]
[2026-07-24T08:02:05.252+0000] {subprocess.py:106} INFO - [0m08:02:05  2 of 4 START test not_null_avito_ads_avito_id .................................. [RUN]
[2026-07-24T08:02:05.253+0000] {subprocess.py:106} INFO - [0m08:02:05  3 of 4 START test not_null_avito_ads_title ..................................... [RUN]
[2026-07-24T08:02:05.253+0000] {subprocess.py:106} INFO - [0m08:02:05  4 of 4 START test not_null_avito_ads_url ....................................... [RUN]
[2026-07-24T08:02:05.309+0000] {subprocess.py:106} INFO - [0m08:02:05  1 of 4 PASS accepted_values_avito_ads_source_system__avito__synthetic_avito .... [[32mPASS[0m in 0.06s]
[2026-07-24T08:02:05.310+0000] {subprocess.py:106} INFO - [0m08:02:05  2 of 4 PASS not_null_avito_ads_avito_id ........................................ [[32mPASS[0m in 0.06s]
[2026-07-24T08:02:05.310+0000] {subprocess.py:106} INFO - [0m08:02:05  4 of 4 PASS not_null_avito_ads_url ............................................. [[32mPASS[0m in 0.06s]
[2026-07-24T08:02:05.310+0000] {subprocess.py:106} INFO - [0m08:02:05  3 of 4 PASS not_null_avito_ads_title ........................................... [[32mPASS[0m in 0.06s]
[2026-07-24T08:02:05.321+0000] {subprocess.py:106} INFO - [0m08:02:05
[2026-07-24T08:02:05.321+0000] {subprocess.py:106} INFO - [0m08:02:05  Finished running 4 data tests in 0 hours 0 minutes and 0.12 seconds (0.12s).
[2026-07-24T08:02:05.349+0000] {subprocess.py:106} INFO - [0m08:02:05
[2026-07-24T08:02:05.349+0000] {subprocess.py:106} INFO - [0m08:02:05  [32mCompleted successfully[0m
[2026-07-24T08:02:05.350+0000] {subprocess.py:106} INFO - [0m08:02:05
[2026-07-24T08:02:05.350+0000] {subprocess.py:106} INFO - [0m08:02:05  Done. PASS=4 WARN=0 ERROR=0 SKIP=0 NO-OP=0 TOTAL=4
[2026-07-24T08:02:06.022+0000] {subprocess.py:110} INFO - Command exited with return code 0
[2026-07-24T08:02:06.039+0000] {taskinstance.py:341} INFO - ::group::Post task execution logs
[2026-07-24T08:02:06.039+0000] {taskinstance.py:353} INFO - Marking task as SUCCESS. dag_id=avito_to_raw_midraw, task_id=dbt_build_midraw, run_id=scheduled__2026-07-24T07:00:00+00:00, execution_date=20260724T070000, start_date=20260724T080200, end_date=20260724T080206
[2026-07-24T08:02:06.087+0000] {local_task_job_runner.py:266} INFO - Task exited with return code 0
[2026-07-24T08:02:06.096+0000] {taskinstance.py:3901} INFO - 0 downstream tasks scheduled from follow-on schedule check
[2026-07-24T08:02:06.097+0000] {local_task_job_runner.py:245} INFO - ::endgroup::
