[2026-08-03T18:17:13.586+0000] {local_task_job_runner.py:123} INFO - ::group::Pre task execution logs
[2026-08-03T18:17:13.597+0000] {taskinstance.py:2614} INFO - Dependencies all met for dep_context=non-requeueable deps ti=<TaskInstance: avito_to_raw_midraw.dbt_build_midraw scheduled__2026-08-03T17:00:00+00:00 [queued]>
[2026-08-03T18:17:13.601+0000] {taskinstance.py:2614} INFO - Dependencies all met for dep_context=requeueable deps ti=<TaskInstance: avito_to_raw_midraw.dbt_build_midraw scheduled__2026-08-03T17:00:00+00:00 [queued]>
[2026-08-03T18:17:13.601+0000] {taskinstance.py:2867} INFO - Starting attempt 1 of 2
[2026-08-03T18:17:13.606+0000] {taskinstance.py:2890} INFO - Executing <Task(BashOperator): dbt_build_midraw> on 2026-08-03 17:00:00+00:00
[2026-08-03T18:17:13.609+0000] {standard_task_runner.py:72} INFO - Started process 1512 to run task
[2026-08-03T18:17:13.611+0000] {standard_task_runner.py:104} INFO - Running: ['***', 'tasks', 'run', 'avito_to_raw_midraw', 'dbt_build_midraw', 'scheduled__2026-08-03T17:00:00+00:00', '--job-id', '699', '--raw', '--subdir', 'DAGS_FOLDER/avito_to_raw_midraw.py', '--cfg-path', '/tmp/tmpir_cpzq2']
[2026-08-03T18:17:13.612+0000] {standard_task_runner.py:105} INFO - Job 699: Subtask dbt_build_midraw
[2026-08-03T18:17:13.638+0000] {task_command.py:467} INFO - Running <TaskInstance: avito_to_raw_midraw.dbt_build_midraw scheduled__2026-08-03T17:00:00+00:00 [running]> on host 4c6dd7d943f5
[2026-08-03T18:17:13.788+0000] {taskinstance.py:3134} INFO - Exporting env vars: AIRFLOW_CTX_DAG_OWNER='data-eng' AIRFLOW_CTX_DAG_ID='avito_to_raw_midraw' AIRFLOW_CTX_TASK_ID='dbt_build_midraw' AIRFLOW_CTX_EXECUTION_DATE='2026-08-03T17:00:00+00:00' AIRFLOW_CTX_TRY_NUMBER='1' AIRFLOW_CTX_DAG_RUN_ID='scheduled__2026-08-03T17:00:00+00:00'
[2026-08-03T18:17:13.788+0000] {taskinstance.py:732} INFO - ::endgroup::
[2026-08-03T18:17:13.793+0000] {subprocess.py:78} INFO - Tmp dir root location: /tmp
[2026-08-03T18:17:13.794+0000] {subprocess.py:88} INFO - Running command: ['/usr/bin/bash', '-c', 'cd /opt/***/dbt && dbt run --profiles-dir . --select avito_ads && dbt test --profiles-dir . --select avito_ads']
[2026-08-03T18:17:13.801+0000] {subprocess.py:99} INFO - Output:
[2026-08-03T18:17:14.902+0000] {subprocess.py:106} INFO - [0m18:17:14  Running with dbt=1.11.12
[2026-08-03T18:17:15.040+0000] {subprocess.py:106} INFO - [0m18:17:15  Registered adapter: postgres=1.9.0
[2026-08-03T18:17:15.298+0000] {subprocess.py:106} INFO - [0m18:17:15  Found 1 model, 4 data tests, 3 sources, 475 macros
[2026-08-03T18:17:15.300+0000] {subprocess.py:106} INFO - [0m18:17:15
[2026-08-03T18:17:15.300+0000] {subprocess.py:106} INFO - [0m18:17:15  Concurrency: 4 threads (target='dev')
[2026-08-03T18:17:15.301+0000] {subprocess.py:106} INFO - [0m18:17:15
[2026-08-03T18:17:15.361+0000] {subprocess.py:106} INFO - [0m18:17:15  1 of 1 START sql table model midraw.avito_ads .................................. [RUN]
[2026-08-03T18:17:15.439+0000] {subprocess.py:106} INFO - [0m18:17:15  1 of 1 OK created sql table model midraw.avito_ads ............................. [[32mSELECT 1964[0m in 0.08s]
[2026-08-03T18:17:15.449+0000] {subprocess.py:106} INFO - [0m18:17:15
[2026-08-03T18:17:15.449+0000] {subprocess.py:106} INFO - [0m18:17:15  Finished running 1 table model in 0 hours 0 minutes and 0.15 seconds (0.15s).
[2026-08-03T18:17:15.478+0000] {subprocess.py:106} INFO - [0m18:17:15
[2026-08-03T18:17:15.478+0000] {subprocess.py:106} INFO - [0m18:17:15  [32mCompleted successfully[0m
[2026-08-03T18:17:15.479+0000] {subprocess.py:106} INFO - [0m18:17:15
[2026-08-03T18:17:15.479+0000] {subprocess.py:106} INFO - [0m18:17:15  Done. PASS=1 WARN=0 ERROR=0 SKIP=0 NO-OP=0 TOTAL=1
[2026-08-03T18:17:20.868+0000] {subprocess.py:106} INFO - [0m18:17:20  Running with dbt=1.11.12
[2026-08-03T18:17:20.985+0000] {subprocess.py:106} INFO - [0m18:17:20  Registered adapter: postgres=1.9.0
[2026-08-03T18:17:21.237+0000] {subprocess.py:106} INFO - [0m18:17:21  Found 1 model, 4 data tests, 3 sources, 475 macros
[2026-08-03T18:17:21.238+0000] {subprocess.py:106} INFO - [0m18:17:21
[2026-08-03T18:17:21.239+0000] {subprocess.py:106} INFO - [0m18:17:21  Concurrency: 4 threads (target='dev')
[2026-08-03T18:17:21.239+0000] {subprocess.py:106} INFO - [0m18:17:21
[2026-08-03T18:17:21.300+0000] {subprocess.py:106} INFO - [0m18:17:21  1 of 4 START test accepted_values_avito_ads_source_system__avito__synthetic_avito  [RUN]
[2026-08-03T18:17:21.301+0000] {subprocess.py:106} INFO - [0m18:17:21  2 of 4 START test not_null_avito_ads_avito_id .................................. [RUN]
[2026-08-03T18:17:21.301+0000] {subprocess.py:106} INFO - [0m18:17:21  3 of 4 START test not_null_avito_ads_title ..................................... [RUN]
[2026-08-03T18:17:21.302+0000] {subprocess.py:106} INFO - [0m18:17:21  4 of 4 START test not_null_avito_ads_url ....................................... [RUN]
[2026-08-03T18:17:21.357+0000] {subprocess.py:106} INFO - [0m18:17:21  1 of 4 PASS accepted_values_avito_ads_source_system__avito__synthetic_avito .... [[32mPASS[0m in 0.06s]
[2026-08-03T18:17:21.358+0000] {subprocess.py:106} INFO - [0m18:17:21  2 of 4 PASS not_null_avito_ads_avito_id ........................................ [[32mPASS[0m in 0.06s]
[2026-08-03T18:17:21.358+0000] {subprocess.py:106} INFO - [0m18:17:21  3 of 4 PASS not_null_avito_ads_title ........................................... [[32mPASS[0m in 0.06s]
[2026-08-03T18:17:21.360+0000] {subprocess.py:106} INFO - [0m18:17:21  4 of 4 PASS not_null_avito_ads_url ............................................. [[32mPASS[0m in 0.06s]
[2026-08-03T18:17:21.371+0000] {subprocess.py:106} INFO - [0m18:17:21
[2026-08-03T18:17:21.371+0000] {subprocess.py:106} INFO - [0m18:17:21  Finished running 4 data tests in 0 hours 0 minutes and 0.13 seconds (0.13s).
[2026-08-03T18:17:21.398+0000] {subprocess.py:106} INFO - [0m18:17:21
[2026-08-03T18:17:21.398+0000] {subprocess.py:106} INFO - [0m18:17:21  [32mCompleted successfully[0m
[2026-08-03T18:17:21.398+0000] {subprocess.py:106} INFO - [0m18:17:21
[2026-08-03T18:17:21.399+0000] {subprocess.py:106} INFO - [0m18:17:21  Done. PASS=4 WARN=0 ERROR=0 SKIP=0 NO-OP=0 TOTAL=4
[2026-08-03T18:17:25.665+0000] {subprocess.py:110} INFO - Command exited with return code 0
[2026-08-03T18:17:25.699+0000] {taskinstance.py:341} INFO - ::group::Post task execution logs
[2026-08-03T18:17:25.700+0000] {taskinstance.py:353} INFO - Marking task as SUCCESS. dag_id=avito_to_raw_midraw, task_id=dbt_build_midraw, run_id=scheduled__2026-08-03T17:00:00+00:00, execution_date=20260803T170000, start_date=20260803T181713, end_date=20260803T181725
[2026-08-03T18:17:25.753+0000] {local_task_job_runner.py:266} INFO - Task exited with return code 0
[2026-08-03T18:17:25.776+0000] {taskinstance.py:3901} INFO - 0 downstream tasks scheduled from follow-on schedule check
[2026-08-03T18:17:25.778+0000] {local_task_job_runner.py:245} INFO - ::endgroup::
