[2026-07-22T01:07:56.973+0000] {local_task_job_runner.py:123} INFO - ::group::Pre task execution logs
[2026-07-22T01:07:56.982+0000] {taskinstance.py:2614} INFO - Dependencies all met for dep_context=non-requeueable deps ti=<TaskInstance: avito_to_raw_midraw.dbt_build_midraw scheduled__2026-07-22T00:00:00+00:00 [queued]>
[2026-07-22T01:07:56.986+0000] {taskinstance.py:2614} INFO - Dependencies all met for dep_context=requeueable deps ti=<TaskInstance: avito_to_raw_midraw.dbt_build_midraw scheduled__2026-07-22T00:00:00+00:00 [queued]>
[2026-07-22T01:07:56.986+0000] {taskinstance.py:2867} INFO - Starting attempt 1 of 2
[2026-07-22T01:07:56.991+0000] {taskinstance.py:2890} INFO - Executing <Task(BashOperator): dbt_build_midraw> on 2026-07-22 00:00:00+00:00
[2026-07-22T01:07:56.993+0000] {standard_task_runner.py:72} INFO - Started process 267 to run task
[2026-07-22T01:07:56.995+0000] {standard_task_runner.py:104} INFO - Running: ['***', 'tasks', 'run', 'avito_to_raw_midraw', 'dbt_build_midraw', 'scheduled__2026-07-22T00:00:00+00:00', '--job-id', '144', '--raw', '--subdir', 'DAGS_FOLDER/avito_to_raw_midraw.py', '--cfg-path', '/tmp/tmpt7f0g8ik']
[2026-07-22T01:07:56.997+0000] {standard_task_runner.py:105} INFO - Job 144: Subtask dbt_build_midraw
[2026-07-22T01:07:57.022+0000] {task_command.py:467} INFO - Running <TaskInstance: avito_to_raw_midraw.dbt_build_midraw scheduled__2026-07-22T00:00:00+00:00 [running]> on host 4c6dd7d943f5
[2026-07-22T01:07:57.162+0000] {taskinstance.py:3134} INFO - Exporting env vars: AIRFLOW_CTX_DAG_OWNER='data-eng' AIRFLOW_CTX_DAG_ID='avito_to_raw_midraw' AIRFLOW_CTX_TASK_ID='dbt_build_midraw' AIRFLOW_CTX_EXECUTION_DATE='2026-07-22T00:00:00+00:00' AIRFLOW_CTX_TRY_NUMBER='1' AIRFLOW_CTX_DAG_RUN_ID='scheduled__2026-07-22T00:00:00+00:00'
[2026-07-22T01:07:57.163+0000] {taskinstance.py:732} INFO - ::endgroup::
[2026-07-22T01:07:57.168+0000] {subprocess.py:78} INFO - Tmp dir root location: /tmp
[2026-07-22T01:07:57.168+0000] {subprocess.py:88} INFO - Running command: ['/usr/bin/bash', '-c', 'cd /opt/***/dbt && dbt run --profiles-dir . --select avito_ads && dbt test --profiles-dir . --select avito_ads']
[2026-07-22T01:07:57.173+0000] {subprocess.py:99} INFO - Output:
[2026-07-22T01:07:58.206+0000] {subprocess.py:106} INFO - [0m01:07:58  Running with dbt=1.11.12
[2026-07-22T01:07:58.310+0000] {subprocess.py:106} INFO - [0m01:07:58  Registered adapter: postgres=1.9.0
[2026-07-22T01:07:58.545+0000] {subprocess.py:106} INFO - [0m01:07:58  Found 1 model, 4 data tests, 3 sources, 475 macros
[2026-07-22T01:07:58.546+0000] {subprocess.py:106} INFO - [0m01:07:58
[2026-07-22T01:07:58.547+0000] {subprocess.py:106} INFO - [0m01:07:58  Concurrency: 4 threads (target='dev')
[2026-07-22T01:07:58.547+0000] {subprocess.py:106} INFO - [0m01:07:58
[2026-07-22T01:07:58.610+0000] {subprocess.py:106} INFO - [0m01:07:58  1 of 1 START sql table model midraw.avito_ads .................................. [RUN]
[2026-07-22T01:07:58.695+0000] {subprocess.py:106} INFO - [0m01:07:58  1 of 1 OK created sql table model midraw.avito_ads ............................. [[32mSELECT 1796[0m in 0.08s]
[2026-07-22T01:07:58.702+0000] {subprocess.py:106} INFO - [0m01:07:58
[2026-07-22T01:07:58.703+0000] {subprocess.py:106} INFO - [0m01:07:58  Finished running 1 table model in 0 hours 0 minutes and 0.16 seconds (0.16s).
[2026-07-22T01:07:58.729+0000] {subprocess.py:106} INFO - [0m01:07:58
[2026-07-22T01:07:58.729+0000] {subprocess.py:106} INFO - [0m01:07:58  [32mCompleted successfully[0m
[2026-07-22T01:07:58.729+0000] {subprocess.py:106} INFO - [0m01:07:58
[2026-07-22T01:07:58.730+0000] {subprocess.py:106} INFO - [0m01:07:58  Done. PASS=1 WARN=0 ERROR=0 SKIP=0 NO-OP=0 TOTAL=1
[2026-07-22T01:08:00.926+0000] {subprocess.py:106} INFO - [0m01:08:00  Running with dbt=1.11.12
[2026-07-22T01:08:01.041+0000] {subprocess.py:106} INFO - [0m01:08:01  Registered adapter: postgres=1.9.0
[2026-07-22T01:08:01.437+0000] {subprocess.py:106} INFO - [0m01:08:01  Found 1 model, 4 data tests, 3 sources, 475 macros
[2026-07-22T01:08:01.439+0000] {subprocess.py:106} INFO - [0m01:08:01
[2026-07-22T01:08:01.439+0000] {subprocess.py:106} INFO - [0m01:08:01  Concurrency: 4 threads (target='dev')
[2026-07-22T01:08:01.440+0000] {subprocess.py:106} INFO - [0m01:08:01
[2026-07-22T01:08:01.489+0000] {subprocess.py:106} INFO - [0m01:08:01  1 of 4 START test accepted_values_avito_ads_source_system__avito__synthetic_avito  [RUN]
[2026-07-22T01:08:01.489+0000] {subprocess.py:106} INFO - [0m01:08:01  2 of 4 START test not_null_avito_ads_avito_id .................................. [RUN]
[2026-07-22T01:08:01.490+0000] {subprocess.py:106} INFO - [0m01:08:01  3 of 4 START test not_null_avito_ads_title ..................................... [RUN]
[2026-07-22T01:08:01.490+0000] {subprocess.py:106} INFO - [0m01:08:01  4 of 4 START test not_null_avito_ads_url ....................................... [RUN]
[2026-07-22T01:08:01.545+0000] {subprocess.py:106} INFO - [0m01:08:01  2 of 4 PASS not_null_avito_ads_avito_id ........................................ [[32mPASS[0m in 0.05s]
[2026-07-22T01:08:01.545+0000] {subprocess.py:106} INFO - [0m01:08:01  3 of 4 PASS not_null_avito_ads_title ........................................... [[32mPASS[0m in 0.05s]
[2026-07-22T01:08:01.546+0000] {subprocess.py:106} INFO - [0m01:08:01  1 of 4 PASS accepted_values_avito_ads_source_system__avito__synthetic_avito .... [[32mPASS[0m in 0.06s]
[2026-07-22T01:08:01.546+0000] {subprocess.py:106} INFO - [0m01:08:01  4 of 4 PASS not_null_avito_ads_url ............................................. [[32mPASS[0m in 0.05s]
[2026-07-22T01:08:01.558+0000] {subprocess.py:106} INFO - [0m01:08:01
[2026-07-22T01:08:01.559+0000] {subprocess.py:106} INFO - [0m01:08:01  Finished running 4 data tests in 0 hours 0 minutes and 0.12 seconds (0.12s).
[2026-07-22T01:08:01.587+0000] {subprocess.py:106} INFO - [0m01:08:01
[2026-07-22T01:08:01.587+0000] {subprocess.py:106} INFO - [0m01:08:01  [32mCompleted successfully[0m
[2026-07-22T01:08:01.587+0000] {subprocess.py:106} INFO - [0m01:08:01
[2026-07-22T01:08:01.588+0000] {subprocess.py:106} INFO - [0m01:08:01  Done. PASS=4 WARN=0 ERROR=0 SKIP=0 NO-OP=0 TOTAL=4
[2026-07-22T01:08:03.564+0000] {subprocess.py:110} INFO - Command exited with return code 0
[2026-07-22T01:08:03.580+0000] {taskinstance.py:341} INFO - ::group::Post task execution logs
[2026-07-22T01:08:03.580+0000] {taskinstance.py:353} INFO - Marking task as SUCCESS. dag_id=avito_to_raw_midraw, task_id=dbt_build_midraw, run_id=scheduled__2026-07-22T00:00:00+00:00, execution_date=20260722T000000, start_date=20260722T010756, end_date=20260722T010803
[2026-07-22T01:08:03.632+0000] {local_task_job_runner.py:266} INFO - Task exited with return code 0
[2026-07-22T01:08:03.641+0000] {taskinstance.py:3901} INFO - 0 downstream tasks scheduled from follow-on schedule check
[2026-07-22T01:08:03.642+0000] {local_task_job_runner.py:245} INFO - ::endgroup::
