[2026-07-25T21:31:08.094+0000] {local_task_job_runner.py:123} INFO - ::group::Pre task execution logs
[2026-07-25T21:31:08.104+0000] {taskinstance.py:2614} INFO - Dependencies all met for dep_context=non-requeueable deps ti=<TaskInstance: avito_to_raw_midraw.dbt_build_midraw scheduled__2026-07-25T20:00:00+00:00 [queued]>
[2026-07-25T21:31:08.108+0000] {taskinstance.py:2614} INFO - Dependencies all met for dep_context=requeueable deps ti=<TaskInstance: avito_to_raw_midraw.dbt_build_midraw scheduled__2026-07-25T20:00:00+00:00 [queued]>
[2026-07-25T21:31:08.108+0000] {taskinstance.py:2867} INFO - Starting attempt 1 of 2
[2026-07-25T21:31:08.113+0000] {taskinstance.py:2890} INFO - Executing <Task(BashOperator): dbt_build_midraw> on 2026-07-25 20:00:00+00:00
[2026-07-25T21:31:08.116+0000] {standard_task_runner.py:72} INFO - Started process 2949 to run task
[2026-07-25T21:31:08.119+0000] {standard_task_runner.py:104} INFO - Running: ['***', 'tasks', 'run', 'avito_to_raw_midraw', 'dbt_build_midraw', 'scheduled__2026-07-25T20:00:00+00:00', '--job-id', '328', '--raw', '--subdir', 'DAGS_FOLDER/avito_to_raw_midraw.py', '--cfg-path', '/tmp/tmp7k0m8fyp']
[2026-07-25T21:31:08.120+0000] {standard_task_runner.py:105} INFO - Job 328: Subtask dbt_build_midraw
[2026-07-25T21:31:08.145+0000] {task_command.py:467} INFO - Running <TaskInstance: avito_to_raw_midraw.dbt_build_midraw scheduled__2026-07-25T20:00:00+00:00 [running]> on host 4c6dd7d943f5
[2026-07-25T21:31:08.280+0000] {taskinstance.py:3134} INFO - Exporting env vars: AIRFLOW_CTX_DAG_OWNER='data-eng' AIRFLOW_CTX_DAG_ID='avito_to_raw_midraw' AIRFLOW_CTX_TASK_ID='dbt_build_midraw' AIRFLOW_CTX_EXECUTION_DATE='2026-07-25T20:00:00+00:00' AIRFLOW_CTX_TRY_NUMBER='1' AIRFLOW_CTX_DAG_RUN_ID='scheduled__2026-07-25T20:00:00+00:00'
[2026-07-25T21:31:08.281+0000] {taskinstance.py:732} INFO - ::endgroup::
[2026-07-25T21:31:08.285+0000] {subprocess.py:78} INFO - Tmp dir root location: /tmp
[2026-07-25T21:31:08.286+0000] {subprocess.py:88} INFO - Running command: ['/usr/bin/bash', '-c', 'cd /opt/***/dbt && dbt run --profiles-dir . --select avito_ads && dbt test --profiles-dir . --select avito_ads']
[2026-07-25T21:31:08.290+0000] {subprocess.py:99} INFO - Output:
[2026-07-25T21:31:09.250+0000] {subprocess.py:106} INFO - [0m21:31:09  Running with dbt=1.11.12
[2026-07-25T21:31:09.350+0000] {subprocess.py:106} INFO - [0m21:31:09  Registered adapter: postgres=1.9.0
[2026-07-25T21:31:09.559+0000] {subprocess.py:106} INFO - [0m21:31:09  Found 1 model, 4 data tests, 3 sources, 475 macros
[2026-07-25T21:31:09.560+0000] {subprocess.py:106} INFO - [0m21:31:09
[2026-07-25T21:31:09.561+0000] {subprocess.py:106} INFO - [0m21:31:09  Concurrency: 4 threads (target='dev')
[2026-07-25T21:31:09.561+0000] {subprocess.py:106} INFO - [0m21:31:09
[2026-07-25T21:31:09.616+0000] {subprocess.py:106} INFO - [0m21:31:09  1 of 1 START sql table model midraw.avito_ads .................................. [RUN]
[2026-07-25T21:31:09.680+0000] {subprocess.py:106} INFO - [0m21:31:09  1 of 1 OK created sql table model midraw.avito_ads ............................. [[32mSELECT 487[0m in 0.06s]
[2026-07-25T21:31:09.687+0000] {subprocess.py:106} INFO - [0m21:31:09
[2026-07-25T21:31:09.688+0000] {subprocess.py:106} INFO - [0m21:31:09  Finished running 1 table model in 0 hours 0 minutes and 0.13 seconds (0.13s).
[2026-07-25T21:31:09.712+0000] {subprocess.py:106} INFO - [0m21:31:09
[2026-07-25T21:31:09.713+0000] {subprocess.py:106} INFO - [0m21:31:09  [32mCompleted successfully[0m
[2026-07-25T21:31:09.713+0000] {subprocess.py:106} INFO - [0m21:31:09
[2026-07-25T21:31:09.713+0000] {subprocess.py:106} INFO - [0m21:31:09  Done. PASS=1 WARN=0 ERROR=0 SKIP=0 NO-OP=0 TOTAL=1
[2026-07-25T21:31:11.491+0000] {subprocess.py:106} INFO - [0m21:31:11  Running with dbt=1.11.12
[2026-07-25T21:31:11.590+0000] {subprocess.py:106} INFO - [0m21:31:11  Registered adapter: postgres=1.9.0
[2026-07-25T21:31:11.836+0000] {subprocess.py:106} INFO - [0m21:31:11  Found 1 model, 4 data tests, 3 sources, 475 macros
[2026-07-25T21:31:11.838+0000] {subprocess.py:106} INFO - [0m21:31:11
[2026-07-25T21:31:11.838+0000] {subprocess.py:106} INFO - [0m21:31:11  Concurrency: 4 threads (target='dev')
[2026-07-25T21:31:11.838+0000] {subprocess.py:106} INFO - [0m21:31:11
[2026-07-25T21:31:11.890+0000] {subprocess.py:106} INFO - [0m21:31:11  1 of 4 START test accepted_values_avito_ads_source_system__avito__synthetic_avito  [RUN]
[2026-07-25T21:31:11.890+0000] {subprocess.py:106} INFO - [0m21:31:11  2 of 4 START test not_null_avito_ads_avito_id .................................. [RUN]
[2026-07-25T21:31:11.890+0000] {subprocess.py:106} INFO - [0m21:31:11  3 of 4 START test not_null_avito_ads_title ..................................... [RUN]
[2026-07-25T21:31:11.891+0000] {subprocess.py:106} INFO - [0m21:31:11  4 of 4 START test not_null_avito_ads_url ....................................... [RUN]
[2026-07-25T21:31:11.957+0000] {subprocess.py:106} INFO - [0m21:31:11  1 of 4 PASS accepted_values_avito_ads_source_system__avito__synthetic_avito .... [[32mPASS[0m in 0.07s]
[2026-07-25T21:31:11.958+0000] {subprocess.py:106} INFO - [0m21:31:11  4 of 4 PASS not_null_avito_ads_url ............................................. [[32mPASS[0m in 0.07s]
[2026-07-25T21:31:11.959+0000] {subprocess.py:106} INFO - [0m21:31:11  2 of 4 PASS not_null_avito_ads_avito_id ........................................ [[32mPASS[0m in 0.07s]
[2026-07-25T21:31:11.960+0000] {subprocess.py:106} INFO - [0m21:31:11  3 of 4 PASS not_null_avito_ads_title ........................................... [[32mPASS[0m in 0.07s]
[2026-07-25T21:31:11.970+0000] {subprocess.py:106} INFO - [0m21:31:11
[2026-07-25T21:31:11.971+0000] {subprocess.py:106} INFO - [0m21:31:11  Finished running 4 data tests in 0 hours 0 minutes and 0.13 seconds (0.13s).
[2026-07-25T21:31:11.997+0000] {subprocess.py:106} INFO - [0m21:31:11
[2026-07-25T21:31:11.998+0000] {subprocess.py:106} INFO - [0m21:31:11  [32mCompleted successfully[0m
[2026-07-25T21:31:11.998+0000] {subprocess.py:106} INFO - [0m21:31:11
[2026-07-25T21:31:11.998+0000] {subprocess.py:106} INFO - [0m21:31:11  Done. PASS=4 WARN=0 ERROR=0 SKIP=0 NO-OP=0 TOTAL=4
[2026-07-25T21:31:12.771+0000] {subprocess.py:110} INFO - Command exited with return code 0
[2026-07-25T21:31:12.791+0000] {taskinstance.py:341} INFO - ::group::Post task execution logs
[2026-07-25T21:31:12.791+0000] {taskinstance.py:353} INFO - Marking task as SUCCESS. dag_id=avito_to_raw_midraw, task_id=dbt_build_midraw, run_id=scheduled__2026-07-25T20:00:00+00:00, execution_date=20260725T200000, start_date=20260725T213108, end_date=20260725T213112
[2026-07-25T21:31:12.818+0000] {local_task_job_runner.py:266} INFO - Task exited with return code 0
[2026-07-25T21:31:12.829+0000] {taskinstance.py:3901} INFO - 0 downstream tasks scheduled from follow-on schedule check
[2026-07-25T21:31:12.830+0000] {local_task_job_runner.py:245} INFO - ::endgroup::
