[2026-07-27T05:07:18.998+0000] {local_task_job_runner.py:123} INFO - ::group::Pre task execution logs
[2026-07-27T05:07:19.007+0000] {taskinstance.py:2614} INFO - Dependencies all met for dep_context=non-requeueable deps ti=<TaskInstance: avito_to_raw_midraw.dbt_build_midraw scheduled__2026-07-27T04:00:00+00:00 [queued]>
[2026-07-27T05:07:19.011+0000] {taskinstance.py:2614} INFO - Dependencies all met for dep_context=requeueable deps ti=<TaskInstance: avito_to_raw_midraw.dbt_build_midraw scheduled__2026-07-27T04:00:00+00:00 [queued]>
[2026-07-27T05:07:19.011+0000] {taskinstance.py:2867} INFO - Starting attempt 1 of 2
[2026-07-27T05:07:19.015+0000] {taskinstance.py:2890} INFO - Executing <Task(BashOperator): dbt_build_midraw> on 2026-07-27 04:00:00+00:00
[2026-07-27T05:07:19.017+0000] {standard_task_runner.py:72} INFO - Started process 3877 to run task
[2026-07-27T05:07:19.019+0000] {standard_task_runner.py:104} INFO - Running: ['***', 'tasks', 'run', 'avito_to_raw_midraw', 'dbt_build_midraw', 'scheduled__2026-07-27T04:00:00+00:00', '--job-id', '392', '--raw', '--subdir', 'DAGS_FOLDER/avito_to_raw_midraw.py', '--cfg-path', '/tmp/tmpkkq1qztp']
[2026-07-27T05:07:19.020+0000] {standard_task_runner.py:105} INFO - Job 392: Subtask dbt_build_midraw
[2026-07-27T05:07:19.045+0000] {task_command.py:467} INFO - Running <TaskInstance: avito_to_raw_midraw.dbt_build_midraw scheduled__2026-07-27T04:00:00+00:00 [running]> on host 4c6dd7d943f5
[2026-07-27T05:07:19.173+0000] {taskinstance.py:3134} INFO - Exporting env vars: AIRFLOW_CTX_DAG_OWNER='data-eng' AIRFLOW_CTX_DAG_ID='avito_to_raw_midraw' AIRFLOW_CTX_TASK_ID='dbt_build_midraw' AIRFLOW_CTX_EXECUTION_DATE='2026-07-27T04:00:00+00:00' AIRFLOW_CTX_TRY_NUMBER='1' AIRFLOW_CTX_DAG_RUN_ID='scheduled__2026-07-27T04:00:00+00:00'
[2026-07-27T05:07:19.174+0000] {taskinstance.py:732} INFO - ::endgroup::
[2026-07-27T05:07:19.178+0000] {subprocess.py:78} INFO - Tmp dir root location: /tmp
[2026-07-27T05:07:19.179+0000] {subprocess.py:88} INFO - Running command: ['/usr/bin/bash', '-c', 'cd /opt/***/dbt && dbt run --profiles-dir . --select avito_ads && dbt test --profiles-dir . --select avito_ads']
[2026-07-27T05:07:19.183+0000] {subprocess.py:99} INFO - Output:
[2026-07-27T05:07:20.102+0000] {subprocess.py:106} INFO - [0m05:07:20  Running with dbt=1.11.12
[2026-07-27T05:07:20.199+0000] {subprocess.py:106} INFO - [0m05:07:20  Registered adapter: postgres=1.9.0
[2026-07-27T05:07:20.404+0000] {subprocess.py:106} INFO - [0m05:07:20  Found 1 model, 4 data tests, 3 sources, 475 macros
[2026-07-27T05:07:20.407+0000] {subprocess.py:106} INFO - [0m05:07:20
[2026-07-27T05:07:20.409+0000] {subprocess.py:106} INFO - [0m05:07:20  Concurrency: 4 threads (target='dev')
[2026-07-27T05:07:20.409+0000] {subprocess.py:106} INFO - [0m05:07:20
[2026-07-27T05:07:20.460+0000] {subprocess.py:106} INFO - [0m05:07:20  1 of 1 START sql table model midraw.avito_ads .................................. [RUN]
[2026-07-27T05:07:20.524+0000] {subprocess.py:106} INFO - [0m05:07:20  1 of 1 OK created sql table model midraw.avito_ads ............................. [[32mSELECT 837[0m in 0.06s]
[2026-07-27T05:07:20.531+0000] {subprocess.py:106} INFO - [0m05:07:20
[2026-07-27T05:07:20.532+0000] {subprocess.py:106} INFO - [0m05:07:20  Finished running 1 table model in 0 hours 0 minutes and 0.12 seconds (0.12s).
[2026-07-27T05:07:20.557+0000] {subprocess.py:106} INFO - [0m05:07:20
[2026-07-27T05:07:20.557+0000] {subprocess.py:106} INFO - [0m05:07:20  [32mCompleted successfully[0m
[2026-07-27T05:07:20.558+0000] {subprocess.py:106} INFO - [0m05:07:20
[2026-07-27T05:07:20.558+0000] {subprocess.py:106} INFO - [0m05:07:20  Done. PASS=1 WARN=0 ERROR=0 SKIP=0 NO-OP=0 TOTAL=1
[2026-07-27T05:07:22.341+0000] {subprocess.py:106} INFO - [0m05:07:22  Running with dbt=1.11.12
[2026-07-27T05:07:22.444+0000] {subprocess.py:106} INFO - [0m05:07:22  Registered adapter: postgres=1.9.0
[2026-07-27T05:07:22.658+0000] {subprocess.py:106} INFO - [0m05:07:22  Found 1 model, 4 data tests, 3 sources, 475 macros
[2026-07-27T05:07:22.659+0000] {subprocess.py:106} INFO - [0m05:07:22
[2026-07-27T05:07:22.659+0000] {subprocess.py:106} INFO - [0m05:07:22  Concurrency: 4 threads (target='dev')
[2026-07-27T05:07:22.660+0000] {subprocess.py:106} INFO - [0m05:07:22
[2026-07-27T05:07:22.701+0000] {subprocess.py:106} INFO - [0m05:07:22  1 of 4 START test accepted_values_avito_ads_source_system__avito__synthetic_avito  [RUN]
[2026-07-27T05:07:22.701+0000] {subprocess.py:106} INFO - [0m05:07:22  2 of 4 START test not_null_avito_ads_avito_id .................................. [RUN]
[2026-07-27T05:07:22.702+0000] {subprocess.py:106} INFO - [0m05:07:22  3 of 4 START test not_null_avito_ads_title ..................................... [RUN]
[2026-07-27T05:07:22.702+0000] {subprocess.py:106} INFO - [0m05:07:22  4 of 4 START test not_null_avito_ads_url ....................................... [RUN]
[2026-07-27T05:07:22.753+0000] {subprocess.py:106} INFO - [0m05:07:22  2 of 4 PASS not_null_avito_ads_avito_id ........................................ [[32mPASS[0m in 0.05s]
[2026-07-27T05:07:22.754+0000] {subprocess.py:106} INFO - [0m05:07:22  3 of 4 PASS not_null_avito_ads_title ........................................... [[32mPASS[0m in 0.05s]
[2026-07-27T05:07:22.754+0000] {subprocess.py:106} INFO - [0m05:07:22  4 of 4 PASS not_null_avito_ads_url ............................................. [[32mPASS[0m in 0.05s]
[2026-07-27T05:07:22.755+0000] {subprocess.py:106} INFO - [0m05:07:22  1 of 4 PASS accepted_values_avito_ads_source_system__avito__synthetic_avito .... [[32mPASS[0m in 0.05s]
[2026-07-27T05:07:22.765+0000] {subprocess.py:106} INFO - [0m05:07:22
[2026-07-27T05:07:22.766+0000] {subprocess.py:106} INFO - [0m05:07:22  Finished running 4 data tests in 0 hours 0 minutes and 0.11 seconds (0.11s).
[2026-07-27T05:07:22.792+0000] {subprocess.py:106} INFO - [0m05:07:22
[2026-07-27T05:07:22.792+0000] {subprocess.py:106} INFO - [0m05:07:22  [32mCompleted successfully[0m
[2026-07-27T05:07:22.792+0000] {subprocess.py:106} INFO - [0m05:07:22
[2026-07-27T05:07:22.792+0000] {subprocess.py:106} INFO - [0m05:07:22  Done. PASS=4 WARN=0 ERROR=0 SKIP=0 NO-OP=0 TOTAL=4
[2026-07-27T05:07:23.441+0000] {subprocess.py:110} INFO - Command exited with return code 0
[2026-07-27T05:07:23.457+0000] {taskinstance.py:341} INFO - ::group::Post task execution logs
[2026-07-27T05:07:23.457+0000] {taskinstance.py:353} INFO - Marking task as SUCCESS. dag_id=avito_to_raw_midraw, task_id=dbt_build_midraw, run_id=scheduled__2026-07-27T04:00:00+00:00, execution_date=20260727T040000, start_date=20260727T050719, end_date=20260727T050723
[2026-07-27T05:07:23.500+0000] {local_task_job_runner.py:266} INFO - Task exited with return code 0
[2026-07-27T05:07:23.510+0000] {taskinstance.py:3901} INFO - 0 downstream tasks scheduled from follow-on schedule check
[2026-07-27T05:07:23.511+0000] {local_task_job_runner.py:245} INFO - ::endgroup::
