[2026-07-23T08:11:11.838+0000] {local_task_job_runner.py:123} INFO - ::group::Pre task execution logs
[2026-07-23T08:11:11.848+0000] {taskinstance.py:2614} INFO - Dependencies all met for dep_context=non-requeueable deps ti=<TaskInstance: avito_to_raw_midraw.dbt_build_midraw scheduled__2026-07-23T07:00:00+00:00 [queued]>
[2026-07-23T08:11:11.852+0000] {taskinstance.py:2614} INFO - Dependencies all met for dep_context=requeueable deps ti=<TaskInstance: avito_to_raw_midraw.dbt_build_midraw scheduled__2026-07-23T07:00:00+00:00 [queued]>
[2026-07-23T08:11:11.852+0000] {taskinstance.py:2867} INFO - Starting attempt 1 of 2
[2026-07-23T08:11:11.856+0000] {taskinstance.py:2890} INFO - Executing <Task(BashOperator): dbt_build_midraw> on 2026-07-23 07:00:00+00:00
[2026-07-23T08:11:11.858+0000] {standard_task_runner.py:72} INFO - Started process 1166 to run task
[2026-07-23T08:11:11.860+0000] {standard_task_runner.py:104} INFO - Running: ['***', 'tasks', 'run', 'avito_to_raw_midraw', 'dbt_build_midraw', 'scheduled__2026-07-23T07:00:00+00:00', '--job-id', '206', '--raw', '--subdir', 'DAGS_FOLDER/avito_to_raw_midraw.py', '--cfg-path', '/tmp/tmps9isdete']
[2026-07-23T08:11:11.862+0000] {standard_task_runner.py:105} INFO - Job 206: Subtask dbt_build_midraw
[2026-07-23T08:11:11.884+0000] {task_command.py:467} INFO - Running <TaskInstance: avito_to_raw_midraw.dbt_build_midraw scheduled__2026-07-23T07:00:00+00:00 [running]> on host 4c6dd7d943f5
[2026-07-23T08:11:12.015+0000] {taskinstance.py:3134} INFO - Exporting env vars: AIRFLOW_CTX_DAG_OWNER='data-eng' AIRFLOW_CTX_DAG_ID='avito_to_raw_midraw' AIRFLOW_CTX_TASK_ID='dbt_build_midraw' AIRFLOW_CTX_EXECUTION_DATE='2026-07-23T07:00:00+00:00' AIRFLOW_CTX_TRY_NUMBER='1' AIRFLOW_CTX_DAG_RUN_ID='scheduled__2026-07-23T07:00:00+00:00'
[2026-07-23T08:11:12.016+0000] {taskinstance.py:732} INFO - ::endgroup::
[2026-07-23T08:11:12.020+0000] {subprocess.py:78} INFO - Tmp dir root location: /tmp
[2026-07-23T08:11:12.021+0000] {subprocess.py:88} INFO - Running command: ['/usr/bin/bash', '-c', 'cd /opt/***/dbt && dbt run --profiles-dir . --select avito_ads && dbt test --profiles-dir . --select avito_ads']
[2026-07-23T08:11:12.025+0000] {subprocess.py:99} INFO - Output:
[2026-07-23T08:11:13.017+0000] {subprocess.py:106} INFO - [0m08:11:13  Running with dbt=1.11.12
[2026-07-23T08:11:13.125+0000] {subprocess.py:106} INFO - [0m08:11:13  Registered adapter: postgres=1.9.0
[2026-07-23T08:11:13.351+0000] {subprocess.py:106} INFO - [0m08:11:13  Found 1 model, 4 data tests, 3 sources, 475 macros
[2026-07-23T08:11:13.352+0000] {subprocess.py:106} INFO - [0m08:11:13
[2026-07-23T08:11:13.352+0000] {subprocess.py:106} INFO - [0m08:11:13  Concurrency: 4 threads (target='dev')
[2026-07-23T08:11:13.353+0000] {subprocess.py:106} INFO - [0m08:11:13
[2026-07-23T08:11:13.406+0000] {subprocess.py:106} INFO - [0m08:11:13  1 of 1 START sql table model midraw.avito_ads .................................. [RUN]
[2026-07-23T08:11:13.475+0000] {subprocess.py:106} INFO - [0m08:11:13  1 of 1 OK created sql table model midraw.avito_ads ............................. [[32mSELECT 2016[0m in 0.07s]
[2026-07-23T08:11:13.483+0000] {subprocess.py:106} INFO - [0m08:11:13
[2026-07-23T08:11:13.483+0000] {subprocess.py:106} INFO - [0m08:11:13  Finished running 1 table model in 0 hours 0 minutes and 0.13 seconds (0.13s).
[2026-07-23T08:11:13.509+0000] {subprocess.py:106} INFO - [0m08:11:13
[2026-07-23T08:11:13.510+0000] {subprocess.py:106} INFO - [0m08:11:13  [32mCompleted successfully[0m
[2026-07-23T08:11:13.510+0000] {subprocess.py:106} INFO - [0m08:11:13
[2026-07-23T08:11:13.510+0000] {subprocess.py:106} INFO - [0m08:11:13  Done. PASS=1 WARN=0 ERROR=0 SKIP=0 NO-OP=0 TOTAL=1
[2026-07-23T08:11:15.379+0000] {subprocess.py:106} INFO - [0m08:11:15  Running with dbt=1.11.12
[2026-07-23T08:11:15.482+0000] {subprocess.py:106} INFO - [0m08:11:15  Registered adapter: postgres=1.9.0
[2026-07-23T08:11:15.705+0000] {subprocess.py:106} INFO - [0m08:11:15  Found 1 model, 4 data tests, 3 sources, 475 macros
[2026-07-23T08:11:15.706+0000] {subprocess.py:106} INFO - [0m08:11:15
[2026-07-23T08:11:15.706+0000] {subprocess.py:106} INFO - [0m08:11:15  Concurrency: 4 threads (target='dev')
[2026-07-23T08:11:15.706+0000] {subprocess.py:106} INFO - [0m08:11:15
[2026-07-23T08:11:15.748+0000] {subprocess.py:106} INFO - [0m08:11:15  1 of 4 START test accepted_values_avito_ads_source_system__avito__synthetic_avito  [RUN]
[2026-07-23T08:11:15.748+0000] {subprocess.py:106} INFO - [0m08:11:15  2 of 4 START test not_null_avito_ads_avito_id .................................. [RUN]
[2026-07-23T08:11:15.749+0000] {subprocess.py:106} INFO - [0m08:11:15  3 of 4 START test not_null_avito_ads_title ..................................... [RUN]
[2026-07-23T08:11:15.749+0000] {subprocess.py:106} INFO - [0m08:11:15  4 of 4 START test not_null_avito_ads_url ....................................... [RUN]
[2026-07-23T08:11:15.802+0000] {subprocess.py:106} INFO - [0m08:11:15  2 of 4 PASS not_null_avito_ads_avito_id ........................................ [[32mPASS[0m in 0.05s]
[2026-07-23T08:11:15.803+0000] {subprocess.py:106} INFO - [0m08:11:15  3 of 4 PASS not_null_avito_ads_title ........................................... [[32mPASS[0m in 0.05s]
[2026-07-23T08:11:15.803+0000] {subprocess.py:106} INFO - [0m08:11:15  1 of 4 PASS accepted_values_avito_ads_source_system__avito__synthetic_avito .... [[32mPASS[0m in 0.05s]
[2026-07-23T08:11:15.804+0000] {subprocess.py:106} INFO - [0m08:11:15  4 of 4 PASS not_null_avito_ads_url ............................................. [[32mPASS[0m in 0.05s]
[2026-07-23T08:11:15.814+0000] {subprocess.py:106} INFO - [0m08:11:15
[2026-07-23T08:11:15.814+0000] {subprocess.py:106} INFO - [0m08:11:15  Finished running 4 data tests in 0 hours 0 minutes and 0.11 seconds (0.11s).
[2026-07-23T08:11:15.839+0000] {subprocess.py:106} INFO - [0m08:11:15
[2026-07-23T08:11:15.839+0000] {subprocess.py:106} INFO - [0m08:11:15  [32mCompleted successfully[0m
[2026-07-23T08:11:15.839+0000] {subprocess.py:106} INFO - [0m08:11:15
[2026-07-23T08:11:15.840+0000] {subprocess.py:106} INFO - [0m08:11:15  Done. PASS=4 WARN=0 ERROR=0 SKIP=0 NO-OP=0 TOTAL=4
[2026-07-23T08:11:16.658+0000] {subprocess.py:110} INFO - Command exited with return code 0
[2026-07-23T08:11:16.670+0000] {taskinstance.py:341} INFO - ::group::Post task execution logs
[2026-07-23T08:11:16.671+0000] {taskinstance.py:353} INFO - Marking task as SUCCESS. dag_id=avito_to_raw_midraw, task_id=dbt_build_midraw, run_id=scheduled__2026-07-23T07:00:00+00:00, execution_date=20260723T070000, start_date=20260723T081111, end_date=20260723T081116
[2026-07-23T08:11:16.708+0000] {local_task_job_runner.py:266} INFO - Task exited with return code 0
[2026-07-23T08:11:16.718+0000] {taskinstance.py:3901} INFO - 0 downstream tasks scheduled from follow-on schedule check
[2026-07-23T08:11:16.719+0000] {local_task_job_runner.py:245} INFO - ::endgroup::
