[2026-07-26T16:04:42.270+0000] {local_task_job_runner.py:123} INFO - ::group::Pre task execution logs
[2026-07-26T16:04:42.287+0000] {taskinstance.py:2614} INFO - Dependencies all met for dep_context=non-requeueable deps ti=<TaskInstance: avito_to_raw_midraw.dbt_build_midraw scheduled__2026-07-26T15:00:00+00:00 [queued]>
[2026-07-26T16:04:42.296+0000] {taskinstance.py:2614} INFO - Dependencies all met for dep_context=requeueable deps ti=<TaskInstance: avito_to_raw_midraw.dbt_build_midraw scheduled__2026-07-26T15:00:00+00:00 [queued]>
[2026-07-26T16:04:42.299+0000] {taskinstance.py:2867} INFO - Starting attempt 1 of 2
[2026-07-26T16:04:42.308+0000] {taskinstance.py:2890} INFO - Executing <Task(BashOperator): dbt_build_midraw> on 2026-07-26 15:00:00+00:00
[2026-07-26T16:04:42.313+0000] {standard_task_runner.py:72} INFO - Started process 3500 to run task
[2026-07-26T16:04:42.316+0000] {standard_task_runner.py:104} INFO - Running: ['***', 'tasks', 'run', 'avito_to_raw_midraw', 'dbt_build_midraw', 'scheduled__2026-07-26T15:00:00+00:00', '--job-id', '366', '--raw', '--subdir', 'DAGS_FOLDER/avito_to_raw_midraw.py', '--cfg-path', '/tmp/tmpp0xeegrs']
[2026-07-26T16:04:42.318+0000] {standard_task_runner.py:105} INFO - Job 366: Subtask dbt_build_midraw
[2026-07-26T16:04:42.357+0000] {task_command.py:467} INFO - Running <TaskInstance: avito_to_raw_midraw.dbt_build_midraw scheduled__2026-07-26T15:00:00+00:00 [running]> on host 4c6dd7d943f5
[2026-07-26T16:04:42.558+0000] {taskinstance.py:3134} INFO - Exporting env vars: AIRFLOW_CTX_DAG_OWNER='data-eng' AIRFLOW_CTX_DAG_ID='avito_to_raw_midraw' AIRFLOW_CTX_TASK_ID='dbt_build_midraw' AIRFLOW_CTX_EXECUTION_DATE='2026-07-26T15:00:00+00:00' AIRFLOW_CTX_TRY_NUMBER='1' AIRFLOW_CTX_DAG_RUN_ID='scheduled__2026-07-26T15:00:00+00:00'
[2026-07-26T16:04:42.559+0000] {taskinstance.py:732} INFO - ::endgroup::
[2026-07-26T16:04:42.567+0000] {subprocess.py:78} INFO - Tmp dir root location: /tmp
[2026-07-26T16:04:42.567+0000] {subprocess.py:88} INFO - Running command: ['/usr/bin/bash', '-c', 'cd /opt/***/dbt && dbt run --profiles-dir . --select avito_ads && dbt test --profiles-dir . --select avito_ads']
[2026-07-26T16:04:42.574+0000] {subprocess.py:99} INFO - Output:
[2026-07-26T16:04:44.359+0000] {subprocess.py:106} INFO - [0m16:04:44  Running with dbt=1.11.12
[2026-07-26T16:04:44.526+0000] {subprocess.py:106} INFO - [0m16:04:44  Registered adapter: postgres=1.9.0
[2026-07-26T16:04:44.844+0000] {subprocess.py:106} INFO - [0m16:04:44  Found 1 model, 4 data tests, 3 sources, 475 macros
[2026-07-26T16:04:44.847+0000] {subprocess.py:106} INFO - [0m16:04:44
[2026-07-26T16:04:44.847+0000] {subprocess.py:106} INFO - [0m16:04:44  Concurrency: 4 threads (target='dev')
[2026-07-26T16:04:44.848+0000] {subprocess.py:106} INFO - [0m16:04:44
[2026-07-26T16:04:44.924+0000] {subprocess.py:106} INFO - [0m16:04:44  1 of 1 START sql table model midraw.avito_ads .................................. [RUN]
[2026-07-26T16:04:45.033+0000] {subprocess.py:106} INFO - [0m16:04:45  1 of 1 OK created sql table model midraw.avito_ads ............................. [[32mSELECT 695[0m in 0.11s]
[2026-07-26T16:04:45.045+0000] {subprocess.py:106} INFO - [0m16:04:45
[2026-07-26T16:04:45.046+0000] {subprocess.py:106} INFO - [0m16:04:45  Finished running 1 table model in 0 hours 0 minutes and 0.20 seconds (0.20s).
[2026-07-26T16:04:45.082+0000] {subprocess.py:106} INFO - [0m16:04:45
[2026-07-26T16:04:45.082+0000] {subprocess.py:106} INFO - [0m16:04:45  [32mCompleted successfully[0m
[2026-07-26T16:04:45.083+0000] {subprocess.py:106} INFO - [0m16:04:45
[2026-07-26T16:04:45.084+0000] {subprocess.py:106} INFO - [0m16:04:45  Done. PASS=1 WARN=0 ERROR=0 SKIP=0 NO-OP=0 TOTAL=1
[2026-07-26T16:04:47.956+0000] {subprocess.py:106} INFO - [0m16:04:47  Running with dbt=1.11.12
[2026-07-26T16:04:48.105+0000] {subprocess.py:106} INFO - [0m16:04:48  Registered adapter: postgres=1.9.0
[2026-07-26T16:04:48.438+0000] {subprocess.py:106} INFO - [0m16:04:48  Found 1 model, 4 data tests, 3 sources, 475 macros
[2026-07-26T16:04:48.440+0000] {subprocess.py:106} INFO - [0m16:04:48
[2026-07-26T16:04:48.441+0000] {subprocess.py:106} INFO - [0m16:04:48  Concurrency: 4 threads (target='dev')
[2026-07-26T16:04:48.441+0000] {subprocess.py:106} INFO - [0m16:04:48
[2026-07-26T16:04:48.499+0000] {subprocess.py:106} INFO - [0m16:04:48  1 of 4 START test accepted_values_avito_ads_source_system__avito__synthetic_avito  [RUN]
[2026-07-26T16:04:48.500+0000] {subprocess.py:106} INFO - [0m16:04:48  2 of 4 START test not_null_avito_ads_avito_id .................................. [RUN]
[2026-07-26T16:04:48.501+0000] {subprocess.py:106} INFO - [0m16:04:48  3 of 4 START test not_null_avito_ads_title ..................................... [RUN]
[2026-07-26T16:04:48.501+0000] {subprocess.py:106} INFO - [0m16:04:48  4 of 4 START test not_null_avito_ads_url ....................................... [RUN]
[2026-07-26T16:04:48.599+0000] {subprocess.py:106} INFO - [0m16:04:48  2 of 4 PASS not_null_avito_ads_avito_id ........................................ [[32mPASS[0m in 0.10s]
[2026-07-26T16:04:48.600+0000] {subprocess.py:106} INFO - [0m16:04:48  3 of 4 PASS not_null_avito_ads_title ........................................... [[32mPASS[0m in 0.10s]
[2026-07-26T16:04:48.601+0000] {subprocess.py:106} INFO - [0m16:04:48  1 of 4 PASS accepted_values_avito_ads_source_system__avito__synthetic_avito .... [[32mPASS[0m in 0.10s]
[2026-07-26T16:04:48.602+0000] {subprocess.py:106} INFO - [0m16:04:48  4 of 4 PASS not_null_avito_ads_url ............................................. [[32mPASS[0m in 0.09s]
[2026-07-26T16:04:48.617+0000] {subprocess.py:106} INFO - [0m16:04:48
[2026-07-26T16:04:48.617+0000] {subprocess.py:106} INFO - [0m16:04:48  Finished running 4 data tests in 0 hours 0 minutes and 0.18 seconds (0.18s).
[2026-07-26T16:04:48.654+0000] {subprocess.py:106} INFO - [0m16:04:48
[2026-07-26T16:04:48.655+0000] {subprocess.py:106} INFO - [0m16:04:48  [32mCompleted successfully[0m
[2026-07-26T16:04:48.656+0000] {subprocess.py:106} INFO - [0m16:04:48
[2026-07-26T16:04:48.656+0000] {subprocess.py:106} INFO - [0m16:04:48  Done. PASS=4 WARN=0 ERROR=0 SKIP=0 NO-OP=0 TOTAL=4
[2026-07-26T16:04:50.534+0000] {subprocess.py:110} INFO - Command exited with return code 0
[2026-07-26T16:04:50.559+0000] {taskinstance.py:341} INFO - ::group::Post task execution logs
[2026-07-26T16:04:50.560+0000] {taskinstance.py:353} INFO - Marking task as SUCCESS. dag_id=avito_to_raw_midraw, task_id=dbt_build_midraw, run_id=scheduled__2026-07-26T15:00:00+00:00, execution_date=20260726T150000, start_date=20260726T160442, end_date=20260726T160450
[2026-07-26T16:04:50.611+0000] {local_task_job_runner.py:266} INFO - Task exited with return code 0
[2026-07-26T16:04:50.625+0000] {taskinstance.py:3901} INFO - 0 downstream tasks scheduled from follow-on schedule check
[2026-07-26T16:04:50.626+0000] {local_task_job_runner.py:245} INFO - ::endgroup::
