[2026-08-03T09:07:28.184+0000] {local_task_job_runner.py:123} INFO - ::group::Pre task execution logs
[2026-08-03T09:07:28.196+0000] {taskinstance.py:2614} INFO - Dependencies all met for dep_context=non-requeueable deps ti=<TaskInstance: avito_to_raw_midraw.dbt_build_midraw scheduled__2026-08-03T08:00:00+00:00 [queued]>
[2026-08-03T09:07:28.201+0000] {taskinstance.py:2614} INFO - Dependencies all met for dep_context=requeueable deps ti=<TaskInstance: avito_to_raw_midraw.dbt_build_midraw scheduled__2026-08-03T08:00:00+00:00 [queued]>
[2026-08-03T09:07:28.201+0000] {taskinstance.py:2867} INFO - Starting attempt 1 of 2
[2026-08-03T09:07:28.206+0000] {taskinstance.py:2890} INFO - Executing <Task(BashOperator): dbt_build_midraw> on 2026-08-03 08:00:00+00:00
[2026-08-03T09:07:28.208+0000] {standard_task_runner.py:72} INFO - Started process 1236 to run task
[2026-08-03T09:07:28.211+0000] {standard_task_runner.py:104} INFO - Running: ['***', 'tasks', 'run', 'avito_to_raw_midraw', 'dbt_build_midraw', 'scheduled__2026-08-03T08:00:00+00:00', '--job-id', '676', '--raw', '--subdir', 'DAGS_FOLDER/avito_to_raw_midraw.py', '--cfg-path', '/tmp/tmpjwvg6l20']
[2026-08-03T09:07:28.213+0000] {standard_task_runner.py:105} INFO - Job 676: Subtask dbt_build_midraw
[2026-08-03T09:07:28.240+0000] {task_command.py:467} INFO - Running <TaskInstance: avito_to_raw_midraw.dbt_build_midraw scheduled__2026-08-03T08:00:00+00:00 [running]> on host 4c6dd7d943f5
[2026-08-03T09:07:28.480+0000] {taskinstance.py:3134} INFO - Exporting env vars: AIRFLOW_CTX_DAG_OWNER='data-eng' AIRFLOW_CTX_DAG_ID='avito_to_raw_midraw' AIRFLOW_CTX_TASK_ID='dbt_build_midraw' AIRFLOW_CTX_EXECUTION_DATE='2026-08-03T08:00:00+00:00' AIRFLOW_CTX_TRY_NUMBER='1' AIRFLOW_CTX_DAG_RUN_ID='scheduled__2026-08-03T08:00:00+00:00'
[2026-08-03T09:07:28.481+0000] {taskinstance.py:732} INFO - ::endgroup::
[2026-08-03T09:07:28.487+0000] {subprocess.py:78} INFO - Tmp dir root location: /tmp
[2026-08-03T09:07:28.488+0000] {subprocess.py:88} INFO - Running command: ['/usr/bin/bash', '-c', 'cd /opt/***/dbt && dbt run --profiles-dir . --select avito_ads && dbt test --profiles-dir . --select avito_ads']
[2026-08-03T09:07:28.494+0000] {subprocess.py:99} INFO - Output:
[2026-08-03T09:07:29.652+0000] {subprocess.py:106} INFO - [0m09:07:29  Running with dbt=1.11.12
[2026-08-03T09:07:29.768+0000] {subprocess.py:106} INFO - [0m09:07:29  Registered adapter: postgres=1.9.0
[2026-08-03T09:07:30.006+0000] {subprocess.py:106} INFO - [0m09:07:30  Found 1 model, 4 data tests, 3 sources, 475 macros
[2026-08-03T09:07:30.008+0000] {subprocess.py:106} INFO - [0m09:07:30
[2026-08-03T09:07:30.008+0000] {subprocess.py:106} INFO - [0m09:07:30  Concurrency: 4 threads (target='dev')
[2026-08-03T09:07:30.008+0000] {subprocess.py:106} INFO - [0m09:07:30
[2026-08-03T09:07:30.069+0000] {subprocess.py:106} INFO - [0m09:07:30  1 of 1 START sql table model midraw.avito_ads .................................. [RUN]
[2026-08-03T09:07:30.153+0000] {subprocess.py:106} INFO - [0m09:07:30  1 of 1 OK created sql table model midraw.avito_ads ............................. [[32mSELECT 1964[0m in 0.08s]
[2026-08-03T09:07:30.162+0000] {subprocess.py:106} INFO - [0m09:07:30
[2026-08-03T09:07:30.162+0000] {subprocess.py:106} INFO - [0m09:07:30  Finished running 1 table model in 0 hours 0 minutes and 0.15 seconds (0.15s).
[2026-08-03T09:07:30.190+0000] {subprocess.py:106} INFO - [0m09:07:30
[2026-08-03T09:07:30.190+0000] {subprocess.py:106} INFO - [0m09:07:30  [32mCompleted successfully[0m
[2026-08-03T09:07:30.191+0000] {subprocess.py:106} INFO - [0m09:07:30
[2026-08-03T09:07:30.191+0000] {subprocess.py:106} INFO - [0m09:07:30  Done. PASS=1 WARN=0 ERROR=0 SKIP=0 NO-OP=0 TOTAL=1
[2026-08-03T09:07:31.954+0000] {subprocess.py:106} INFO - [0m09:07:31  Running with dbt=1.11.12
[2026-08-03T09:07:32.058+0000] {subprocess.py:106} INFO - [0m09:07:32  Registered adapter: postgres=1.9.0
[2026-08-03T09:07:32.432+0000] {subprocess.py:106} INFO - [0m09:07:32  Found 1 model, 4 data tests, 3 sources, 475 macros
[2026-08-03T09:07:32.435+0000] {subprocess.py:106} INFO - [0m09:07:32
[2026-08-03T09:07:32.439+0000] {subprocess.py:106} INFO - [0m09:07:32  Concurrency: 4 threads (target='dev')
[2026-08-03T09:07:32.440+0000] {subprocess.py:106} INFO - [0m09:07:32
[2026-08-03T09:07:32.513+0000] {subprocess.py:106} INFO - [0m09:07:32  1 of 4 START test accepted_values_avito_ads_source_system__avito__synthetic_avito  [RUN]
[2026-08-03T09:07:32.513+0000] {subprocess.py:106} INFO - [0m09:07:32  2 of 4 START test not_null_avito_ads_avito_id .................................. [RUN]
[2026-08-03T09:07:32.513+0000] {subprocess.py:106} INFO - [0m09:07:32  3 of 4 START test not_null_avito_ads_title ..................................... [RUN]
[2026-08-03T09:07:32.514+0000] {subprocess.py:106} INFO - [0m09:07:32  4 of 4 START test not_null_avito_ads_url ....................................... [RUN]
[2026-08-03T09:07:32.583+0000] {subprocess.py:106} INFO - [0m09:07:32  2 of 4 PASS not_null_avito_ads_avito_id ........................................ [[32mPASS[0m in 0.07s]
[2026-08-03T09:07:32.584+0000] {subprocess.py:106} INFO - [0m09:07:32  4 of 4 PASS not_null_avito_ads_url ............................................. [[32mPASS[0m in 0.07s]
[2026-08-03T09:07:32.585+0000] {subprocess.py:106} INFO - [0m09:07:32  1 of 4 PASS accepted_values_avito_ads_source_system__avito__synthetic_avito .... [[32mPASS[0m in 0.07s]
[2026-08-03T09:07:32.586+0000] {subprocess.py:106} INFO - [0m09:07:32  3 of 4 PASS not_null_avito_ads_title ........................................... [[32mPASS[0m in 0.07s]
[2026-08-03T09:07:32.600+0000] {subprocess.py:106} INFO - [0m09:07:32
[2026-08-03T09:07:32.601+0000] {subprocess.py:106} INFO - [0m09:07:32  Finished running 4 data tests in 0 hours 0 minutes and 0.16 seconds (0.16s).
[2026-08-03T09:07:32.636+0000] {subprocess.py:106} INFO - [0m09:07:32
[2026-08-03T09:07:32.637+0000] {subprocess.py:106} INFO - [0m09:07:32  [32mCompleted successfully[0m
[2026-08-03T09:07:32.637+0000] {subprocess.py:106} INFO - [0m09:07:32
[2026-08-03T09:07:32.638+0000] {subprocess.py:106} INFO - [0m09:07:32  Done. PASS=4 WARN=0 ERROR=0 SKIP=0 NO-OP=0 TOTAL=4
[2026-08-03T09:07:33.461+0000] {subprocess.py:110} INFO - Command exited with return code 0
[2026-08-03T09:07:33.519+0000] {taskinstance.py:341} INFO - ::group::Post task execution logs
[2026-08-03T09:07:33.520+0000] {taskinstance.py:353} INFO - Marking task as SUCCESS. dag_id=avito_to_raw_midraw, task_id=dbt_build_midraw, run_id=scheduled__2026-08-03T08:00:00+00:00, execution_date=20260803T080000, start_date=20260803T090728, end_date=20260803T090733
[2026-08-03T09:07:33.586+0000] {local_task_job_runner.py:266} INFO - Task exited with return code 0
[2026-08-03T09:07:33.606+0000] {taskinstance.py:3901} INFO - 0 downstream tasks scheduled from follow-on schedule check
[2026-08-03T09:07:33.607+0000] {local_task_job_runner.py:245} INFO - ::endgroup::
