[2026-07-28T18:05:41.350+0000] {local_task_job_runner.py:123} INFO - ::group::Pre task execution logs
[2026-07-28T18:05:41.362+0000] {taskinstance.py:2614} INFO - Dependencies all met for dep_context=non-requeueable deps ti=<TaskInstance: avito_to_raw_midraw.dbt_build_midraw scheduled__2026-07-28T17:00:00+00:00 [queued]>
[2026-07-28T18:05:41.367+0000] {taskinstance.py:2614} INFO - Dependencies all met for dep_context=requeueable deps ti=<TaskInstance: avito_to_raw_midraw.dbt_build_midraw scheduled__2026-07-28T17:00:00+00:00 [queued]>
[2026-07-28T18:05:41.368+0000] {taskinstance.py:2867} INFO - Starting attempt 1 of 2
[2026-07-28T18:05:41.374+0000] {taskinstance.py:2890} INFO - Executing <Task(BashOperator): dbt_build_midraw> on 2026-07-28 17:00:00+00:00
[2026-07-28T18:05:41.377+0000] {standard_task_runner.py:72} INFO - Started process 4950 to run task
[2026-07-28T18:05:41.379+0000] {standard_task_runner.py:104} INFO - Running: ['***', 'tasks', 'run', 'avito_to_raw_midraw', 'dbt_build_midraw', 'scheduled__2026-07-28T17:00:00+00:00', '--job-id', '466', '--raw', '--subdir', 'DAGS_FOLDER/avito_to_raw_midraw.py', '--cfg-path', '/tmp/tmpkx1clhth']
[2026-07-28T18:05:41.382+0000] {standard_task_runner.py:105} INFO - Job 466: Subtask dbt_build_midraw
[2026-07-28T18:05:41.412+0000] {task_command.py:467} INFO - Running <TaskInstance: avito_to_raw_midraw.dbt_build_midraw scheduled__2026-07-28T17:00:00+00:00 [running]> on host 4c6dd7d943f5
[2026-07-28T18:05:41.588+0000] {taskinstance.py:3134} INFO - Exporting env vars: AIRFLOW_CTX_DAG_OWNER='data-eng' AIRFLOW_CTX_DAG_ID='avito_to_raw_midraw' AIRFLOW_CTX_TASK_ID='dbt_build_midraw' AIRFLOW_CTX_EXECUTION_DATE='2026-07-28T17:00:00+00:00' AIRFLOW_CTX_TRY_NUMBER='1' AIRFLOW_CTX_DAG_RUN_ID='scheduled__2026-07-28T17:00:00+00:00'
[2026-07-28T18:05:41.589+0000] {taskinstance.py:732} INFO - ::endgroup::
[2026-07-28T18:05:41.596+0000] {subprocess.py:78} INFO - Tmp dir root location: /tmp
[2026-07-28T18:05:41.597+0000] {subprocess.py:88} INFO - Running command: ['/usr/bin/bash', '-c', 'cd /opt/***/dbt && dbt run --profiles-dir . --select avito_ads && dbt test --profiles-dir . --select avito_ads']
[2026-07-28T18:05:41.602+0000] {subprocess.py:99} INFO - Output:
[2026-07-28T18:05:43.034+0000] {subprocess.py:106} INFO - [0m18:05:43  Running with dbt=1.11.12
[2026-07-28T18:05:43.183+0000] {subprocess.py:106} INFO - [0m18:05:43  Registered adapter: postgres=1.9.0
[2026-07-28T18:05:43.470+0000] {subprocess.py:106} INFO - [0m18:05:43  Found 1 model, 4 data tests, 3 sources, 475 macros
[2026-07-28T18:05:43.472+0000] {subprocess.py:106} INFO - [0m18:05:43
[2026-07-28T18:05:43.473+0000] {subprocess.py:106} INFO - [0m18:05:43  Concurrency: 4 threads (target='dev')
[2026-07-28T18:05:43.473+0000] {subprocess.py:106} INFO - [0m18:05:43
[2026-07-28T18:05:43.541+0000] {subprocess.py:106} INFO - [0m18:05:43  1 of 1 START sql table model midraw.avito_ads .................................. [RUN]
[2026-07-28T18:05:43.631+0000] {subprocess.py:106} INFO - [0m18:05:43  1 of 1 OK created sql table model midraw.avito_ads ............................. [[32mSELECT 1167[0m in 0.09s]
[2026-07-28T18:05:43.641+0000] {subprocess.py:106} INFO - [0m18:05:43
[2026-07-28T18:05:43.642+0000] {subprocess.py:106} INFO - [0m18:05:43  Finished running 1 table model in 0 hours 0 minutes and 0.17 seconds (0.17s).
[2026-07-28T18:05:43.673+0000] {subprocess.py:106} INFO - [0m18:05:43
[2026-07-28T18:05:43.674+0000] {subprocess.py:106} INFO - [0m18:05:43  [32mCompleted successfully[0m
[2026-07-28T18:05:43.674+0000] {subprocess.py:106} INFO - [0m18:05:43
[2026-07-28T18:05:43.674+0000] {subprocess.py:106} INFO - [0m18:05:43  Done. PASS=1 WARN=0 ERROR=0 SKIP=0 NO-OP=0 TOTAL=1
[2026-07-28T18:05:49.075+0000] {subprocess.py:106} INFO - [0m18:05:49  Running with dbt=1.11.12
[2026-07-28T18:05:49.197+0000] {subprocess.py:106} INFO - [0m18:05:49  Registered adapter: postgres=1.9.0
[2026-07-28T18:05:49.463+0000] {subprocess.py:106} INFO - [0m18:05:49  Found 1 model, 4 data tests, 3 sources, 475 macros
[2026-07-28T18:05:49.465+0000] {subprocess.py:106} INFO - [0m18:05:49
[2026-07-28T18:05:49.465+0000] {subprocess.py:106} INFO - [0m18:05:49  Concurrency: 4 threads (target='dev')
[2026-07-28T18:05:49.465+0000] {subprocess.py:106} INFO - [0m18:05:49
[2026-07-28T18:05:49.522+0000] {subprocess.py:106} INFO - [0m18:05:49  1 of 4 START test accepted_values_avito_ads_source_system__avito__synthetic_avito  [RUN]
[2026-07-28T18:05:49.522+0000] {subprocess.py:106} INFO - [0m18:05:49  2 of 4 START test not_null_avito_ads_avito_id .................................. [RUN]
[2026-07-28T18:05:49.523+0000] {subprocess.py:106} INFO - [0m18:05:49  3 of 4 START test not_null_avito_ads_title ..................................... [RUN]
[2026-07-28T18:05:49.523+0000] {subprocess.py:106} INFO - [0m18:05:49  4 of 4 START test not_null_avito_ads_url ....................................... [RUN]
[2026-07-28T18:05:49.588+0000] {subprocess.py:106} INFO - [0m18:05:49  1 of 4 PASS accepted_values_avito_ads_source_system__avito__synthetic_avito .... [[32mPASS[0m in 0.06s]
[2026-07-28T18:05:49.591+0000] {subprocess.py:106} INFO - [0m18:05:49  2 of 4 PASS not_null_avito_ads_avito_id ........................................ [[32mPASS[0m in 0.07s]
[2026-07-28T18:05:49.594+0000] {subprocess.py:106} INFO - [0m18:05:49  3 of 4 PASS not_null_avito_ads_title ........................................... [[32mPASS[0m in 0.07s]
[2026-07-28T18:05:49.595+0000] {subprocess.py:106} INFO - [0m18:05:49  4 of 4 PASS not_null_avito_ads_url ............................................. [[32mPASS[0m in 0.07s]
[2026-07-28T18:05:49.607+0000] {subprocess.py:106} INFO - [0m18:05:49
[2026-07-28T18:05:49.608+0000] {subprocess.py:106} INFO - [0m18:05:49  Finished running 4 data tests in 0 hours 0 minutes and 0.14 seconds (0.14s).
[2026-07-28T18:05:49.640+0000] {subprocess.py:106} INFO - [0m18:05:49
[2026-07-28T18:05:49.640+0000] {subprocess.py:106} INFO - [0m18:05:49  [32mCompleted successfully[0m
[2026-07-28T18:05:49.641+0000] {subprocess.py:106} INFO - [0m18:05:49
[2026-07-28T18:05:49.641+0000] {subprocess.py:106} INFO - [0m18:05:49  Done. PASS=4 WARN=0 ERROR=0 SKIP=0 NO-OP=0 TOTAL=4
[2026-07-28T18:05:51.472+0000] {subprocess.py:110} INFO - Command exited with return code 0
[2026-07-28T18:05:51.491+0000] {taskinstance.py:341} INFO - ::group::Post task execution logs
[2026-07-28T18:05:51.492+0000] {taskinstance.py:353} INFO - Marking task as SUCCESS. dag_id=avito_to_raw_midraw, task_id=dbt_build_midraw, run_id=scheduled__2026-07-28T17:00:00+00:00, execution_date=20260728T170000, start_date=20260728T180541, end_date=20260728T180551
[2026-07-28T18:05:51.554+0000] {local_task_job_runner.py:266} INFO - Task exited with return code 0
[2026-07-28T18:05:51.564+0000] {taskinstance.py:3901} INFO - 0 downstream tasks scheduled from follow-on schedule check
[2026-07-28T18:05:51.565+0000] {local_task_job_runner.py:245} INFO - ::endgroup::
