[2026-07-12T07:00:32.229+0000] {local_task_job_runner.py:123} INFO - ::group::Pre task execution logs
[2026-07-12T07:00:32.239+0000] {taskinstance.py:2614} INFO - Dependencies all met for dep_context=non-requeueable deps ti=<TaskInstance: avito_to_raw_midraw.dbt_build_midraw scheduled__2026-07-12T06:00:00+00:00 [queued]>
[2026-07-12T07:00:32.243+0000] {taskinstance.py:2614} INFO - Dependencies all met for dep_context=requeueable deps ti=<TaskInstance: avito_to_raw_midraw.dbt_build_midraw scheduled__2026-07-12T06:00:00+00:00 [queued]>
[2026-07-12T07:00:32.243+0000] {taskinstance.py:2867} INFO - Starting attempt 1 of 2
[2026-07-12T07:00:32.248+0000] {taskinstance.py:2890} INFO - Executing <Task(BashOperator): dbt_build_midraw> on 2026-07-12 06:00:00+00:00
[2026-07-12T07:00:32.250+0000] {standard_task_runner.py:72} INFO - Started process 618 to run task
[2026-07-12T07:00:32.252+0000] {standard_task_runner.py:104} INFO - Running: ['***', 'tasks', 'run', 'avito_to_raw_midraw', 'dbt_build_midraw', 'scheduled__2026-07-12T06:00:00+00:00', '--job-id', '73', '--raw', '--subdir', 'DAGS_FOLDER/avito_to_raw_midraw.py', '--cfg-path', '/tmp/tmpb_sn03j7']
[2026-07-12T07:00:32.254+0000] {standard_task_runner.py:105} INFO - Job 73: Subtask dbt_build_midraw
[2026-07-12T07:00:32.281+0000] {task_command.py:467} INFO - Running <TaskInstance: avito_to_raw_midraw.dbt_build_midraw scheduled__2026-07-12T06:00:00+00:00 [running]> on host 5f8cb7b7a9c9
[2026-07-12T07:00:32.657+0000] {taskinstance.py:3134} INFO - Exporting env vars: AIRFLOW_CTX_DAG_OWNER='data-eng' AIRFLOW_CTX_DAG_ID='avito_to_raw_midraw' AIRFLOW_CTX_TASK_ID='dbt_build_midraw' AIRFLOW_CTX_EXECUTION_DATE='2026-07-12T06:00:00+00:00' AIRFLOW_CTX_TRY_NUMBER='1' AIRFLOW_CTX_DAG_RUN_ID='scheduled__2026-07-12T06:00:00+00:00'
[2026-07-12T07:00:32.658+0000] {taskinstance.py:732} INFO - ::endgroup::
[2026-07-12T07:00:32.663+0000] {subprocess.py:78} INFO - Tmp dir root location: /tmp
[2026-07-12T07:00:32.666+0000] {subprocess.py:88} INFO - Running command: ['/usr/bin/bash', '-c', 'cd /opt/***/dbt && dbt run --profiles-dir . --select avito_ads && dbt test --profiles-dir . --select avito_ads']
[2026-07-12T07:00:32.675+0000] {subprocess.py:99} INFO - Output:
[2026-07-12T07:00:33.711+0000] {subprocess.py:106} INFO - [0m07:00:33  Running with dbt=1.11.12
[2026-07-12T07:00:33.812+0000] {subprocess.py:106} INFO - [0m07:00:33  Registered adapter: postgres=1.9.0
[2026-07-12T07:00:34.023+0000] {subprocess.py:106} INFO - [0m07:00:34  Found 1 model, 6 data tests, 1 source, 475 macros
[2026-07-12T07:00:34.025+0000] {subprocess.py:106} INFO - [0m07:00:34
[2026-07-12T07:00:34.025+0000] {subprocess.py:106} INFO - [0m07:00:34  Concurrency: 4 threads (target='dev')
[2026-07-12T07:00:34.026+0000] {subprocess.py:106} INFO - [0m07:00:34
[2026-07-12T07:00:34.080+0000] {subprocess.py:106} INFO - [0m07:00:34  1 of 1 START sql table model midraw.avito_ads .................................. [RUN]
[2026-07-12T07:00:42.014+0000] {subprocess.py:106} INFO - [0m07:00:42  1 of 1 OK created sql table model midraw.avito_ads ............................. [[32mSELECT 26315[0m in 7.93s]
[2026-07-12T07:00:42.023+0000] {subprocess.py:106} INFO - [0m07:00:42
[2026-07-12T07:00:42.024+0000] {subprocess.py:106} INFO - [0m07:00:42  Finished running 1 table model in 0 hours 0 minutes and 8.00 seconds (8.00s).
[2026-07-12T07:00:42.052+0000] {subprocess.py:106} INFO - [0m07:00:42
[2026-07-12T07:00:42.052+0000] {subprocess.py:106} INFO - [0m07:00:42  [32mCompleted successfully[0m
[2026-07-12T07:00:42.053+0000] {subprocess.py:106} INFO - [0m07:00:42
[2026-07-12T07:00:42.053+0000] {subprocess.py:106} INFO - [0m07:00:42  Done. PASS=1 WARN=0 ERROR=0 SKIP=0 NO-OP=0 TOTAL=1
[2026-07-12T07:00:43.979+0000] {subprocess.py:106} INFO - [0m07:00:43  Running with dbt=1.11.12
[2026-07-12T07:00:44.074+0000] {subprocess.py:106} INFO - [0m07:00:44  Registered adapter: postgres=1.9.0
[2026-07-12T07:00:44.279+0000] {subprocess.py:106} INFO - [0m07:00:44  Found 1 model, 6 data tests, 1 source, 475 macros
[2026-07-12T07:00:44.281+0000] {subprocess.py:106} INFO - [0m07:00:44
[2026-07-12T07:00:44.281+0000] {subprocess.py:106} INFO - [0m07:00:44  Concurrency: 4 threads (target='dev')
[2026-07-12T07:00:44.281+0000] {subprocess.py:106} INFO - [0m07:00:44
[2026-07-12T07:00:44.324+0000] {subprocess.py:106} INFO - [0m07:00:44  1 of 6 START test accepted_values_avito_ads_source_system__avito__synthetic_avito  [RUN]
[2026-07-12T07:00:44.325+0000] {subprocess.py:106} INFO - [0m07:00:44  2 of 6 START test not_null_avito_ads_avito_id .................................. [RUN]
[2026-07-12T07:00:44.325+0000] {subprocess.py:106} INFO - [0m07:00:44  3 of 6 START test not_null_avito_ads_row_number ................................ [RUN]
[2026-07-12T07:00:44.325+0000] {subprocess.py:106} INFO - [0m07:00:44  4 of 6 START test not_null_avito_ads_run_id .................................... [RUN]
[2026-07-12T07:00:44.394+0000] {subprocess.py:106} INFO - [0m07:00:44  4 of 6 PASS not_null_avito_ads_run_id .......................................... [[32mPASS[0m in 0.07s]
[2026-07-12T07:00:44.394+0000] {subprocess.py:106} INFO - [0m07:00:44  1 of 6 PASS accepted_values_avito_ads_source_system__avito__synthetic_avito .... [[32mPASS[0m in 0.07s]
[2026-07-12T07:00:44.395+0000] {subprocess.py:106} INFO - [0m07:00:44  2 of 6 PASS not_null_avito_ads_avito_id ........................................ [[32mPASS[0m in 0.07s]
[2026-07-12T07:00:44.395+0000] {subprocess.py:106} INFO - [0m07:00:44  3 of 6 PASS not_null_avito_ads_row_number ...................................... [[32mPASS[0m in 0.07s]
[2026-07-12T07:00:44.398+0000] {subprocess.py:106} INFO - [0m07:00:44  5 of 6 START test not_null_avito_ads_title ..................................... [RUN]
[2026-07-12T07:00:44.398+0000] {subprocess.py:106} INFO - [0m07:00:44  6 of 6 START test not_null_avito_ads_url ....................................... [RUN]
[2026-07-12T07:00:44.420+0000] {subprocess.py:106} INFO - [0m07:00:44  6 of 6 PASS not_null_avito_ads_url ............................................. [[32mPASS[0m in 0.02s]
[2026-07-12T07:00:44.420+0000] {subprocess.py:106} INFO - [0m07:00:44  5 of 6 PASS not_null_avito_ads_title ........................................... [[32mPASS[0m in 0.02s]
[2026-07-12T07:00:44.429+0000] {subprocess.py:106} INFO - [0m07:00:44
[2026-07-12T07:00:44.429+0000] {subprocess.py:106} INFO - [0m07:00:44  Finished running 6 data tests in 0 hours 0 minutes and 0.15 seconds (0.15s).
[2026-07-12T07:00:44.457+0000] {subprocess.py:106} INFO - [0m07:00:44
[2026-07-12T07:00:44.458+0000] {subprocess.py:106} INFO - [0m07:00:44  [32mCompleted successfully[0m
[2026-07-12T07:00:44.458+0000] {subprocess.py:106} INFO - [0m07:00:44
[2026-07-12T07:00:44.458+0000] {subprocess.py:106} INFO - [0m07:00:44  Done. PASS=6 WARN=0 ERROR=0 SKIP=0 NO-OP=0 TOTAL=6
[2026-07-12T07:00:45.401+0000] {subprocess.py:110} INFO - Command exited with return code 0
[2026-07-12T07:00:45.444+0000] {taskinstance.py:341} INFO - ::group::Post task execution logs
[2026-07-12T07:00:45.445+0000] {taskinstance.py:353} INFO - Marking task as SUCCESS. dag_id=avito_to_raw_midraw, task_id=dbt_build_midraw, run_id=scheduled__2026-07-12T06:00:00+00:00, execution_date=20260712T060000, start_date=20260712T070032, end_date=20260712T070045
[2026-07-12T07:00:45.476+0000] {local_task_job_runner.py:266} INFO - Task exited with return code 0
[2026-07-12T07:00:45.487+0000] {taskinstance.py:3901} INFO - 0 downstream tasks scheduled from follow-on schedule check
[2026-07-12T07:00:45.489+0000] {local_task_job_runner.py:245} INFO - ::endgroup::
