[2026-07-22T08:12:37.454+0000] {local_task_job_runner.py:123} INFO - ::group::Pre task execution logs
[2026-07-22T08:12:37.465+0000] {taskinstance.py:2614} INFO - Dependencies all met for dep_context=non-requeueable deps ti=<TaskInstance: avito_to_raw_midraw.dbt_build_midraw scheduled__2026-07-22T07:00:00+00:00 [queued]>
[2026-07-22T08:12:37.469+0000] {taskinstance.py:2614} INFO - Dependencies all met for dep_context=requeueable deps ti=<TaskInstance: avito_to_raw_midraw.dbt_build_midraw scheduled__2026-07-22T07:00:00+00:00 [queued]>
[2026-07-22T08:12:37.469+0000] {taskinstance.py:2867} INFO - Starting attempt 1 of 2
[2026-07-22T08:12:37.474+0000] {taskinstance.py:2890} INFO - Executing <Task(BashOperator): dbt_build_midraw> on 2026-07-22 07:00:00+00:00
[2026-07-22T08:12:37.477+0000] {standard_task_runner.py:72} INFO - Started process 470 to run task
[2026-07-22T08:12:37.479+0000] {standard_task_runner.py:104} INFO - Running: ['***', 'tasks', 'run', 'avito_to_raw_midraw', 'dbt_build_midraw', 'scheduled__2026-07-22T07:00:00+00:00', '--job-id', '158', '--raw', '--subdir', 'DAGS_FOLDER/avito_to_raw_midraw.py', '--cfg-path', '/tmp/tmpbx14xst7']
[2026-07-22T08:12:37.481+0000] {standard_task_runner.py:105} INFO - Job 158: Subtask dbt_build_midraw
[2026-07-22T08:12:37.510+0000] {task_command.py:467} INFO - Running <TaskInstance: avito_to_raw_midraw.dbt_build_midraw scheduled__2026-07-22T07:00:00+00:00 [running]> on host 4c6dd7d943f5
[2026-07-22T08:12:37.664+0000] {taskinstance.py:3134} INFO - Exporting env vars: AIRFLOW_CTX_DAG_OWNER='data-eng' AIRFLOW_CTX_DAG_ID='avito_to_raw_midraw' AIRFLOW_CTX_TASK_ID='dbt_build_midraw' AIRFLOW_CTX_EXECUTION_DATE='2026-07-22T07:00:00+00:00' AIRFLOW_CTX_TRY_NUMBER='1' AIRFLOW_CTX_DAG_RUN_ID='scheduled__2026-07-22T07:00:00+00:00'
[2026-07-22T08:12:37.664+0000] {taskinstance.py:732} INFO - ::endgroup::
[2026-07-22T08:12:37.670+0000] {subprocess.py:78} INFO - Tmp dir root location: /tmp
[2026-07-22T08:12:37.670+0000] {subprocess.py:88} INFO - Running command: ['/usr/bin/bash', '-c', 'cd /opt/***/dbt && dbt run --profiles-dir . --select avito_ads && dbt test --profiles-dir . --select avito_ads']
[2026-07-22T08:12:37.675+0000] {subprocess.py:99} INFO - Output:
[2026-07-22T08:12:38.782+0000] {subprocess.py:106} INFO - [0m08:12:38  Running with dbt=1.11.12
[2026-07-22T08:12:38.897+0000] {subprocess.py:106} INFO - [0m08:12:38  Registered adapter: postgres=1.9.0
[2026-07-22T08:12:39.149+0000] {subprocess.py:106} INFO - [0m08:12:39  Found 1 model, 4 data tests, 3 sources, 475 macros
[2026-07-22T08:12:39.151+0000] {subprocess.py:106} INFO - [0m08:12:39
[2026-07-22T08:12:39.151+0000] {subprocess.py:106} INFO - [0m08:12:39  Concurrency: 4 threads (target='dev')
[2026-07-22T08:12:39.151+0000] {subprocess.py:106} INFO - [0m08:12:39
[2026-07-22T08:12:39.216+0000] {subprocess.py:106} INFO - [0m08:12:39  1 of 1 START sql table model midraw.avito_ads .................................. [RUN]
[2026-07-22T08:12:39.296+0000] {subprocess.py:106} INFO - [0m08:12:39  1 of 1 OK created sql table model midraw.avito_ads ............................. [[32mSELECT 1838[0m in 0.08s]
[2026-07-22T08:12:39.305+0000] {subprocess.py:106} INFO - [0m08:12:39
[2026-07-22T08:12:39.306+0000] {subprocess.py:106} INFO - [0m08:12:39  Finished running 1 table model in 0 hours 0 minutes and 0.15 seconds (0.15s).
[2026-07-22T08:12:39.338+0000] {subprocess.py:106} INFO - [0m08:12:39
[2026-07-22T08:12:39.338+0000] {subprocess.py:106} INFO - [0m08:12:39  [32mCompleted successfully[0m
[2026-07-22T08:12:39.338+0000] {subprocess.py:106} INFO - [0m08:12:39
[2026-07-22T08:12:39.339+0000] {subprocess.py:106} INFO - [0m08:12:39  Done. PASS=1 WARN=0 ERROR=0 SKIP=0 NO-OP=0 TOTAL=1
[2026-07-22T08:12:41.610+0000] {subprocess.py:106} INFO - [0m08:12:41  Running with dbt=1.11.12
[2026-07-22T08:12:41.735+0000] {subprocess.py:106} INFO - [0m08:12:41  Registered adapter: postgres=1.9.0
[2026-07-22T08:12:41.995+0000] {subprocess.py:106} INFO - [0m08:12:41  Found 1 model, 4 data tests, 3 sources, 475 macros
[2026-07-22T08:12:41.997+0000] {subprocess.py:106} INFO - [0m08:12:41
[2026-07-22T08:12:41.997+0000] {subprocess.py:106} INFO - [0m08:12:41  Concurrency: 4 threads (target='dev')
[2026-07-22T08:12:41.997+0000] {subprocess.py:106} INFO - [0m08:12:41
[2026-07-22T08:12:42.046+0000] {subprocess.py:106} INFO - [0m08:12:42  1 of 4 START test accepted_values_avito_ads_source_system__avito__synthetic_avito  [RUN]
[2026-07-22T08:12:42.046+0000] {subprocess.py:106} INFO - [0m08:12:42  2 of 4 START test not_null_avito_ads_avito_id .................................. [RUN]
[2026-07-22T08:12:42.047+0000] {subprocess.py:106} INFO - [0m08:12:42  3 of 4 START test not_null_avito_ads_title ..................................... [RUN]
[2026-07-22T08:12:42.047+0000] {subprocess.py:106} INFO - [0m08:12:42  4 of 4 START test not_null_avito_ads_url ....................................... [RUN]
[2026-07-22T08:12:42.110+0000] {subprocess.py:106} INFO - [0m08:12:42  1 of 4 PASS accepted_values_avito_ads_source_system__avito__synthetic_avito .... [[32mPASS[0m in 0.06s]
[2026-07-22T08:12:42.111+0000] {subprocess.py:106} INFO - [0m08:12:42  2 of 4 PASS not_null_avito_ads_avito_id ........................................ [[32mPASS[0m in 0.06s]
[2026-07-22T08:12:42.111+0000] {subprocess.py:106} INFO - [0m08:12:42  4 of 4 PASS not_null_avito_ads_url ............................................. [[32mPASS[0m in 0.06s]
[2026-07-22T08:12:42.112+0000] {subprocess.py:106} INFO - [0m08:12:42  3 of 4 PASS not_null_avito_ads_title ........................................... [[32mPASS[0m in 0.06s]
[2026-07-22T08:12:42.124+0000] {subprocess.py:106} INFO - [0m08:12:42
[2026-07-22T08:12:42.124+0000] {subprocess.py:106} INFO - [0m08:12:42  Finished running 4 data tests in 0 hours 0 minutes and 0.13 seconds (0.13s).
[2026-07-22T08:12:42.153+0000] {subprocess.py:106} INFO - [0m08:12:42
[2026-07-22T08:12:42.154+0000] {subprocess.py:106} INFO - [0m08:12:42  [32mCompleted successfully[0m
[2026-07-22T08:12:42.154+0000] {subprocess.py:106} INFO - [0m08:12:42
[2026-07-22T08:12:42.155+0000] {subprocess.py:106} INFO - [0m08:12:42  Done. PASS=4 WARN=0 ERROR=0 SKIP=0 NO-OP=0 TOTAL=4
[2026-07-22T08:12:43.022+0000] {subprocess.py:110} INFO - Command exited with return code 0
[2026-07-22T08:12:43.040+0000] {taskinstance.py:341} INFO - ::group::Post task execution logs
[2026-07-22T08:12:43.040+0000] {taskinstance.py:353} INFO - Marking task as SUCCESS. dag_id=avito_to_raw_midraw, task_id=dbt_build_midraw, run_id=scheduled__2026-07-22T07:00:00+00:00, execution_date=20260722T070000, start_date=20260722T081237, end_date=20260722T081243
[2026-07-22T08:12:43.084+0000] {local_task_job_runner.py:266} INFO - Task exited with return code 0
[2026-07-22T08:12:43.093+0000] {taskinstance.py:3901} INFO - 0 downstream tasks scheduled from follow-on schedule check
[2026-07-22T08:12:43.094+0000] {local_task_job_runner.py:245} INFO - ::endgroup::
