[2026-07-19T13:29:15.652+0000] {local_task_job_runner.py:123} INFO - ::group::Pre task execution logs
[2026-07-19T13:29:15.662+0000] {taskinstance.py:2614} INFO - Dependencies all met for dep_context=non-requeueable deps ti=<TaskInstance: avito_to_raw_midraw.dbt_build_midraw scheduled__2026-07-19T12:00:00+00:00 [queued]>
[2026-07-19T13:29:15.666+0000] {taskinstance.py:2614} INFO - Dependencies all met for dep_context=requeueable deps ti=<TaskInstance: avito_to_raw_midraw.dbt_build_midraw scheduled__2026-07-19T12:00:00+00:00 [queued]>
[2026-07-19T13:29:15.666+0000] {taskinstance.py:2867} INFO - Starting attempt 1 of 2
[2026-07-19T13:29:15.671+0000] {taskinstance.py:2890} INFO - Executing <Task(BashOperator): dbt_build_midraw> on 2026-07-19 12:00:00+00:00
[2026-07-19T13:29:15.673+0000] {standard_task_runner.py:72} INFO - Started process 38 to run task
[2026-07-19T13:29:15.675+0000] {standard_task_runner.py:104} INFO - Running: ['***', 'tasks', 'run', 'avito_to_raw_midraw', 'dbt_build_midraw', 'scheduled__2026-07-19T12:00:00+00:00', '--job-id', '105', '--raw', '--subdir', 'DAGS_FOLDER/avito_to_raw_midraw.py', '--cfg-path', '/tmp/tmpmwb_3nq5']
[2026-07-19T13:29:15.677+0000] {standard_task_runner.py:105} INFO - Job 105: Subtask dbt_build_midraw
[2026-07-19T13:29:15.706+0000] {task_command.py:467} INFO - Running <TaskInstance: avito_to_raw_midraw.dbt_build_midraw scheduled__2026-07-19T12:00:00+00:00 [running]> on host 4c6dd7d943f5
[2026-07-19T13:29:15.911+0000] {taskinstance.py:3134} INFO - Exporting env vars: AIRFLOW_CTX_DAG_OWNER='data-eng' AIRFLOW_CTX_DAG_ID='avito_to_raw_midraw' AIRFLOW_CTX_TASK_ID='dbt_build_midraw' AIRFLOW_CTX_EXECUTION_DATE='2026-07-19T12:00:00+00:00' AIRFLOW_CTX_TRY_NUMBER='1' AIRFLOW_CTX_DAG_RUN_ID='scheduled__2026-07-19T12:00:00+00:00'
[2026-07-19T13:29:15.912+0000] {taskinstance.py:732} INFO - ::endgroup::
[2026-07-19T13:29:15.919+0000] {subprocess.py:78} INFO - Tmp dir root location: /tmp
[2026-07-19T13:29:15.920+0000] {subprocess.py:88} INFO - Running command: ['/usr/bin/bash', '-c', 'cd /opt/***/dbt && dbt run --profiles-dir . --select avito_ads && dbt test --profiles-dir . --select avito_ads']
[2026-07-19T13:29:15.926+0000] {subprocess.py:99} INFO - Output:
[2026-07-19T13:29:17.115+0000] {subprocess.py:106} INFO - [0m13:29:17  Running with dbt=1.11.12
[2026-07-19T13:29:17.258+0000] {subprocess.py:106} INFO - [0m13:29:17  Registered adapter: postgres=1.9.0
[2026-07-19T13:29:17.343+0000] {subprocess.py:106} INFO - [0m13:29:17  Unable to do partial parsing because a project config has changed
[2026-07-19T13:29:17.948+0000] {subprocess.py:106} INFO - [0m13:29:17  Found 2 models, 8 data tests, 1 source, 475 macros
[2026-07-19T13:29:17.950+0000] {subprocess.py:106} INFO - [0m13:29:17
[2026-07-19T13:29:17.950+0000] {subprocess.py:106} INFO - [0m13:29:17  Concurrency: 4 threads (target='dev')
[2026-07-19T13:29:17.950+0000] {subprocess.py:106} INFO - [0m13:29:17
[2026-07-19T13:29:18.059+0000] {subprocess.py:106} INFO - [0m13:29:18  1 of 1 START sql view model midraw.avito_ads ................................... [RUN]
[2026-07-19T13:29:18.126+0000] {subprocess.py:106} INFO - [0m13:29:18  1 of 1 OK created sql view model midraw.avito_ads .............................. [[32mCREATE VIEW[0m in 0.06s]
[2026-07-19T13:29:18.133+0000] {subprocess.py:106} INFO - [0m13:29:18
[2026-07-19T13:29:18.134+0000] {subprocess.py:106} INFO - [0m13:29:18  Finished running 1 view model in 0 hours 0 minutes and 0.18 seconds (0.18s).
[2026-07-19T13:29:18.158+0000] {subprocess.py:106} INFO - [0m13:29:18
[2026-07-19T13:29:18.159+0000] {subprocess.py:106} INFO - [0m13:29:18  [32mCompleted successfully[0m
[2026-07-19T13:29:18.159+0000] {subprocess.py:106} INFO - [0m13:29:18
[2026-07-19T13:29:18.159+0000] {subprocess.py:106} INFO - [0m13:29:18  Done. PASS=1 WARN=0 ERROR=0 SKIP=0 NO-OP=0 TOTAL=1
[2026-07-19T13:29:19.889+0000] {subprocess.py:106} INFO - [0m13:29:19  Running with dbt=1.11.12
[2026-07-19T13:29:19.988+0000] {subprocess.py:106} INFO - [0m13:29:19  Registered adapter: postgres=1.9.0
[2026-07-19T13:29:20.209+0000] {subprocess.py:106} INFO - [0m13:29:20  Found 2 models, 8 data tests, 1 source, 475 macros
[2026-07-19T13:29:20.210+0000] {subprocess.py:106} INFO - [0m13:29:20
[2026-07-19T13:29:20.211+0000] {subprocess.py:106} INFO - [0m13:29:20  Concurrency: 4 threads (target='dev')
[2026-07-19T13:29:20.211+0000] {subprocess.py:106} INFO - [0m13:29:20
[2026-07-19T13:29:20.345+0000] {subprocess.py:106} INFO - [0m13:29:20  1 of 4 START test accepted_values_avito_ads_source_system__avito__synthetic_avito  [RUN]
[2026-07-19T13:29:20.346+0000] {subprocess.py:106} INFO - [0m13:29:20  2 of 4 START test not_null_avito_ads_avito_id .................................. [RUN]
[2026-07-19T13:29:20.347+0000] {subprocess.py:106} INFO - [0m13:29:20  3 of 4 START test not_null_avito_ads_title ..................................... [RUN]
[2026-07-19T13:29:20.347+0000] {subprocess.py:106} INFO - [0m13:29:20  4 of 4 START test not_null_avito_ads_url ....................................... [RUN]
[2026-07-19T13:29:20.552+0000] {subprocess.py:106} INFO - [0m13:29:20  2 of 4 PASS not_null_avito_ads_avito_id ........................................ [[32mPASS[0m in 0.20s]
[2026-07-19T13:29:20.553+0000] {subprocess.py:106} INFO - [0m13:29:20  3 of 4 PASS not_null_avito_ads_title ........................................... [[32mPASS[0m in 0.20s]
[2026-07-19T13:29:20.554+0000] {subprocess.py:106} INFO - [0m13:29:20  4 of 4 PASS not_null_avito_ads_url ............................................. [[32mPASS[0m in 0.20s]
[2026-07-19T13:29:29.995+0000] {subprocess.py:106} INFO - [0m13:29:29  1 of 4 PASS accepted_values_avito_ads_source_system__avito__synthetic_avito .... [[32mPASS[0m in 9.65s]
[2026-07-19T13:29:30.082+0000] {subprocess.py:106} INFO - [0m13:29:30
[2026-07-19T13:29:30.082+0000] {subprocess.py:106} INFO - [0m13:29:30  Finished running 4 data tests in 0 hours 0 minutes and 9.87 seconds (9.87s).
[2026-07-19T13:29:30.134+0000] {subprocess.py:106} INFO - [0m13:29:30
[2026-07-19T13:29:30.135+0000] {subprocess.py:106} INFO - [0m13:29:30  [32mCompleted successfully[0m
[2026-07-19T13:29:30.135+0000] {subprocess.py:106} INFO - [0m13:29:30
[2026-07-19T13:29:30.136+0000] {subprocess.py:106} INFO - [0m13:29:30  Done. PASS=4 WARN=0 ERROR=0 SKIP=0 NO-OP=0 TOTAL=4
[2026-07-19T13:29:30.858+0000] {subprocess.py:110} INFO - Command exited with return code 0
[2026-07-19T13:29:30.890+0000] {taskinstance.py:341} INFO - ::group::Post task execution logs
[2026-07-19T13:29:30.890+0000] {taskinstance.py:353} INFO - Marking task as SUCCESS. dag_id=avito_to_raw_midraw, task_id=dbt_build_midraw, run_id=scheduled__2026-07-19T12:00:00+00:00, execution_date=20260719T120000, start_date=20260719T132915, end_date=20260719T132930
[2026-07-19T13:29:30.953+0000] {local_task_job_runner.py:266} INFO - Task exited with return code 0
[2026-07-19T13:29:30.966+0000] {taskinstance.py:3901} INFO - 0 downstream tasks scheduled from follow-on schedule check
[2026-07-19T13:29:30.966+0000] {local_task_job_runner.py:245} INFO - ::endgroup::
