[2026-08-04T09:49:53.859+0000] {local_task_job_runner.py:123} INFO - ::group::Pre task execution logs
[2026-08-04T09:49:53.881+0000] {taskinstance.py:2614} INFO - Dependencies all met for dep_context=non-requeueable deps ti=<TaskInstance: avito_to_raw_midraw.dbt_build_midraw scheduled__2026-08-04T08:00:00+00:00 [queued]>
[2026-08-04T09:49:53.889+0000] {taskinstance.py:2614} INFO - Dependencies all met for dep_context=requeueable deps ti=<TaskInstance: avito_to_raw_midraw.dbt_build_midraw scheduled__2026-08-04T08:00:00+00:00 [queued]>
[2026-08-04T09:49:53.890+0000] {taskinstance.py:2867} INFO - Starting attempt 1 of 2
[2026-08-04T09:49:53.899+0000] {taskinstance.py:2890} INFO - Executing <Task(BashOperator): dbt_build_midraw> on 2026-08-04 08:00:00+00:00
[2026-08-04T09:49:53.904+0000] {standard_task_runner.py:72} INFO - Started process 1816 to run task
[2026-08-04T09:49:53.912+0000] {standard_task_runner.py:104} INFO - Running: ['***', 'tasks', 'run', 'avito_to_raw_midraw', 'dbt_build_midraw', 'scheduled__2026-08-04T08:00:00+00:00', '--job-id', '759', '--raw', '--subdir', 'DAGS_FOLDER/avito_to_raw_midraw.py', '--cfg-path', '/tmp/tmpsasbhw98']
[2026-08-04T09:49:53.920+0000] {standard_task_runner.py:105} INFO - Job 759: Subtask dbt_build_midraw
[2026-08-04T09:49:53.995+0000] {task_command.py:467} INFO - Running <TaskInstance: avito_to_raw_midraw.dbt_build_midraw scheduled__2026-08-04T08:00:00+00:00 [running]> on host 4c6dd7d943f5
[2026-08-04T09:49:55.288+0000] {taskinstance.py:3134} INFO - Exporting env vars: AIRFLOW_CTX_DAG_OWNER='data-eng' AIRFLOW_CTX_DAG_ID='avito_to_raw_midraw' AIRFLOW_CTX_TASK_ID='dbt_build_midraw' AIRFLOW_CTX_EXECUTION_DATE='2026-08-04T08:00:00+00:00' AIRFLOW_CTX_TRY_NUMBER='1' AIRFLOW_CTX_DAG_RUN_ID='scheduled__2026-08-04T08:00:00+00:00'
[2026-08-04T09:49:55.291+0000] {taskinstance.py:732} INFO - ::endgroup::
[2026-08-04T09:49:55.318+0000] {subprocess.py:78} INFO - Tmp dir root location: /tmp
[2026-08-04T09:49:55.320+0000] {subprocess.py:88} INFO - Running command: ['/usr/bin/bash', '-c', 'cd /opt/***/dbt && dbt run --profiles-dir . --select avito_ads && dbt test --profiles-dir . --select avito_ads']
[2026-08-04T09:49:55.350+0000] {subprocess.py:99} INFO - Output:
[2026-08-04T09:49:58.123+0000] {subprocess.py:106} INFO - [0m09:49:58  Running with dbt=1.11.12
[2026-08-04T09:49:58.348+0000] {subprocess.py:106} INFO - [0m09:49:58  Registered adapter: postgres=1.9.0
[2026-08-04T09:49:58.799+0000] {subprocess.py:106} INFO - [0m09:49:58  Found 1 model, 4 data tests, 3 sources, 475 macros
[2026-08-04T09:49:58.802+0000] {subprocess.py:106} INFO - [0m09:49:58
[2026-08-04T09:49:58.803+0000] {subprocess.py:106} INFO - [0m09:49:58  Concurrency: 4 threads (target='dev')
[2026-08-04T09:49:58.803+0000] {subprocess.py:106} INFO - [0m09:49:58
[2026-08-04T09:49:58.962+0000] {subprocess.py:106} INFO - [0m09:49:58  1 of 1 START sql table model midraw.avito_ads .................................. [RUN]
[2026-08-04T09:49:59.190+0000] {subprocess.py:106} INFO - [0m09:49:59  1 of 1 OK created sql table model midraw.avito_ads ............................. [[32mSELECT 2019[0m in 0.22s]
[2026-08-04T09:49:59.207+0000] {subprocess.py:106} INFO - [0m09:49:59
[2026-08-04T09:49:59.207+0000] {subprocess.py:106} INFO - [0m09:49:59  Finished running 1 table model in 0 hours 0 minutes and 0.40 seconds (0.40s).
[2026-08-04T09:49:59.254+0000] {subprocess.py:106} INFO - [0m09:49:59
[2026-08-04T09:49:59.254+0000] {subprocess.py:106} INFO - [0m09:49:59  [32mCompleted successfully[0m
[2026-08-04T09:49:59.255+0000] {subprocess.py:106} INFO - [0m09:49:59
[2026-08-04T09:49:59.256+0000] {subprocess.py:106} INFO - [0m09:49:59  Done. PASS=1 WARN=0 ERROR=0 SKIP=0 NO-OP=0 TOTAL=1
[2026-08-04T09:50:01.889+0000] {subprocess.py:106} INFO - [0m09:50:01  Running with dbt=1.11.12
[2026-08-04T09:50:02.054+0000] {subprocess.py:106} INFO - [0m09:50:02  Registered adapter: postgres=1.9.0
[2026-08-04T09:50:02.394+0000] {subprocess.py:106} INFO - [0m09:50:02  Found 1 model, 4 data tests, 3 sources, 475 macros
[2026-08-04T09:50:02.396+0000] {subprocess.py:106} INFO - [0m09:50:02
[2026-08-04T09:50:02.396+0000] {subprocess.py:106} INFO - [0m09:50:02  Concurrency: 4 threads (target='dev')
[2026-08-04T09:50:02.397+0000] {subprocess.py:106} INFO - [0m09:50:02
[2026-08-04T09:50:02.466+0000] {subprocess.py:106} INFO - [0m09:50:02  1 of 4 START test accepted_values_avito_ads_source_system__avito__synthetic_avito  [RUN]
[2026-08-04T09:50:02.467+0000] {subprocess.py:106} INFO - [0m09:50:02  2 of 4 START test not_null_avito_ads_avito_id .................................. [RUN]
[2026-08-04T09:50:02.467+0000] {subprocess.py:106} INFO - [0m09:50:02  3 of 4 START test not_null_avito_ads_title ..................................... [RUN]
[2026-08-04T09:50:02.468+0000] {subprocess.py:106} INFO - [0m09:50:02  4 of 4 START test not_null_avito_ads_url ....................................... [RUN]
[2026-08-04T09:50:02.544+0000] {subprocess.py:106} INFO - [0m09:50:02  1 of 4 PASS accepted_values_avito_ads_source_system__avito__synthetic_avito .... [[32mPASS[0m in 0.08s]
[2026-08-04T09:50:02.546+0000] {subprocess.py:106} INFO - [0m09:50:02  2 of 4 PASS not_null_avito_ads_avito_id ........................................ [[32mPASS[0m in 0.08s]
[2026-08-04T09:50:02.547+0000] {subprocess.py:106} INFO - [0m09:50:02  4 of 4 PASS not_null_avito_ads_url ............................................. [[32mPASS[0m in 0.08s]
[2026-08-04T09:50:02.550+0000] {subprocess.py:106} INFO - [0m09:50:02  3 of 4 PASS not_null_avito_ads_title ........................................... [[32mPASS[0m in 0.08s]
[2026-08-04T09:50:02.562+0000] {subprocess.py:106} INFO - [0m09:50:02
[2026-08-04T09:50:02.562+0000] {subprocess.py:106} INFO - [0m09:50:02  Finished running 4 data tests in 0 hours 0 minutes and 0.16 seconds (0.16s).
[2026-08-04T09:50:02.612+0000] {subprocess.py:106} INFO - [0m09:50:02
[2026-08-04T09:50:02.612+0000] {subprocess.py:106} INFO - [0m09:50:02  [32mCompleted successfully[0m
[2026-08-04T09:50:02.613+0000] {subprocess.py:106} INFO - [0m09:50:02
[2026-08-04T09:50:02.613+0000] {subprocess.py:106} INFO - [0m09:50:02  Done. PASS=4 WARN=0 ERROR=0 SKIP=0 NO-OP=0 TOTAL=4
[2026-08-04T09:50:03.347+0000] {subprocess.py:110} INFO - Command exited with return code 0
[2026-08-04T09:50:03.399+0000] {taskinstance.py:341} INFO - ::group::Post task execution logs
[2026-08-04T09:50:03.402+0000] {taskinstance.py:353} INFO - Marking task as SUCCESS. dag_id=avito_to_raw_midraw, task_id=dbt_build_midraw, run_id=scheduled__2026-08-04T08:00:00+00:00, execution_date=20260804T080000, start_date=20260804T094953, end_date=20260804T095003
[2026-08-04T09:50:03.483+0000] {local_task_job_runner.py:266} INFO - Task exited with return code 0
[2026-08-04T09:50:03.530+0000] {taskinstance.py:3901} INFO - 0 downstream tasks scheduled from follow-on schedule check
[2026-08-04T09:50:03.532+0000] {local_task_job_runner.py:245} INFO - ::endgroup::
