[2026-07-24T23:29:57.868+0000] {local_task_job_runner.py:123} INFO - ::group::Pre task execution logs
[2026-07-24T23:29:57.875+0000] {taskinstance.py:2614} INFO - Dependencies all met for dep_context=non-requeueable deps ti=<TaskInstance: avito_to_raw_midraw.dbt_build_midraw scheduled__2026-07-24T22:00:00+00:00 [queued]>
[2026-07-24T23:29:57.878+0000] {taskinstance.py:2614} INFO - Dependencies all met for dep_context=requeueable deps ti=<TaskInstance: avito_to_raw_midraw.dbt_build_midraw scheduled__2026-07-24T22:00:00+00:00 [queued]>
[2026-07-24T23:29:57.878+0000] {taskinstance.py:2867} INFO - Starting attempt 1 of 2
[2026-07-24T23:29:57.881+0000] {taskinstance.py:2890} INFO - Executing <Task(BashOperator): dbt_build_midraw> on 2026-07-24 22:00:00+00:00
[2026-07-24T23:29:57.883+0000] {standard_task_runner.py:72} INFO - Started process 2297 to run task
[2026-07-24T23:29:57.885+0000] {standard_task_runner.py:104} INFO - Running: ['***', 'tasks', 'run', 'avito_to_raw_midraw', 'dbt_build_midraw', 'scheduled__2026-07-24T22:00:00+00:00', '--job-id', '284', '--raw', '--subdir', 'DAGS_FOLDER/avito_to_raw_midraw.py', '--cfg-path', '/tmp/tmphhu21dxr']
[2026-07-24T23:29:57.887+0000] {standard_task_runner.py:105} INFO - Job 284: Subtask dbt_build_midraw
[2026-07-24T23:29:57.906+0000] {task_command.py:467} INFO - Running <TaskInstance: avito_to_raw_midraw.dbt_build_midraw scheduled__2026-07-24T22:00:00+00:00 [running]> on host 4c6dd7d943f5
[2026-07-24T23:29:58.000+0000] {taskinstance.py:3134} INFO - Exporting env vars: AIRFLOW_CTX_DAG_OWNER='data-eng' AIRFLOW_CTX_DAG_ID='avito_to_raw_midraw' AIRFLOW_CTX_TASK_ID='dbt_build_midraw' AIRFLOW_CTX_EXECUTION_DATE='2026-07-24T22:00:00+00:00' AIRFLOW_CTX_TRY_NUMBER='1' AIRFLOW_CTX_DAG_RUN_ID='scheduled__2026-07-24T22:00:00+00:00'
[2026-07-24T23:29:58.000+0000] {taskinstance.py:732} INFO - ::endgroup::
[2026-07-24T23:29:58.004+0000] {subprocess.py:78} INFO - Tmp dir root location: /tmp
[2026-07-24T23:29:58.004+0000] {subprocess.py:88} INFO - Running command: ['/usr/bin/bash', '-c', 'cd /opt/***/dbt && dbt run --profiles-dir . --select avito_ads && dbt test --profiles-dir . --select avito_ads']
[2026-07-24T23:29:58.008+0000] {subprocess.py:99} INFO - Output:
[2026-07-24T23:29:58.803+0000] {subprocess.py:106} INFO - [0m23:29:58  Running with dbt=1.11.12
[2026-07-24T23:29:58.889+0000] {subprocess.py:106} INFO - [0m23:29:58  Registered adapter: postgres=1.9.0
[2026-07-24T23:29:59.063+0000] {subprocess.py:106} INFO - [0m23:29:59  Found 1 model, 4 data tests, 3 sources, 475 macros
[2026-07-24T23:29:59.064+0000] {subprocess.py:106} INFO - [0m23:29:59
[2026-07-24T23:29:59.064+0000] {subprocess.py:106} INFO - [0m23:29:59  Concurrency: 4 threads (target='dev')
[2026-07-24T23:29:59.064+0000] {subprocess.py:106} INFO - [0m23:29:59
[2026-07-24T23:29:59.106+0000] {subprocess.py:106} INFO - [0m23:29:59  1 of 1 START sql table model midraw.avito_ads .................................. [RUN]
[2026-07-24T23:29:59.162+0000] {subprocess.py:106} INFO - [0m23:29:59  1 of 1 OK created sql table model midraw.avito_ads ............................. [[32mSELECT 2393[0m in 0.05s]
[2026-07-24T23:29:59.168+0000] {subprocess.py:106} INFO - [0m23:29:59
[2026-07-24T23:29:59.169+0000] {subprocess.py:106} INFO - [0m23:29:59  Finished running 1 table model in 0 hours 0 minutes and 0.10 seconds (0.10s).
[2026-07-24T23:29:59.190+0000] {subprocess.py:106} INFO - [0m23:29:59
[2026-07-24T23:29:59.190+0000] {subprocess.py:106} INFO - [0m23:29:59  [32mCompleted successfully[0m
[2026-07-24T23:29:59.190+0000] {subprocess.py:106} INFO - [0m23:29:59
[2026-07-24T23:29:59.191+0000] {subprocess.py:106} INFO - [0m23:29:59  Done. PASS=1 WARN=0 ERROR=0 SKIP=0 NO-OP=0 TOTAL=1
[2026-07-24T23:30:00.825+0000] {subprocess.py:106} INFO - [0m23:30:00  Running with dbt=1.11.12
[2026-07-24T23:30:00.938+0000] {subprocess.py:106} INFO - [0m23:30:00  Registered adapter: postgres=1.9.0
[2026-07-24T23:30:01.128+0000] {subprocess.py:106} INFO - [0m23:30:01  Found 1 model, 4 data tests, 3 sources, 475 macros
[2026-07-24T23:30:01.129+0000] {subprocess.py:106} INFO - [0m23:30:01
[2026-07-24T23:30:01.129+0000] {subprocess.py:106} INFO - [0m23:30:01  Concurrency: 4 threads (target='dev')
[2026-07-24T23:30:01.129+0000] {subprocess.py:106} INFO - [0m23:30:01
[2026-07-24T23:30:01.161+0000] {subprocess.py:106} INFO - [0m23:30:01  1 of 4 START test accepted_values_avito_ads_source_system__avito__synthetic_avito  [RUN]
[2026-07-24T23:30:01.161+0000] {subprocess.py:106} INFO - [0m23:30:01  2 of 4 START test not_null_avito_ads_avito_id .................................. [RUN]
[2026-07-24T23:30:01.161+0000] {subprocess.py:106} INFO - [0m23:30:01  3 of 4 START test not_null_avito_ads_title ..................................... [RUN]
[2026-07-24T23:30:01.161+0000] {subprocess.py:106} INFO - [0m23:30:01  4 of 4 START test not_null_avito_ads_url ....................................... [RUN]
[2026-07-24T23:30:01.202+0000] {subprocess.py:106} INFO - [0m23:30:01  4 of 4 PASS not_null_avito_ads_url ............................................. [[32mPASS[0m in 0.04s]
[2026-07-24T23:30:01.203+0000] {subprocess.py:106} INFO - [0m23:30:01  3 of 4 PASS not_null_avito_ads_title ........................................... [[32mPASS[0m in 0.04s]
[2026-07-24T23:30:01.203+0000] {subprocess.py:106} INFO - [0m23:30:01  1 of 4 PASS accepted_values_avito_ads_source_system__avito__synthetic_avito .... [[32mPASS[0m in 0.04s]
[2026-07-24T23:30:01.204+0000] {subprocess.py:106} INFO - [0m23:30:01  2 of 4 PASS not_null_avito_ads_avito_id ........................................ [[32mPASS[0m in 0.04s]
[2026-07-24T23:30:01.212+0000] {subprocess.py:106} INFO - [0m23:30:01
[2026-07-24T23:30:01.213+0000] {subprocess.py:106} INFO - [0m23:30:01  Finished running 4 data tests in 0 hours 0 minutes and 0.08 seconds (0.08s).
[2026-07-24T23:30:01.233+0000] {subprocess.py:106} INFO - [0m23:30:01
[2026-07-24T23:30:01.234+0000] {subprocess.py:106} INFO - [0m23:30:01  [32mCompleted successfully[0m
[2026-07-24T23:30:01.234+0000] {subprocess.py:106} INFO - [0m23:30:01
[2026-07-24T23:30:01.234+0000] {subprocess.py:106} INFO - [0m23:30:01  Done. PASS=4 WARN=0 ERROR=0 SKIP=0 NO-OP=0 TOTAL=4
[2026-07-24T23:30:02.084+0000] {subprocess.py:110} INFO - Command exited with return code 0
[2026-07-24T23:30:02.095+0000] {taskinstance.py:341} INFO - ::group::Post task execution logs
[2026-07-24T23:30:02.095+0000] {taskinstance.py:353} INFO - Marking task as SUCCESS. dag_id=avito_to_raw_midraw, task_id=dbt_build_midraw, run_id=scheduled__2026-07-24T22:00:00+00:00, execution_date=20260724T220000, start_date=20260724T232957, end_date=20260724T233002
[2026-07-24T23:30:02.145+0000] {local_task_job_runner.py:266} INFO - Task exited with return code 0
[2026-07-24T23:30:02.153+0000] {taskinstance.py:3901} INFO - 0 downstream tasks scheduled from follow-on schedule check
[2026-07-24T23:30:02.154+0000] {local_task_job_runner.py:245} INFO - ::endgroup::
