[2026-08-03T10:25:05.757+0000] {local_task_job_runner.py:123} INFO - ::group::Pre task execution logs
[2026-08-03T10:25:05.767+0000] {taskinstance.py:2614} INFO - Dependencies all met for dep_context=non-requeueable deps ti=<TaskInstance: avito_to_raw_midraw.dbt_build_midraw scheduled__2026-08-03T09:00:00+00:00 [queued]>
[2026-08-03T10:25:05.770+0000] {taskinstance.py:2614} INFO - Dependencies all met for dep_context=requeueable deps ti=<TaskInstance: avito_to_raw_midraw.dbt_build_midraw scheduled__2026-08-03T09:00:00+00:00 [queued]>
[2026-08-03T10:25:05.771+0000] {taskinstance.py:2867} INFO - Starting attempt 1 of 2
[2026-08-03T10:25:05.775+0000] {taskinstance.py:2890} INFO - Executing <Task(BashOperator): dbt_build_midraw> on 2026-08-03 09:00:00+00:00
[2026-08-03T10:25:05.778+0000] {standard_task_runner.py:72} INFO - Started process 1265 to run task
[2026-08-03T10:25:05.780+0000] {standard_task_runner.py:104} INFO - Running: ['***', 'tasks', 'run', 'avito_to_raw_midraw', 'dbt_build_midraw', 'scheduled__2026-08-03T09:00:00+00:00', '--job-id', '678', '--raw', '--subdir', 'DAGS_FOLDER/avito_to_raw_midraw.py', '--cfg-path', '/tmp/tmp_mdxqg7x']
[2026-08-03T10:25:05.782+0000] {standard_task_runner.py:105} INFO - Job 678: Subtask dbt_build_midraw
[2026-08-03T10:25:05.805+0000] {task_command.py:467} INFO - Running <TaskInstance: avito_to_raw_midraw.dbt_build_midraw scheduled__2026-08-03T09:00:00+00:00 [running]> on host 4c6dd7d943f5
[2026-08-03T10:25:05.941+0000] {taskinstance.py:3134} INFO - Exporting env vars: AIRFLOW_CTX_DAG_OWNER='data-eng' AIRFLOW_CTX_DAG_ID='avito_to_raw_midraw' AIRFLOW_CTX_TASK_ID='dbt_build_midraw' AIRFLOW_CTX_EXECUTION_DATE='2026-08-03T09:00:00+00:00' AIRFLOW_CTX_TRY_NUMBER='1' AIRFLOW_CTX_DAG_RUN_ID='scheduled__2026-08-03T09:00:00+00:00'
[2026-08-03T10:25:05.942+0000] {taskinstance.py:732} INFO - ::endgroup::
[2026-08-03T10:25:05.946+0000] {subprocess.py:78} INFO - Tmp dir root location: /tmp
[2026-08-03T10:25:05.947+0000] {subprocess.py:88} INFO - Running command: ['/usr/bin/bash', '-c', 'cd /opt/***/dbt && dbt run --profiles-dir . --select avito_ads && dbt test --profiles-dir . --select avito_ads']
[2026-08-03T10:25:05.952+0000] {subprocess.py:99} INFO - Output:
[2026-08-03T10:25:07.020+0000] {subprocess.py:106} INFO - [0m10:25:07  Running with dbt=1.11.12
[2026-08-03T10:25:07.131+0000] {subprocess.py:106} INFO - [0m10:25:07  Registered adapter: postgres=1.9.0
[2026-08-03T10:25:07.366+0000] {subprocess.py:106} INFO - [0m10:25:07  Found 1 model, 4 data tests, 3 sources, 475 macros
[2026-08-03T10:25:07.367+0000] {subprocess.py:106} INFO - [0m10:25:07
[2026-08-03T10:25:07.368+0000] {subprocess.py:106} INFO - [0m10:25:07  Concurrency: 4 threads (target='dev')
[2026-08-03T10:25:07.368+0000] {subprocess.py:106} INFO - [0m10:25:07
[2026-08-03T10:25:07.433+0000] {subprocess.py:106} INFO - [0m10:25:07  1 of 1 START sql table model midraw.avito_ads .................................. [RUN]
[2026-08-03T10:25:07.512+0000] {subprocess.py:106} INFO - [0m10:25:07  1 of 1 OK created sql table model midraw.avito_ads ............................. [[32mSELECT 1964[0m in 0.08s]
[2026-08-03T10:25:07.522+0000] {subprocess.py:106} INFO - [0m10:25:07
[2026-08-03T10:25:07.522+0000] {subprocess.py:106} INFO - [0m10:25:07  Finished running 1 table model in 0 hours 0 minutes and 0.15 seconds (0.15s).
[2026-08-03T10:25:07.549+0000] {subprocess.py:106} INFO - [0m10:25:07
[2026-08-03T10:25:07.550+0000] {subprocess.py:106} INFO - [0m10:25:07  [32mCompleted successfully[0m
[2026-08-03T10:25:07.550+0000] {subprocess.py:106} INFO - [0m10:25:07
[2026-08-03T10:25:07.550+0000] {subprocess.py:106} INFO - [0m10:25:07  Done. PASS=1 WARN=0 ERROR=0 SKIP=0 NO-OP=0 TOTAL=1
[2026-08-03T10:25:09.440+0000] {subprocess.py:106} INFO - [0m10:25:09  Running with dbt=1.11.12
[2026-08-03T10:25:09.558+0000] {subprocess.py:106} INFO - [0m10:25:09  Registered adapter: postgres=1.9.0
[2026-08-03T10:25:09.816+0000] {subprocess.py:106} INFO - [0m10:25:09  Found 1 model, 4 data tests, 3 sources, 475 macros
[2026-08-03T10:25:09.818+0000] {subprocess.py:106} INFO - [0m10:25:09
[2026-08-03T10:25:09.818+0000] {subprocess.py:106} INFO - [0m10:25:09  Concurrency: 4 threads (target='dev')
[2026-08-03T10:25:09.818+0000] {subprocess.py:106} INFO - [0m10:25:09
[2026-08-03T10:25:09.868+0000] {subprocess.py:106} INFO - [0m10:25:09  1 of 4 START test accepted_values_avito_ads_source_system__avito__synthetic_avito  [RUN]
[2026-08-03T10:25:09.868+0000] {subprocess.py:106} INFO - [0m10:25:09  2 of 4 START test not_null_avito_ads_avito_id .................................. [RUN]
[2026-08-03T10:25:09.868+0000] {subprocess.py:106} INFO - [0m10:25:09  3 of 4 START test not_null_avito_ads_title ..................................... [RUN]
[2026-08-03T10:25:09.869+0000] {subprocess.py:106} INFO - [0m10:25:09  4 of 4 START test not_null_avito_ads_url ....................................... [RUN]
[2026-08-03T10:25:09.925+0000] {subprocess.py:106} INFO - [0m10:25:09  1 of 4 PASS accepted_values_avito_ads_source_system__avito__synthetic_avito .... [[32mPASS[0m in 0.06s]
[2026-08-03T10:25:09.926+0000] {subprocess.py:106} INFO - [0m10:25:09  2 of 4 PASS not_null_avito_ads_avito_id ........................................ [[32mPASS[0m in 0.06s]
[2026-08-03T10:25:09.926+0000] {subprocess.py:106} INFO - [0m10:25:09  3 of 4 PASS not_null_avito_ads_title ........................................... [[32mPASS[0m in 0.06s]
[2026-08-03T10:25:09.927+0000] {subprocess.py:106} INFO - [0m10:25:09  4 of 4 PASS not_null_avito_ads_url ............................................. [[32mPASS[0m in 0.06s]
[2026-08-03T10:25:09.939+0000] {subprocess.py:106} INFO - [0m10:25:09
[2026-08-03T10:25:09.939+0000] {subprocess.py:106} INFO - [0m10:25:09  Finished running 4 data tests in 0 hours 0 minutes and 0.12 seconds (0.12s).
[2026-08-03T10:25:09.968+0000] {subprocess.py:106} INFO - [0m10:25:09
[2026-08-03T10:25:09.968+0000] {subprocess.py:106} INFO - [0m10:25:09  [32mCompleted successfully[0m
[2026-08-03T10:25:09.968+0000] {subprocess.py:106} INFO - [0m10:25:09
[2026-08-03T10:25:09.968+0000] {subprocess.py:106} INFO - [0m10:25:09  Done. PASS=4 WARN=0 ERROR=0 SKIP=0 NO-OP=0 TOTAL=4
[2026-08-03T10:25:10.719+0000] {subprocess.py:110} INFO - Command exited with return code 0
[2026-08-03T10:25:10.753+0000] {taskinstance.py:341} INFO - ::group::Post task execution logs
[2026-08-03T10:25:10.754+0000] {taskinstance.py:353} INFO - Marking task as SUCCESS. dag_id=avito_to_raw_midraw, task_id=dbt_build_midraw, run_id=scheduled__2026-08-03T09:00:00+00:00, execution_date=20260803T090000, start_date=20260803T102505, end_date=20260803T102510
[2026-08-03T10:25:10.790+0000] {standard_task_runner.py:217} INFO - Process not found (most likely exited), stop collecting metrics
[2026-08-03T10:25:10.788+0000] {local_task_job_runner.py:266} INFO - Task exited with return code 0
[2026-08-03T10:25:10.816+0000] {taskinstance.py:3901} INFO - 0 downstream tasks scheduled from follow-on schedule check
[2026-08-03T10:25:10.817+0000] {local_task_job_runner.py:245} INFO - ::endgroup::
