[2026-07-28T07:08:03.475+0000] {local_task_job_runner.py:123} INFO - ::group::Pre task execution logs
[2026-07-28T07:08:03.488+0000] {taskinstance.py:2614} INFO - Dependencies all met for dep_context=non-requeueable deps ti=<TaskInstance: avito_to_raw_midraw.dbt_build_midraw scheduled__2026-07-28T06:00:00+00:00 [queued]>
[2026-07-28T07:08:03.492+0000] {taskinstance.py:2614} INFO - Dependencies all met for dep_context=requeueable deps ti=<TaskInstance: avito_to_raw_midraw.dbt_build_midraw scheduled__2026-07-28T06:00:00+00:00 [queued]>
[2026-07-28T07:08:03.492+0000] {taskinstance.py:2867} INFO - Starting attempt 1 of 2
[2026-07-28T07:08:03.498+0000] {taskinstance.py:2890} INFO - Executing <Task(BashOperator): dbt_build_midraw> on 2026-07-28 06:00:00+00:00
[2026-07-28T07:08:03.503+0000] {standard_task_runner.py:72} INFO - Started process 4631 to run task
[2026-07-28T07:08:03.506+0000] {standard_task_runner.py:104} INFO - Running: ['***', 'tasks', 'run', 'avito_to_raw_midraw', 'dbt_build_midraw', 'scheduled__2026-07-28T06:00:00+00:00', '--job-id', '444', '--raw', '--subdir', 'DAGS_FOLDER/avito_to_raw_midraw.py', '--cfg-path', '/tmp/tmpgcky0e_m']
[2026-07-28T07:08:03.509+0000] {standard_task_runner.py:105} INFO - Job 444: Subtask dbt_build_midraw
[2026-07-28T07:08:03.589+0000] {task_command.py:467} INFO - Running <TaskInstance: avito_to_raw_midraw.dbt_build_midraw scheduled__2026-07-28T06:00:00+00:00 [running]> on host 4c6dd7d943f5
[2026-07-28T07:08:03.790+0000] {taskinstance.py:3134} INFO - Exporting env vars: AIRFLOW_CTX_DAG_OWNER='data-eng' AIRFLOW_CTX_DAG_ID='avito_to_raw_midraw' AIRFLOW_CTX_TASK_ID='dbt_build_midraw' AIRFLOW_CTX_EXECUTION_DATE='2026-07-28T06:00:00+00:00' AIRFLOW_CTX_TRY_NUMBER='1' AIRFLOW_CTX_DAG_RUN_ID='scheduled__2026-07-28T06:00:00+00:00'
[2026-07-28T07:08:03.790+0000] {taskinstance.py:732} INFO - ::endgroup::
[2026-07-28T07:08:03.797+0000] {subprocess.py:78} INFO - Tmp dir root location: /tmp
[2026-07-28T07:08:03.797+0000] {subprocess.py:88} INFO - Running command: ['/usr/bin/bash', '-c', 'cd /opt/***/dbt && dbt run --profiles-dir . --select avito_ads && dbt test --profiles-dir . --select avito_ads']
[2026-07-28T07:08:03.802+0000] {subprocess.py:99} INFO - Output:
[2026-07-28T07:08:05.362+0000] {subprocess.py:106} INFO - [0m07:08:05  Running with dbt=1.11.12
[2026-07-28T07:08:05.511+0000] {subprocess.py:106} INFO - [0m07:08:05  Registered adapter: postgres=1.9.0
[2026-07-28T07:08:05.890+0000] {subprocess.py:106} INFO - [0m07:08:05  Found 1 model, 4 data tests, 3 sources, 475 macros
[2026-07-28T07:08:05.892+0000] {subprocess.py:106} INFO - [0m07:08:05
[2026-07-28T07:08:05.892+0000] {subprocess.py:106} INFO - [0m07:08:05  Concurrency: 4 threads (target='dev')
[2026-07-28T07:08:05.892+0000] {subprocess.py:106} INFO - [0m07:08:05
[2026-07-28T07:08:05.972+0000] {subprocess.py:106} INFO - [0m07:08:05  1 of 1 START sql table model midraw.avito_ads .................................. [RUN]
[2026-07-28T07:08:06.057+0000] {subprocess.py:106} INFO - [0m07:08:06  1 of 1 OK created sql table model midraw.avito_ads ............................. [[32mSELECT 1073[0m in 0.08s]
[2026-07-28T07:08:06.070+0000] {subprocess.py:106} INFO - [0m07:08:06
[2026-07-28T07:08:06.070+0000] {subprocess.py:106} INFO - [0m07:08:06  Finished running 1 table model in 0 hours 0 minutes and 0.18 seconds (0.18s).
[2026-07-28T07:08:06.100+0000] {subprocess.py:106} INFO - [0m07:08:06
[2026-07-28T07:08:06.100+0000] {subprocess.py:106} INFO - [0m07:08:06  [32mCompleted successfully[0m
[2026-07-28T07:08:06.101+0000] {subprocess.py:106} INFO - [0m07:08:06
[2026-07-28T07:08:06.101+0000] {subprocess.py:106} INFO - [0m07:08:06  Done. PASS=1 WARN=0 ERROR=0 SKIP=0 NO-OP=0 TOTAL=1
[2026-07-28T07:08:08.090+0000] {subprocess.py:106} INFO - [0m07:08:08  Running with dbt=1.11.12
[2026-07-28T07:08:08.212+0000] {subprocess.py:106} INFO - [0m07:08:08  Registered adapter: postgres=1.9.0
[2026-07-28T07:08:08.705+0000] {subprocess.py:106} INFO - [0m07:08:08  Found 1 model, 4 data tests, 3 sources, 475 macros
[2026-07-28T07:08:08.709+0000] {subprocess.py:106} INFO - [0m07:08:08
[2026-07-28T07:08:08.712+0000] {subprocess.py:106} INFO - [0m07:08:08  Concurrency: 4 threads (target='dev')
[2026-07-28T07:08:08.712+0000] {subprocess.py:106} INFO - [0m07:08:08
[2026-07-28T07:08:08.780+0000] {subprocess.py:106} INFO - [0m07:08:08  1 of 4 START test accepted_values_avito_ads_source_system__avito__synthetic_avito  [RUN]
[2026-07-28T07:08:08.780+0000] {subprocess.py:106} INFO - [0m07:08:08  2 of 4 START test not_null_avito_ads_avito_id .................................. [RUN]
[2026-07-28T07:08:08.781+0000] {subprocess.py:106} INFO - [0m07:08:08  3 of 4 START test not_null_avito_ads_title ..................................... [RUN]
[2026-07-28T07:08:08.782+0000] {subprocess.py:106} INFO - [0m07:08:08  4 of 4 START test not_null_avito_ads_url ....................................... [RUN]
[2026-07-28T07:08:08.862+0000] {subprocess.py:106} INFO - [0m07:08:08  3 of 4 PASS not_null_avito_ads_title ........................................... [[32mPASS[0m in 0.08s]
[2026-07-28T07:08:08.863+0000] {subprocess.py:106} INFO - [0m07:08:08  1 of 4 PASS accepted_values_avito_ads_source_system__avito__synthetic_avito .... [[32mPASS[0m in 0.08s]
[2026-07-28T07:08:08.863+0000] {subprocess.py:106} INFO - [0m07:08:08  4 of 4 PASS not_null_avito_ads_url ............................................. [[32mPASS[0m in 0.08s]
[2026-07-28T07:08:08.864+0000] {subprocess.py:106} INFO - [0m07:08:08  2 of 4 PASS not_null_avito_ads_avito_id ........................................ [[32mPASS[0m in 0.08s]
[2026-07-28T07:08:08.881+0000] {subprocess.py:106} INFO - [0m07:08:08
[2026-07-28T07:08:08.881+0000] {subprocess.py:106} INFO - [0m07:08:08  Finished running 4 data tests in 0 hours 0 minutes and 0.17 seconds (0.17s).
[2026-07-28T07:08:08.940+0000] {subprocess.py:106} INFO - [0m07:08:08
[2026-07-28T07:08:08.941+0000] {subprocess.py:106} INFO - [0m07:08:08  [32mCompleted successfully[0m
[2026-07-28T07:08:08.942+0000] {subprocess.py:106} INFO - [0m07:08:08
[2026-07-28T07:08:08.942+0000] {subprocess.py:106} INFO - [0m07:08:08  Done. PASS=4 WARN=0 ERROR=0 SKIP=0 NO-OP=0 TOTAL=4
[2026-07-28T07:08:09.862+0000] {subprocess.py:110} INFO - Command exited with return code 0
[2026-07-28T07:08:09.881+0000] {taskinstance.py:341} INFO - ::group::Post task execution logs
[2026-07-28T07:08:09.882+0000] {taskinstance.py:353} INFO - Marking task as SUCCESS. dag_id=avito_to_raw_midraw, task_id=dbt_build_midraw, run_id=scheduled__2026-07-28T06:00:00+00:00, execution_date=20260728T060000, start_date=20260728T070803, end_date=20260728T070809
[2026-07-28T07:08:09.913+0000] {local_task_job_runner.py:266} INFO - Task exited with return code 0
[2026-07-28T07:08:09.925+0000] {taskinstance.py:3901} INFO - 0 downstream tasks scheduled from follow-on schedule check
[2026-07-28T07:08:09.927+0000] {local_task_job_runner.py:245} INFO - ::endgroup::
