[2026-07-12T08:00:32.033+0000] {local_task_job_runner.py:123} INFO - ::group::Pre task execution logs
[2026-07-12T08:00:32.044+0000] {taskinstance.py:2614} INFO - Dependencies all met for dep_context=non-requeueable deps ti=<TaskInstance: avito_to_raw_midraw.dbt_build_midraw scheduled__2026-07-12T07:00:00+00:00 [queued]>
[2026-07-12T08:00:32.049+0000] {taskinstance.py:2614} INFO - Dependencies all met for dep_context=requeueable deps ti=<TaskInstance: avito_to_raw_midraw.dbt_build_midraw scheduled__2026-07-12T07:00:00+00:00 [queued]>
[2026-07-12T08:00:32.049+0000] {taskinstance.py:2867} INFO - Starting attempt 1 of 2
[2026-07-12T08:00:32.055+0000] {taskinstance.py:2890} INFO - Executing <Task(BashOperator): dbt_build_midraw> on 2026-07-12 07:00:00+00:00
[2026-07-12T08:00:32.058+0000] {standard_task_runner.py:72} INFO - Started process 650 to run task
[2026-07-12T08:00:32.060+0000] {standard_task_runner.py:104} INFO - Running: ['***', 'tasks', 'run', 'avito_to_raw_midraw', 'dbt_build_midraw', 'scheduled__2026-07-12T07:00:00+00:00', '--job-id', '76', '--raw', '--subdir', 'DAGS_FOLDER/avito_to_raw_midraw.py', '--cfg-path', '/tmp/tmp19k7rmic']
[2026-07-12T08:00:32.062+0000] {standard_task_runner.py:105} INFO - Job 76: Subtask dbt_build_midraw
[2026-07-12T08:00:32.089+0000] {task_command.py:467} INFO - Running <TaskInstance: avito_to_raw_midraw.dbt_build_midraw scheduled__2026-07-12T07:00:00+00:00 [running]> on host 5f8cb7b7a9c9
[2026-07-12T08:00:32.256+0000] {taskinstance.py:3134} INFO - Exporting env vars: AIRFLOW_CTX_DAG_OWNER='data-eng' AIRFLOW_CTX_DAG_ID='avito_to_raw_midraw' AIRFLOW_CTX_TASK_ID='dbt_build_midraw' AIRFLOW_CTX_EXECUTION_DATE='2026-07-12T07:00:00+00:00' AIRFLOW_CTX_TRY_NUMBER='1' AIRFLOW_CTX_DAG_RUN_ID='scheduled__2026-07-12T07:00:00+00:00'
[2026-07-12T08:00:32.256+0000] {taskinstance.py:732} INFO - ::endgroup::
[2026-07-12T08:00:32.261+0000] {subprocess.py:78} INFO - Tmp dir root location: /tmp
[2026-07-12T08:00:32.261+0000] {subprocess.py:88} INFO - Running command: ['/usr/bin/bash', '-c', 'cd /opt/***/dbt && dbt run --profiles-dir . --select avito_ads && dbt test --profiles-dir . --select avito_ads']
[2026-07-12T08:00:32.267+0000] {subprocess.py:99} INFO - Output:
[2026-07-12T08:00:33.260+0000] {subprocess.py:106} INFO - [0m08:00:33  Running with dbt=1.11.12
[2026-07-12T08:00:33.357+0000] {subprocess.py:106} INFO - [0m08:00:33  Registered adapter: postgres=1.9.0
[2026-07-12T08:00:33.564+0000] {subprocess.py:106} INFO - [0m08:00:33  Found 1 model, 6 data tests, 1 source, 475 macros
[2026-07-12T08:00:33.565+0000] {subprocess.py:106} INFO - [0m08:00:33
[2026-07-12T08:00:33.565+0000] {subprocess.py:106} INFO - [0m08:00:33  Concurrency: 4 threads (target='dev')
[2026-07-12T08:00:33.565+0000] {subprocess.py:106} INFO - [0m08:00:33
[2026-07-12T08:00:33.613+0000] {subprocess.py:106} INFO - [0m08:00:33  1 of 1 START sql table model midraw.avito_ads .................................. [RUN]
[2026-07-12T08:00:41.795+0000] {subprocess.py:106} INFO - [0m08:00:41  1 of 1 OK created sql table model midraw.avito_ads ............................. [[32mSELECT 28575[0m in 8.18s]
[2026-07-12T08:00:41.805+0000] {subprocess.py:106} INFO - [0m08:00:41
[2026-07-12T08:00:41.805+0000] {subprocess.py:106} INFO - [0m08:00:41  Finished running 1 table model in 0 hours 0 minutes and 8.24 seconds (8.24s).
[2026-07-12T08:00:41.834+0000] {subprocess.py:106} INFO - [0m08:00:41
[2026-07-12T08:00:41.835+0000] {subprocess.py:106} INFO - [0m08:00:41  [32mCompleted successfully[0m
[2026-07-12T08:00:41.835+0000] {subprocess.py:106} INFO - [0m08:00:41
[2026-07-12T08:00:41.835+0000] {subprocess.py:106} INFO - [0m08:00:41  Done. PASS=1 WARN=0 ERROR=0 SKIP=0 NO-OP=0 TOTAL=1
[2026-07-12T08:00:43.550+0000] {subprocess.py:106} INFO - [0m08:00:43  Running with dbt=1.11.12
[2026-07-12T08:00:43.646+0000] {subprocess.py:106} INFO - [0m08:00:43  Registered adapter: postgres=1.9.0
[2026-07-12T08:00:43.853+0000] {subprocess.py:106} INFO - [0m08:00:43  Found 1 model, 6 data tests, 1 source, 475 macros
[2026-07-12T08:00:43.854+0000] {subprocess.py:106} INFO - [0m08:00:43
[2026-07-12T08:00:43.854+0000] {subprocess.py:106} INFO - [0m08:00:43  Concurrency: 4 threads (target='dev')
[2026-07-12T08:00:43.854+0000] {subprocess.py:106} INFO - [0m08:00:43
[2026-07-12T08:00:43.893+0000] {subprocess.py:106} INFO - [0m08:00:43  1 of 6 START test accepted_values_avito_ads_source_system__avito__synthetic_avito  [RUN]
[2026-07-12T08:00:43.893+0000] {subprocess.py:106} INFO - [0m08:00:43  2 of 6 START test not_null_avito_ads_avito_id .................................. [RUN]
[2026-07-12T08:00:43.894+0000] {subprocess.py:106} INFO - [0m08:00:43  3 of 6 START test not_null_avito_ads_row_number ................................ [RUN]
[2026-07-12T08:00:43.894+0000] {subprocess.py:106} INFO - [0m08:00:43  4 of 6 START test not_null_avito_ads_run_id .................................... [RUN]
[2026-07-12T08:00:43.960+0000] {subprocess.py:106} INFO - [0m08:00:43  1 of 6 PASS accepted_values_avito_ads_source_system__avito__synthetic_avito .... [[32mPASS[0m in 0.07s]
[2026-07-12T08:00:43.960+0000] {subprocess.py:106} INFO - [0m08:00:43  2 of 6 PASS not_null_avito_ads_avito_id ........................................ [[32mPASS[0m in 0.07s]
[2026-07-12T08:00:43.960+0000] {subprocess.py:106} INFO - [0m08:00:43  4 of 6 PASS not_null_avito_ads_run_id .......................................... [[32mPASS[0m in 0.07s]
[2026-07-12T08:00:43.961+0000] {subprocess.py:106} INFO - [0m08:00:43  3 of 6 PASS not_null_avito_ads_row_number ...................................... [[32mPASS[0m in 0.07s]
[2026-07-12T08:00:43.963+0000] {subprocess.py:106} INFO - [0m08:00:43  5 of 6 START test not_null_avito_ads_title ..................................... [RUN]
[2026-07-12T08:00:43.964+0000] {subprocess.py:106} INFO - [0m08:00:43  6 of 6 START test not_null_avito_ads_url ....................................... [RUN]
[2026-07-12T08:00:43.986+0000] {subprocess.py:106} INFO - [0m08:00:43  5 of 6 PASS not_null_avito_ads_title ........................................... [[32mPASS[0m in 0.02s]
[2026-07-12T08:00:43.987+0000] {subprocess.py:106} INFO - [0m08:00:43  6 of 6 PASS not_null_avito_ads_url ............................................. [[32mPASS[0m in 0.02s]
[2026-07-12T08:00:43.995+0000] {subprocess.py:106} INFO - [0m08:00:43
[2026-07-12T08:00:43.995+0000] {subprocess.py:106} INFO - [0m08:00:43  Finished running 6 data tests in 0 hours 0 minutes and 0.14 seconds (0.14s).
[2026-07-12T08:00:44.019+0000] {subprocess.py:106} INFO - [0m08:00:44
[2026-07-12T08:00:44.020+0000] {subprocess.py:106} INFO - [0m08:00:44  [32mCompleted successfully[0m
[2026-07-12T08:00:44.020+0000] {subprocess.py:106} INFO - [0m08:00:44
[2026-07-12T08:00:44.020+0000] {subprocess.py:106} INFO - [0m08:00:44  Done. PASS=6 WARN=0 ERROR=0 SKIP=0 NO-OP=0 TOTAL=6
[2026-07-12T08:00:44.750+0000] {subprocess.py:110} INFO - Command exited with return code 0
[2026-07-12T08:00:44.770+0000] {taskinstance.py:341} INFO - ::group::Post task execution logs
[2026-07-12T08:00:44.770+0000] {taskinstance.py:353} INFO - Marking task as SUCCESS. dag_id=avito_to_raw_midraw, task_id=dbt_build_midraw, run_id=scheduled__2026-07-12T07:00:00+00:00, execution_date=20260712T070000, start_date=20260712T080032, end_date=20260712T080044
[2026-07-12T08:00:44.807+0000] {local_task_job_runner.py:266} INFO - Task exited with return code 0
[2026-07-12T08:00:44.816+0000] {taskinstance.py:3901} INFO - 0 downstream tasks scheduled from follow-on schedule check
[2026-07-12T08:00:44.817+0000] {local_task_job_runner.py:245} INFO - ::endgroup::
