[2026-08-04T11:03:39.866+0000] {local_task_job_runner.py:123} INFO - ::group::Pre task execution logs
[2026-08-04T11:03:39.888+0000] {taskinstance.py:2614} INFO - Dependencies all met for dep_context=non-requeueable deps ti=<TaskInstance: avito_to_raw_midraw.dbt_build_midraw scheduled__2026-08-04T09:00:00+00:00 [queued]>
[2026-08-04T11:03:39.895+0000] {taskinstance.py:2614} INFO - Dependencies all met for dep_context=requeueable deps ti=<TaskInstance: avito_to_raw_midraw.dbt_build_midraw scheduled__2026-08-04T09:00:00+00:00 [queued]>
[2026-08-04T11:03:39.896+0000] {taskinstance.py:2867} INFO - Starting attempt 1 of 2
[2026-08-04T11:03:39.905+0000] {taskinstance.py:2890} INFO - Executing <Task(BashOperator): dbt_build_midraw> on 2026-08-04 09:00:00+00:00
[2026-08-04T11:03:39.909+0000] {standard_task_runner.py:72} INFO - Started process 1845 to run task
[2026-08-04T11:03:39.913+0000] {standard_task_runner.py:104} INFO - Running: ['***', 'tasks', 'run', 'avito_to_raw_midraw', 'dbt_build_midraw', 'scheduled__2026-08-04T09:00:00+00:00', '--job-id', '761', '--raw', '--subdir', 'DAGS_FOLDER/avito_to_raw_midraw.py', '--cfg-path', '/tmp/tmp03cei_dm']
[2026-08-04T11:03:39.916+0000] {standard_task_runner.py:105} INFO - Job 761: Subtask dbt_build_midraw
[2026-08-04T11:03:39.964+0000] {task_command.py:467} INFO - Running <TaskInstance: avito_to_raw_midraw.dbt_build_midraw scheduled__2026-08-04T09:00:00+00:00 [running]> on host 4c6dd7d943f5
[2026-08-04T11:03:40.237+0000] {taskinstance.py:3134} INFO - Exporting env vars: AIRFLOW_CTX_DAG_OWNER='data-eng' AIRFLOW_CTX_DAG_ID='avito_to_raw_midraw' AIRFLOW_CTX_TASK_ID='dbt_build_midraw' AIRFLOW_CTX_EXECUTION_DATE='2026-08-04T09:00:00+00:00' AIRFLOW_CTX_TRY_NUMBER='1' AIRFLOW_CTX_DAG_RUN_ID='scheduled__2026-08-04T09:00:00+00:00'
[2026-08-04T11:03:40.238+0000] {taskinstance.py:732} INFO - ::endgroup::
[2026-08-04T11:03:40.247+0000] {subprocess.py:78} INFO - Tmp dir root location: /tmp
[2026-08-04T11:03:40.248+0000] {subprocess.py:88} INFO - Running command: ['/usr/bin/bash', '-c', 'cd /opt/***/dbt && dbt run --profiles-dir . --select avito_ads && dbt test --profiles-dir . --select avito_ads']
[2026-08-04T11:03:40.257+0000] {subprocess.py:99} INFO - Output:
[2026-08-04T11:03:42.234+0000] {subprocess.py:106} INFO - [0m11:03:42  Running with dbt=1.11.12
[2026-08-04T11:03:42.414+0000] {subprocess.py:106} INFO - [0m11:03:42  Registered adapter: postgres=1.9.0
[2026-08-04T11:03:42.838+0000] {subprocess.py:106} INFO - [0m11:03:42  Found 1 model, 4 data tests, 3 sources, 475 macros
[2026-08-04T11:03:42.846+0000] {subprocess.py:106} INFO - [0m11:03:42
[2026-08-04T11:03:42.853+0000] {subprocess.py:106} INFO - [0m11:03:42  Concurrency: 4 threads (target='dev')
[2026-08-04T11:03:42.861+0000] {subprocess.py:106} INFO - [0m11:03:42
[2026-08-04T11:03:43.018+0000] {subprocess.py:106} INFO - [0m11:03:43  1 of 1 START sql table model midraw.avito_ads .................................. [RUN]
[2026-08-04T11:03:43.174+0000] {subprocess.py:106} INFO - [0m11:03:43  1 of 1 OK created sql table model midraw.avito_ads ............................. [[32mSELECT 2019[0m in 0.15s]
[2026-08-04T11:03:43.188+0000] {subprocess.py:106} INFO - [0m11:03:43
[2026-08-04T11:03:43.188+0000] {subprocess.py:106} INFO - [0m11:03:43  Finished running 1 table model in 0 hours 0 minutes and 0.33 seconds (0.33s).
[2026-08-04T11:03:43.233+0000] {subprocess.py:106} INFO - [0m11:03:43
[2026-08-04T11:03:43.234+0000] {subprocess.py:106} INFO - [0m11:03:43  [32mCompleted successfully[0m
[2026-08-04T11:03:43.234+0000] {subprocess.py:106} INFO - [0m11:03:43
[2026-08-04T11:03:43.235+0000] {subprocess.py:106} INFO - [0m11:03:43  Done. PASS=1 WARN=0 ERROR=0 SKIP=0 NO-OP=0 TOTAL=1
[2026-08-04T11:03:47.249+0000] {subprocess.py:106} INFO - [0m11:03:47  Running with dbt=1.11.12
[2026-08-04T11:03:47.448+0000] {subprocess.py:106} INFO - [0m11:03:47  Registered adapter: postgres=1.9.0
[2026-08-04T11:03:47.847+0000] {subprocess.py:106} INFO - [0m11:03:47  Found 1 model, 4 data tests, 3 sources, 475 macros
[2026-08-04T11:03:47.849+0000] {subprocess.py:106} INFO - [0m11:03:47
[2026-08-04T11:03:47.849+0000] {subprocess.py:106} INFO - [0m11:03:47  Concurrency: 4 threads (target='dev')
[2026-08-04T11:03:47.850+0000] {subprocess.py:106} INFO - [0m11:03:47
[2026-08-04T11:03:47.928+0000] {subprocess.py:106} INFO - [0m11:03:47  1 of 4 START test accepted_values_avito_ads_source_system__avito__synthetic_avito  [RUN]
[2026-08-04T11:03:47.929+0000] {subprocess.py:106} INFO - [0m11:03:47  2 of 4 START test not_null_avito_ads_avito_id .................................. [RUN]
[2026-08-04T11:03:47.930+0000] {subprocess.py:106} INFO - [0m11:03:47  3 of 4 START test not_null_avito_ads_title ..................................... [RUN]
[2026-08-04T11:03:47.930+0000] {subprocess.py:106} INFO - [0m11:03:47  4 of 4 START test not_null_avito_ads_url ....................................... [RUN]
[2026-08-04T11:03:48.019+0000] {subprocess.py:106} INFO - [0m11:03:48  4 of 4 PASS not_null_avito_ads_url ............................................. [[32mPASS[0m in 0.09s]
[2026-08-04T11:03:48.020+0000] {subprocess.py:106} INFO - [0m11:03:48  1 of 4 PASS accepted_values_avito_ads_source_system__avito__synthetic_avito .... [[32mPASS[0m in 0.09s]
[2026-08-04T11:03:48.021+0000] {subprocess.py:106} INFO - [0m11:03:48  2 of 4 PASS not_null_avito_ads_avito_id ........................................ [[32mPASS[0m in 0.09s]
[2026-08-04T11:03:48.021+0000] {subprocess.py:106} INFO - [0m11:03:48  3 of 4 PASS not_null_avito_ads_title ........................................... [[32mPASS[0m in 0.09s]
[2026-08-04T11:03:48.036+0000] {subprocess.py:106} INFO - [0m11:03:48
[2026-08-04T11:03:48.036+0000] {subprocess.py:106} INFO - [0m11:03:48  Finished running 4 data tests in 0 hours 0 minutes and 0.19 seconds (0.19s).
[2026-08-04T11:03:48.073+0000] {subprocess.py:106} INFO - [0m11:03:48
[2026-08-04T11:03:48.073+0000] {subprocess.py:106} INFO - [0m11:03:48  [32mCompleted successfully[0m
[2026-08-04T11:03:48.074+0000] {subprocess.py:106} INFO - [0m11:03:48
[2026-08-04T11:03:48.074+0000] {subprocess.py:106} INFO - [0m11:03:48  Done. PASS=4 WARN=0 ERROR=0 SKIP=0 NO-OP=0 TOTAL=4
[2026-08-04T11:03:48.940+0000] {subprocess.py:110} INFO - Command exited with return code 0
[2026-08-04T11:03:48.985+0000] {taskinstance.py:341} INFO - ::group::Post task execution logs
[2026-08-04T11:03:48.986+0000] {taskinstance.py:353} INFO - Marking task as SUCCESS. dag_id=avito_to_raw_midraw, task_id=dbt_build_midraw, run_id=scheduled__2026-08-04T09:00:00+00:00, execution_date=20260804T090000, start_date=20260804T110339, end_date=20260804T110348
[2026-08-04T11:03:49.048+0000] {local_task_job_runner.py:266} INFO - Task exited with return code 0
[2026-08-04T11:03:49.087+0000] {taskinstance.py:3901} INFO - 0 downstream tasks scheduled from follow-on schedule check
[2026-08-04T11:03:49.088+0000] {local_task_job_runner.py:245} INFO - ::endgroup::
