[2026-08-04T11:03:54.355+0000] {local_task_job_runner.py:123} INFO - ::group::Pre task execution logs
[2026-08-04T11:03:54.378+0000] {taskinstance.py:2614} INFO - Dependencies all met for dep_context=non-requeueable deps ti=<TaskInstance: avito_to_raw_midraw.dbt_build_midraw scheduled__2026-08-04T10:00:00+00:00 [queued]>
[2026-08-04T11:03:54.388+0000] {taskinstance.py:2614} INFO - Dependencies all met for dep_context=requeueable deps ti=<TaskInstance: avito_to_raw_midraw.dbt_build_midraw scheduled__2026-08-04T10:00:00+00:00 [queued]>
[2026-08-04T11:03:54.389+0000] {taskinstance.py:2867} INFO - Starting attempt 1 of 2
[2026-08-04T11:03:54.399+0000] {taskinstance.py:2890} INFO - Executing <Task(BashOperator): dbt_build_midraw> on 2026-08-04 10:00:00+00:00
[2026-08-04T11:03:54.404+0000] {standard_task_runner.py:72} INFO - Started process 1874 to run task
[2026-08-04T11:03:54.414+0000] {standard_task_runner.py:104} INFO - Running: ['***', 'tasks', 'run', 'avito_to_raw_midraw', 'dbt_build_midraw', 'scheduled__2026-08-04T10:00:00+00:00', '--job-id', '763', '--raw', '--subdir', 'DAGS_FOLDER/avito_to_raw_midraw.py', '--cfg-path', '/tmp/tmpz29ffcvz']
[2026-08-04T11:03:54.428+0000] {standard_task_runner.py:105} INFO - Job 763: Subtask dbt_build_midraw
[2026-08-04T11:03:54.488+0000] {task_command.py:467} INFO - Running <TaskInstance: avito_to_raw_midraw.dbt_build_midraw scheduled__2026-08-04T10:00:00+00:00 [running]> on host 4c6dd7d943f5
[2026-08-04T11:03:54.938+0000] {taskinstance.py:3134} INFO - Exporting env vars: AIRFLOW_CTX_DAG_OWNER='data-eng' AIRFLOW_CTX_DAG_ID='avito_to_raw_midraw' AIRFLOW_CTX_TASK_ID='dbt_build_midraw' AIRFLOW_CTX_EXECUTION_DATE='2026-08-04T10:00:00+00:00' AIRFLOW_CTX_TRY_NUMBER='1' AIRFLOW_CTX_DAG_RUN_ID='scheduled__2026-08-04T10:00:00+00:00'
[2026-08-04T11:03:54.939+0000] {taskinstance.py:732} INFO - ::endgroup::
[2026-08-04T11:03:54.956+0000] {subprocess.py:78} INFO - Tmp dir root location: /tmp
[2026-08-04T11:03:54.958+0000] {subprocess.py:88} INFO - Running command: ['/usr/bin/bash', '-c', 'cd /opt/***/dbt && dbt run --profiles-dir . --select avito_ads && dbt test --profiles-dir . --select avito_ads']
[2026-08-04T11:03:54.969+0000] {subprocess.py:99} INFO - Output:
[2026-08-04T11:03:57.640+0000] {subprocess.py:106} INFO - [0m11:03:57  Running with dbt=1.11.12
[2026-08-04T11:03:57.824+0000] {subprocess.py:106} INFO - [0m11:03:57  Registered adapter: postgres=1.9.0
[2026-08-04T11:03:58.165+0000] {subprocess.py:106} INFO - [0m11:03:58  Found 1 model, 4 data tests, 3 sources, 475 macros
[2026-08-04T11:03:58.167+0000] {subprocess.py:106} INFO - [0m11:03:58
[2026-08-04T11:03:58.168+0000] {subprocess.py:106} INFO - [0m11:03:58  Concurrency: 4 threads (target='dev')
[2026-08-04T11:03:58.169+0000] {subprocess.py:106} INFO - [0m11:03:58
[2026-08-04T11:03:58.254+0000] {subprocess.py:106} INFO - [0m11:03:58  1 of 1 START sql table model midraw.avito_ads .................................. [RUN]
[2026-08-04T11:03:58.374+0000] {subprocess.py:106} INFO - [0m11:03:58  1 of 1 OK created sql table model midraw.avito_ads ............................. [[32mSELECT 2019[0m in 0.12s]
[2026-08-04T11:03:58.417+0000] {subprocess.py:106} INFO - [0m11:03:58
[2026-08-04T11:03:58.418+0000] {subprocess.py:106} INFO - [0m11:03:58  Finished running 1 table model in 0 hours 0 minutes and 0.25 seconds (0.25s).
[2026-08-04T11:03:58.461+0000] {subprocess.py:106} INFO - [0m11:03:58
[2026-08-04T11:03:58.462+0000] {subprocess.py:106} INFO - [0m11:03:58  [32mCompleted successfully[0m
[2026-08-04T11:03:58.462+0000] {subprocess.py:106} INFO - [0m11:03:58
[2026-08-04T11:03:58.463+0000] {subprocess.py:106} INFO - [0m11:03:58  Done. PASS=1 WARN=0 ERROR=0 SKIP=0 NO-OP=0 TOTAL=1
[2026-08-04T11:04:00.557+0000] {subprocess.py:106} INFO - [0m11:04:00  Running with dbt=1.11.12
[2026-08-04T11:04:00.683+0000] {subprocess.py:106} INFO - [0m11:04:00  Registered adapter: postgres=1.9.0
[2026-08-04T11:04:01.617+0000] {subprocess.py:106} INFO - [0m11:04:01  Found 1 model, 4 data tests, 3 sources, 475 macros
[2026-08-04T11:04:01.637+0000] {subprocess.py:106} INFO - [0m11:04:01
[2026-08-04T11:04:01.638+0000] {subprocess.py:106} INFO - [0m11:04:01  Concurrency: 4 threads (target='dev')
[2026-08-04T11:04:01.639+0000] {subprocess.py:106} INFO - [0m11:04:01
[2026-08-04T11:04:01.833+0000] {subprocess.py:106} INFO - [0m11:04:01  1 of 4 START test accepted_values_avito_ads_source_system__avito__synthetic_avito  [RUN]
[2026-08-04T11:04:01.835+0000] {subprocess.py:106} INFO - [0m11:04:01  2 of 4 START test not_null_avito_ads_avito_id .................................. [RUN]
[2026-08-04T11:04:01.837+0000] {subprocess.py:106} INFO - [0m11:04:01  3 of 4 START test not_null_avito_ads_title ..................................... [RUN]
[2026-08-04T11:04:01.838+0000] {subprocess.py:106} INFO - [0m11:04:01  4 of 4 START test not_null_avito_ads_url ....................................... [RUN]
[2026-08-04T11:04:02.023+0000] {subprocess.py:106} INFO - [0m11:04:02  1 of 4 PASS accepted_values_avito_ads_source_system__avito__synthetic_avito .... [[32mPASS[0m in 0.18s]
[2026-08-04T11:04:02.026+0000] {subprocess.py:106} INFO - [0m11:04:02  3 of 4 PASS not_null_avito_ads_title ........................................... [[32mPASS[0m in 0.18s]
[2026-08-04T11:04:02.029+0000] {subprocess.py:106} INFO - [0m11:04:02  2 of 4 PASS not_null_avito_ads_avito_id ........................................ [[32mPASS[0m in 0.19s]
[2026-08-04T11:04:02.030+0000] {subprocess.py:106} INFO - [0m11:04:02  4 of 4 PASS not_null_avito_ads_url ............................................. [[32mPASS[0m in 0.19s]
[2026-08-04T11:04:02.057+0000] {subprocess.py:106} INFO - [0m11:04:02
[2026-08-04T11:04:02.058+0000] {subprocess.py:106} INFO - [0m11:04:02  Finished running 4 data tests in 0 hours 0 minutes and 0.43 seconds (0.43s).
[2026-08-04T11:04:02.112+0000] {subprocess.py:106} INFO - [0m11:04:02
[2026-08-04T11:04:02.113+0000] {subprocess.py:106} INFO - [0m11:04:02  [32mCompleted successfully[0m
[2026-08-04T11:04:02.114+0000] {subprocess.py:106} INFO - [0m11:04:02
[2026-08-04T11:04:02.114+0000] {subprocess.py:106} INFO - [0m11:04:02  Done. PASS=4 WARN=0 ERROR=0 SKIP=0 NO-OP=0 TOTAL=4
[2026-08-04T11:04:02.912+0000] {subprocess.py:110} INFO - Command exited with return code 0
[2026-08-04T11:04:02.994+0000] {taskinstance.py:341} INFO - ::group::Post task execution logs
[2026-08-04T11:04:02.996+0000] {taskinstance.py:353} INFO - Marking task as SUCCESS. dag_id=avito_to_raw_midraw, task_id=dbt_build_midraw, run_id=scheduled__2026-08-04T10:00:00+00:00, execution_date=20260804T100000, start_date=20260804T110354, end_date=20260804T110402
[2026-08-04T11:04:03.079+0000] {local_task_job_runner.py:266} INFO - Task exited with return code 0
[2026-08-04T11:04:03.114+0000] {taskinstance.py:3901} INFO - 0 downstream tasks scheduled from follow-on schedule check
[2026-08-04T11:04:03.116+0000] {local_task_job_runner.py:245} INFO - ::endgroup::
