[2026-07-11T23:00:08.639+0000] {local_task_job_runner.py:123} INFO - ::group::Pre task execution logs
[2026-07-11T23:00:08.649+0000] {taskinstance.py:2614} INFO - Dependencies all met for dep_context=non-requeueable deps ti=<TaskInstance: avito_to_raw_midraw.dbt_build_midraw scheduled__2026-07-11T22:00:00+00:00 [queued]>
[2026-07-11T23:00:08.653+0000] {taskinstance.py:2614} INFO - Dependencies all met for dep_context=requeueable deps ti=<TaskInstance: avito_to_raw_midraw.dbt_build_midraw scheduled__2026-07-11T22:00:00+00:00 [queued]>
[2026-07-11T23:00:08.653+0000] {taskinstance.py:2867} INFO - Starting attempt 1 of 2
[2026-07-11T23:00:08.658+0000] {taskinstance.py:2890} INFO - Executing <Task(BashOperator): dbt_build_midraw> on 2026-07-11 22:00:00+00:00
[2026-07-11T23:00:08.660+0000] {standard_task_runner.py:72} INFO - Started process 362 to run task
[2026-07-11T23:00:08.663+0000] {standard_task_runner.py:104} INFO - Running: ['***', 'tasks', 'run', 'avito_to_raw_midraw', 'dbt_build_midraw', 'scheduled__2026-07-11T22:00:00+00:00', '--job-id', '49', '--raw', '--subdir', 'DAGS_FOLDER/avito_to_raw_midraw.py', '--cfg-path', '/tmp/tmpjb28bb5b']
[2026-07-11T23:00:08.664+0000] {standard_task_runner.py:105} INFO - Job 49: Subtask dbt_build_midraw
[2026-07-11T23:00:08.688+0000] {task_command.py:467} INFO - Running <TaskInstance: avito_to_raw_midraw.dbt_build_midraw scheduled__2026-07-11T22:00:00+00:00 [running]> on host 5f8cb7b7a9c9
[2026-07-11T23:00:08.826+0000] {taskinstance.py:3134} INFO - Exporting env vars: AIRFLOW_CTX_DAG_OWNER='data-eng' AIRFLOW_CTX_DAG_ID='avito_to_raw_midraw' AIRFLOW_CTX_TASK_ID='dbt_build_midraw' AIRFLOW_CTX_EXECUTION_DATE='2026-07-11T22:00:00+00:00' AIRFLOW_CTX_TRY_NUMBER='1' AIRFLOW_CTX_DAG_RUN_ID='scheduled__2026-07-11T22:00:00+00:00'
[2026-07-11T23:00:08.826+0000] {taskinstance.py:732} INFO - ::endgroup::
[2026-07-11T23:00:08.830+0000] {subprocess.py:78} INFO - Tmp dir root location: /tmp
[2026-07-11T23:00:08.831+0000] {subprocess.py:88} INFO - Running command: ['/usr/bin/bash', '-c', 'cd /opt/***/dbt && dbt run --profiles-dir . --select avito_ads && dbt test --profiles-dir . --select avito_ads']
[2026-07-11T23:00:08.836+0000] {subprocess.py:99} INFO - Output:
[2026-07-11T23:00:09.764+0000] {subprocess.py:106} INFO - [0m23:00:09  Running with dbt=1.11.12
[2026-07-11T23:00:09.883+0000] {subprocess.py:106} INFO - [0m23:00:09  Registered adapter: postgres=1.9.0
[2026-07-11T23:00:10.080+0000] {subprocess.py:106} INFO - [0m23:00:10  Found 1 model, 6 data tests, 1 source, 475 macros
[2026-07-11T23:00:10.082+0000] {subprocess.py:106} INFO - [0m23:00:10
[2026-07-11T23:00:10.082+0000] {subprocess.py:106} INFO - [0m23:00:10  Concurrency: 4 threads (target='dev')
[2026-07-11T23:00:10.082+0000] {subprocess.py:106} INFO - [0m23:00:10
[2026-07-11T23:00:10.136+0000] {subprocess.py:106} INFO - [0m23:00:10  1 of 1 START sql table model midraw.avito_ads .................................. [RUN]
[2026-07-11T23:00:12.198+0000] {subprocess.py:106} INFO - [0m23:00:12  1 of 1 OK created sql table model midraw.avito_ads ............................. [[32mSELECT 9269[0m in 2.06s]
[2026-07-11T23:00:12.208+0000] {subprocess.py:106} INFO - [0m23:00:12
[2026-07-11T23:00:12.208+0000] {subprocess.py:106} INFO - [0m23:00:12  Finished running 1 table model in 0 hours 0 minutes and 2.13 seconds (2.13s).
[2026-07-11T23:00:12.233+0000] {subprocess.py:106} INFO - [0m23:00:12
[2026-07-11T23:00:12.233+0000] {subprocess.py:106} INFO - [0m23:00:12  [32mCompleted successfully[0m
[2026-07-11T23:00:12.233+0000] {subprocess.py:106} INFO - [0m23:00:12
[2026-07-11T23:00:12.233+0000] {subprocess.py:106} INFO - [0m23:00:12  Done. PASS=1 WARN=0 ERROR=0 SKIP=0 NO-OP=0 TOTAL=1
[2026-07-11T23:00:13.893+0000] {subprocess.py:106} INFO - [0m23:00:13  Running with dbt=1.11.12
[2026-07-11T23:00:13.981+0000] {subprocess.py:106} INFO - [0m23:00:13  Registered adapter: postgres=1.9.0
[2026-07-11T23:00:14.180+0000] {subprocess.py:106} INFO - [0m23:00:14  Found 1 model, 6 data tests, 1 source, 475 macros
[2026-07-11T23:00:14.181+0000] {subprocess.py:106} INFO - [0m23:00:14
[2026-07-11T23:00:14.181+0000] {subprocess.py:106} INFO - [0m23:00:14  Concurrency: 4 threads (target='dev')
[2026-07-11T23:00:14.181+0000] {subprocess.py:106} INFO - [0m23:00:14
[2026-07-11T23:00:14.221+0000] {subprocess.py:106} INFO - [0m23:00:14  1 of 6 START test accepted_values_avito_ads_source_system__avito__synthetic_avito  [RUN]
[2026-07-11T23:00:14.222+0000] {subprocess.py:106} INFO - [0m23:00:14  2 of 6 START test not_null_avito_ads_avito_id .................................. [RUN]
[2026-07-11T23:00:14.222+0000] {subprocess.py:106} INFO - [0m23:00:14  3 of 6 START test not_null_avito_ads_row_number ................................ [RUN]
[2026-07-11T23:00:14.222+0000] {subprocess.py:106} INFO - [0m23:00:14  4 of 6 START test not_null_avito_ads_run_id .................................... [RUN]
[2026-07-11T23:00:14.275+0000] {subprocess.py:106} INFO - [0m23:00:14  2 of 6 PASS not_null_avito_ads_avito_id ........................................ [[32mPASS[0m in 0.05s]
[2026-07-11T23:00:14.275+0000] {subprocess.py:106} INFO - [0m23:00:14  4 of 6 PASS not_null_avito_ads_run_id .......................................... [[32mPASS[0m in 0.05s]
[2026-07-11T23:00:14.275+0000] {subprocess.py:106} INFO - [0m23:00:14  1 of 6 PASS accepted_values_avito_ads_source_system__avito__synthetic_avito .... [[32mPASS[0m in 0.05s]
[2026-07-11T23:00:14.276+0000] {subprocess.py:106} INFO - [0m23:00:14  3 of 6 PASS not_null_avito_ads_row_number ...................................... [[32mPASS[0m in 0.05s]
[2026-07-11T23:00:14.278+0000] {subprocess.py:106} INFO - [0m23:00:14  5 of 6 START test not_null_avito_ads_title ..................................... [RUN]
[2026-07-11T23:00:14.279+0000] {subprocess.py:106} INFO - [0m23:00:14  6 of 6 START test not_null_avito_ads_url ....................................... [RUN]
[2026-07-11T23:00:14.298+0000] {subprocess.py:106} INFO - [0m23:00:14  5 of 6 PASS not_null_avito_ads_title ........................................... [[32mPASS[0m in 0.02s]
[2026-07-11T23:00:14.299+0000] {subprocess.py:106} INFO - [0m23:00:14  6 of 6 PASS not_null_avito_ads_url ............................................. [[32mPASS[0m in 0.02s]
[2026-07-11T23:00:14.307+0000] {subprocess.py:106} INFO - [0m23:00:14
[2026-07-11T23:00:14.307+0000] {subprocess.py:106} INFO - [0m23:00:14  Finished running 6 data tests in 0 hours 0 minutes and 0.13 seconds (0.13s).
[2026-07-11T23:00:14.331+0000] {subprocess.py:106} INFO - [0m23:00:14
[2026-07-11T23:00:14.331+0000] {subprocess.py:106} INFO - [0m23:00:14  [32mCompleted successfully[0m
[2026-07-11T23:00:14.331+0000] {subprocess.py:106} INFO - [0m23:00:14
[2026-07-11T23:00:14.331+0000] {subprocess.py:106} INFO - [0m23:00:14  Done. PASS=6 WARN=0 ERROR=0 SKIP=0 NO-OP=0 TOTAL=6
[2026-07-11T23:00:15.107+0000] {subprocess.py:110} INFO - Command exited with return code 0
[2026-07-11T23:00:15.126+0000] {taskinstance.py:341} INFO - ::group::Post task execution logs
[2026-07-11T23:00:15.126+0000] {taskinstance.py:353} INFO - Marking task as SUCCESS. dag_id=avito_to_raw_midraw, task_id=dbt_build_midraw, run_id=scheduled__2026-07-11T22:00:00+00:00, execution_date=20260711T220000, start_date=20260711T230008, end_date=20260711T230015
[2026-07-11T23:00:15.171+0000] {local_task_job_runner.py:266} INFO - Task exited with return code 0
[2026-07-11T23:00:15.179+0000] {taskinstance.py:3901} INFO - 0 downstream tasks scheduled from follow-on schedule check
[2026-07-11T23:00:15.180+0000] {local_task_job_runner.py:245} INFO - ::endgroup::
