[2026-08-04T15:00:10.482+0000] {local_task_job_runner.py:123} INFO - ::group::Pre task execution logs
[2026-08-04T15:00:10.496+0000] {taskinstance.py:2614} INFO - Dependencies all met for dep_context=non-requeueable deps ti=<TaskInstance: avito_to_raw_midraw.dbt_build_midraw scheduled__2026-08-04T14:00:00+00:00 [queued]>
[2026-08-04T15:00:10.501+0000] {taskinstance.py:2614} INFO - Dependencies all met for dep_context=requeueable deps ti=<TaskInstance: avito_to_raw_midraw.dbt_build_midraw scheduled__2026-08-04T14:00:00+00:00 [queued]>
[2026-08-04T15:00:10.501+0000] {taskinstance.py:2867} INFO - Starting attempt 1 of 2
[2026-08-04T15:00:10.507+0000] {taskinstance.py:2890} INFO - Executing <Task(BashOperator): dbt_build_midraw> on 2026-08-04 14:00:00+00:00
[2026-08-04T15:00:10.511+0000] {standard_task_runner.py:72} INFO - Started process 1999 to run task
[2026-08-04T15:00:10.513+0000] {standard_task_runner.py:104} INFO - Running: ['***', 'tasks', 'run', 'avito_to_raw_midraw', 'dbt_build_midraw', 'scheduled__2026-08-04T14:00:00+00:00', '--job-id', '774', '--raw', '--subdir', 'DAGS_FOLDER/avito_to_raw_midraw.py', '--cfg-path', '/tmp/tmp0d_om9ki']
[2026-08-04T15:00:10.516+0000] {standard_task_runner.py:105} INFO - Job 774: Subtask dbt_build_midraw
[2026-08-04T15:00:10.552+0000] {task_command.py:467} INFO - Running <TaskInstance: avito_to_raw_midraw.dbt_build_midraw scheduled__2026-08-04T14:00:00+00:00 [running]> on host 4c6dd7d943f5
[2026-08-04T15:00:10.843+0000] {taskinstance.py:3134} INFO - Exporting env vars: AIRFLOW_CTX_DAG_OWNER='data-eng' AIRFLOW_CTX_DAG_ID='avito_to_raw_midraw' AIRFLOW_CTX_TASK_ID='dbt_build_midraw' AIRFLOW_CTX_EXECUTION_DATE='2026-08-04T14:00:00+00:00' AIRFLOW_CTX_TRY_NUMBER='1' AIRFLOW_CTX_DAG_RUN_ID='scheduled__2026-08-04T14:00:00+00:00'
[2026-08-04T15:00:10.844+0000] {taskinstance.py:732} INFO - ::endgroup::
[2026-08-04T15:00:10.853+0000] {subprocess.py:78} INFO - Tmp dir root location: /tmp
[2026-08-04T15:00:10.854+0000] {subprocess.py:88} INFO - Running command: ['/usr/bin/bash', '-c', 'cd /opt/***/dbt && dbt run --profiles-dir . --select avito_ads && dbt test --profiles-dir . --select avito_ads']
[2026-08-04T15:00:10.864+0000] {subprocess.py:99} INFO - Output:
[2026-08-04T15:00:12.655+0000] {subprocess.py:106} INFO - [0m15:00:12  Running with dbt=1.11.12
[2026-08-04T15:00:12.844+0000] {subprocess.py:106} INFO - [0m15:00:12  Registered adapter: postgres=1.9.0
[2026-08-04T15:00:13.213+0000] {subprocess.py:106} INFO - [0m15:00:13  Found 1 model, 4 data tests, 3 sources, 475 macros
[2026-08-04T15:00:13.216+0000] {subprocess.py:106} INFO - [0m15:00:13
[2026-08-04T15:00:13.216+0000] {subprocess.py:106} INFO - [0m15:00:13  Concurrency: 4 threads (target='dev')
[2026-08-04T15:00:13.217+0000] {subprocess.py:106} INFO - [0m15:00:13
[2026-08-04T15:00:13.318+0000] {subprocess.py:106} INFO - [0m15:00:13  1 of 1 START sql table model midraw.avito_ads .................................. [RUN]
[2026-08-04T15:00:16.216+0000] {subprocess.py:106} INFO - [0m15:00:16  1 of 1 OK created sql table model midraw.avito_ads ............................. [[32mSELECT 2019[0m in 2.89s]
[2026-08-04T15:00:16.237+0000] {subprocess.py:106} INFO - [0m15:00:16
[2026-08-04T15:00:16.238+0000] {subprocess.py:106} INFO - [0m15:00:16  Finished running 1 table model in 0 hours 0 minutes and 3.02 seconds (3.02s).
[2026-08-04T15:00:16.283+0000] {subprocess.py:106} INFO - [0m15:00:16
[2026-08-04T15:00:16.283+0000] {subprocess.py:106} INFO - [0m15:00:16  [32mCompleted successfully[0m
[2026-08-04T15:00:16.284+0000] {subprocess.py:106} INFO - [0m15:00:16
[2026-08-04T15:00:16.284+0000] {subprocess.py:106} INFO - [0m15:00:16  Done. PASS=1 WARN=0 ERROR=0 SKIP=0 NO-OP=0 TOTAL=1
[2026-08-04T15:00:18.420+0000] {subprocess.py:106} INFO - [0m15:00:18  Running with dbt=1.11.12
[2026-08-04T15:00:18.552+0000] {subprocess.py:106} INFO - [0m15:00:18  Registered adapter: postgres=1.9.0
[2026-08-04T15:00:18.840+0000] {subprocess.py:106} INFO - [0m15:00:18  Found 1 model, 4 data tests, 3 sources, 475 macros
[2026-08-04T15:00:18.841+0000] {subprocess.py:106} INFO - [0m15:00:18
[2026-08-04T15:00:18.842+0000] {subprocess.py:106} INFO - [0m15:00:18  Concurrency: 4 threads (target='dev')
[2026-08-04T15:00:18.842+0000] {subprocess.py:106} INFO - [0m15:00:18
[2026-08-04T15:00:18.898+0000] {subprocess.py:106} INFO - [0m15:00:18  1 of 4 START test accepted_values_avito_ads_source_system__avito__synthetic_avito  [RUN]
[2026-08-04T15:00:18.899+0000] {subprocess.py:106} INFO - [0m15:00:18  2 of 4 START test not_null_avito_ads_avito_id .................................. [RUN]
[2026-08-04T15:00:18.899+0000] {subprocess.py:106} INFO - [0m15:00:18  3 of 4 START test not_null_avito_ads_title ..................................... [RUN]
[2026-08-04T15:00:18.900+0000] {subprocess.py:106} INFO - [0m15:00:18  4 of 4 START test not_null_avito_ads_url ....................................... [RUN]
[2026-08-04T15:00:18.965+0000] {subprocess.py:106} INFO - [0m15:00:18  3 of 4 PASS not_null_avito_ads_title ........................................... [[32mPASS[0m in 0.06s]
[2026-08-04T15:00:18.966+0000] {subprocess.py:106} INFO - [0m15:00:18  2 of 4 PASS not_null_avito_ads_avito_id ........................................ [[32mPASS[0m in 0.07s]
[2026-08-04T15:00:18.966+0000] {subprocess.py:106} INFO - [0m15:00:18  1 of 4 PASS accepted_values_avito_ads_source_system__avito__synthetic_avito .... [[32mPASS[0m in 0.07s]
[2026-08-04T15:00:18.967+0000] {subprocess.py:106} INFO - [0m15:00:18  4 of 4 PASS not_null_avito_ads_url ............................................. [[32mPASS[0m in 0.07s]
[2026-08-04T15:00:18.980+0000] {subprocess.py:106} INFO - [0m15:00:18
[2026-08-04T15:00:18.980+0000] {subprocess.py:106} INFO - [0m15:00:18  Finished running 4 data tests in 0 hours 0 minutes and 0.14 seconds (0.14s).
[2026-08-04T15:00:19.017+0000] {subprocess.py:106} INFO - [0m15:00:19
[2026-08-04T15:00:19.017+0000] {subprocess.py:106} INFO - [0m15:00:19  [32mCompleted successfully[0m
[2026-08-04T15:00:19.018+0000] {subprocess.py:106} INFO - [0m15:00:19
[2026-08-04T15:00:19.018+0000] {subprocess.py:106} INFO - [0m15:00:19  Done. PASS=4 WARN=0 ERROR=0 SKIP=0 NO-OP=0 TOTAL=4
[2026-08-04T15:00:19.762+0000] {subprocess.py:110} INFO - Command exited with return code 0
[2026-08-04T15:00:19.805+0000] {taskinstance.py:341} INFO - ::group::Post task execution logs
[2026-08-04T15:00:19.806+0000] {taskinstance.py:353} INFO - Marking task as SUCCESS. dag_id=avito_to_raw_midraw, task_id=dbt_build_midraw, run_id=scheduled__2026-08-04T14:00:00+00:00, execution_date=20260804T140000, start_date=20260804T150010, end_date=20260804T150019
[2026-08-04T15:00:19.885+0000] {local_task_job_runner.py:266} INFO - Task exited with return code 0
[2026-08-04T15:00:19.900+0000] {taskinstance.py:3901} INFO - 0 downstream tasks scheduled from follow-on schedule check
[2026-08-04T15:00:19.901+0000] {local_task_job_runner.py:245} INFO - ::endgroup::
