[2026-07-26T12:19:18.373+0000] {local_task_job_runner.py:123} INFO - ::group::Pre task execution logs
[2026-07-26T12:19:18.391+0000] {taskinstance.py:2614} INFO - Dependencies all met for dep_context=non-requeueable deps ti=<TaskInstance: avito_to_raw_midraw.dbt_build_midraw scheduled__2026-07-26T11:00:00+00:00 [queued]>
[2026-07-26T12:19:18.397+0000] {taskinstance.py:2614} INFO - Dependencies all met for dep_context=requeueable deps ti=<TaskInstance: avito_to_raw_midraw.dbt_build_midraw scheduled__2026-07-26T11:00:00+00:00 [queued]>
[2026-07-26T12:19:18.397+0000] {taskinstance.py:2867} INFO - Starting attempt 1 of 2
[2026-07-26T12:19:18.404+0000] {taskinstance.py:2890} INFO - Executing <Task(BashOperator): dbt_build_midraw> on 2026-07-26 11:00:00+00:00
[2026-07-26T12:19:18.413+0000] {standard_task_runner.py:72} INFO - Started process 3384 to run task
[2026-07-26T12:19:18.415+0000] {standard_task_runner.py:104} INFO - Running: ['***', 'tasks', 'run', 'avito_to_raw_midraw', 'dbt_build_midraw', 'scheduled__2026-07-26T11:00:00+00:00', '--job-id', '358', '--raw', '--subdir', 'DAGS_FOLDER/avito_to_raw_midraw.py', '--cfg-path', '/tmp/tmp7uxrjkwh']
[2026-07-26T12:19:18.418+0000] {standard_task_runner.py:105} INFO - Job 358: Subtask dbt_build_midraw
[2026-07-26T12:19:18.456+0000] {task_command.py:467} INFO - Running <TaskInstance: avito_to_raw_midraw.dbt_build_midraw scheduled__2026-07-26T11:00:00+00:00 [running]> on host 4c6dd7d943f5
[2026-07-26T12:19:18.690+0000] {taskinstance.py:3134} INFO - Exporting env vars: AIRFLOW_CTX_DAG_OWNER='data-eng' AIRFLOW_CTX_DAG_ID='avito_to_raw_midraw' AIRFLOW_CTX_TASK_ID='dbt_build_midraw' AIRFLOW_CTX_EXECUTION_DATE='2026-07-26T11:00:00+00:00' AIRFLOW_CTX_TRY_NUMBER='1' AIRFLOW_CTX_DAG_RUN_ID='scheduled__2026-07-26T11:00:00+00:00'
[2026-07-26T12:19:18.691+0000] {taskinstance.py:732} INFO - ::endgroup::
[2026-07-26T12:19:18.696+0000] {subprocess.py:78} INFO - Tmp dir root location: /tmp
[2026-07-26T12:19:18.697+0000] {subprocess.py:88} INFO - Running command: ['/usr/bin/bash', '-c', 'cd /opt/***/dbt && dbt run --profiles-dir . --select avito_ads && dbt test --profiles-dir . --select avito_ads']
[2026-07-26T12:19:18.703+0000] {subprocess.py:99} INFO - Output:
[2026-07-26T12:19:20.001+0000] {subprocess.py:106} INFO - [0m12:19:20  Running with dbt=1.11.12
[2026-07-26T12:19:20.124+0000] {subprocess.py:106} INFO - [0m12:19:20  Registered adapter: postgres=1.9.0
[2026-07-26T12:19:20.361+0000] {subprocess.py:106} INFO - [0m12:19:20  Found 1 model, 4 data tests, 3 sources, 475 macros
[2026-07-26T12:19:20.363+0000] {subprocess.py:106} INFO - [0m12:19:20
[2026-07-26T12:19:20.363+0000] {subprocess.py:106} INFO - [0m12:19:20  Concurrency: 4 threads (target='dev')
[2026-07-26T12:19:20.363+0000] {subprocess.py:106} INFO - [0m12:19:20
[2026-07-26T12:19:20.440+0000] {subprocess.py:106} INFO - [0m12:19:20  1 of 1 START sql table model midraw.avito_ads .................................. [RUN]
[2026-07-26T12:19:20.530+0000] {subprocess.py:106} INFO - [0m12:19:20  1 of 1 OK created sql table model midraw.avito_ads ............................. [[32mSELECT 606[0m in 0.09s]
[2026-07-26T12:19:20.540+0000] {subprocess.py:106} INFO - [0m12:19:20
[2026-07-26T12:19:20.540+0000] {subprocess.py:106} INFO - [0m12:19:20  Finished running 1 table model in 0 hours 0 minutes and 0.18 seconds (0.18s).
[2026-07-26T12:19:20.583+0000] {subprocess.py:106} INFO - [0m12:19:20
[2026-07-26T12:19:20.584+0000] {subprocess.py:106} INFO - [0m12:19:20  [32mCompleted successfully[0m
[2026-07-26T12:19:20.584+0000] {subprocess.py:106} INFO - [0m12:19:20
[2026-07-26T12:19:20.585+0000] {subprocess.py:106} INFO - [0m12:19:20  Done. PASS=1 WARN=0 ERROR=0 SKIP=0 NO-OP=0 TOTAL=1
[2026-07-26T12:19:22.759+0000] {subprocess.py:106} INFO - [0m12:19:22  Running with dbt=1.11.12
[2026-07-26T12:19:22.865+0000] {subprocess.py:106} INFO - [0m12:19:22  Registered adapter: postgres=1.9.0
[2026-07-26T12:19:23.078+0000] {subprocess.py:106} INFO - [0m12:19:23  Found 1 model, 4 data tests, 3 sources, 475 macros
[2026-07-26T12:19:23.079+0000] {subprocess.py:106} INFO - [0m12:19:23
[2026-07-26T12:19:23.079+0000] {subprocess.py:106} INFO - [0m12:19:23  Concurrency: 4 threads (target='dev')
[2026-07-26T12:19:23.079+0000] {subprocess.py:106} INFO - [0m12:19:23
[2026-07-26T12:19:23.121+0000] {subprocess.py:106} INFO - [0m12:19:23  1 of 4 START test accepted_values_avito_ads_source_system__avito__synthetic_avito  [RUN]
[2026-07-26T12:19:23.121+0000] {subprocess.py:106} INFO - [0m12:19:23  2 of 4 START test not_null_avito_ads_avito_id .................................. [RUN]
[2026-07-26T12:19:23.122+0000] {subprocess.py:106} INFO - [0m12:19:23  3 of 4 START test not_null_avito_ads_title ..................................... [RUN]
[2026-07-26T12:19:23.122+0000] {subprocess.py:106} INFO - [0m12:19:23  4 of 4 START test not_null_avito_ads_url ....................................... [RUN]
[2026-07-26T12:19:23.172+0000] {subprocess.py:106} INFO - [0m12:19:23  2 of 4 PASS not_null_avito_ads_avito_id ........................................ [[32mPASS[0m in 0.05s]
[2026-07-26T12:19:23.173+0000] {subprocess.py:106} INFO - [0m12:19:23  1 of 4 PASS accepted_values_avito_ads_source_system__avito__synthetic_avito .... [[32mPASS[0m in 0.05s]
[2026-07-26T12:19:23.173+0000] {subprocess.py:106} INFO - [0m12:19:23  3 of 4 PASS not_null_avito_ads_title ........................................... [[32mPASS[0m in 0.05s]
[2026-07-26T12:19:23.174+0000] {subprocess.py:106} INFO - [0m12:19:23  4 of 4 PASS not_null_avito_ads_url ............................................. [[32mPASS[0m in 0.05s]
[2026-07-26T12:19:23.183+0000] {subprocess.py:106} INFO - [0m12:19:23
[2026-07-26T12:19:23.184+0000] {subprocess.py:106} INFO - [0m12:19:23  Finished running 4 data tests in 0 hours 0 minutes and 0.10 seconds (0.10s).
[2026-07-26T12:19:23.208+0000] {subprocess.py:106} INFO - [0m12:19:23
[2026-07-26T12:19:23.209+0000] {subprocess.py:106} INFO - [0m12:19:23  [32mCompleted successfully[0m
[2026-07-26T12:19:23.209+0000] {subprocess.py:106} INFO - [0m12:19:23
[2026-07-26T12:19:23.209+0000] {subprocess.py:106} INFO - [0m12:19:23  Done. PASS=4 WARN=0 ERROR=0 SKIP=0 NO-OP=0 TOTAL=4
[2026-07-26T12:19:23.994+0000] {subprocess.py:110} INFO - Command exited with return code 0
[2026-07-26T12:19:24.036+0000] {taskinstance.py:341} INFO - ::group::Post task execution logs
[2026-07-26T12:19:24.037+0000] {taskinstance.py:353} INFO - Marking task as SUCCESS. dag_id=avito_to_raw_midraw, task_id=dbt_build_midraw, run_id=scheduled__2026-07-26T11:00:00+00:00, execution_date=20260726T110000, start_date=20260726T121918, end_date=20260726T121924
[2026-07-26T12:19:24.087+0000] {local_task_job_runner.py:266} INFO - Task exited with return code 0
[2026-07-26T12:19:24.105+0000] {taskinstance.py:3901} INFO - 0 downstream tasks scheduled from follow-on schedule check
[2026-07-26T12:19:24.106+0000] {local_task_job_runner.py:245} INFO - ::endgroup::
