[2026-07-29T07:11:53.654+0000] {local_task_job_runner.py:123} INFO - ::group::Pre task execution logs
[2026-07-29T07:11:53.664+0000] {taskinstance.py:2614} INFO - Dependencies all met for dep_context=non-requeueable deps ti=<TaskInstance: avito_to_raw_midraw.dbt_build_midraw scheduled__2026-07-29T06:00:00+00:00 [queued]>
[2026-07-29T07:11:53.668+0000] {taskinstance.py:2614} INFO - Dependencies all met for dep_context=requeueable deps ti=<TaskInstance: avito_to_raw_midraw.dbt_build_midraw scheduled__2026-07-29T06:00:00+00:00 [queued]>
[2026-07-29T07:11:53.669+0000] {taskinstance.py:2867} INFO - Starting attempt 1 of 2
[2026-07-29T07:11:53.675+0000] {taskinstance.py:2890} INFO - Executing <Task(BashOperator): dbt_build_midraw> on 2026-07-29 06:00:00+00:00
[2026-07-29T07:11:53.677+0000] {standard_task_runner.py:72} INFO - Started process 5346 to run task
[2026-07-29T07:11:53.679+0000] {standard_task_runner.py:104} INFO - Running: ['***', 'tasks', 'run', 'avito_to_raw_midraw', 'dbt_build_midraw', 'scheduled__2026-07-29T06:00:00+00:00', '--job-id', '493', '--raw', '--subdir', 'DAGS_FOLDER/avito_to_raw_midraw.py', '--cfg-path', '/tmp/tmpx_s_1rwz']
[2026-07-29T07:11:53.681+0000] {standard_task_runner.py:105} INFO - Job 493: Subtask dbt_build_midraw
[2026-07-29T07:11:53.707+0000] {task_command.py:467} INFO - Running <TaskInstance: avito_to_raw_midraw.dbt_build_midraw scheduled__2026-07-29T06:00:00+00:00 [running]> on host 4c6dd7d943f5
[2026-07-29T07:11:53.850+0000] {taskinstance.py:3134} INFO - Exporting env vars: AIRFLOW_CTX_DAG_OWNER='data-eng' AIRFLOW_CTX_DAG_ID='avito_to_raw_midraw' AIRFLOW_CTX_TASK_ID='dbt_build_midraw' AIRFLOW_CTX_EXECUTION_DATE='2026-07-29T06:00:00+00:00' AIRFLOW_CTX_TRY_NUMBER='1' AIRFLOW_CTX_DAG_RUN_ID='scheduled__2026-07-29T06:00:00+00:00'
[2026-07-29T07:11:53.850+0000] {taskinstance.py:732} INFO - ::endgroup::
[2026-07-29T07:11:53.856+0000] {subprocess.py:78} INFO - Tmp dir root location: /tmp
[2026-07-29T07:11:53.856+0000] {subprocess.py:88} INFO - Running command: ['/usr/bin/bash', '-c', 'cd /opt/***/dbt && dbt run --profiles-dir . --select avito_ads && dbt test --profiles-dir . --select avito_ads']
[2026-07-29T07:11:53.861+0000] {subprocess.py:99} INFO - Output:
[2026-07-29T07:11:54.863+0000] {subprocess.py:106} INFO - [0m07:11:54  Running with dbt=1.11.12
[2026-07-29T07:11:54.965+0000] {subprocess.py:106} INFO - [0m07:11:54  Registered adapter: postgres=1.9.0
[2026-07-29T07:11:55.185+0000] {subprocess.py:106} INFO - [0m07:11:55  Found 1 model, 4 data tests, 3 sources, 475 macros
[2026-07-29T07:11:55.186+0000] {subprocess.py:106} INFO - [0m07:11:55
[2026-07-29T07:11:55.187+0000] {subprocess.py:106} INFO - [0m07:11:55  Concurrency: 4 threads (target='dev')
[2026-07-29T07:11:55.187+0000] {subprocess.py:106} INFO - [0m07:11:55
[2026-07-29T07:11:55.246+0000] {subprocess.py:106} INFO - [0m07:11:55  1 of 1 START sql table model midraw.avito_ads .................................. [RUN]
[2026-07-29T07:11:55.318+0000] {subprocess.py:106} INFO - [0m07:11:55  1 of 1 OK created sql table model midraw.avito_ads ............................. [[32mSELECT 1221[0m in 0.07s]
[2026-07-29T07:11:55.325+0000] {subprocess.py:106} INFO - [0m07:11:55
[2026-07-29T07:11:55.326+0000] {subprocess.py:106} INFO - [0m07:11:55  Finished running 1 table model in 0 hours 0 minutes and 0.14 seconds (0.14s).
[2026-07-29T07:11:55.352+0000] {subprocess.py:106} INFO - [0m07:11:55
[2026-07-29T07:11:55.353+0000] {subprocess.py:106} INFO - [0m07:11:55  [32mCompleted successfully[0m
[2026-07-29T07:11:55.353+0000] {subprocess.py:106} INFO - [0m07:11:55
[2026-07-29T07:11:55.353+0000] {subprocess.py:106} INFO - [0m07:11:55  Done. PASS=1 WARN=0 ERROR=0 SKIP=0 NO-OP=0 TOTAL=1
[2026-07-29T07:11:57.091+0000] {subprocess.py:106} INFO - [0m07:11:57  Running with dbt=1.11.12
[2026-07-29T07:11:57.193+0000] {subprocess.py:106} INFO - [0m07:11:57  Registered adapter: postgres=1.9.0
[2026-07-29T07:11:57.416+0000] {subprocess.py:106} INFO - [0m07:11:57  Found 1 model, 4 data tests, 3 sources, 475 macros
[2026-07-29T07:11:57.417+0000] {subprocess.py:106} INFO - [0m07:11:57
[2026-07-29T07:11:57.418+0000] {subprocess.py:106} INFO - [0m07:11:57  Concurrency: 4 threads (target='dev')
[2026-07-29T07:11:57.418+0000] {subprocess.py:106} INFO - [0m07:11:57
[2026-07-29T07:11:57.459+0000] {subprocess.py:106} INFO - [0m07:11:57  1 of 4 START test accepted_values_avito_ads_source_system__avito__synthetic_avito  [RUN]
[2026-07-29T07:11:57.460+0000] {subprocess.py:106} INFO - [0m07:11:57  2 of 4 START test not_null_avito_ads_avito_id .................................. [RUN]
[2026-07-29T07:11:57.460+0000] {subprocess.py:106} INFO - [0m07:11:57  3 of 4 START test not_null_avito_ads_title ..................................... [RUN]
[2026-07-29T07:11:57.460+0000] {subprocess.py:106} INFO - [0m07:11:57  4 of 4 START test not_null_avito_ads_url ....................................... [RUN]
[2026-07-29T07:11:57.513+0000] {subprocess.py:106} INFO - [0m07:11:57  2 of 4 PASS not_null_avito_ads_avito_id ........................................ [[32mPASS[0m in 0.05s]
[2026-07-29T07:11:57.513+0000] {subprocess.py:106} INFO - [0m07:11:57  1 of 4 PASS accepted_values_avito_ads_source_system__avito__synthetic_avito .... [[32mPASS[0m in 0.05s]
[2026-07-29T07:11:57.514+0000] {subprocess.py:106} INFO - [0m07:11:57  3 of 4 PASS not_null_avito_ads_title ........................................... [[32mPASS[0m in 0.05s]
[2026-07-29T07:11:57.514+0000] {subprocess.py:106} INFO - [0m07:11:57  4 of 4 PASS not_null_avito_ads_url ............................................. [[32mPASS[0m in 0.05s]
[2026-07-29T07:11:57.525+0000] {subprocess.py:106} INFO - [0m07:11:57
[2026-07-29T07:11:57.525+0000] {subprocess.py:106} INFO - [0m07:11:57  Finished running 4 data tests in 0 hours 0 minutes and 0.11 seconds (0.11s).
[2026-07-29T07:11:57.550+0000] {subprocess.py:106} INFO - [0m07:11:57
[2026-07-29T07:11:57.551+0000] {subprocess.py:106} INFO - [0m07:11:57  [32mCompleted successfully[0m
[2026-07-29T07:11:57.551+0000] {subprocess.py:106} INFO - [0m07:11:57
[2026-07-29T07:11:57.551+0000] {subprocess.py:106} INFO - [0m07:11:57  Done. PASS=4 WARN=0 ERROR=0 SKIP=0 NO-OP=0 TOTAL=4
[2026-07-29T07:11:58.275+0000] {subprocess.py:110} INFO - Command exited with return code 0
[2026-07-29T07:11:58.291+0000] {taskinstance.py:341} INFO - ::group::Post task execution logs
[2026-07-29T07:11:58.291+0000] {taskinstance.py:353} INFO - Marking task as SUCCESS. dag_id=avito_to_raw_midraw, task_id=dbt_build_midraw, run_id=scheduled__2026-07-29T06:00:00+00:00, execution_date=20260729T060000, start_date=20260729T071153, end_date=20260729T071158
[2026-07-29T07:11:58.326+0000] {local_task_job_runner.py:266} INFO - Task exited with return code 0
[2026-07-29T07:11:58.338+0000] {taskinstance.py:3901} INFO - 0 downstream tasks scheduled from follow-on schedule check
[2026-07-29T07:11:58.338+0000] {local_task_job_runner.py:245} INFO - ::endgroup::
