[2026-08-03T14:11:40.868+0000] {local_task_job_runner.py:123} INFO - ::group::Pre task execution logs
[2026-08-03T14:11:40.879+0000] {taskinstance.py:2614} INFO - Dependencies all met for dep_context=non-requeueable deps ti=<TaskInstance: avito_to_raw_midraw.dbt_build_midraw scheduled__2026-08-03T13:00:00+00:00 [queued]>
[2026-08-03T14:11:40.882+0000] {taskinstance.py:2614} INFO - Dependencies all met for dep_context=requeueable deps ti=<TaskInstance: avito_to_raw_midraw.dbt_build_midraw scheduled__2026-08-03T13:00:00+00:00 [queued]>
[2026-08-03T14:11:40.883+0000] {taskinstance.py:2867} INFO - Starting attempt 1 of 2
[2026-08-03T14:11:40.888+0000] {taskinstance.py:2890} INFO - Executing <Task(BashOperator): dbt_build_midraw> on 2026-08-03 13:00:00+00:00
[2026-08-03T14:11:40.890+0000] {standard_task_runner.py:72} INFO - Started process 1384 to run task
[2026-08-03T14:11:40.893+0000] {standard_task_runner.py:104} INFO - Running: ['***', 'tasks', 'run', 'avito_to_raw_midraw', 'dbt_build_midraw', 'scheduled__2026-08-03T13:00:00+00:00', '--job-id', '687', '--raw', '--subdir', 'DAGS_FOLDER/avito_to_raw_midraw.py', '--cfg-path', '/tmp/tmp66c44pi8']
[2026-08-03T14:11:40.895+0000] {standard_task_runner.py:105} INFO - Job 687: Subtask dbt_build_midraw
[2026-08-03T14:11:40.924+0000] {task_command.py:467} INFO - Running <TaskInstance: avito_to_raw_midraw.dbt_build_midraw scheduled__2026-08-03T13:00:00+00:00 [running]> on host 4c6dd7d943f5
[2026-08-03T14:11:41.085+0000] {taskinstance.py:3134} INFO - Exporting env vars: AIRFLOW_CTX_DAG_OWNER='data-eng' AIRFLOW_CTX_DAG_ID='avito_to_raw_midraw' AIRFLOW_CTX_TASK_ID='dbt_build_midraw' AIRFLOW_CTX_EXECUTION_DATE='2026-08-03T13:00:00+00:00' AIRFLOW_CTX_TRY_NUMBER='1' AIRFLOW_CTX_DAG_RUN_ID='scheduled__2026-08-03T13:00:00+00:00'
[2026-08-03T14:11:41.086+0000] {taskinstance.py:732} INFO - ::endgroup::
[2026-08-03T14:11:41.091+0000] {subprocess.py:78} INFO - Tmp dir root location: /tmp
[2026-08-03T14:11:41.092+0000] {subprocess.py:88} INFO - Running command: ['/usr/bin/bash', '-c', 'cd /opt/***/dbt && dbt run --profiles-dir . --select avito_ads && dbt test --profiles-dir . --select avito_ads']
[2026-08-03T14:11:41.097+0000] {subprocess.py:99} INFO - Output:
[2026-08-03T14:11:42.132+0000] {subprocess.py:106} INFO - [0m14:11:42  Running with dbt=1.11.12
[2026-08-03T14:11:42.236+0000] {subprocess.py:106} INFO - [0m14:11:42  Registered adapter: postgres=1.9.0
[2026-08-03T14:11:42.459+0000] {subprocess.py:106} INFO - [0m14:11:42  Found 1 model, 4 data tests, 3 sources, 475 macros
[2026-08-03T14:11:42.460+0000] {subprocess.py:106} INFO - [0m14:11:42
[2026-08-03T14:11:42.461+0000] {subprocess.py:106} INFO - [0m14:11:42  Concurrency: 4 threads (target='dev')
[2026-08-03T14:11:42.461+0000] {subprocess.py:106} INFO - [0m14:11:42
[2026-08-03T14:11:42.516+0000] {subprocess.py:106} INFO - [0m14:11:42  1 of 1 START sql table model midraw.avito_ads .................................. [RUN]
[2026-08-03T14:11:42.589+0000] {subprocess.py:106} INFO - [0m14:11:42  1 of 1 OK created sql table model midraw.avito_ads ............................. [[32mSELECT 1964[0m in 0.07s]
[2026-08-03T14:11:42.597+0000] {subprocess.py:106} INFO - [0m14:11:42
[2026-08-03T14:11:42.598+0000] {subprocess.py:106} INFO - [0m14:11:42  Finished running 1 table model in 0 hours 0 minutes and 0.14 seconds (0.14s).
[2026-08-03T14:11:42.623+0000] {subprocess.py:106} INFO - [0m14:11:42
[2026-08-03T14:11:42.623+0000] {subprocess.py:106} INFO - [0m14:11:42  [32mCompleted successfully[0m
[2026-08-03T14:11:42.623+0000] {subprocess.py:106} INFO - [0m14:11:42
[2026-08-03T14:11:42.624+0000] {subprocess.py:106} INFO - [0m14:11:42  Done. PASS=1 WARN=0 ERROR=0 SKIP=0 NO-OP=0 TOTAL=1
[2026-08-03T14:11:44.452+0000] {subprocess.py:106} INFO - [0m14:11:44  Running with dbt=1.11.12
[2026-08-03T14:11:44.569+0000] {subprocess.py:106} INFO - [0m14:11:44  Registered adapter: postgres=1.9.0
[2026-08-03T14:11:44.817+0000] {subprocess.py:106} INFO - [0m14:11:44  Found 1 model, 4 data tests, 3 sources, 475 macros
[2026-08-03T14:11:44.819+0000] {subprocess.py:106} INFO - [0m14:11:44
[2026-08-03T14:11:44.819+0000] {subprocess.py:106} INFO - [0m14:11:44  Concurrency: 4 threads (target='dev')
[2026-08-03T14:11:44.820+0000] {subprocess.py:106} INFO - [0m14:11:44
[2026-08-03T14:11:44.866+0000] {subprocess.py:106} INFO - [0m14:11:44  1 of 4 START test accepted_values_avito_ads_source_system__avito__synthetic_avito  [RUN]
[2026-08-03T14:11:44.867+0000] {subprocess.py:106} INFO - [0m14:11:44  2 of 4 START test not_null_avito_ads_avito_id .................................. [RUN]
[2026-08-03T14:11:44.867+0000] {subprocess.py:106} INFO - [0m14:11:44  3 of 4 START test not_null_avito_ads_title ..................................... [RUN]
[2026-08-03T14:11:44.867+0000] {subprocess.py:106} INFO - [0m14:11:44  4 of 4 START test not_null_avito_ads_url ....................................... [RUN]
[2026-08-03T14:11:44.925+0000] {subprocess.py:106} INFO - [0m14:11:44  2 of 4 PASS not_null_avito_ads_avito_id ........................................ [[32mPASS[0m in 0.06s]
[2026-08-03T14:11:44.926+0000] {subprocess.py:106} INFO - [0m14:11:44  1 of 4 PASS accepted_values_avito_ads_source_system__avito__synthetic_avito .... [[32mPASS[0m in 0.06s]
[2026-08-03T14:11:44.927+0000] {subprocess.py:106} INFO - [0m14:11:44  3 of 4 PASS not_null_avito_ads_title ........................................... [[32mPASS[0m in 0.06s]
[2026-08-03T14:11:44.927+0000] {subprocess.py:106} INFO - [0m14:11:44  4 of 4 PASS not_null_avito_ads_url ............................................. [[32mPASS[0m in 0.06s]
[2026-08-03T14:11:44.938+0000] {subprocess.py:106} INFO - [0m14:11:44
[2026-08-03T14:11:44.939+0000] {subprocess.py:106} INFO - [0m14:11:44  Finished running 4 data tests in 0 hours 0 minutes and 0.12 seconds (0.12s).
[2026-08-03T14:11:44.967+0000] {subprocess.py:106} INFO - [0m14:11:44
[2026-08-03T14:11:44.967+0000] {subprocess.py:106} INFO - [0m14:11:44  [32mCompleted successfully[0m
[2026-08-03T14:11:44.967+0000] {subprocess.py:106} INFO - [0m14:11:44
[2026-08-03T14:11:44.968+0000] {subprocess.py:106} INFO - [0m14:11:44  Done. PASS=4 WARN=0 ERROR=0 SKIP=0 NO-OP=0 TOTAL=4
[2026-08-03T14:11:46.739+0000] {subprocess.py:110} INFO - Command exited with return code 0
[2026-08-03T14:11:46.790+0000] {taskinstance.py:341} INFO - ::group::Post task execution logs
[2026-08-03T14:11:46.791+0000] {taskinstance.py:353} INFO - Marking task as SUCCESS. dag_id=avito_to_raw_midraw, task_id=dbt_build_midraw, run_id=scheduled__2026-08-03T13:00:00+00:00, execution_date=20260803T130000, start_date=20260803T141140, end_date=20260803T141146
[2026-08-03T14:11:46.863+0000] {local_task_job_runner.py:266} INFO - Task exited with return code 0
[2026-08-03T14:11:46.896+0000] {taskinstance.py:3901} INFO - 0 downstream tasks scheduled from follow-on schedule check
[2026-08-03T14:11:46.898+0000] {local_task_job_runner.py:245} INFO - ::endgroup::
