[2026-07-24T07:17:21.380+0000] {local_task_job_runner.py:123} INFO - ::group::Pre task execution logs
[2026-07-24T07:17:21.389+0000] {taskinstance.py:2614} INFO - Dependencies all met for dep_context=non-requeueable deps ti=<TaskInstance: avito_to_raw_midraw.dbt_build_midraw scheduled__2026-07-24T06:00:00+00:00 [queued]>
[2026-07-24T07:17:21.393+0000] {taskinstance.py:2614} INFO - Dependencies all met for dep_context=requeueable deps ti=<TaskInstance: avito_to_raw_midraw.dbt_build_midraw scheduled__2026-07-24T06:00:00+00:00 [queued]>
[2026-07-24T07:17:21.393+0000] {taskinstance.py:2867} INFO - Starting attempt 1 of 2
[2026-07-24T07:17:21.397+0000] {taskinstance.py:2890} INFO - Executing <Task(BashOperator): dbt_build_midraw> on 2026-07-24 06:00:00+00:00
[2026-07-24T07:17:21.399+0000] {standard_task_runner.py:72} INFO - Started process 1833 to run task
[2026-07-24T07:17:21.402+0000] {standard_task_runner.py:104} INFO - Running: ['***', 'tasks', 'run', 'avito_to_raw_midraw', 'dbt_build_midraw', 'scheduled__2026-07-24T06:00:00+00:00', '--job-id', '252', '--raw', '--subdir', 'DAGS_FOLDER/avito_to_raw_midraw.py', '--cfg-path', '/tmp/tmp4zqmklki']
[2026-07-24T07:17:21.403+0000] {standard_task_runner.py:105} INFO - Job 252: Subtask dbt_build_midraw
[2026-07-24T07:17:21.429+0000] {task_command.py:467} INFO - Running <TaskInstance: avito_to_raw_midraw.dbt_build_midraw scheduled__2026-07-24T06:00:00+00:00 [running]> on host 4c6dd7d943f5
[2026-07-24T07:17:21.562+0000] {taskinstance.py:3134} INFO - Exporting env vars: AIRFLOW_CTX_DAG_OWNER='data-eng' AIRFLOW_CTX_DAG_ID='avito_to_raw_midraw' AIRFLOW_CTX_TASK_ID='dbt_build_midraw' AIRFLOW_CTX_EXECUTION_DATE='2026-07-24T06:00:00+00:00' AIRFLOW_CTX_TRY_NUMBER='1' AIRFLOW_CTX_DAG_RUN_ID='scheduled__2026-07-24T06:00:00+00:00'
[2026-07-24T07:17:21.563+0000] {taskinstance.py:732} INFO - ::endgroup::
[2026-07-24T07:17:21.567+0000] {subprocess.py:78} INFO - Tmp dir root location: /tmp
[2026-07-24T07:17:21.568+0000] {subprocess.py:88} INFO - Running command: ['/usr/bin/bash', '-c', 'cd /opt/***/dbt && dbt run --profiles-dir . --select avito_ads && dbt test --profiles-dir . --select avito_ads']
[2026-07-24T07:17:21.572+0000] {subprocess.py:99} INFO - Output:
[2026-07-24T07:17:22.544+0000] {subprocess.py:106} INFO - [0m07:17:22  Running with dbt=1.11.12
[2026-07-24T07:17:22.647+0000] {subprocess.py:106} INFO - [0m07:17:22  Registered adapter: postgres=1.9.0
[2026-07-24T07:17:22.863+0000] {subprocess.py:106} INFO - [0m07:17:22  Found 1 model, 4 data tests, 3 sources, 475 macros
[2026-07-24T07:17:22.864+0000] {subprocess.py:106} INFO - [0m07:17:22
[2026-07-24T07:17:22.865+0000] {subprocess.py:106} INFO - [0m07:17:22  Concurrency: 4 threads (target='dev')
[2026-07-24T07:17:22.865+0000] {subprocess.py:106} INFO - [0m07:17:22
[2026-07-24T07:17:22.917+0000] {subprocess.py:106} INFO - [0m07:17:22  1 of 1 START sql table model midraw.avito_ads .................................. [RUN]
[2026-07-24T07:17:22.986+0000] {subprocess.py:106} INFO - [0m07:17:22  1 of 1 OK created sql table model midraw.avito_ads ............................. [[32mSELECT 2210[0m in 0.07s]
[2026-07-24T07:17:22.993+0000] {subprocess.py:106} INFO - [0m07:17:22
[2026-07-24T07:17:22.994+0000] {subprocess.py:106} INFO - [0m07:17:22  Finished running 1 table model in 0 hours 0 minutes and 0.13 seconds (0.13s).
[2026-07-24T07:17:23.016+0000] {subprocess.py:106} INFO - [0m07:17:23
[2026-07-24T07:17:23.016+0000] {subprocess.py:106} INFO - [0m07:17:23  [32mCompleted successfully[0m
[2026-07-24T07:17:23.017+0000] {subprocess.py:106} INFO - [0m07:17:23
[2026-07-24T07:17:23.017+0000] {subprocess.py:106} INFO - [0m07:17:23  Done. PASS=1 WARN=0 ERROR=0 SKIP=0 NO-OP=0 TOTAL=1
[2026-07-24T07:17:24.658+0000] {subprocess.py:106} INFO - [0m07:17:24  Running with dbt=1.11.12
[2026-07-24T07:17:24.754+0000] {subprocess.py:106} INFO - [0m07:17:24  Registered adapter: postgres=1.9.0
[2026-07-24T07:17:24.966+0000] {subprocess.py:106} INFO - [0m07:17:24  Found 1 model, 4 data tests, 3 sources, 475 macros
[2026-07-24T07:17:24.968+0000] {subprocess.py:106} INFO - [0m07:17:24
[2026-07-24T07:17:24.968+0000] {subprocess.py:106} INFO - [0m07:17:24  Concurrency: 4 threads (target='dev')
[2026-07-24T07:17:24.968+0000] {subprocess.py:106} INFO - [0m07:17:24
[2026-07-24T07:17:25.009+0000] {subprocess.py:106} INFO - [0m07:17:25  1 of 4 START test accepted_values_avito_ads_source_system__avito__synthetic_avito  [RUN]
[2026-07-24T07:17:25.009+0000] {subprocess.py:106} INFO - [0m07:17:25  2 of 4 START test not_null_avito_ads_avito_id .................................. [RUN]
[2026-07-24T07:17:25.010+0000] {subprocess.py:106} INFO - [0m07:17:25  3 of 4 START test not_null_avito_ads_title ..................................... [RUN]
[2026-07-24T07:17:25.010+0000] {subprocess.py:106} INFO - [0m07:17:25  4 of 4 START test not_null_avito_ads_url ....................................... [RUN]
[2026-07-24T07:17:25.061+0000] {subprocess.py:106} INFO - [0m07:17:25  3 of 4 PASS not_null_avito_ads_title ........................................... [[32mPASS[0m in 0.05s]
[2026-07-24T07:17:25.062+0000] {subprocess.py:106} INFO - [0m07:17:25  2 of 4 PASS not_null_avito_ads_avito_id ........................................ [[32mPASS[0m in 0.05s]
[2026-07-24T07:17:25.062+0000] {subprocess.py:106} INFO - [0m07:17:25  1 of 4 PASS accepted_values_avito_ads_source_system__avito__synthetic_avito .... [[32mPASS[0m in 0.05s]
[2026-07-24T07:17:25.063+0000] {subprocess.py:106} INFO - [0m07:17:25  4 of 4 PASS not_null_avito_ads_url ............................................. [[32mPASS[0m in 0.05s]
[2026-07-24T07:17:25.072+0000] {subprocess.py:106} INFO - [0m07:17:25
[2026-07-24T07:17:25.073+0000] {subprocess.py:106} INFO - [0m07:17:25  Finished running 4 data tests in 0 hours 0 minutes and 0.10 seconds (0.10s).
[2026-07-24T07:17:25.097+0000] {subprocess.py:106} INFO - [0m07:17:25
[2026-07-24T07:17:25.097+0000] {subprocess.py:106} INFO - [0m07:17:25  [32mCompleted successfully[0m
[2026-07-24T07:17:25.097+0000] {subprocess.py:106} INFO - [0m07:17:25
[2026-07-24T07:17:25.098+0000] {subprocess.py:106} INFO - [0m07:17:25  Done. PASS=4 WARN=0 ERROR=0 SKIP=0 NO-OP=0 TOTAL=4
[2026-07-24T07:17:25.817+0000] {subprocess.py:110} INFO - Command exited with return code 0
[2026-07-24T07:17:25.831+0000] {taskinstance.py:341} INFO - ::group::Post task execution logs
[2026-07-24T07:17:25.832+0000] {taskinstance.py:353} INFO - Marking task as SUCCESS. dag_id=avito_to_raw_midraw, task_id=dbt_build_midraw, run_id=scheduled__2026-07-24T06:00:00+00:00, execution_date=20260724T060000, start_date=20260724T071721, end_date=20260724T071725
[2026-07-24T07:17:25.886+0000] {local_task_job_runner.py:266} INFO - Task exited with return code 0
[2026-07-24T07:17:25.894+0000] {taskinstance.py:3901} INFO - 0 downstream tasks scheduled from follow-on schedule check
[2026-07-24T07:17:25.895+0000] {local_task_job_runner.py:245} INFO - ::endgroup::
