[2026-08-03T04:01:31.880+0000] {local_task_job_runner.py:123} INFO - ::group::Pre task execution logs
[2026-08-03T04:01:31.895+0000] {taskinstance.py:2614} INFO - Dependencies all met for dep_context=non-requeueable deps ti=<TaskInstance: avito_to_raw_midraw.dbt_build_midraw scheduled__2026-08-03T03:00:00+00:00 [queued]>
[2026-08-03T04:01:31.903+0000] {taskinstance.py:2614} INFO - Dependencies all met for dep_context=requeueable deps ti=<TaskInstance: avito_to_raw_midraw.dbt_build_midraw scheduled__2026-08-03T03:00:00+00:00 [queued]>
[2026-08-03T04:01:31.903+0000] {taskinstance.py:2867} INFO - Starting attempt 1 of 2
[2026-08-03T04:01:31.908+0000] {taskinstance.py:2890} INFO - Executing <Task(BashOperator): dbt_build_midraw> on 2026-08-03 03:00:00+00:00
[2026-08-03T04:01:31.912+0000] {standard_task_runner.py:72} INFO - Started process 1088 to run task
[2026-08-03T04:01:31.915+0000] {standard_task_runner.py:104} INFO - Running: ['***', 'tasks', 'run', 'avito_to_raw_midraw', 'dbt_build_midraw', 'scheduled__2026-08-03T03:00:00+00:00', '--job-id', '665', '--raw', '--subdir', 'DAGS_FOLDER/avito_to_raw_midraw.py', '--cfg-path', '/tmp/tmpr7ui3mgn']
[2026-08-03T04:01:31.917+0000] {standard_task_runner.py:105} INFO - Job 665: Subtask dbt_build_midraw
[2026-08-03T04:01:31.946+0000] {task_command.py:467} INFO - Running <TaskInstance: avito_to_raw_midraw.dbt_build_midraw scheduled__2026-08-03T03:00:00+00:00 [running]> on host 4c6dd7d943f5
[2026-08-03T04:01:32.137+0000] {taskinstance.py:3134} INFO - Exporting env vars: AIRFLOW_CTX_DAG_OWNER='data-eng' AIRFLOW_CTX_DAG_ID='avito_to_raw_midraw' AIRFLOW_CTX_TASK_ID='dbt_build_midraw' AIRFLOW_CTX_EXECUTION_DATE='2026-08-03T03:00:00+00:00' AIRFLOW_CTX_TRY_NUMBER='1' AIRFLOW_CTX_DAG_RUN_ID='scheduled__2026-08-03T03:00:00+00:00'
[2026-08-03T04:01:32.137+0000] {taskinstance.py:732} INFO - ::endgroup::
[2026-08-03T04:01:32.144+0000] {subprocess.py:78} INFO - Tmp dir root location: /tmp
[2026-08-03T04:01:32.145+0000] {subprocess.py:88} INFO - Running command: ['/usr/bin/bash', '-c', 'cd /opt/***/dbt && dbt run --profiles-dir . --select avito_ads && dbt test --profiles-dir . --select avito_ads']
[2026-08-03T04:01:32.151+0000] {subprocess.py:99} INFO - Output:
[2026-08-03T04:01:33.525+0000] {subprocess.py:106} INFO - [0m04:01:33  Running with dbt=1.11.12
[2026-08-03T04:01:33.648+0000] {subprocess.py:106} INFO - [0m04:01:33  Registered adapter: postgres=1.9.0
[2026-08-03T04:01:33.935+0000] {subprocess.py:106} INFO - [0m04:01:33  Found 1 model, 4 data tests, 3 sources, 475 macros
[2026-08-03T04:01:33.936+0000] {subprocess.py:106} INFO - [0m04:01:33
[2026-08-03T04:01:33.937+0000] {subprocess.py:106} INFO - [0m04:01:33  Concurrency: 4 threads (target='dev')
[2026-08-03T04:01:33.937+0000] {subprocess.py:106} INFO - [0m04:01:33
[2026-08-03T04:01:34.000+0000] {subprocess.py:106} INFO - [0m04:01:34  1 of 1 START sql table model midraw.avito_ads .................................. [RUN]
[2026-08-03T04:01:34.084+0000] {subprocess.py:106} INFO - [0m04:01:34  1 of 1 OK created sql table model midraw.avito_ads ............................. [[32mSELECT 1962[0m in 0.08s]
[2026-08-03T04:01:34.093+0000] {subprocess.py:106} INFO - [0m04:01:34
[2026-08-03T04:01:34.093+0000] {subprocess.py:106} INFO - [0m04:01:34  Finished running 1 table model in 0 hours 0 minutes and 0.16 seconds (0.16s).
[2026-08-03T04:01:34.122+0000] {subprocess.py:106} INFO - [0m04:01:34
[2026-08-03T04:01:34.123+0000] {subprocess.py:106} INFO - [0m04:01:34  [32mCompleted successfully[0m
[2026-08-03T04:01:34.123+0000] {subprocess.py:106} INFO - [0m04:01:34
[2026-08-03T04:01:34.123+0000] {subprocess.py:106} INFO - [0m04:01:34  Done. PASS=1 WARN=0 ERROR=0 SKIP=0 NO-OP=0 TOTAL=1
[2026-08-03T04:01:40.445+0000] {subprocess.py:106} INFO - [0m04:01:40  Running with dbt=1.11.12
[2026-08-03T04:01:40.603+0000] {subprocess.py:106} INFO - [0m04:01:40  Registered adapter: postgres=1.9.0
[2026-08-03T04:01:41.047+0000] {subprocess.py:106} INFO - [0m04:01:41  Found 1 model, 4 data tests, 3 sources, 475 macros
[2026-08-03T04:01:41.049+0000] {subprocess.py:106} INFO - [0m04:01:41
[2026-08-03T04:01:41.049+0000] {subprocess.py:106} INFO - [0m04:01:41  Concurrency: 4 threads (target='dev')
[2026-08-03T04:01:41.050+0000] {subprocess.py:106} INFO - [0m04:01:41
[2026-08-03T04:01:41.116+0000] {subprocess.py:106} INFO - [0m04:01:41  1 of 4 START test accepted_values_avito_ads_source_system__avito__synthetic_avito  [RUN]
[2026-08-03T04:01:41.117+0000] {subprocess.py:106} INFO - [0m04:01:41  2 of 4 START test not_null_avito_ads_avito_id .................................. [RUN]
[2026-08-03T04:01:41.118+0000] {subprocess.py:106} INFO - [0m04:01:41  3 of 4 START test not_null_avito_ads_title ..................................... [RUN]
[2026-08-03T04:01:41.118+0000] {subprocess.py:106} INFO - [0m04:01:41  4 of 4 START test not_null_avito_ads_url ....................................... [RUN]
[2026-08-03T04:01:41.196+0000] {subprocess.py:106} INFO - [0m04:01:41  1 of 4 PASS accepted_values_avito_ads_source_system__avito__synthetic_avito .... [[32mPASS[0m in 0.08s]
[2026-08-03T04:01:41.196+0000] {subprocess.py:106} INFO - [0m04:01:41  2 of 4 PASS not_null_avito_ads_avito_id ........................................ [[32mPASS[0m in 0.08s]
[2026-08-03T04:01:41.197+0000] {subprocess.py:106} INFO - [0m04:01:41  3 of 4 PASS not_null_avito_ads_title ........................................... [[32mPASS[0m in 0.08s]
[2026-08-03T04:01:41.198+0000] {subprocess.py:106} INFO - [0m04:01:41  4 of 4 PASS not_null_avito_ads_url ............................................. [[32mPASS[0m in 0.08s]
[2026-08-03T04:01:41.212+0000] {subprocess.py:106} INFO - [0m04:01:41
[2026-08-03T04:01:41.213+0000] {subprocess.py:106} INFO - [0m04:01:41  Finished running 4 data tests in 0 hours 0 minutes and 0.16 seconds (0.16s).
[2026-08-03T04:01:41.249+0000] {subprocess.py:106} INFO - [0m04:01:41
[2026-08-03T04:01:41.249+0000] {subprocess.py:106} INFO - [0m04:01:41  [32mCompleted successfully[0m
[2026-08-03T04:01:41.250+0000] {subprocess.py:106} INFO - [0m04:01:41
[2026-08-03T04:01:41.250+0000] {subprocess.py:106} INFO - [0m04:01:41  Done. PASS=4 WARN=0 ERROR=0 SKIP=0 NO-OP=0 TOTAL=4
[2026-08-03T04:01:41.956+0000] {subprocess.py:110} INFO - Command exited with return code 0
[2026-08-03T04:01:42.019+0000] {taskinstance.py:341} INFO - ::group::Post task execution logs
[2026-08-03T04:01:42.021+0000] {taskinstance.py:353} INFO - Marking task as SUCCESS. dag_id=avito_to_raw_midraw, task_id=dbt_build_midraw, run_id=scheduled__2026-08-03T03:00:00+00:00, execution_date=20260803T030000, start_date=20260803T040131, end_date=20260803T040142
[2026-08-03T04:01:42.062+0000] {local_task_job_runner.py:266} INFO - Task exited with return code 0
[2026-08-03T04:01:42.087+0000] {taskinstance.py:3901} INFO - 0 downstream tasks scheduled from follow-on schedule check
[2026-08-03T04:01:42.088+0000] {local_task_job_runner.py:245} INFO - ::endgroup::
