[2026-07-19T17:01:53.051+0000] {local_task_job_runner.py:123} INFO - ::group::Pre task execution logs
[2026-07-19T17:01:53.060+0000] {taskinstance.py:2614} INFO - Dependencies all met for dep_context=non-requeueable deps ti=<TaskInstance: avito_to_raw_midraw.dbt_build_midraw scheduled__2026-07-19T16:00:00+00:00 [queued]>
[2026-07-19T17:01:53.064+0000] {taskinstance.py:2614} INFO - Dependencies all met for dep_context=requeueable deps ti=<TaskInstance: avito_to_raw_midraw.dbt_build_midraw scheduled__2026-07-19T16:00:00+00:00 [queued]>
[2026-07-19T17:01:53.064+0000] {taskinstance.py:2867} INFO - Starting attempt 1 of 2
[2026-07-19T17:01:53.069+0000] {taskinstance.py:2890} INFO - Executing <Task(BashOperator): dbt_build_midraw> on 2026-07-19 16:00:00+00:00
[2026-07-19T17:01:53.072+0000] {standard_task_runner.py:72} INFO - Started process 226 to run task
[2026-07-19T17:01:53.073+0000] {standard_task_runner.py:104} INFO - Running: ['***', 'tasks', 'run', 'avito_to_raw_midraw', 'dbt_build_midraw', 'scheduled__2026-07-19T16:00:00+00:00', '--job-id', '121', '--raw', '--subdir', 'DAGS_FOLDER/avito_to_raw_midraw.py', '--cfg-path', '/tmp/tmpfj9l9fz_']
[2026-07-19T17:01:53.075+0000] {standard_task_runner.py:105} INFO - Job 121: Subtask dbt_build_midraw
[2026-07-19T17:01:53.098+0000] {task_command.py:467} INFO - Running <TaskInstance: avito_to_raw_midraw.dbt_build_midraw scheduled__2026-07-19T16:00:00+00:00 [running]> on host 4c6dd7d943f5
[2026-07-19T17:01:53.233+0000] {taskinstance.py:3134} INFO - Exporting env vars: AIRFLOW_CTX_DAG_OWNER='data-eng' AIRFLOW_CTX_DAG_ID='avito_to_raw_midraw' AIRFLOW_CTX_TASK_ID='dbt_build_midraw' AIRFLOW_CTX_EXECUTION_DATE='2026-07-19T16:00:00+00:00' AIRFLOW_CTX_TRY_NUMBER='1' AIRFLOW_CTX_DAG_RUN_ID='scheduled__2026-07-19T16:00:00+00:00'
[2026-07-19T17:01:53.233+0000] {taskinstance.py:732} INFO - ::endgroup::
[2026-07-19T17:01:53.238+0000] {subprocess.py:78} INFO - Tmp dir root location: /tmp
[2026-07-19T17:01:53.239+0000] {subprocess.py:88} INFO - Running command: ['/usr/bin/bash', '-c', 'cd /opt/***/dbt && dbt run --profiles-dir . --select avito_ads && dbt test --profiles-dir . --select avito_ads']
[2026-07-19T17:01:53.244+0000] {subprocess.py:99} INFO - Output:
[2026-07-19T17:01:54.219+0000] {subprocess.py:106} INFO - [0m17:01:54  Running with dbt=1.11.12
[2026-07-19T17:01:54.323+0000] {subprocess.py:106} INFO - [0m17:01:54  Registered adapter: postgres=1.9.0
[2026-07-19T17:01:54.532+0000] {subprocess.py:106} INFO - [0m17:01:54  Found 1 model, 4 data tests, 3 sources, 475 macros
[2026-07-19T17:01:54.534+0000] {subprocess.py:106} INFO - [0m17:01:54
[2026-07-19T17:01:54.534+0000] {subprocess.py:106} INFO - [0m17:01:54  Concurrency: 4 threads (target='dev')
[2026-07-19T17:01:54.535+0000] {subprocess.py:106} INFO - [0m17:01:54
[2026-07-19T17:01:54.590+0000] {subprocess.py:106} INFO - [0m17:01:54  1 of 1 START sql table model midraw.avito_ads .................................. [RUN]
[2026-07-19T17:01:54.654+0000] {subprocess.py:106} INFO - [0m17:01:54  1 of 1 OK created sql table model midraw.avito_ads ............................. [[32mSELECT 1587[0m in 0.06s]
[2026-07-19T17:01:54.662+0000] {subprocess.py:106} INFO - [0m17:01:54
[2026-07-19T17:01:54.662+0000] {subprocess.py:106} INFO - [0m17:01:54  Finished running 1 table model in 0 hours 0 minutes and 0.13 seconds (0.13s).
[2026-07-19T17:01:54.684+0000] {subprocess.py:106} INFO - [0m17:01:54
[2026-07-19T17:01:54.685+0000] {subprocess.py:106} INFO - [0m17:01:54  [32mCompleted successfully[0m
[2026-07-19T17:01:54.685+0000] {subprocess.py:106} INFO - [0m17:01:54
[2026-07-19T17:01:54.685+0000] {subprocess.py:106} INFO - [0m17:01:54  Done. PASS=1 WARN=0 ERROR=0 SKIP=0 NO-OP=0 TOTAL=1
[2026-07-19T17:01:59.796+0000] {subprocess.py:106} INFO - [0m17:01:59  Running with dbt=1.11.12
[2026-07-19T17:01:59.888+0000] {subprocess.py:106} INFO - [0m17:01:59  Registered adapter: postgres=1.9.0
[2026-07-19T17:02:00.092+0000] {subprocess.py:106} INFO - [0m17:02:00  Found 1 model, 4 data tests, 3 sources, 475 macros
[2026-07-19T17:02:00.093+0000] {subprocess.py:106} INFO - [0m17:02:00
[2026-07-19T17:02:00.094+0000] {subprocess.py:106} INFO - [0m17:02:00  Concurrency: 4 threads (target='dev')
[2026-07-19T17:02:00.094+0000] {subprocess.py:106} INFO - [0m17:02:00
[2026-07-19T17:02:00.142+0000] {subprocess.py:106} INFO - [0m17:02:00  1 of 4 START test accepted_values_avito_ads_source_system__avito__synthetic_avito  [RUN]
[2026-07-19T17:02:00.143+0000] {subprocess.py:106} INFO - [0m17:02:00  2 of 4 START test not_null_avito_ads_avito_id .................................. [RUN]
[2026-07-19T17:02:00.143+0000] {subprocess.py:106} INFO - [0m17:02:00  3 of 4 START test not_null_avito_ads_title ..................................... [RUN]
[2026-07-19T17:02:00.144+0000] {subprocess.py:106} INFO - [0m17:02:00  4 of 4 START test not_null_avito_ads_url ....................................... [RUN]
[2026-07-19T17:02:00.203+0000] {subprocess.py:106} INFO - [0m17:02:00  3 of 4 PASS not_null_avito_ads_title ........................................... [[32mPASS[0m in 0.06s]
[2026-07-19T17:02:00.204+0000] {subprocess.py:106} INFO - [0m17:02:00  4 of 4 PASS not_null_avito_ads_url ............................................. [[32mPASS[0m in 0.06s]
[2026-07-19T17:02:00.205+0000] {subprocess.py:106} INFO - [0m17:02:00  2 of 4 PASS not_null_avito_ads_avito_id ........................................ [[32mPASS[0m in 0.06s]
[2026-07-19T17:02:00.206+0000] {subprocess.py:106} INFO - [0m17:02:00  1 of 4 PASS accepted_values_avito_ads_source_system__avito__synthetic_avito .... [[32mPASS[0m in 0.06s]
[2026-07-19T17:02:00.216+0000] {subprocess.py:106} INFO - [0m17:02:00
[2026-07-19T17:02:00.216+0000] {subprocess.py:106} INFO - [0m17:02:00  Finished running 4 data tests in 0 hours 0 minutes and 0.12 seconds (0.12s).
[2026-07-19T17:02:00.242+0000] {subprocess.py:106} INFO - [0m17:02:00
[2026-07-19T17:02:00.242+0000] {subprocess.py:106} INFO - [0m17:02:00  [32mCompleted successfully[0m
[2026-07-19T17:02:00.242+0000] {subprocess.py:106} INFO - [0m17:02:00
[2026-07-19T17:02:00.243+0000] {subprocess.py:106} INFO - [0m17:02:00  Done. PASS=4 WARN=0 ERROR=0 SKIP=0 NO-OP=0 TOTAL=4
[2026-07-19T17:02:04.462+0000] {subprocess.py:110} INFO - Command exited with return code 0
[2026-07-19T17:02:04.476+0000] {taskinstance.py:341} INFO - ::group::Post task execution logs
[2026-07-19T17:02:04.477+0000] {taskinstance.py:353} INFO - Marking task as SUCCESS. dag_id=avito_to_raw_midraw, task_id=dbt_build_midraw, run_id=scheduled__2026-07-19T16:00:00+00:00, execution_date=20260719T160000, start_date=20260719T170153, end_date=20260719T170204
[2026-07-19T17:02:04.499+0000] {local_task_job_runner.py:266} INFO - Task exited with return code 0
[2026-07-19T17:02:04.507+0000] {taskinstance.py:3901} INFO - 0 downstream tasks scheduled from follow-on schedule check
[2026-07-19T17:02:04.508+0000] {local_task_job_runner.py:245} INFO - ::endgroup::
