[2026-08-03T15:13:19.478+0000] {local_task_job_runner.py:123} INFO - ::group::Pre task execution logs
[2026-08-03T15:13:19.489+0000] {taskinstance.py:2614} INFO - Dependencies all met for dep_context=non-requeueable deps ti=<TaskInstance: avito_to_raw_midraw.dbt_build_midraw scheduled__2026-08-03T14:00:00+00:00 [queued]>
[2026-08-03T15:13:19.492+0000] {taskinstance.py:2614} INFO - Dependencies all met for dep_context=requeueable deps ti=<TaskInstance: avito_to_raw_midraw.dbt_build_midraw scheduled__2026-08-03T14:00:00+00:00 [queued]>
[2026-08-03T15:13:19.493+0000] {taskinstance.py:2867} INFO - Starting attempt 1 of 2
[2026-08-03T15:13:19.497+0000] {taskinstance.py:2890} INFO - Executing <Task(BashOperator): dbt_build_midraw> on 2026-08-03 14:00:00+00:00
[2026-08-03T15:13:19.500+0000] {standard_task_runner.py:72} INFO - Started process 1413 to run task
[2026-08-03T15:13:19.502+0000] {standard_task_runner.py:104} INFO - Running: ['***', 'tasks', 'run', 'avito_to_raw_midraw', 'dbt_build_midraw', 'scheduled__2026-08-03T14:00:00+00:00', '--job-id', '689', '--raw', '--subdir', 'DAGS_FOLDER/avito_to_raw_midraw.py', '--cfg-path', '/tmp/tmptn87ufj9']
[2026-08-03T15:13:19.504+0000] {standard_task_runner.py:105} INFO - Job 689: Subtask dbt_build_midraw
[2026-08-03T15:13:19.537+0000] {task_command.py:467} INFO - Running <TaskInstance: avito_to_raw_midraw.dbt_build_midraw scheduled__2026-08-03T14:00:00+00:00 [running]> on host 4c6dd7d943f5
[2026-08-03T15:13:19.735+0000] {taskinstance.py:3134} INFO - Exporting env vars: AIRFLOW_CTX_DAG_OWNER='data-eng' AIRFLOW_CTX_DAG_ID='avito_to_raw_midraw' AIRFLOW_CTX_TASK_ID='dbt_build_midraw' AIRFLOW_CTX_EXECUTION_DATE='2026-08-03T14:00:00+00:00' AIRFLOW_CTX_TRY_NUMBER='1' AIRFLOW_CTX_DAG_RUN_ID='scheduled__2026-08-03T14:00:00+00:00'
[2026-08-03T15:13:19.736+0000] {taskinstance.py:732} INFO - ::endgroup::
[2026-08-03T15:13:19.742+0000] {subprocess.py:78} INFO - Tmp dir root location: /tmp
[2026-08-03T15:13:19.743+0000] {subprocess.py:88} INFO - Running command: ['/usr/bin/bash', '-c', 'cd /opt/***/dbt && dbt run --profiles-dir . --select avito_ads && dbt test --profiles-dir . --select avito_ads']
[2026-08-03T15:13:19.751+0000] {subprocess.py:99} INFO - Output:
[2026-08-03T15:13:21.074+0000] {subprocess.py:106} INFO - [0m15:13:21  Running with dbt=1.11.12
[2026-08-03T15:13:21.196+0000] {subprocess.py:106} INFO - [0m15:13:21  Registered adapter: postgres=1.9.0
[2026-08-03T15:13:21.426+0000] {subprocess.py:106} INFO - [0m15:13:21  Found 1 model, 4 data tests, 3 sources, 475 macros
[2026-08-03T15:13:21.428+0000] {subprocess.py:106} INFO - [0m15:13:21
[2026-08-03T15:13:21.428+0000] {subprocess.py:106} INFO - [0m15:13:21  Concurrency: 4 threads (target='dev')
[2026-08-03T15:13:21.428+0000] {subprocess.py:106} INFO - [0m15:13:21
[2026-08-03T15:13:21.487+0000] {subprocess.py:106} INFO - [0m15:13:21  1 of 1 START sql table model midraw.avito_ads .................................. [RUN]
[2026-08-03T15:13:21.572+0000] {subprocess.py:106} INFO - [0m15:13:21  1 of 1 OK created sql table model midraw.avito_ads ............................. [[32mSELECT 1964[0m in 0.08s]
[2026-08-03T15:13:21.579+0000] {subprocess.py:106} INFO - [0m15:13:21
[2026-08-03T15:13:21.580+0000] {subprocess.py:106} INFO - [0m15:13:21  Finished running 1 table model in 0 hours 0 minutes and 0.15 seconds (0.15s).
[2026-08-03T15:13:21.605+0000] {subprocess.py:106} INFO - [0m15:13:21
[2026-08-03T15:13:21.606+0000] {subprocess.py:106} INFO - [0m15:13:21  [32mCompleted successfully[0m
[2026-08-03T15:13:21.606+0000] {subprocess.py:106} INFO - [0m15:13:21
[2026-08-03T15:13:21.606+0000] {subprocess.py:106} INFO - [0m15:13:21  Done. PASS=1 WARN=0 ERROR=0 SKIP=0 NO-OP=0 TOTAL=1
[2026-08-03T15:13:23.438+0000] {subprocess.py:106} INFO - [0m15:13:23  Running with dbt=1.11.12
[2026-08-03T15:13:23.548+0000] {subprocess.py:106} INFO - [0m15:13:23  Registered adapter: postgres=1.9.0
[2026-08-03T15:13:23.777+0000] {subprocess.py:106} INFO - [0m15:13:23  Found 1 model, 4 data tests, 3 sources, 475 macros
[2026-08-03T15:13:23.779+0000] {subprocess.py:106} INFO - [0m15:13:23
[2026-08-03T15:13:23.779+0000] {subprocess.py:106} INFO - [0m15:13:23  Concurrency: 4 threads (target='dev')
[2026-08-03T15:13:23.779+0000] {subprocess.py:106} INFO - [0m15:13:23
[2026-08-03T15:13:23.830+0000] {subprocess.py:106} INFO - [0m15:13:23  1 of 4 START test accepted_values_avito_ads_source_system__avito__synthetic_avito  [RUN]
[2026-08-03T15:13:23.831+0000] {subprocess.py:106} INFO - [0m15:13:23  2 of 4 START test not_null_avito_ads_avito_id .................................. [RUN]
[2026-08-03T15:13:23.831+0000] {subprocess.py:106} INFO - [0m15:13:23  3 of 4 START test not_null_avito_ads_title ..................................... [RUN]
[2026-08-03T15:13:23.831+0000] {subprocess.py:106} INFO - [0m15:13:23  4 of 4 START test not_null_avito_ads_url ....................................... [RUN]
[2026-08-03T15:13:23.888+0000] {subprocess.py:106} INFO - [0m15:13:23  2 of 4 PASS not_null_avito_ads_avito_id ........................................ [[32mPASS[0m in 0.06s]
[2026-08-03T15:13:23.889+0000] {subprocess.py:106} INFO - [0m15:13:23  3 of 4 PASS not_null_avito_ads_title ........................................... [[32mPASS[0m in 0.06s]
[2026-08-03T15:13:23.889+0000] {subprocess.py:106} INFO - [0m15:13:23  1 of 4 PASS accepted_values_avito_ads_source_system__avito__synthetic_avito .... [[32mPASS[0m in 0.06s]
[2026-08-03T15:13:23.890+0000] {subprocess.py:106} INFO - [0m15:13:23  4 of 4 PASS not_null_avito_ads_url ............................................. [[32mPASS[0m in 0.06s]
[2026-08-03T15:13:23.901+0000] {subprocess.py:106} INFO - [0m15:13:23
[2026-08-03T15:13:23.901+0000] {subprocess.py:106} INFO - [0m15:13:23  Finished running 4 data tests in 0 hours 0 minutes and 0.12 seconds (0.12s).
[2026-08-03T15:13:23.927+0000] {subprocess.py:106} INFO - [0m15:13:23
[2026-08-03T15:13:23.928+0000] {subprocess.py:106} INFO - [0m15:13:23  [32mCompleted successfully[0m
[2026-08-03T15:13:23.928+0000] {subprocess.py:106} INFO - [0m15:13:23
[2026-08-03T15:13:23.928+0000] {subprocess.py:106} INFO - [0m15:13:23  Done. PASS=4 WARN=0 ERROR=0 SKIP=0 NO-OP=0 TOTAL=4
[2026-08-03T15:13:24.934+0000] {subprocess.py:110} INFO - Command exited with return code 0
[2026-08-03T15:13:24.976+0000] {taskinstance.py:341} INFO - ::group::Post task execution logs
[2026-08-03T15:13:24.977+0000] {taskinstance.py:353} INFO - Marking task as SUCCESS. dag_id=avito_to_raw_midraw, task_id=dbt_build_midraw, run_id=scheduled__2026-08-03T14:00:00+00:00, execution_date=20260803T140000, start_date=20260803T151319, end_date=20260803T151324
[2026-08-03T15:13:25.039+0000] {local_task_job_runner.py:266} INFO - Task exited with return code 0
[2026-08-03T15:13:25.060+0000] {taskinstance.py:3901} INFO - 0 downstream tasks scheduled from follow-on schedule check
[2026-08-03T15:13:25.061+0000] {local_task_job_runner.py:245} INFO - ::endgroup::
