[2026-08-02T07:07:15.664+0000] {local_task_job_runner.py:123} INFO - ::group::Pre task execution logs
[2026-08-02T07:07:15.671+0000] {taskinstance.py:2614} INFO - Dependencies all met for dep_context=non-requeueable deps ti=<TaskInstance: avito_to_raw_midraw.dbt_build_midraw scheduled__2026-08-02T06:00:00+00:00 [queued]>
[2026-08-02T07:07:15.674+0000] {taskinstance.py:2614} INFO - Dependencies all met for dep_context=requeueable deps ti=<TaskInstance: avito_to_raw_midraw.dbt_build_midraw scheduled__2026-08-02T06:00:00+00:00 [queued]>
[2026-08-02T07:07:15.674+0000] {taskinstance.py:2867} INFO - Starting attempt 1 of 2
[2026-08-02T07:07:15.677+0000] {taskinstance.py:2890} INFO - Executing <Task(BashOperator): dbt_build_midraw> on 2026-08-02 06:00:00+00:00
[2026-08-02T07:07:15.679+0000] {standard_task_runner.py:72} INFO - Started process 449 to run task
[2026-08-02T07:07:15.681+0000] {standard_task_runner.py:104} INFO - Running: ['***', 'tasks', 'run', 'avito_to_raw_midraw', 'dbt_build_midraw', 'scheduled__2026-08-02T06:00:00+00:00', '--job-id', '596', '--raw', '--subdir', 'DAGS_FOLDER/avito_to_raw_midraw.py', '--cfg-path', '/tmp/tmp6h2m6fur']
[2026-08-02T07:07:15.682+0000] {standard_task_runner.py:105} INFO - Job 596: Subtask dbt_build_midraw
[2026-08-02T07:07:15.702+0000] {task_command.py:467} INFO - Running <TaskInstance: avito_to_raw_midraw.dbt_build_midraw scheduled__2026-08-02T06:00:00+00:00 [running]> on host 4c6dd7d943f5
[2026-08-02T07:07:15.793+0000] {taskinstance.py:3134} INFO - Exporting env vars: AIRFLOW_CTX_DAG_OWNER='data-eng' AIRFLOW_CTX_DAG_ID='avito_to_raw_midraw' AIRFLOW_CTX_TASK_ID='dbt_build_midraw' AIRFLOW_CTX_EXECUTION_DATE='2026-08-02T06:00:00+00:00' AIRFLOW_CTX_TRY_NUMBER='1' AIRFLOW_CTX_DAG_RUN_ID='scheduled__2026-08-02T06:00:00+00:00'
[2026-08-02T07:07:15.793+0000] {taskinstance.py:732} INFO - ::endgroup::
[2026-08-02T07:07:15.797+0000] {subprocess.py:78} INFO - Tmp dir root location: /tmp
[2026-08-02T07:07:15.797+0000] {subprocess.py:88} INFO - Running command: ['/usr/bin/bash', '-c', 'cd /opt/***/dbt && dbt run --profiles-dir . --select avito_ads && dbt test --profiles-dir . --select avito_ads']
[2026-08-02T07:07:15.800+0000] {subprocess.py:99} INFO - Output:
[2026-08-02T07:07:16.531+0000] {subprocess.py:106} INFO - [0m07:07:16  Running with dbt=1.11.12
[2026-08-02T07:07:16.605+0000] {subprocess.py:106} INFO - [0m07:07:16  Registered adapter: postgres=1.9.0
[2026-08-02T07:07:16.757+0000] {subprocess.py:106} INFO - [0m07:07:16  Found 1 model, 4 data tests, 3 sources, 475 macros
[2026-08-02T07:07:16.758+0000] {subprocess.py:106} INFO - [0m07:07:16
[2026-08-02T07:07:16.759+0000] {subprocess.py:106} INFO - [0m07:07:16  Concurrency: 4 threads (target='dev')
[2026-08-02T07:07:16.759+0000] {subprocess.py:106} INFO - [0m07:07:16
[2026-08-02T07:07:16.795+0000] {subprocess.py:106} INFO - [0m07:07:16  1 of 1 START sql table model midraw.avito_ads .................................. [RUN]
[2026-08-02T07:07:16.847+0000] {subprocess.py:106} INFO - [0m07:07:16  1 of 1 OK created sql table model midraw.avito_ads ............................. [[32mSELECT 1809[0m in 0.05s]
[2026-08-02T07:07:16.852+0000] {subprocess.py:106} INFO - [0m07:07:16
[2026-08-02T07:07:16.852+0000] {subprocess.py:106} INFO - [0m07:07:16  Finished running 1 table model in 0 hours 0 minutes and 0.09 seconds (0.09s).
[2026-08-02T07:07:16.872+0000] {subprocess.py:106} INFO - [0m07:07:16
[2026-08-02T07:07:16.872+0000] {subprocess.py:106} INFO - [0m07:07:16  [32mCompleted successfully[0m
[2026-08-02T07:07:16.872+0000] {subprocess.py:106} INFO - [0m07:07:16
[2026-08-02T07:07:16.872+0000] {subprocess.py:106} INFO - [0m07:07:16  Done. PASS=1 WARN=0 ERROR=0 SKIP=0 NO-OP=0 TOTAL=1
[2026-08-02T07:07:18.248+0000] {subprocess.py:106} INFO - [0m07:07:18  Running with dbt=1.11.12
[2026-08-02T07:07:18.322+0000] {subprocess.py:106} INFO - [0m07:07:18  Registered adapter: postgres=1.9.0
[2026-08-02T07:07:18.481+0000] {subprocess.py:106} INFO - [0m07:07:18  Found 1 model, 4 data tests, 3 sources, 475 macros
[2026-08-02T07:07:18.482+0000] {subprocess.py:106} INFO - [0m07:07:18
[2026-08-02T07:07:18.482+0000] {subprocess.py:106} INFO - [0m07:07:18  Concurrency: 4 threads (target='dev')
[2026-08-02T07:07:18.482+0000] {subprocess.py:106} INFO - [0m07:07:18
[2026-08-02T07:07:18.513+0000] {subprocess.py:106} INFO - [0m07:07:18  1 of 4 START test accepted_values_avito_ads_source_system__avito__synthetic_avito  [RUN]
[2026-08-02T07:07:18.514+0000] {subprocess.py:106} INFO - [0m07:07:18  2 of 4 START test not_null_avito_ads_avito_id .................................. [RUN]
[2026-08-02T07:07:18.514+0000] {subprocess.py:106} INFO - [0m07:07:18  3 of 4 START test not_null_avito_ads_title ..................................... [RUN]
[2026-08-02T07:07:18.514+0000] {subprocess.py:106} INFO - [0m07:07:18  4 of 4 START test not_null_avito_ads_url ....................................... [RUN]
[2026-08-02T07:07:18.556+0000] {subprocess.py:106} INFO - [0m07:07:18  2 of 4 PASS not_null_avito_ads_avito_id ........................................ [[32mPASS[0m in 0.04s]
[2026-08-02T07:07:18.557+0000] {subprocess.py:106} INFO - [0m07:07:18  3 of 4 PASS not_null_avito_ads_title ........................................... [[32mPASS[0m in 0.04s]
[2026-08-02T07:07:18.557+0000] {subprocess.py:106} INFO - [0m07:07:18  4 of 4 PASS not_null_avito_ads_url ............................................. [[32mPASS[0m in 0.04s]
[2026-08-02T07:07:18.558+0000] {subprocess.py:106} INFO - [0m07:07:18  1 of 4 PASS accepted_values_avito_ads_source_system__avito__synthetic_avito .... [[32mPASS[0m in 0.04s]
[2026-08-02T07:07:18.567+0000] {subprocess.py:106} INFO - [0m07:07:18
[2026-08-02T07:07:18.567+0000] {subprocess.py:106} INFO - [0m07:07:18  Finished running 4 data tests in 0 hours 0 minutes and 0.08 seconds (0.08s).
[2026-08-02T07:07:18.587+0000] {subprocess.py:106} INFO - [0m07:07:18
[2026-08-02T07:07:18.587+0000] {subprocess.py:106} INFO - [0m07:07:18  [32mCompleted successfully[0m
[2026-08-02T07:07:18.587+0000] {subprocess.py:106} INFO - [0m07:07:18
[2026-08-02T07:07:18.588+0000] {subprocess.py:106} INFO - [0m07:07:18  Done. PASS=4 WARN=0 ERROR=0 SKIP=0 NO-OP=0 TOTAL=4
[2026-08-02T07:07:19.156+0000] {subprocess.py:110} INFO - Command exited with return code 0
[2026-08-02T07:07:19.166+0000] {taskinstance.py:341} INFO - ::group::Post task execution logs
[2026-08-02T07:07:19.167+0000] {taskinstance.py:353} INFO - Marking task as SUCCESS. dag_id=avito_to_raw_midraw, task_id=dbt_build_midraw, run_id=scheduled__2026-08-02T06:00:00+00:00, execution_date=20260802T060000, start_date=20260802T070715, end_date=20260802T070719
[2026-08-02T07:07:19.188+0000] {local_task_job_runner.py:266} INFO - Task exited with return code 0
[2026-08-02T07:07:19.195+0000] {taskinstance.py:3901} INFO - 0 downstream tasks scheduled from follow-on schedule check
[2026-08-02T07:07:19.196+0000] {local_task_job_runner.py:245} INFO - ::endgroup::
