[2026-07-24T09:00:59.019+0000] {local_task_job_runner.py:123} INFO - ::group::Pre task execution logs
[2026-07-24T09:00:59.030+0000] {taskinstance.py:2614} INFO - Dependencies all met for dep_context=non-requeueable deps ti=<TaskInstance: avito_to_raw_midraw.dbt_build_midraw scheduled__2026-07-24T08:00:00+00:00 [queued]>
[2026-07-24T09:00:59.034+0000] {taskinstance.py:2614} INFO - Dependencies all met for dep_context=requeueable deps ti=<TaskInstance: avito_to_raw_midraw.dbt_build_midraw scheduled__2026-07-24T08:00:00+00:00 [queued]>
[2026-07-24T09:00:59.034+0000] {taskinstance.py:2867} INFO - Starting attempt 1 of 2
[2026-07-24T09:00:59.039+0000] {taskinstance.py:2890} INFO - Executing <Task(BashOperator): dbt_build_midraw> on 2026-07-24 08:00:00+00:00
[2026-07-24T09:00:59.042+0000] {standard_task_runner.py:72} INFO - Started process 1891 to run task
[2026-07-24T09:00:59.044+0000] {standard_task_runner.py:104} INFO - Running: ['***', 'tasks', 'run', 'avito_to_raw_midraw', 'dbt_build_midraw', 'scheduled__2026-07-24T08:00:00+00:00', '--job-id', '256', '--raw', '--subdir', 'DAGS_FOLDER/avito_to_raw_midraw.py', '--cfg-path', '/tmp/tmp26j0g88r']
[2026-07-24T09:00:59.046+0000] {standard_task_runner.py:105} INFO - Job 256: Subtask dbt_build_midraw
[2026-07-24T09:00:59.075+0000] {task_command.py:467} INFO - Running <TaskInstance: avito_to_raw_midraw.dbt_build_midraw scheduled__2026-07-24T08:00:00+00:00 [running]> on host 4c6dd7d943f5
[2026-07-24T09:00:59.233+0000] {taskinstance.py:3134} INFO - Exporting env vars: AIRFLOW_CTX_DAG_OWNER='data-eng' AIRFLOW_CTX_DAG_ID='avito_to_raw_midraw' AIRFLOW_CTX_TASK_ID='dbt_build_midraw' AIRFLOW_CTX_EXECUTION_DATE='2026-07-24T08:00:00+00:00' AIRFLOW_CTX_TRY_NUMBER='1' AIRFLOW_CTX_DAG_RUN_ID='scheduled__2026-07-24T08:00:00+00:00'
[2026-07-24T09:00:59.234+0000] {taskinstance.py:732} INFO - ::endgroup::
[2026-07-24T09:00:59.239+0000] {subprocess.py:78} INFO - Tmp dir root location: /tmp
[2026-07-24T09:00:59.240+0000] {subprocess.py:88} INFO - Running command: ['/usr/bin/bash', '-c', 'cd /opt/***/dbt && dbt run --profiles-dir . --select avito_ads && dbt test --profiles-dir . --select avito_ads']
[2026-07-24T09:00:59.245+0000] {subprocess.py:99} INFO - Output:
[2026-07-24T09:01:00.288+0000] {subprocess.py:106} INFO - [0m09:01:00  Running with dbt=1.11.12
[2026-07-24T09:01:00.394+0000] {subprocess.py:106} INFO - [0m09:01:00  Registered adapter: postgres=1.9.0
[2026-07-24T09:01:00.618+0000] {subprocess.py:106} INFO - [0m09:01:00  Found 1 model, 4 data tests, 3 sources, 475 macros
[2026-07-24T09:01:00.620+0000] {subprocess.py:106} INFO - [0m09:01:00
[2026-07-24T09:01:00.620+0000] {subprocess.py:106} INFO - [0m09:01:00  Concurrency: 4 threads (target='dev')
[2026-07-24T09:01:00.620+0000] {subprocess.py:106} INFO - [0m09:01:00
[2026-07-24T09:01:00.674+0000] {subprocess.py:106} INFO - [0m09:01:00  1 of 1 START sql table model midraw.avito_ads .................................. [RUN]
[2026-07-24T09:01:00.745+0000] {subprocess.py:106} INFO - [0m09:01:00  1 of 1 OK created sql table model midraw.avito_ads ............................. [[32mSELECT 2219[0m in 0.07s]
[2026-07-24T09:01:00.753+0000] {subprocess.py:106} INFO - [0m09:01:00
[2026-07-24T09:01:00.753+0000] {subprocess.py:106} INFO - [0m09:01:00  Finished running 1 table model in 0 hours 0 minutes and 0.13 seconds (0.13s).
[2026-07-24T09:01:00.779+0000] {subprocess.py:106} INFO - [0m09:01:00
[2026-07-24T09:01:00.780+0000] {subprocess.py:106} INFO - [0m09:01:00  [32mCompleted successfully[0m
[2026-07-24T09:01:00.780+0000] {subprocess.py:106} INFO - [0m09:01:00
[2026-07-24T09:01:00.780+0000] {subprocess.py:106} INFO - [0m09:01:00  Done. PASS=1 WARN=0 ERROR=0 SKIP=0 NO-OP=0 TOTAL=1
[2026-07-24T09:01:02.635+0000] {subprocess.py:106} INFO - [0m09:01:02  Running with dbt=1.11.12
[2026-07-24T09:01:02.732+0000] {subprocess.py:106} INFO - [0m09:01:02  Registered adapter: postgres=1.9.0
[2026-07-24T09:01:02.949+0000] {subprocess.py:106} INFO - [0m09:01:02  Found 1 model, 4 data tests, 3 sources, 475 macros
[2026-07-24T09:01:02.950+0000] {subprocess.py:106} INFO - [0m09:01:02
[2026-07-24T09:01:02.950+0000] {subprocess.py:106} INFO - [0m09:01:02  Concurrency: 4 threads (target='dev')
[2026-07-24T09:01:02.951+0000] {subprocess.py:106} INFO - [0m09:01:02
[2026-07-24T09:01:02.992+0000] {subprocess.py:106} INFO - [0m09:01:02  1 of 4 START test accepted_values_avito_ads_source_system__avito__synthetic_avito  [RUN]
[2026-07-24T09:01:02.992+0000] {subprocess.py:106} INFO - [0m09:01:02  2 of 4 START test not_null_avito_ads_avito_id .................................. [RUN]
[2026-07-24T09:01:02.993+0000] {subprocess.py:106} INFO - [0m09:01:02  3 of 4 START test not_null_avito_ads_title ..................................... [RUN]
[2026-07-24T09:01:02.993+0000] {subprocess.py:106} INFO - [0m09:01:02  4 of 4 START test not_null_avito_ads_url ....................................... [RUN]
[2026-07-24T09:01:03.044+0000] {subprocess.py:106} INFO - [0m09:01:03  1 of 4 PASS accepted_values_avito_ads_source_system__avito__synthetic_avito .... [[32mPASS[0m in 0.05s]
[2026-07-24T09:01:03.044+0000] {subprocess.py:106} INFO - [0m09:01:03  3 of 4 PASS not_null_avito_ads_title ........................................... [[32mPASS[0m in 0.05s]
[2026-07-24T09:01:03.045+0000] {subprocess.py:106} INFO - [0m09:01:03  4 of 4 PASS not_null_avito_ads_url ............................................. [[32mPASS[0m in 0.05s]
[2026-07-24T09:01:03.045+0000] {subprocess.py:106} INFO - [0m09:01:03  2 of 4 PASS not_null_avito_ads_avito_id ........................................ [[32mPASS[0m in 0.05s]
[2026-07-24T09:01:03.055+0000] {subprocess.py:106} INFO - [0m09:01:03
[2026-07-24T09:01:03.055+0000] {subprocess.py:106} INFO - [0m09:01:03  Finished running 4 data tests in 0 hours 0 minutes and 0.10 seconds (0.10s).
[2026-07-24T09:01:03.079+0000] {subprocess.py:106} INFO - [0m09:01:03
[2026-07-24T09:01:03.080+0000] {subprocess.py:106} INFO - [0m09:01:03  [32mCompleted successfully[0m
[2026-07-24T09:01:03.080+0000] {subprocess.py:106} INFO - [0m09:01:03
[2026-07-24T09:01:03.080+0000] {subprocess.py:106} INFO - [0m09:01:03  Done. PASS=4 WARN=0 ERROR=0 SKIP=0 NO-OP=0 TOTAL=4
[2026-07-24T09:01:03.795+0000] {subprocess.py:110} INFO - Command exited with return code 0
[2026-07-24T09:01:03.811+0000] {taskinstance.py:341} INFO - ::group::Post task execution logs
[2026-07-24T09:01:03.811+0000] {taskinstance.py:353} INFO - Marking task as SUCCESS. dag_id=avito_to_raw_midraw, task_id=dbt_build_midraw, run_id=scheduled__2026-07-24T08:00:00+00:00, execution_date=20260724T080000, start_date=20260724T090059, end_date=20260724T090103
[2026-07-24T09:01:03.839+0000] {local_task_job_runner.py:266} INFO - Task exited with return code 0
[2026-07-24T09:01:03.849+0000] {taskinstance.py:3901} INFO - 0 downstream tasks scheduled from follow-on schedule check
[2026-07-24T09:01:03.850+0000] {local_task_job_runner.py:245} INFO - ::endgroup::
