[2026-07-27T23:16:41.756+0000] {local_task_job_runner.py:123} INFO - ::group::Pre task execution logs
[2026-07-27T23:16:41.765+0000] {taskinstance.py:2614} INFO - Dependencies all met for dep_context=non-requeueable deps ti=<TaskInstance: avito_to_raw_midraw.dbt_build_midraw scheduled__2026-07-27T22:00:00+00:00 [queued]>
[2026-07-27T23:16:41.768+0000] {taskinstance.py:2614} INFO - Dependencies all met for dep_context=requeueable deps ti=<TaskInstance: avito_to_raw_midraw.dbt_build_midraw scheduled__2026-07-27T22:00:00+00:00 [queued]>
[2026-07-27T23:16:41.768+0000] {taskinstance.py:2867} INFO - Starting attempt 1 of 2
[2026-07-27T23:16:41.772+0000] {taskinstance.py:2890} INFO - Executing <Task(BashOperator): dbt_build_midraw> on 2026-07-27 22:00:00+00:00
[2026-07-27T23:16:41.774+0000] {standard_task_runner.py:72} INFO - Started process 4399 to run task
[2026-07-27T23:16:41.777+0000] {standard_task_runner.py:104} INFO - Running: ['***', 'tasks', 'run', 'avito_to_raw_midraw', 'dbt_build_midraw', 'scheduled__2026-07-27T22:00:00+00:00', '--job-id', '428', '--raw', '--subdir', 'DAGS_FOLDER/avito_to_raw_midraw.py', '--cfg-path', '/tmp/tmp490aucia']
[2026-07-27T23:16:41.778+0000] {standard_task_runner.py:105} INFO - Job 428: Subtask dbt_build_midraw
[2026-07-27T23:16:41.802+0000] {task_command.py:467} INFO - Running <TaskInstance: avito_to_raw_midraw.dbt_build_midraw scheduled__2026-07-27T22:00:00+00:00 [running]> on host 4c6dd7d943f5
[2026-07-27T23:16:41.931+0000] {taskinstance.py:3134} INFO - Exporting env vars: AIRFLOW_CTX_DAG_OWNER='data-eng' AIRFLOW_CTX_DAG_ID='avito_to_raw_midraw' AIRFLOW_CTX_TASK_ID='dbt_build_midraw' AIRFLOW_CTX_EXECUTION_DATE='2026-07-27T22:00:00+00:00' AIRFLOW_CTX_TRY_NUMBER='1' AIRFLOW_CTX_DAG_RUN_ID='scheduled__2026-07-27T22:00:00+00:00'
[2026-07-27T23:16:41.932+0000] {taskinstance.py:732} INFO - ::endgroup::
[2026-07-27T23:16:41.936+0000] {subprocess.py:78} INFO - Tmp dir root location: /tmp
[2026-07-27T23:16:41.937+0000] {subprocess.py:88} INFO - Running command: ['/usr/bin/bash', '-c', 'cd /opt/***/dbt && dbt run --profiles-dir . --select avito_ads && dbt test --profiles-dir . --select avito_ads']
[2026-07-27T23:16:41.941+0000] {subprocess.py:99} INFO - Output:
[2026-07-27T23:16:42.912+0000] {subprocess.py:106} INFO - [0m23:16:42  Running with dbt=1.11.12
[2026-07-27T23:16:43.020+0000] {subprocess.py:106} INFO - [0m23:16:43  Registered adapter: postgres=1.9.0
[2026-07-27T23:16:43.238+0000] {subprocess.py:106} INFO - [0m23:16:43  Found 1 model, 4 data tests, 3 sources, 475 macros
[2026-07-27T23:16:43.240+0000] {subprocess.py:106} INFO - [0m23:16:43
[2026-07-27T23:16:43.241+0000] {subprocess.py:106} INFO - [0m23:16:43  Concurrency: 4 threads (target='dev')
[2026-07-27T23:16:43.241+0000] {subprocess.py:106} INFO - [0m23:16:43
[2026-07-27T23:16:43.297+0000] {subprocess.py:106} INFO - [0m23:16:43  1 of 1 START sql table model midraw.avito_ads .................................. [RUN]
[2026-07-27T23:16:43.368+0000] {subprocess.py:106} INFO - [0m23:16:43  1 of 1 OK created sql table model midraw.avito_ads ............................. [[32mSELECT 1038[0m in 0.07s]
[2026-07-27T23:16:43.375+0000] {subprocess.py:106} INFO - [0m23:16:43
[2026-07-27T23:16:43.375+0000] {subprocess.py:106} INFO - [0m23:16:43  Finished running 1 table model in 0 hours 0 minutes and 0.13 seconds (0.13s).
[2026-07-27T23:16:43.400+0000] {subprocess.py:106} INFO - [0m23:16:43
[2026-07-27T23:16:43.401+0000] {subprocess.py:106} INFO - [0m23:16:43  [32mCompleted successfully[0m
[2026-07-27T23:16:43.401+0000] {subprocess.py:106} INFO - [0m23:16:43
[2026-07-27T23:16:43.402+0000] {subprocess.py:106} INFO - [0m23:16:43  Done. PASS=1 WARN=0 ERROR=0 SKIP=0 NO-OP=0 TOTAL=1
[2026-07-27T23:16:45.069+0000] {subprocess.py:106} INFO - [0m23:16:45  Running with dbt=1.11.12
[2026-07-27T23:16:45.174+0000] {subprocess.py:106} INFO - [0m23:16:45  Registered adapter: postgres=1.9.0
[2026-07-27T23:16:45.428+0000] {subprocess.py:106} INFO - [0m23:16:45  Found 1 model, 4 data tests, 3 sources, 475 macros
[2026-07-27T23:16:45.430+0000] {subprocess.py:106} INFO - [0m23:16:45
[2026-07-27T23:16:45.430+0000] {subprocess.py:106} INFO - [0m23:16:45  Concurrency: 4 threads (target='dev')
[2026-07-27T23:16:45.430+0000] {subprocess.py:106} INFO - [0m23:16:45
[2026-07-27T23:16:45.473+0000] {subprocess.py:106} INFO - [0m23:16:45  1 of 4 START test accepted_values_avito_ads_source_system__avito__synthetic_avito  [RUN]
[2026-07-27T23:16:45.473+0000] {subprocess.py:106} INFO - [0m23:16:45  2 of 4 START test not_null_avito_ads_avito_id .................................. [RUN]
[2026-07-27T23:16:45.473+0000] {subprocess.py:106} INFO - [0m23:16:45  3 of 4 START test not_null_avito_ads_title ..................................... [RUN]
[2026-07-27T23:16:45.474+0000] {subprocess.py:106} INFO - [0m23:16:45  4 of 4 START test not_null_avito_ads_url ....................................... [RUN]
[2026-07-27T23:16:45.524+0000] {subprocess.py:106} INFO - [0m23:16:45  1 of 4 PASS accepted_values_avito_ads_source_system__avito__synthetic_avito .... [[32mPASS[0m in 0.05s]
[2026-07-27T23:16:45.525+0000] {subprocess.py:106} INFO - [0m23:16:45  2 of 4 PASS not_null_avito_ads_avito_id ........................................ [[32mPASS[0m in 0.05s]
[2026-07-27T23:16:45.525+0000] {subprocess.py:106} INFO - [0m23:16:45  4 of 4 PASS not_null_avito_ads_url ............................................. [[32mPASS[0m in 0.05s]
[2026-07-27T23:16:45.526+0000] {subprocess.py:106} INFO - [0m23:16:45  3 of 4 PASS not_null_avito_ads_title ........................................... [[32mPASS[0m in 0.05s]
[2026-07-27T23:16:45.535+0000] {subprocess.py:106} INFO - [0m23:16:45
[2026-07-27T23:16:45.535+0000] {subprocess.py:106} INFO - [0m23:16:45  Finished running 4 data tests in 0 hours 0 minutes and 0.10 seconds (0.10s).
[2026-07-27T23:16:45.559+0000] {subprocess.py:106} INFO - [0m23:16:45
[2026-07-27T23:16:45.560+0000] {subprocess.py:106} INFO - [0m23:16:45  [32mCompleted successfully[0m
[2026-07-27T23:16:45.560+0000] {subprocess.py:106} INFO - [0m23:16:45
[2026-07-27T23:16:45.560+0000] {subprocess.py:106} INFO - [0m23:16:45  Done. PASS=4 WARN=0 ERROR=0 SKIP=0 NO-OP=0 TOTAL=4
[2026-07-27T23:16:46.242+0000] {subprocess.py:110} INFO - Command exited with return code 0
[2026-07-27T23:16:46.259+0000] {taskinstance.py:341} INFO - ::group::Post task execution logs
[2026-07-27T23:16:46.259+0000] {taskinstance.py:353} INFO - Marking task as SUCCESS. dag_id=avito_to_raw_midraw, task_id=dbt_build_midraw, run_id=scheduled__2026-07-27T22:00:00+00:00, execution_date=20260727T220000, start_date=20260727T231641, end_date=20260727T231646
[2026-07-27T23:16:46.297+0000] {local_task_job_runner.py:266} INFO - Task exited with return code 0
[2026-07-27T23:16:46.307+0000] {taskinstance.py:3901} INFO - 0 downstream tasks scheduled from follow-on schedule check
[2026-07-27T23:16:46.308+0000] {local_task_job_runner.py:245} INFO - ::endgroup::
