[2026-07-28T05:11:24.236+0000] {local_task_job_runner.py:123} INFO - ::group::Pre task execution logs
[2026-07-28T05:11:24.248+0000] {taskinstance.py:2614} INFO - Dependencies all met for dep_context=non-requeueable deps ti=<TaskInstance: avito_to_raw_midraw.dbt_build_midraw scheduled__2026-07-28T04:00:00+00:00 [queued]>
[2026-07-28T05:11:24.254+0000] {taskinstance.py:2614} INFO - Dependencies all met for dep_context=requeueable deps ti=<TaskInstance: avito_to_raw_midraw.dbt_build_midraw scheduled__2026-07-28T04:00:00+00:00 [queued]>
[2026-07-28T05:11:24.254+0000] {taskinstance.py:2867} INFO - Starting attempt 1 of 2
[2026-07-28T05:11:24.260+0000] {taskinstance.py:2890} INFO - Executing <Task(BashOperator): dbt_build_midraw> on 2026-07-28 04:00:00+00:00
[2026-07-28T05:11:24.263+0000] {standard_task_runner.py:72} INFO - Started process 4573 to run task
[2026-07-28T05:11:24.265+0000] {standard_task_runner.py:104} INFO - Running: ['***', 'tasks', 'run', 'avito_to_raw_midraw', 'dbt_build_midraw', 'scheduled__2026-07-28T04:00:00+00:00', '--job-id', '440', '--raw', '--subdir', 'DAGS_FOLDER/avito_to_raw_midraw.py', '--cfg-path', '/tmp/tmpcdvdg6iy']
[2026-07-28T05:11:24.267+0000] {standard_task_runner.py:105} INFO - Job 440: Subtask dbt_build_midraw
[2026-07-28T05:11:24.299+0000] {task_command.py:467} INFO - Running <TaskInstance: avito_to_raw_midraw.dbt_build_midraw scheduled__2026-07-28T04:00:00+00:00 [running]> on host 4c6dd7d943f5
[2026-07-28T05:11:24.453+0000] {taskinstance.py:3134} INFO - Exporting env vars: AIRFLOW_CTX_DAG_OWNER='data-eng' AIRFLOW_CTX_DAG_ID='avito_to_raw_midraw' AIRFLOW_CTX_TASK_ID='dbt_build_midraw' AIRFLOW_CTX_EXECUTION_DATE='2026-07-28T04:00:00+00:00' AIRFLOW_CTX_TRY_NUMBER='1' AIRFLOW_CTX_DAG_RUN_ID='scheduled__2026-07-28T04:00:00+00:00'
[2026-07-28T05:11:24.454+0000] {taskinstance.py:732} INFO - ::endgroup::
[2026-07-28T05:11:24.459+0000] {subprocess.py:78} INFO - Tmp dir root location: /tmp
[2026-07-28T05:11:24.460+0000] {subprocess.py:88} INFO - Running command: ['/usr/bin/bash', '-c', 'cd /opt/***/dbt && dbt run --profiles-dir . --select avito_ads && dbt test --profiles-dir . --select avito_ads']
[2026-07-28T05:11:24.465+0000] {subprocess.py:99} INFO - Output:
[2026-07-28T05:11:25.680+0000] {subprocess.py:106} INFO - [0m05:11:25  Running with dbt=1.11.12
[2026-07-28T05:11:25.805+0000] {subprocess.py:106} INFO - [0m05:11:25  Registered adapter: postgres=1.9.0
[2026-07-28T05:11:26.063+0000] {subprocess.py:106} INFO - [0m05:11:26  Found 1 model, 4 data tests, 3 sources, 475 macros
[2026-07-28T05:11:26.065+0000] {subprocess.py:106} INFO - [0m05:11:26
[2026-07-28T05:11:26.065+0000] {subprocess.py:106} INFO - [0m05:11:26  Concurrency: 4 threads (target='dev')
[2026-07-28T05:11:26.066+0000] {subprocess.py:106} INFO - [0m05:11:26
[2026-07-28T05:11:26.139+0000] {subprocess.py:106} INFO - [0m05:11:26  1 of 1 START sql table model midraw.avito_ads .................................. [RUN]
[2026-07-28T05:11:26.240+0000] {subprocess.py:106} INFO - [0m05:11:26  1 of 1 OK created sql table model midraw.avito_ads ............................. [[32mSELECT 1070[0m in 0.10s]
[2026-07-28T05:11:26.249+0000] {subprocess.py:106} INFO - [0m05:11:26
[2026-07-28T05:11:26.250+0000] {subprocess.py:106} INFO - [0m05:11:26  Finished running 1 table model in 0 hours 0 minutes and 0.18 seconds (0.18s).
[2026-07-28T05:11:26.278+0000] {subprocess.py:106} INFO - [0m05:11:26
[2026-07-28T05:11:26.278+0000] {subprocess.py:106} INFO - [0m05:11:26  [32mCompleted successfully[0m
[2026-07-28T05:11:26.279+0000] {subprocess.py:106} INFO - [0m05:11:26
[2026-07-28T05:11:26.279+0000] {subprocess.py:106} INFO - [0m05:11:26  Done. PASS=1 WARN=0 ERROR=0 SKIP=0 NO-OP=0 TOTAL=1
[2026-07-28T05:11:28.139+0000] {subprocess.py:106} INFO - [0m05:11:28  Running with dbt=1.11.12
[2026-07-28T05:11:28.238+0000] {subprocess.py:106} INFO - [0m05:11:28  Registered adapter: postgres=1.9.0
[2026-07-28T05:11:28.449+0000] {subprocess.py:106} INFO - [0m05:11:28  Found 1 model, 4 data tests, 3 sources, 475 macros
[2026-07-28T05:11:28.451+0000] {subprocess.py:106} INFO - [0m05:11:28
[2026-07-28T05:11:28.451+0000] {subprocess.py:106} INFO - [0m05:11:28  Concurrency: 4 threads (target='dev')
[2026-07-28T05:11:28.451+0000] {subprocess.py:106} INFO - [0m05:11:28
[2026-07-28T05:11:28.492+0000] {subprocess.py:106} INFO - [0m05:11:28  1 of 4 START test accepted_values_avito_ads_source_system__avito__synthetic_avito  [RUN]
[2026-07-28T05:11:28.493+0000] {subprocess.py:106} INFO - [0m05:11:28  2 of 4 START test not_null_avito_ads_avito_id .................................. [RUN]
[2026-07-28T05:11:28.493+0000] {subprocess.py:106} INFO - [0m05:11:28  3 of 4 START test not_null_avito_ads_title ..................................... [RUN]
[2026-07-28T05:11:28.493+0000] {subprocess.py:106} INFO - [0m05:11:28  4 of 4 START test not_null_avito_ads_url ....................................... [RUN]
[2026-07-28T05:11:28.546+0000] {subprocess.py:106} INFO - [0m05:11:28  4 of 4 PASS not_null_avito_ads_url ............................................. [[32mPASS[0m in 0.05s]
[2026-07-28T05:11:28.546+0000] {subprocess.py:106} INFO - [0m05:11:28  3 of 4 PASS not_null_avito_ads_title ........................................... [[32mPASS[0m in 0.05s]
[2026-07-28T05:11:28.547+0000] {subprocess.py:106} INFO - [0m05:11:28  2 of 4 PASS not_null_avito_ads_avito_id ........................................ [[32mPASS[0m in 0.05s]
[2026-07-28T05:11:28.547+0000] {subprocess.py:106} INFO - [0m05:11:28  1 of 4 PASS accepted_values_avito_ads_source_system__avito__synthetic_avito .... [[32mPASS[0m in 0.05s]
[2026-07-28T05:11:28.558+0000] {subprocess.py:106} INFO - [0m05:11:28
[2026-07-28T05:11:28.558+0000] {subprocess.py:106} INFO - [0m05:11:28  Finished running 4 data tests in 0 hours 0 minutes and 0.11 seconds (0.11s).
[2026-07-28T05:11:28.586+0000] {subprocess.py:106} INFO - [0m05:11:28
[2026-07-28T05:11:28.586+0000] {subprocess.py:106} INFO - [0m05:11:28  [32mCompleted successfully[0m
[2026-07-28T05:11:28.587+0000] {subprocess.py:106} INFO - [0m05:11:28
[2026-07-28T05:11:28.587+0000] {subprocess.py:106} INFO - [0m05:11:28  Done. PASS=4 WARN=0 ERROR=0 SKIP=0 NO-OP=0 TOTAL=4
[2026-07-28T05:11:29.259+0000] {subprocess.py:110} INFO - Command exited with return code 0
[2026-07-28T05:11:29.283+0000] {taskinstance.py:341} INFO - ::group::Post task execution logs
[2026-07-28T05:11:29.283+0000] {taskinstance.py:353} INFO - Marking task as SUCCESS. dag_id=avito_to_raw_midraw, task_id=dbt_build_midraw, run_id=scheduled__2026-07-28T04:00:00+00:00, execution_date=20260728T040000, start_date=20260728T051124, end_date=20260728T051129
[2026-07-28T05:11:29.306+0000] {local_task_job_runner.py:266} INFO - Task exited with return code 0
[2026-07-28T05:11:29.316+0000] {taskinstance.py:3901} INFO - 0 downstream tasks scheduled from follow-on schedule check
[2026-07-28T05:11:29.317+0000] {local_task_job_runner.py:245} INFO - ::endgroup::
