[2026-08-04T12:04:44.016+0000] {local_task_job_runner.py:123} INFO - ::group::Pre task execution logs
[2026-08-04T12:04:44.042+0000] {taskinstance.py:2614} INFO - Dependencies all met for dep_context=non-requeueable deps ti=<TaskInstance: avito_to_raw_midraw.dbt_build_midraw scheduled__2026-08-04T11:00:00+00:00 [queued]>
[2026-08-04T12:04:44.055+0000] {taskinstance.py:2614} INFO - Dependencies all met for dep_context=requeueable deps ti=<TaskInstance: avito_to_raw_midraw.dbt_build_midraw scheduled__2026-08-04T11:00:00+00:00 [queued]>
[2026-08-04T12:04:44.055+0000] {taskinstance.py:2867} INFO - Starting attempt 1 of 2
[2026-08-04T12:04:44.071+0000] {taskinstance.py:2890} INFO - Executing <Task(BashOperator): dbt_build_midraw> on 2026-08-04 11:00:00+00:00
[2026-08-04T12:04:44.077+0000] {standard_task_runner.py:72} INFO - Started process 1903 to run task
[2026-08-04T12:04:44.082+0000] {standard_task_runner.py:104} INFO - Running: ['***', 'tasks', 'run', 'avito_to_raw_midraw', 'dbt_build_midraw', 'scheduled__2026-08-04T11:00:00+00:00', '--job-id', '765', '--raw', '--subdir', 'DAGS_FOLDER/avito_to_raw_midraw.py', '--cfg-path', '/tmp/tmp_5vgvkiq']
[2026-08-04T12:04:44.088+0000] {standard_task_runner.py:105} INFO - Job 765: Subtask dbt_build_midraw
[2026-08-04T12:04:44.162+0000] {task_command.py:467} INFO - Running <TaskInstance: avito_to_raw_midraw.dbt_build_midraw scheduled__2026-08-04T11:00:00+00:00 [running]> on host 4c6dd7d943f5
[2026-08-04T12:04:44.549+0000] {taskinstance.py:3134} INFO - Exporting env vars: AIRFLOW_CTX_DAG_OWNER='data-eng' AIRFLOW_CTX_DAG_ID='avito_to_raw_midraw' AIRFLOW_CTX_TASK_ID='dbt_build_midraw' AIRFLOW_CTX_EXECUTION_DATE='2026-08-04T11:00:00+00:00' AIRFLOW_CTX_TRY_NUMBER='1' AIRFLOW_CTX_DAG_RUN_ID='scheduled__2026-08-04T11:00:00+00:00'
[2026-08-04T12:04:44.550+0000] {taskinstance.py:732} INFO - ::endgroup::
[2026-08-04T12:04:44.560+0000] {subprocess.py:78} INFO - Tmp dir root location: /tmp
[2026-08-04T12:04:44.561+0000] {subprocess.py:88} INFO - Running command: ['/usr/bin/bash', '-c', 'cd /opt/***/dbt && dbt run --profiles-dir . --select avito_ads && dbt test --profiles-dir . --select avito_ads']
[2026-08-04T12:04:44.577+0000] {subprocess.py:99} INFO - Output:
[2026-08-04T12:04:47.011+0000] {subprocess.py:106} INFO - [0m12:04:47  Running with dbt=1.11.12
[2026-08-04T12:04:47.229+0000] {subprocess.py:106} INFO - [0m12:04:47  Registered adapter: postgres=1.9.0
[2026-08-04T12:04:47.705+0000] {subprocess.py:106} INFO - [0m12:04:47  Found 1 model, 4 data tests, 3 sources, 475 macros
[2026-08-04T12:04:47.710+0000] {subprocess.py:106} INFO - [0m12:04:47
[2026-08-04T12:04:47.711+0000] {subprocess.py:106} INFO - [0m12:04:47  Concurrency: 4 threads (target='dev')
[2026-08-04T12:04:47.712+0000] {subprocess.py:106} INFO - [0m12:04:47
[2026-08-04T12:04:47.848+0000] {subprocess.py:106} INFO - [0m12:04:47  1 of 1 START sql table model midraw.avito_ads .................................. [RUN]
[2026-08-04T12:04:47.971+0000] {subprocess.py:106} INFO - [0m12:04:47  1 of 1 OK created sql table model midraw.avito_ads ............................. [[32mSELECT 2019[0m in 0.12s]
[2026-08-04T12:04:47.986+0000] {subprocess.py:106} INFO - [0m12:04:47
[2026-08-04T12:04:47.987+0000] {subprocess.py:106} INFO - [0m12:04:47  Finished running 1 table model in 0 hours 0 minutes and 0.27 seconds (0.27s).
[2026-08-04T12:04:48.039+0000] {subprocess.py:106} INFO - [0m12:04:48
[2026-08-04T12:04:48.040+0000] {subprocess.py:106} INFO - [0m12:04:48  [32mCompleted successfully[0m
[2026-08-04T12:04:48.040+0000] {subprocess.py:106} INFO - [0m12:04:48
[2026-08-04T12:04:48.041+0000] {subprocess.py:106} INFO - [0m12:04:48  Done. PASS=1 WARN=0 ERROR=0 SKIP=0 NO-OP=0 TOTAL=1
[2026-08-04T12:04:50.742+0000] {subprocess.py:106} INFO - [0m12:04:50  Running with dbt=1.11.12
[2026-08-04T12:04:50.930+0000] {subprocess.py:106} INFO - [0m12:04:50  Registered adapter: postgres=1.9.0
[2026-08-04T12:04:51.358+0000] {subprocess.py:106} INFO - [0m12:04:51  Found 1 model, 4 data tests, 3 sources, 475 macros
[2026-08-04T12:04:51.360+0000] {subprocess.py:106} INFO - [0m12:04:51
[2026-08-04T12:04:51.361+0000] {subprocess.py:106} INFO - [0m12:04:51  Concurrency: 4 threads (target='dev')
[2026-08-04T12:04:51.361+0000] {subprocess.py:106} INFO - [0m12:04:51
[2026-08-04T12:04:51.453+0000] {subprocess.py:106} INFO - [0m12:04:51  1 of 4 START test accepted_values_avito_ads_source_system__avito__synthetic_avito  [RUN]
[2026-08-04T12:04:51.454+0000] {subprocess.py:106} INFO - [0m12:04:51  2 of 4 START test not_null_avito_ads_avito_id .................................. [RUN]
[2026-08-04T12:04:51.455+0000] {subprocess.py:106} INFO - [0m12:04:51  3 of 4 START test not_null_avito_ads_title ..................................... [RUN]
[2026-08-04T12:04:51.455+0000] {subprocess.py:106} INFO - [0m12:04:51  4 of 4 START test not_null_avito_ads_url ....................................... [RUN]
[2026-08-04T12:04:51.570+0000] {subprocess.py:106} INFO - [0m12:04:51  3 of 4 PASS not_null_avito_ads_title ........................................... [[32mPASS[0m in 0.11s]
[2026-08-04T12:04:51.571+0000] {subprocess.py:106} INFO - [0m12:04:51  4 of 4 PASS not_null_avito_ads_url ............................................. [[32mPASS[0m in 0.11s]
[2026-08-04T12:04:51.572+0000] {subprocess.py:106} INFO - [0m12:04:51  2 of 4 PASS not_null_avito_ads_avito_id ........................................ [[32mPASS[0m in 0.12s]
[2026-08-04T12:04:51.573+0000] {subprocess.py:106} INFO - [0m12:04:51  1 of 4 PASS accepted_values_avito_ads_source_system__avito__synthetic_avito .... [[32mPASS[0m in 0.12s]
[2026-08-04T12:04:51.733+0000] {subprocess.py:106} INFO - [0m12:04:51
[2026-08-04T12:04:51.734+0000] {subprocess.py:106} INFO - [0m12:04:51  Finished running 4 data tests in 0 hours 0 minutes and 0.37 seconds (0.37s).
[2026-08-04T12:04:51.954+0000] {subprocess.py:106} INFO - [0m12:04:51
[2026-08-04T12:04:51.956+0000] {subprocess.py:106} INFO - [0m12:04:51  [32mCompleted successfully[0m
[2026-08-04T12:04:51.958+0000] {subprocess.py:106} INFO - [0m12:04:51
[2026-08-04T12:04:51.959+0000] {subprocess.py:106} INFO - [0m12:04:51  Done. PASS=4 WARN=0 ERROR=0 SKIP=0 NO-OP=0 TOTAL=4
[2026-08-04T12:04:56.541+0000] {subprocess.py:110} INFO - Command exited with return code 0
[2026-08-04T12:04:56.590+0000] {taskinstance.py:341} INFO - ::group::Post task execution logs
[2026-08-04T12:04:56.591+0000] {taskinstance.py:353} INFO - Marking task as SUCCESS. dag_id=avito_to_raw_midraw, task_id=dbt_build_midraw, run_id=scheduled__2026-08-04T11:00:00+00:00, execution_date=20260804T110000, start_date=20260804T120444, end_date=20260804T120456
[2026-08-04T12:04:56.671+0000] {local_task_job_runner.py:266} INFO - Task exited with return code 0
[2026-08-04T12:04:56.701+0000] {taskinstance.py:3901} INFO - 0 downstream tasks scheduled from follow-on schedule check
[2026-08-04T12:04:56.702+0000] {local_task_job_runner.py:245} INFO - ::endgroup::
