[2026-07-25T04:04:56.561+0000] {local_task_job_runner.py:123} INFO - ::group::Pre task execution logs
[2026-07-25T04:04:56.569+0000] {taskinstance.py:2614} INFO - Dependencies all met for dep_context=non-requeueable deps ti=<TaskInstance: avito_to_raw_midraw.dbt_build_midraw scheduled__2026-07-25T03:00:00+00:00 [queued]>
[2026-07-25T04:04:56.573+0000] {taskinstance.py:2614} INFO - Dependencies all met for dep_context=requeueable deps ti=<TaskInstance: avito_to_raw_midraw.dbt_build_midraw scheduled__2026-07-25T03:00:00+00:00 [queued]>
[2026-07-25T04:04:56.573+0000] {taskinstance.py:2867} INFO - Starting attempt 1 of 2
[2026-07-25T04:04:56.582+0000] {taskinstance.py:2890} INFO - Executing <Task(BashOperator): dbt_build_midraw> on 2026-07-25 03:00:00+00:00
[2026-07-25T04:04:56.587+0000] {standard_task_runner.py:72} INFO - Started process 2442 to run task
[2026-07-25T04:04:56.590+0000] {standard_task_runner.py:104} INFO - Running: ['***', 'tasks', 'run', 'avito_to_raw_midraw', 'dbt_build_midraw', 'scheduled__2026-07-25T03:00:00+00:00', '--job-id', '294', '--raw', '--subdir', 'DAGS_FOLDER/avito_to_raw_midraw.py', '--cfg-path', '/tmp/tmpc1d49cu9']
[2026-07-25T04:04:56.593+0000] {standard_task_runner.py:105} INFO - Job 294: Subtask dbt_build_midraw
[2026-07-25T04:04:56.614+0000] {task_command.py:467} INFO - Running <TaskInstance: avito_to_raw_midraw.dbt_build_midraw scheduled__2026-07-25T03:00:00+00:00 [running]> on host 4c6dd7d943f5
[2026-07-25T04:04:56.722+0000] {taskinstance.py:3134} INFO - Exporting env vars: AIRFLOW_CTX_DAG_OWNER='data-eng' AIRFLOW_CTX_DAG_ID='avito_to_raw_midraw' AIRFLOW_CTX_TASK_ID='dbt_build_midraw' AIRFLOW_CTX_EXECUTION_DATE='2026-07-25T03:00:00+00:00' AIRFLOW_CTX_TRY_NUMBER='1' AIRFLOW_CTX_DAG_RUN_ID='scheduled__2026-07-25T03:00:00+00:00'
[2026-07-25T04:04:56.723+0000] {taskinstance.py:732} INFO - ::endgroup::
[2026-07-25T04:04:56.727+0000] {subprocess.py:78} INFO - Tmp dir root location: /tmp
[2026-07-25T04:04:56.727+0000] {subprocess.py:88} INFO - Running command: ['/usr/bin/bash', '-c', 'cd /opt/***/dbt && dbt run --profiles-dir . --select avito_ads && dbt test --profiles-dir . --select avito_ads']
[2026-07-25T04:04:56.730+0000] {subprocess.py:99} INFO - Output:
[2026-07-25T04:04:57.863+0000] {subprocess.py:106} INFO - [0m04:04:57  Running with dbt=1.11.12
[2026-07-25T04:04:57.961+0000] {subprocess.py:106} INFO - [0m04:04:57  Registered adapter: postgres=1.9.0
[2026-07-25T04:04:58.159+0000] {subprocess.py:106} INFO - [0m04:04:58  Found 1 model, 4 data tests, 3 sources, 475 macros
[2026-07-25T04:04:58.160+0000] {subprocess.py:106} INFO - [0m04:04:58
[2026-07-25T04:04:58.160+0000] {subprocess.py:106} INFO - [0m04:04:58  Concurrency: 4 threads (target='dev')
[2026-07-25T04:04:58.161+0000] {subprocess.py:106} INFO - [0m04:04:58
[2026-07-25T04:04:58.208+0000] {subprocess.py:106} INFO - [0m04:04:58  1 of 1 START sql table model midraw.avito_ads .................................. [RUN]
[2026-07-25T04:04:58.275+0000] {subprocess.py:106} INFO - [0m04:04:58  1 of 1 OK created sql table model midraw.avito_ads ............................. [[32mSELECT 2412[0m in 0.07s]
[2026-07-25T04:04:58.282+0000] {subprocess.py:106} INFO - [0m04:04:58
[2026-07-25T04:04:58.282+0000] {subprocess.py:106} INFO - [0m04:04:58  Finished running 1 table model in 0 hours 0 minutes and 0.12 seconds (0.12s).
[2026-07-25T04:04:58.307+0000] {subprocess.py:106} INFO - [0m04:04:58
[2026-07-25T04:04:58.308+0000] {subprocess.py:106} INFO - [0m04:04:58  [32mCompleted successfully[0m
[2026-07-25T04:04:58.308+0000] {subprocess.py:106} INFO - [0m04:04:58
[2026-07-25T04:04:58.308+0000] {subprocess.py:106} INFO - [0m04:04:58  Done. PASS=1 WARN=0 ERROR=0 SKIP=0 NO-OP=0 TOTAL=1
[2026-07-25T04:04:59.817+0000] {subprocess.py:106} INFO - [0m04:04:59  Running with dbt=1.11.12
[2026-07-25T04:04:59.902+0000] {subprocess.py:106} INFO - [0m04:04:59  Registered adapter: postgres=1.9.0
[2026-07-25T04:05:00.078+0000] {subprocess.py:106} INFO - [0m04:05:00  Found 1 model, 4 data tests, 3 sources, 475 macros
[2026-07-25T04:05:00.079+0000] {subprocess.py:106} INFO - [0m04:05:00
[2026-07-25T04:05:00.079+0000] {subprocess.py:106} INFO - [0m04:05:00  Concurrency: 4 threads (target='dev')
[2026-07-25T04:05:00.079+0000] {subprocess.py:106} INFO - [0m04:05:00
[2026-07-25T04:05:00.116+0000] {subprocess.py:106} INFO - [0m04:05:00  1 of 4 START test accepted_values_avito_ads_source_system__avito__synthetic_avito  [RUN]
[2026-07-25T04:05:00.116+0000] {subprocess.py:106} INFO - [0m04:05:00  2 of 4 START test not_null_avito_ads_avito_id .................................. [RUN]
[2026-07-25T04:05:00.116+0000] {subprocess.py:106} INFO - [0m04:05:00  3 of 4 START test not_null_avito_ads_title ..................................... [RUN]
[2026-07-25T04:05:00.117+0000] {subprocess.py:106} INFO - [0m04:05:00  4 of 4 START test not_null_avito_ads_url ....................................... [RUN]
[2026-07-25T04:05:00.158+0000] {subprocess.py:106} INFO - [0m04:05:00  2 of 4 PASS not_null_avito_ads_avito_id ........................................ [[32mPASS[0m in 0.04s]
[2026-07-25T04:05:00.159+0000] {subprocess.py:106} INFO - [0m04:05:00  3 of 4 PASS not_null_avito_ads_title ........................................... [[32mPASS[0m in 0.04s]
[2026-07-25T04:05:00.160+0000] {subprocess.py:106} INFO - [0m04:05:00  4 of 4 PASS not_null_avito_ads_url ............................................. [[32mPASS[0m in 0.04s]
[2026-07-25T04:05:00.162+0000] {subprocess.py:106} INFO - [0m04:05:00  1 of 4 PASS accepted_values_avito_ads_source_system__avito__synthetic_avito .... [[32mPASS[0m in 0.04s]
[2026-07-25T04:05:00.169+0000] {subprocess.py:106} INFO - [0m04:05:00
[2026-07-25T04:05:00.169+0000] {subprocess.py:106} INFO - [0m04:05:00  Finished running 4 data tests in 0 hours 0 minutes and 0.09 seconds (0.09s).
[2026-07-25T04:05:00.192+0000] {subprocess.py:106} INFO - [0m04:05:00
[2026-07-25T04:05:00.192+0000] {subprocess.py:106} INFO - [0m04:05:00  [32mCompleted successfully[0m
[2026-07-25T04:05:00.192+0000] {subprocess.py:106} INFO - [0m04:05:00
[2026-07-25T04:05:00.192+0000] {subprocess.py:106} INFO - [0m04:05:00  Done. PASS=4 WARN=0 ERROR=0 SKIP=0 NO-OP=0 TOTAL=4
[2026-07-25T04:05:00.782+0000] {subprocess.py:110} INFO - Command exited with return code 0
[2026-07-25T04:05:00.794+0000] {taskinstance.py:341} INFO - ::group::Post task execution logs
[2026-07-25T04:05:00.795+0000] {taskinstance.py:353} INFO - Marking task as SUCCESS. dag_id=avito_to_raw_midraw, task_id=dbt_build_midraw, run_id=scheduled__2026-07-25T03:00:00+00:00, execution_date=20260725T030000, start_date=20260725T040456, end_date=20260725T040500
[2026-07-25T04:05:00.808+0000] {local_task_job_runner.py:266} INFO - Task exited with return code 0
[2026-07-25T04:05:00.815+0000] {taskinstance.py:3901} INFO - 0 downstream tasks scheduled from follow-on schedule check
[2026-07-25T04:05:00.816+0000] {local_task_job_runner.py:245} INFO - ::endgroup::
