[2026-07-12T06:00:22.949+0000] {local_task_job_runner.py:123} INFO - ::group::Pre task execution logs
[2026-07-12T06:00:22.964+0000] {taskinstance.py:2614} INFO - Dependencies all met for dep_context=non-requeueable deps ti=<TaskInstance: avito_to_raw_midraw.dbt_build_midraw scheduled__2026-07-12T05:00:00+00:00 [queued]>
[2026-07-12T06:00:22.970+0000] {taskinstance.py:2614} INFO - Dependencies all met for dep_context=requeueable deps ti=<TaskInstance: avito_to_raw_midraw.dbt_build_midraw scheduled__2026-07-12T05:00:00+00:00 [queued]>
[2026-07-12T06:00:22.971+0000] {taskinstance.py:2867} INFO - Starting attempt 1 of 2
[2026-07-12T06:00:22.975+0000] {taskinstance.py:2890} INFO - Executing <Task(BashOperator): dbt_build_midraw> on 2026-07-12 05:00:00+00:00
[2026-07-12T06:00:22.978+0000] {standard_task_runner.py:72} INFO - Started process 586 to run task
[2026-07-12T06:00:22.981+0000] {standard_task_runner.py:104} INFO - Running: ['***', 'tasks', 'run', 'avito_to_raw_midraw', 'dbt_build_midraw', 'scheduled__2026-07-12T05:00:00+00:00', '--job-id', '70', '--raw', '--subdir', 'DAGS_FOLDER/avito_to_raw_midraw.py', '--cfg-path', '/tmp/tmp3b79m2qx']
[2026-07-12T06:00:22.984+0000] {standard_task_runner.py:105} INFO - Job 70: Subtask dbt_build_midraw
[2026-07-12T06:00:23.025+0000] {task_command.py:467} INFO - Running <TaskInstance: avito_to_raw_midraw.dbt_build_midraw scheduled__2026-07-12T05:00:00+00:00 [running]> on host 5f8cb7b7a9c9
[2026-07-12T06:00:23.301+0000] {taskinstance.py:3134} INFO - Exporting env vars: AIRFLOW_CTX_DAG_OWNER='data-eng' AIRFLOW_CTX_DAG_ID='avito_to_raw_midraw' AIRFLOW_CTX_TASK_ID='dbt_build_midraw' AIRFLOW_CTX_EXECUTION_DATE='2026-07-12T05:00:00+00:00' AIRFLOW_CTX_TRY_NUMBER='1' AIRFLOW_CTX_DAG_RUN_ID='scheduled__2026-07-12T05:00:00+00:00'
[2026-07-12T06:00:23.302+0000] {taskinstance.py:732} INFO - ::endgroup::
[2026-07-12T06:00:23.308+0000] {subprocess.py:78} INFO - Tmp dir root location: /tmp
[2026-07-12T06:00:23.309+0000] {subprocess.py:88} INFO - Running command: ['/usr/bin/bash', '-c', 'cd /opt/***/dbt && dbt run --profiles-dir . --select avito_ads && dbt test --profiles-dir . --select avito_ads']
[2026-07-12T06:00:23.315+0000] {subprocess.py:99} INFO - Output:
[2026-07-12T06:00:24.362+0000] {subprocess.py:106} INFO - [0m06:00:24  Running with dbt=1.11.12
[2026-07-12T06:00:24.463+0000] {subprocess.py:106} INFO - [0m06:00:24  Registered adapter: postgres=1.9.0
[2026-07-12T06:00:24.666+0000] {subprocess.py:106} INFO - [0m06:00:24  Found 1 model, 6 data tests, 1 source, 475 macros
[2026-07-12T06:00:24.667+0000] {subprocess.py:106} INFO - [0m06:00:24
[2026-07-12T06:00:24.668+0000] {subprocess.py:106} INFO - [0m06:00:24  Concurrency: 4 threads (target='dev')
[2026-07-12T06:00:24.668+0000] {subprocess.py:106} INFO - [0m06:00:24
[2026-07-12T06:00:24.720+0000] {subprocess.py:106} INFO - [0m06:00:24  1 of 1 START sql table model midraw.avito_ads .................................. [RUN]
[2026-07-12T06:00:31.938+0000] {subprocess.py:106} INFO - [0m06:00:31  1 of 1 OK created sql table model midraw.avito_ads ............................. [[32mSELECT 24139[0m in 7.21s]
[2026-07-12T06:00:31.948+0000] {subprocess.py:106} INFO - [0m06:00:31
[2026-07-12T06:00:31.949+0000] {subprocess.py:106} INFO - [0m06:00:31  Finished running 1 table model in 0 hours 0 minutes and 7.28 seconds (7.28s).
[2026-07-12T06:00:31.976+0000] {subprocess.py:106} INFO - [0m06:00:31
[2026-07-12T06:00:31.977+0000] {subprocess.py:106} INFO - [0m06:00:31  [32mCompleted successfully[0m
[2026-07-12T06:00:31.977+0000] {subprocess.py:106} INFO - [0m06:00:31
[2026-07-12T06:00:31.977+0000] {subprocess.py:106} INFO - [0m06:00:31  Done. PASS=1 WARN=0 ERROR=0 SKIP=0 NO-OP=0 TOTAL=1
[2026-07-12T06:00:33.755+0000] {subprocess.py:106} INFO - [0m06:00:33  Running with dbt=1.11.12
[2026-07-12T06:00:33.852+0000] {subprocess.py:106} INFO - [0m06:00:33  Registered adapter: postgres=1.9.0
[2026-07-12T06:00:34.068+0000] {subprocess.py:106} INFO - [0m06:00:34  Found 1 model, 6 data tests, 1 source, 475 macros
[2026-07-12T06:00:34.069+0000] {subprocess.py:106} INFO - [0m06:00:34
[2026-07-12T06:00:34.069+0000] {subprocess.py:106} INFO - [0m06:00:34  Concurrency: 4 threads (target='dev')
[2026-07-12T06:00:34.070+0000] {subprocess.py:106} INFO - [0m06:00:34
[2026-07-12T06:00:34.114+0000] {subprocess.py:106} INFO - [0m06:00:34  1 of 6 START test accepted_values_avito_ads_source_system__avito__synthetic_avito  [RUN]
[2026-07-12T06:00:34.114+0000] {subprocess.py:106} INFO - [0m06:00:34  2 of 6 START test not_null_avito_ads_avito_id .................................. [RUN]
[2026-07-12T06:00:34.114+0000] {subprocess.py:106} INFO - [0m06:00:34  3 of 6 START test not_null_avito_ads_row_number ................................ [RUN]
[2026-07-12T06:00:34.115+0000] {subprocess.py:106} INFO - [0m06:00:34  4 of 6 START test not_null_avito_ads_run_id .................................... [RUN]
[2026-07-12T06:00:34.183+0000] {subprocess.py:106} INFO - [0m06:00:34  2 of 6 PASS not_null_avito_ads_avito_id ........................................ [[32mPASS[0m in 0.07s]
[2026-07-12T06:00:34.184+0000] {subprocess.py:106} INFO - [0m06:00:34  3 of 6 PASS not_null_avito_ads_row_number ...................................... [[32mPASS[0m in 0.07s]
[2026-07-12T06:00:34.185+0000] {subprocess.py:106} INFO - [0m06:00:34  1 of 6 PASS accepted_values_avito_ads_source_system__avito__synthetic_avito .... [[32mPASS[0m in 0.07s]
[2026-07-12T06:00:34.185+0000] {subprocess.py:106} INFO - [0m06:00:34  4 of 6 PASS not_null_avito_ads_run_id .......................................... [[32mPASS[0m in 0.07s]
[2026-07-12T06:00:34.189+0000] {subprocess.py:106} INFO - [0m06:00:34  5 of 6 START test not_null_avito_ads_title ..................................... [RUN]
[2026-07-12T06:00:34.190+0000] {subprocess.py:106} INFO - [0m06:00:34  6 of 6 START test not_null_avito_ads_url ....................................... [RUN]
[2026-07-12T06:00:34.212+0000] {subprocess.py:106} INFO - [0m06:00:34  5 of 6 PASS not_null_avito_ads_title ........................................... [[32mPASS[0m in 0.02s]
[2026-07-12T06:00:34.212+0000] {subprocess.py:106} INFO - [0m06:00:34  6 of 6 PASS not_null_avito_ads_url ............................................. [[32mPASS[0m in 0.02s]
[2026-07-12T06:00:34.225+0000] {subprocess.py:106} INFO - [0m06:00:34
[2026-07-12T06:00:34.226+0000] {subprocess.py:106} INFO - [0m06:00:34  Finished running 6 data tests in 0 hours 0 minutes and 0.15 seconds (0.15s).
[2026-07-12T06:00:34.260+0000] {subprocess.py:106} INFO - [0m06:00:34
[2026-07-12T06:00:34.260+0000] {subprocess.py:106} INFO - [0m06:00:34  [32mCompleted successfully[0m
[2026-07-12T06:00:34.260+0000] {subprocess.py:106} INFO - [0m06:00:34
[2026-07-12T06:00:34.260+0000] {subprocess.py:106} INFO - [0m06:00:34  Done. PASS=6 WARN=0 ERROR=0 SKIP=0 NO-OP=0 TOTAL=6
[2026-07-12T06:00:34.982+0000] {subprocess.py:110} INFO - Command exited with return code 0
[2026-07-12T06:00:35.008+0000] {taskinstance.py:341} INFO - ::group::Post task execution logs
[2026-07-12T06:00:35.009+0000] {taskinstance.py:353} INFO - Marking task as SUCCESS. dag_id=avito_to_raw_midraw, task_id=dbt_build_midraw, run_id=scheduled__2026-07-12T05:00:00+00:00, execution_date=20260712T050000, start_date=20260712T060022, end_date=20260712T060035
[2026-07-12T06:00:35.068+0000] {local_task_job_runner.py:266} INFO - Task exited with return code 0
[2026-07-12T06:00:35.079+0000] {taskinstance.py:3901} INFO - 0 downstream tasks scheduled from follow-on schedule check
[2026-07-12T06:00:35.080+0000] {local_task_job_runner.py:245} INFO - ::endgroup::
