[2026-07-26T00:25:03.491+0000] {local_task_job_runner.py:123} INFO - ::group::Pre task execution logs
[2026-07-26T00:25:03.502+0000] {taskinstance.py:2614} INFO - Dependencies all met for dep_context=non-requeueable deps ti=<TaskInstance: avito_to_raw_midraw.dbt_build_midraw scheduled__2026-07-25T23:00:00+00:00 [queued]>
[2026-07-26T00:25:03.506+0000] {taskinstance.py:2614} INFO - Dependencies all met for dep_context=requeueable deps ti=<TaskInstance: avito_to_raw_midraw.dbt_build_midraw scheduled__2026-07-25T23:00:00+00:00 [queued]>
[2026-07-26T00:25:03.506+0000] {taskinstance.py:2867} INFO - Starting attempt 1 of 2
[2026-07-26T00:25:03.512+0000] {taskinstance.py:2890} INFO - Executing <Task(BashOperator): dbt_build_midraw> on 2026-07-25 23:00:00+00:00
[2026-07-26T00:25:03.514+0000] {standard_task_runner.py:72} INFO - Started process 3036 to run task
[2026-07-26T00:25:03.516+0000] {standard_task_runner.py:104} INFO - Running: ['***', 'tasks', 'run', 'avito_to_raw_midraw', 'dbt_build_midraw', 'scheduled__2026-07-25T23:00:00+00:00', '--job-id', '334', '--raw', '--subdir', 'DAGS_FOLDER/avito_to_raw_midraw.py', '--cfg-path', '/tmp/tmpm0p8f6_v']
[2026-07-26T00:25:03.518+0000] {standard_task_runner.py:105} INFO - Job 334: Subtask dbt_build_midraw
[2026-07-26T00:25:03.546+0000] {task_command.py:467} INFO - Running <TaskInstance: avito_to_raw_midraw.dbt_build_midraw scheduled__2026-07-25T23:00:00+00:00 [running]> on host 4c6dd7d943f5
[2026-07-26T00:25:03.694+0000] {taskinstance.py:3134} INFO - Exporting env vars: AIRFLOW_CTX_DAG_OWNER='data-eng' AIRFLOW_CTX_DAG_ID='avito_to_raw_midraw' AIRFLOW_CTX_TASK_ID='dbt_build_midraw' AIRFLOW_CTX_EXECUTION_DATE='2026-07-25T23:00:00+00:00' AIRFLOW_CTX_TRY_NUMBER='1' AIRFLOW_CTX_DAG_RUN_ID='scheduled__2026-07-25T23:00:00+00:00'
[2026-07-26T00:25:03.695+0000] {taskinstance.py:732} INFO - ::endgroup::
[2026-07-26T00:25:03.700+0000] {subprocess.py:78} INFO - Tmp dir root location: /tmp
[2026-07-26T00:25:03.700+0000] {subprocess.py:88} INFO - Running command: ['/usr/bin/bash', '-c', 'cd /opt/***/dbt && dbt run --profiles-dir . --select avito_ads && dbt test --profiles-dir . --select avito_ads']
[2026-07-26T00:25:03.705+0000] {subprocess.py:99} INFO - Output:
[2026-07-26T00:25:04.753+0000] {subprocess.py:106} INFO - [0m00:25:04  Running with dbt=1.11.12
[2026-07-26T00:25:04.865+0000] {subprocess.py:106} INFO - [0m00:25:04  Registered adapter: postgres=1.9.0
[2026-07-26T00:25:05.104+0000] {subprocess.py:106} INFO - [0m00:25:05  Found 1 model, 4 data tests, 3 sources, 475 macros
[2026-07-26T00:25:05.108+0000] {subprocess.py:106} INFO - [0m00:25:05
[2026-07-26T00:25:05.109+0000] {subprocess.py:106} INFO - [0m00:25:05  Concurrency: 4 threads (target='dev')
[2026-07-26T00:25:05.109+0000] {subprocess.py:106} INFO - [0m00:25:05
[2026-07-26T00:25:05.179+0000] {subprocess.py:106} INFO - [0m00:25:05  1 of 1 START sql table model midraw.avito_ads .................................. [RUN]
[2026-07-26T00:25:05.250+0000] {subprocess.py:106} INFO - [0m00:25:05  1 of 1 OK created sql table model midraw.avito_ads ............................. [[32mSELECT 503[0m in 0.07s]
[2026-07-26T00:25:05.259+0000] {subprocess.py:106} INFO - [0m00:25:05
[2026-07-26T00:25:05.259+0000] {subprocess.py:106} INFO - [0m00:25:05  Finished running 1 table model in 0 hours 0 minutes and 0.15 seconds (0.15s).
[2026-07-26T00:25:05.284+0000] {subprocess.py:106} INFO - [0m00:25:05
[2026-07-26T00:25:05.285+0000] {subprocess.py:106} INFO - [0m00:25:05  [32mCompleted successfully[0m
[2026-07-26T00:25:05.285+0000] {subprocess.py:106} INFO - [0m00:25:05
[2026-07-26T00:25:05.285+0000] {subprocess.py:106} INFO - [0m00:25:05  Done. PASS=1 WARN=0 ERROR=0 SKIP=0 NO-OP=0 TOTAL=1
[2026-07-26T00:25:07.168+0000] {subprocess.py:106} INFO - [0m00:25:07  Running with dbt=1.11.12
[2026-07-26T00:25:07.272+0000] {subprocess.py:106} INFO - [0m00:25:07  Registered adapter: postgres=1.9.0
[2026-07-26T00:25:07.519+0000] {subprocess.py:106} INFO - [0m00:25:07  Found 1 model, 4 data tests, 3 sources, 475 macros
[2026-07-26T00:25:07.521+0000] {subprocess.py:106} INFO - [0m00:25:07
[2026-07-26T00:25:07.521+0000] {subprocess.py:106} INFO - [0m00:25:07  Concurrency: 4 threads (target='dev')
[2026-07-26T00:25:07.522+0000] {subprocess.py:106} INFO - [0m00:25:07
[2026-07-26T00:25:07.566+0000] {subprocess.py:106} INFO - [0m00:25:07  1 of 4 START test accepted_values_avito_ads_source_system__avito__synthetic_avito  [RUN]
[2026-07-26T00:25:07.567+0000] {subprocess.py:106} INFO - [0m00:25:07  2 of 4 START test not_null_avito_ads_avito_id .................................. [RUN]
[2026-07-26T00:25:07.567+0000] {subprocess.py:106} INFO - [0m00:25:07  3 of 4 START test not_null_avito_ads_title ..................................... [RUN]
[2026-07-26T00:25:07.567+0000] {subprocess.py:106} INFO - [0m00:25:07  4 of 4 START test not_null_avito_ads_url ....................................... [RUN]
[2026-07-26T00:25:07.621+0000] {subprocess.py:106} INFO - [0m00:25:07  1 of 4 PASS accepted_values_avito_ads_source_system__avito__synthetic_avito .... [[32mPASS[0m in 0.05s]
[2026-07-26T00:25:07.622+0000] {subprocess.py:106} INFO - [0m00:25:07  3 of 4 PASS not_null_avito_ads_title ........................................... [[32mPASS[0m in 0.05s]
[2026-07-26T00:25:07.623+0000] {subprocess.py:106} INFO - [0m00:25:07  2 of 4 PASS not_null_avito_ads_avito_id ........................................ [[32mPASS[0m in 0.05s]
[2026-07-26T00:25:07.623+0000] {subprocess.py:106} INFO - [0m00:25:07  4 of 4 PASS not_null_avito_ads_url ............................................. [[32mPASS[0m in 0.05s]
[2026-07-26T00:25:07.633+0000] {subprocess.py:106} INFO - [0m00:25:07
[2026-07-26T00:25:07.633+0000] {subprocess.py:106} INFO - [0m00:25:07  Finished running 4 data tests in 0 hours 0 minutes and 0.11 seconds (0.11s).
[2026-07-26T00:25:07.659+0000] {subprocess.py:106} INFO - [0m00:25:07
[2026-07-26T00:25:07.659+0000] {subprocess.py:106} INFO - [0m00:25:07  [32mCompleted successfully[0m
[2026-07-26T00:25:07.659+0000] {subprocess.py:106} INFO - [0m00:25:07
[2026-07-26T00:25:07.659+0000] {subprocess.py:106} INFO - [0m00:25:07  Done. PASS=4 WARN=0 ERROR=0 SKIP=0 NO-OP=0 TOTAL=4
[2026-07-26T00:25:08.435+0000] {subprocess.py:110} INFO - Command exited with return code 0
[2026-07-26T00:25:08.452+0000] {taskinstance.py:341} INFO - ::group::Post task execution logs
[2026-07-26T00:25:08.453+0000] {taskinstance.py:353} INFO - Marking task as SUCCESS. dag_id=avito_to_raw_midraw, task_id=dbt_build_midraw, run_id=scheduled__2026-07-25T23:00:00+00:00, execution_date=20260725T230000, start_date=20260726T002503, end_date=20260726T002508
[2026-07-26T00:25:08.494+0000] {local_task_job_runner.py:266} INFO - Task exited with return code 0
[2026-07-26T00:25:08.505+0000] {taskinstance.py:3901} INFO - 0 downstream tasks scheduled from follow-on schedule check
[2026-07-26T00:25:08.506+0000] {local_task_job_runner.py:245} INFO - ::endgroup::
