[2026-07-11T16:18:08.391+0000] {local_task_job_runner.py:123} INFO - ::group::Pre task execution logs
[2026-07-11T16:18:08.398+0000] {taskinstance.py:2614} INFO - Dependencies all met for dep_context=non-requeueable deps ti=<TaskInstance: avito_to_raw_midraw.dbt_build_midraw manual__2026-07-11T16:03:34+00:00 [queued]>
[2026-07-11T16:18:08.401+0000] {taskinstance.py:2614} INFO - Dependencies all met for dep_context=requeueable deps ti=<TaskInstance: avito_to_raw_midraw.dbt_build_midraw manual__2026-07-11T16:03:34+00:00 [queued]>
[2026-07-11T16:18:08.401+0000] {taskinstance.py:2867} INFO - Starting attempt 1 of 2
[2026-07-11T16:18:08.405+0000] {taskinstance.py:2890} INFO - Executing <Task(BashOperator): dbt_build_midraw> on 2026-07-11 16:03:34+00:00
[2026-07-11T16:18:08.406+0000] {standard_task_runner.py:72} INFO - Started process 39 to run task
[2026-07-11T16:18:08.408+0000] {standard_task_runner.py:104} INFO - Running: ['***', 'tasks', 'run', 'avito_to_raw_midraw', 'dbt_build_midraw', 'manual__2026-07-11T16:03:34+00:00', '--job-id', '4', '--raw', '--subdir', 'DAGS_FOLDER/avito_to_raw_midraw.py', '--cfg-path', '/tmp/tmp4y0hnkxl']
[2026-07-11T16:18:08.410+0000] {standard_task_runner.py:105} INFO - Job 4: Subtask dbt_build_midraw
[2026-07-11T16:18:08.428+0000] {task_command.py:467} INFO - Running <TaskInstance: avito_to_raw_midraw.dbt_build_midraw manual__2026-07-11T16:03:34+00:00 [running]> on host 214e7ce0f289
[2026-07-11T16:18:08.519+0000] {taskinstance.py:3134} INFO - Exporting env vars: AIRFLOW_CTX_DAG_OWNER='data-eng' AIRFLOW_CTX_DAG_ID='avito_to_raw_midraw' AIRFLOW_CTX_TASK_ID='dbt_build_midraw' AIRFLOW_CTX_EXECUTION_DATE='2026-07-11T16:03:34+00:00' AIRFLOW_CTX_TRY_NUMBER='1' AIRFLOW_CTX_DAG_RUN_ID='manual__2026-07-11T16:03:34+00:00'
[2026-07-11T16:18:08.519+0000] {taskinstance.py:732} INFO - ::endgroup::
[2026-07-11T16:18:08.523+0000] {subprocess.py:78} INFO - Tmp dir root location: /tmp
[2026-07-11T16:18:08.523+0000] {subprocess.py:88} INFO - Running command: ['/usr/bin/bash', '-c', 'cd /opt/***/dbt && dbt run --profiles-dir . --select avito_ads && dbt test --profiles-dir . --select avito_ads']
[2026-07-11T16:18:08.526+0000] {subprocess.py:99} INFO - Output:
[2026-07-11T16:18:09.318+0000] {subprocess.py:106} INFO - [0m16:18:09  Running with dbt=1.11.12
[2026-07-11T16:18:09.398+0000] {subprocess.py:106} INFO - [0m16:18:09  Registered adapter: postgres=1.9.0
[2026-07-11T16:18:09.425+0000] {subprocess.py:106} INFO - [0m16:18:09  Unable to do partial parsing because saved manifest not found. Starting full parse.
[2026-07-11T16:18:09.913+0000] {subprocess.py:106} INFO - [0m16:18:09  Found 1 model, 6 data tests, 1 source, 475 macros
[2026-07-11T16:18:09.914+0000] {subprocess.py:106} INFO - [0m16:18:09
[2026-07-11T16:18:09.914+0000] {subprocess.py:106} INFO - [0m16:18:09  Concurrency: 4 threads (target='dev')
[2026-07-11T16:18:09.915+0000] {subprocess.py:106} INFO - [0m16:18:09
[2026-07-11T16:18:09.952+0000] {subprocess.py:106} INFO - [0m16:18:09  1 of 1 START sql table model midraw.avito_ads .................................. [RUN]
[2026-07-11T16:18:09.996+0000] {subprocess.py:106} INFO - [0m16:18:09  1 of 1 OK created sql table model midraw.avito_ads ............................. [[32mSELECT 0[0m in 0.04s]
[2026-07-11T16:18:10.001+0000] {subprocess.py:106} INFO - [0m16:18:10
[2026-07-11T16:18:10.001+0000] {subprocess.py:106} INFO - [0m16:18:10  Finished running 1 table model in 0 hours 0 minutes and 0.09 seconds (0.09s).
[2026-07-11T16:18:10.060+0000] {subprocess.py:106} INFO - [0m16:18:10
[2026-07-11T16:18:10.060+0000] {subprocess.py:106} INFO - [0m16:18:10  [32mCompleted successfully[0m
[2026-07-11T16:18:10.060+0000] {subprocess.py:106} INFO - [0m16:18:10
[2026-07-11T16:18:10.060+0000] {subprocess.py:106} INFO - [0m16:18:10  Done. PASS=1 WARN=0 ERROR=0 SKIP=0 NO-OP=0 TOTAL=1
[2026-07-11T16:18:11.796+0000] {subprocess.py:106} INFO - [0m16:18:11  Running with dbt=1.11.12
[2026-07-11T16:18:11.874+0000] {subprocess.py:106} INFO - [0m16:18:11  Registered adapter: postgres=1.9.0
[2026-07-11T16:18:12.037+0000] {subprocess.py:106} INFO - [0m16:18:12  Found 1 model, 6 data tests, 1 source, 475 macros
[2026-07-11T16:18:12.038+0000] {subprocess.py:106} INFO - [0m16:18:12
[2026-07-11T16:18:12.038+0000] {subprocess.py:106} INFO - [0m16:18:12  Concurrency: 4 threads (target='dev')
[2026-07-11T16:18:12.038+0000] {subprocess.py:106} INFO - [0m16:18:12
[2026-07-11T16:18:12.069+0000] {subprocess.py:106} INFO - [0m16:18:12  1 of 6 START test accepted_values_avito_ads_source_system__avito__synthetic_avito  [RUN]
[2026-07-11T16:18:12.069+0000] {subprocess.py:106} INFO - [0m16:18:12  2 of 6 START test not_null_avito_ads_avito_id .................................. [RUN]
[2026-07-11T16:18:12.069+0000] {subprocess.py:106} INFO - [0m16:18:12  3 of 6 START test not_null_avito_ads_row_number ................................ [RUN]
[2026-07-11T16:18:12.070+0000] {subprocess.py:106} INFO - [0m16:18:12  4 of 6 START test not_null_avito_ads_run_id .................................... [RUN]
[2026-07-11T16:18:12.110+0000] {subprocess.py:106} INFO - [0m16:18:12  1 of 6 PASS accepted_values_avito_ads_source_system__avito__synthetic_avito .... [[32mPASS[0m in 0.04s]
[2026-07-11T16:18:12.110+0000] {subprocess.py:106} INFO - [0m16:18:12  3 of 6 PASS not_null_avito_ads_row_number ...................................... [[32mPASS[0m in 0.04s]
[2026-07-11T16:18:12.111+0000] {subprocess.py:106} INFO - [0m16:18:12  2 of 6 PASS not_null_avito_ads_avito_id ........................................ [[32mPASS[0m in 0.04s]
[2026-07-11T16:18:12.111+0000] {subprocess.py:106} INFO - [0m16:18:12  4 of 6 PASS not_null_avito_ads_run_id .......................................... [[32mPASS[0m in 0.04s]
[2026-07-11T16:18:12.114+0000] {subprocess.py:106} INFO - [0m16:18:12  5 of 6 START test not_null_avito_ads_title ..................................... [RUN]
[2026-07-11T16:18:12.114+0000] {subprocess.py:106} INFO - [0m16:18:12  6 of 6 START test not_null_avito_ads_url ....................................... [RUN]
[2026-07-11T16:18:12.129+0000] {subprocess.py:106} INFO - [0m16:18:12  6 of 6 PASS not_null_avito_ads_url ............................................. [[32mPASS[0m in 0.01s]
[2026-07-11T16:18:12.129+0000] {subprocess.py:106} INFO - [0m16:18:12  5 of 6 PASS not_null_avito_ads_title ........................................... [[32mPASS[0m in 0.01s]
[2026-07-11T16:18:12.135+0000] {subprocess.py:106} INFO - [0m16:18:12
[2026-07-11T16:18:12.135+0000] {subprocess.py:106} INFO - [0m16:18:12  Finished running 6 data tests in 0 hours 0 minutes and 0.10 seconds (0.10s).
[2026-07-11T16:18:12.155+0000] {subprocess.py:106} INFO - [0m16:18:12
[2026-07-11T16:18:12.155+0000] {subprocess.py:106} INFO - [0m16:18:12  [32mCompleted successfully[0m
[2026-07-11T16:18:12.155+0000] {subprocess.py:106} INFO - [0m16:18:12
[2026-07-11T16:18:12.156+0000] {subprocess.py:106} INFO - [0m16:18:12  Done. PASS=6 WARN=0 ERROR=0 SKIP=0 NO-OP=0 TOTAL=6
[2026-07-11T16:18:12.834+0000] {subprocess.py:110} INFO - Command exited with return code 0
[2026-07-11T16:18:12.845+0000] {taskinstance.py:341} INFO - ::group::Post task execution logs
[2026-07-11T16:18:12.845+0000] {taskinstance.py:353} INFO - Marking task as SUCCESS. dag_id=avito_to_raw_midraw, task_id=dbt_build_midraw, run_id=manual__2026-07-11T16:03:34+00:00, execution_date=20260711T160334, start_date=20260711T161808, end_date=20260711T161812
[2026-07-11T16:18:12.863+0000] {local_task_job_runner.py:266} INFO - Task exited with return code 0
[2026-07-11T16:18:12.869+0000] {taskinstance.py:3901} INFO - 0 downstream tasks scheduled from follow-on schedule check
[2026-07-11T16:18:12.870+0000] {local_task_job_runner.py:245} INFO - ::endgroup::
