[2026-07-24T14:06:32.503+0000] {local_task_job_runner.py:123} INFO - ::group::Pre task execution logs
[2026-07-24T14:06:32.512+0000] {taskinstance.py:2614} INFO - Dependencies all met for dep_context=non-requeueable deps ti=<TaskInstance: avito_to_raw_midraw.dbt_build_midraw scheduled__2026-07-24T13:00:00+00:00 [queued]>
[2026-07-24T14:06:32.515+0000] {taskinstance.py:2614} INFO - Dependencies all met for dep_context=requeueable deps ti=<TaskInstance: avito_to_raw_midraw.dbt_build_midraw scheduled__2026-07-24T13:00:00+00:00 [queued]>
[2026-07-24T14:06:32.515+0000] {taskinstance.py:2867} INFO - Starting attempt 1 of 2
[2026-07-24T14:06:32.519+0000] {taskinstance.py:2890} INFO - Executing <Task(BashOperator): dbt_build_midraw> on 2026-07-24 13:00:00+00:00
[2026-07-24T14:06:32.521+0000] {standard_task_runner.py:72} INFO - Started process 2036 to run task
[2026-07-24T14:06:32.524+0000] {standard_task_runner.py:104} INFO - Running: ['***', 'tasks', 'run', 'avito_to_raw_midraw', 'dbt_build_midraw', 'scheduled__2026-07-24T13:00:00+00:00', '--job-id', '266', '--raw', '--subdir', 'DAGS_FOLDER/avito_to_raw_midraw.py', '--cfg-path', '/tmp/tmpg4i4qal6']
[2026-07-24T14:06:32.525+0000] {standard_task_runner.py:105} INFO - Job 266: Subtask dbt_build_midraw
[2026-07-24T14:06:32.548+0000] {task_command.py:467} INFO - Running <TaskInstance: avito_to_raw_midraw.dbt_build_midraw scheduled__2026-07-24T13:00:00+00:00 [running]> on host 4c6dd7d943f5
[2026-07-24T14:06:32.677+0000] {taskinstance.py:3134} INFO - Exporting env vars: AIRFLOW_CTX_DAG_OWNER='data-eng' AIRFLOW_CTX_DAG_ID='avito_to_raw_midraw' AIRFLOW_CTX_TASK_ID='dbt_build_midraw' AIRFLOW_CTX_EXECUTION_DATE='2026-07-24T13:00:00+00:00' AIRFLOW_CTX_TRY_NUMBER='1' AIRFLOW_CTX_DAG_RUN_ID='scheduled__2026-07-24T13:00:00+00:00'
[2026-07-24T14:06:32.678+0000] {taskinstance.py:732} INFO - ::endgroup::
[2026-07-24T14:06:32.682+0000] {subprocess.py:78} INFO - Tmp dir root location: /tmp
[2026-07-24T14:06:32.682+0000] {subprocess.py:88} INFO - Running command: ['/usr/bin/bash', '-c', 'cd /opt/***/dbt && dbt run --profiles-dir . --select avito_ads && dbt test --profiles-dir . --select avito_ads']
[2026-07-24T14:06:32.687+0000] {subprocess.py:99} INFO - Output:
[2026-07-24T14:06:33.571+0000] {subprocess.py:106} INFO - [0m14:06:33  Running with dbt=1.11.12
[2026-07-24T14:06:33.666+0000] {subprocess.py:106} INFO - [0m14:06:33  Registered adapter: postgres=1.9.0
[2026-07-24T14:06:33.872+0000] {subprocess.py:106} INFO - [0m14:06:33  Found 1 model, 4 data tests, 3 sources, 475 macros
[2026-07-24T14:06:33.873+0000] {subprocess.py:106} INFO - [0m14:06:33
[2026-07-24T14:06:33.873+0000] {subprocess.py:106} INFO - [0m14:06:33  Concurrency: 4 threads (target='dev')
[2026-07-24T14:06:33.874+0000] {subprocess.py:106} INFO - [0m14:06:33
[2026-07-24T14:06:33.925+0000] {subprocess.py:106} INFO - [0m14:06:33  1 of 1 START sql table model midraw.avito_ads .................................. [RUN]
[2026-07-24T14:06:33.995+0000] {subprocess.py:106} INFO - [0m14:06:33  1 of 1 OK created sql table model midraw.avito_ads ............................. [[32mSELECT 2262[0m in 0.07s]
[2026-07-24T14:06:34.005+0000] {subprocess.py:106} INFO - [0m14:06:34
[2026-07-24T14:06:34.006+0000] {subprocess.py:106} INFO - [0m14:06:34  Finished running 1 table model in 0 hours 0 minutes and 0.13 seconds (0.13s).
[2026-07-24T14:06:34.035+0000] {subprocess.py:106} INFO - [0m14:06:34
[2026-07-24T14:06:34.035+0000] {subprocess.py:106} INFO - [0m14:06:34  [32mCompleted successfully[0m
[2026-07-24T14:06:34.035+0000] {subprocess.py:106} INFO - [0m14:06:34
[2026-07-24T14:06:34.036+0000] {subprocess.py:106} INFO - [0m14:06:34  Done. PASS=1 WARN=0 ERROR=0 SKIP=0 NO-OP=0 TOTAL=1
[2026-07-24T14:06:35.786+0000] {subprocess.py:106} INFO - [0m14:06:35  Running with dbt=1.11.12
[2026-07-24T14:06:35.885+0000] {subprocess.py:106} INFO - [0m14:06:35  Registered adapter: postgres=1.9.0
[2026-07-24T14:06:36.363+0000] {subprocess.py:106} INFO - [0m14:06:36  Found 1 model, 4 data tests, 3 sources, 475 macros
[2026-07-24T14:06:36.368+0000] {subprocess.py:106} INFO - [0m14:06:36
[2026-07-24T14:06:36.370+0000] {subprocess.py:106} INFO - [0m14:06:36  Concurrency: 4 threads (target='dev')
[2026-07-24T14:06:36.370+0000] {subprocess.py:106} INFO - [0m14:06:36
[2026-07-24T14:06:36.428+0000] {subprocess.py:106} INFO - [0m14:06:36  1 of 4 START test accepted_values_avito_ads_source_system__avito__synthetic_avito  [RUN]
[2026-07-24T14:06:36.429+0000] {subprocess.py:106} INFO - [0m14:06:36  2 of 4 START test not_null_avito_ads_avito_id .................................. [RUN]
[2026-07-24T14:06:36.429+0000] {subprocess.py:106} INFO - [0m14:06:36  3 of 4 START test not_null_avito_ads_title ..................................... [RUN]
[2026-07-24T14:06:36.429+0000] {subprocess.py:106} INFO - [0m14:06:36  4 of 4 START test not_null_avito_ads_url ....................................... [RUN]
[2026-07-24T14:06:36.499+0000] {subprocess.py:106} INFO - [0m14:06:36  2 of 4 PASS not_null_avito_ads_avito_id ........................................ [[32mPASS[0m in 0.07s]
[2026-07-24T14:06:36.501+0000] {subprocess.py:106} INFO - [0m14:06:36  1 of 4 PASS accepted_values_avito_ads_source_system__avito__synthetic_avito .... [[32mPASS[0m in 0.07s]
[2026-07-24T14:06:36.501+0000] {subprocess.py:106} INFO - [0m14:06:36  3 of 4 PASS not_null_avito_ads_title ........................................... [[32mPASS[0m in 0.07s]
[2026-07-24T14:06:36.501+0000] {subprocess.py:106} INFO - [0m14:06:36  4 of 4 PASS not_null_avito_ads_url ............................................. [[32mPASS[0m in 0.07s]
[2026-07-24T14:06:36.516+0000] {subprocess.py:106} INFO - [0m14:06:36
[2026-07-24T14:06:36.516+0000] {subprocess.py:106} INFO - [0m14:06:36  Finished running 4 data tests in 0 hours 0 minutes and 0.14 seconds (0.14s).
[2026-07-24T14:06:36.550+0000] {subprocess.py:106} INFO - [0m14:06:36
[2026-07-24T14:06:36.550+0000] {subprocess.py:106} INFO - [0m14:06:36  [32mCompleted successfully[0m
[2026-07-24T14:06:36.551+0000] {subprocess.py:106} INFO - [0m14:06:36
[2026-07-24T14:06:36.551+0000] {subprocess.py:106} INFO - [0m14:06:36  Done. PASS=4 WARN=0 ERROR=0 SKIP=0 NO-OP=0 TOTAL=4
[2026-07-24T14:06:40.906+0000] {subprocess.py:110} INFO - Command exited with return code 0
[2026-07-24T14:06:40.921+0000] {taskinstance.py:341} INFO - ::group::Post task execution logs
[2026-07-24T14:06:40.921+0000] {taskinstance.py:353} INFO - Marking task as SUCCESS. dag_id=avito_to_raw_midraw, task_id=dbt_build_midraw, run_id=scheduled__2026-07-24T13:00:00+00:00, execution_date=20260724T130000, start_date=20260724T140632, end_date=20260724T140640
[2026-07-24T14:06:40.947+0000] {local_task_job_runner.py:266} INFO - Task exited with return code 0
[2026-07-24T14:06:40.956+0000] {taskinstance.py:3901} INFO - 0 downstream tasks scheduled from follow-on schedule check
[2026-07-24T14:06:40.957+0000] {local_task_job_runner.py:245} INFO - ::endgroup::
