[2026-07-28T22:06:21.232+0000] {local_task_job_runner.py:123} INFO - ::group::Pre task execution logs
[2026-07-28T22:06:21.243+0000] {taskinstance.py:2614} INFO - Dependencies all met for dep_context=non-requeueable deps ti=<TaskInstance: avito_to_raw_midraw.dbt_build_midraw scheduled__2026-07-28T21:00:00+00:00 [queued]>
[2026-07-28T22:06:21.247+0000] {taskinstance.py:2614} INFO - Dependencies all met for dep_context=requeueable deps ti=<TaskInstance: avito_to_raw_midraw.dbt_build_midraw scheduled__2026-07-28T21:00:00+00:00 [queued]>
[2026-07-28T22:06:21.247+0000] {taskinstance.py:2867} INFO - Starting attempt 1 of 2
[2026-07-28T22:06:21.252+0000] {taskinstance.py:2890} INFO - Executing <Task(BashOperator): dbt_build_midraw> on 2026-07-28 21:00:00+00:00
[2026-07-28T22:06:21.254+0000] {standard_task_runner.py:72} INFO - Started process 5085 to run task
[2026-07-28T22:06:21.256+0000] {standard_task_runner.py:104} INFO - Running: ['***', 'tasks', 'run', 'avito_to_raw_midraw', 'dbt_build_midraw', 'scheduled__2026-07-28T21:00:00+00:00', '--job-id', '475', '--raw', '--subdir', 'DAGS_FOLDER/avito_to_raw_midraw.py', '--cfg-path', '/tmp/tmpc9g4njay']
[2026-07-28T22:06:21.258+0000] {standard_task_runner.py:105} INFO - Job 475: Subtask dbt_build_midraw
[2026-07-28T22:06:21.284+0000] {task_command.py:467} INFO - Running <TaskInstance: avito_to_raw_midraw.dbt_build_midraw scheduled__2026-07-28T21:00:00+00:00 [running]> on host 4c6dd7d943f5
[2026-07-28T22:06:21.445+0000] {taskinstance.py:3134} INFO - Exporting env vars: AIRFLOW_CTX_DAG_OWNER='data-eng' AIRFLOW_CTX_DAG_ID='avito_to_raw_midraw' AIRFLOW_CTX_TASK_ID='dbt_build_midraw' AIRFLOW_CTX_EXECUTION_DATE='2026-07-28T21:00:00+00:00' AIRFLOW_CTX_TRY_NUMBER='1' AIRFLOW_CTX_DAG_RUN_ID='scheduled__2026-07-28T21:00:00+00:00'
[2026-07-28T22:06:21.445+0000] {taskinstance.py:732} INFO - ::endgroup::
[2026-07-28T22:06:21.451+0000] {subprocess.py:78} INFO - Tmp dir root location: /tmp
[2026-07-28T22:06:21.451+0000] {subprocess.py:88} INFO - Running command: ['/usr/bin/bash', '-c', 'cd /opt/***/dbt && dbt run --profiles-dir . --select avito_ads && dbt test --profiles-dir . --select avito_ads']
[2026-07-28T22:06:21.456+0000] {subprocess.py:99} INFO - Output:
[2026-07-28T22:06:22.594+0000] {subprocess.py:106} INFO - [0m22:06:22  Running with dbt=1.11.12
[2026-07-28T22:06:22.728+0000] {subprocess.py:106} INFO - [0m22:06:22  Registered adapter: postgres=1.9.0
[2026-07-28T22:06:23.027+0000] {subprocess.py:106} INFO - [0m22:06:23  Found 1 model, 4 data tests, 3 sources, 475 macros
[2026-07-28T22:06:23.030+0000] {subprocess.py:106} INFO - [0m22:06:23
[2026-07-28T22:06:23.030+0000] {subprocess.py:106} INFO - [0m22:06:23  Concurrency: 4 threads (target='dev')
[2026-07-28T22:06:23.030+0000] {subprocess.py:106} INFO - [0m22:06:23
[2026-07-28T22:06:23.092+0000] {subprocess.py:106} INFO - [0m22:06:23  1 of 1 START sql table model midraw.avito_ads .................................. [RUN]
[2026-07-28T22:06:23.174+0000] {subprocess.py:106} INFO - [0m22:06:23  1 of 1 OK created sql table model midraw.avito_ads ............................. [[32mSELECT 1191[0m in 0.08s]
[2026-07-28T22:06:23.182+0000] {subprocess.py:106} INFO - [0m22:06:23
[2026-07-28T22:06:23.183+0000] {subprocess.py:106} INFO - [0m22:06:23  Finished running 1 table model in 0 hours 0 minutes and 0.15 seconds (0.15s).
[2026-07-28T22:06:23.213+0000] {subprocess.py:106} INFO - [0m22:06:23
[2026-07-28T22:06:23.214+0000] {subprocess.py:106} INFO - [0m22:06:23  [32mCompleted successfully[0m
[2026-07-28T22:06:23.214+0000] {subprocess.py:106} INFO - [0m22:06:23
[2026-07-28T22:06:23.214+0000] {subprocess.py:106} INFO - [0m22:06:23  Done. PASS=1 WARN=0 ERROR=0 SKIP=0 NO-OP=0 TOTAL=1
[2026-07-28T22:06:25.141+0000] {subprocess.py:106} INFO - [0m22:06:25  Running with dbt=1.11.12
[2026-07-28T22:06:25.250+0000] {subprocess.py:106} INFO - [0m22:06:25  Registered adapter: postgres=1.9.0
[2026-07-28T22:06:25.551+0000] {subprocess.py:106} INFO - [0m22:06:25  Found 1 model, 4 data tests, 3 sources, 475 macros
[2026-07-28T22:06:25.553+0000] {subprocess.py:106} INFO - [0m22:06:25
[2026-07-28T22:06:25.554+0000] {subprocess.py:106} INFO - [0m22:06:25  Concurrency: 4 threads (target='dev')
[2026-07-28T22:06:25.554+0000] {subprocess.py:106} INFO - [0m22:06:25
[2026-07-28T22:06:25.603+0000] {subprocess.py:106} INFO - [0m22:06:25  1 of 4 START test accepted_values_avito_ads_source_system__avito__synthetic_avito  [RUN]
[2026-07-28T22:06:25.603+0000] {subprocess.py:106} INFO - [0m22:06:25  2 of 4 START test not_null_avito_ads_avito_id .................................. [RUN]
[2026-07-28T22:06:25.603+0000] {subprocess.py:106} INFO - [0m22:06:25  3 of 4 START test not_null_avito_ads_title ..................................... [RUN]
[2026-07-28T22:06:25.604+0000] {subprocess.py:106} INFO - [0m22:06:25  4 of 4 START test not_null_avito_ads_url ....................................... [RUN]
[2026-07-28T22:06:25.663+0000] {subprocess.py:106} INFO - [0m22:06:25  1 of 4 PASS accepted_values_avito_ads_source_system__avito__synthetic_avito .... [[32mPASS[0m in 0.06s]
[2026-07-28T22:06:25.666+0000] {subprocess.py:106} INFO - [0m22:06:25  4 of 4 PASS not_null_avito_ads_url ............................................. [[32mPASS[0m in 0.06s]
[2026-07-28T22:06:25.667+0000] {subprocess.py:106} INFO - [0m22:06:25  2 of 4 PASS not_null_avito_ads_avito_id ........................................ [[32mPASS[0m in 0.06s]
[2026-07-28T22:06:25.668+0000] {subprocess.py:106} INFO - [0m22:06:25  3 of 4 PASS not_null_avito_ads_title ........................................... [[32mPASS[0m in 0.06s]
[2026-07-28T22:06:25.680+0000] {subprocess.py:106} INFO - [0m22:06:25
[2026-07-28T22:06:25.680+0000] {subprocess.py:106} INFO - [0m22:06:25  Finished running 4 data tests in 0 hours 0 minutes and 0.13 seconds (0.13s).
[2026-07-28T22:06:25.709+0000] {subprocess.py:106} INFO - [0m22:06:25
[2026-07-28T22:06:25.710+0000] {subprocess.py:106} INFO - [0m22:06:25  [32mCompleted successfully[0m
[2026-07-28T22:06:25.710+0000] {subprocess.py:106} INFO - [0m22:06:25
[2026-07-28T22:06:25.711+0000] {subprocess.py:106} INFO - [0m22:06:25  Done. PASS=4 WARN=0 ERROR=0 SKIP=0 NO-OP=0 TOTAL=4
[2026-07-28T22:06:26.494+0000] {subprocess.py:110} INFO - Command exited with return code 0
[2026-07-28T22:06:26.514+0000] {taskinstance.py:341} INFO - ::group::Post task execution logs
[2026-07-28T22:06:26.514+0000] {taskinstance.py:353} INFO - Marking task as SUCCESS. dag_id=avito_to_raw_midraw, task_id=dbt_build_midraw, run_id=scheduled__2026-07-28T21:00:00+00:00, execution_date=20260728T210000, start_date=20260728T220621, end_date=20260728T220626
[2026-07-28T22:06:26.574+0000] {local_task_job_runner.py:266} INFO - Task exited with return code 0
[2026-07-28T22:06:26.586+0000] {taskinstance.py:3901} INFO - 0 downstream tasks scheduled from follow-on schedule check
[2026-07-28T22:06:26.587+0000] {local_task_job_runner.py:245} INFO - ::endgroup::
