[2026-07-12T16:00:17.738+0000] {local_task_job_runner.py:123} INFO - ::group::Pre task execution logs
[2026-07-12T16:00:17.751+0000] {taskinstance.py:2614} INFO - Dependencies all met for dep_context=non-requeueable deps ti=<TaskInstance: avito_to_raw_midraw.dbt_build_midraw scheduled__2026-07-12T15:00:00+00:00 [queued]>
[2026-07-12T16:00:17.756+0000] {taskinstance.py:2614} INFO - Dependencies all met for dep_context=requeueable deps ti=<TaskInstance: avito_to_raw_midraw.dbt_build_midraw scheduled__2026-07-12T15:00:00+00:00 [queued]>
[2026-07-12T16:00:17.756+0000] {taskinstance.py:2867} INFO - Starting attempt 1 of 2
[2026-07-12T16:00:17.761+0000] {taskinstance.py:2890} INFO - Executing <Task(BashOperator): dbt_build_midraw> on 2026-07-12 15:00:00+00:00
[2026-07-12T16:00:17.764+0000] {standard_task_runner.py:72} INFO - Started process 231 to run task
[2026-07-12T16:00:17.767+0000] {standard_task_runner.py:104} INFO - Running: ['***', 'tasks', 'run', 'avito_to_raw_midraw', 'dbt_build_midraw', 'scheduled__2026-07-12T15:00:00+00:00', '--job-id', '102', '--raw', '--subdir', 'DAGS_FOLDER/avito_to_raw_midraw.py', '--cfg-path', '/tmp/tmp8nd0yws4']
[2026-07-12T16:00:17.769+0000] {standard_task_runner.py:105} INFO - Job 102: Subtask dbt_build_midraw
[2026-07-12T16:00:17.801+0000] {task_command.py:467} INFO - Running <TaskInstance: avito_to_raw_midraw.dbt_build_midraw scheduled__2026-07-12T15:00:00+00:00 [running]> on host 4c6dd7d943f5
[2026-07-12T16:00:17.981+0000] {taskinstance.py:3134} INFO - Exporting env vars: AIRFLOW_CTX_DAG_OWNER='data-eng' AIRFLOW_CTX_DAG_ID='avito_to_raw_midraw' AIRFLOW_CTX_TASK_ID='dbt_build_midraw' AIRFLOW_CTX_EXECUTION_DATE='2026-07-12T15:00:00+00:00' AIRFLOW_CTX_TRY_NUMBER='1' AIRFLOW_CTX_DAG_RUN_ID='scheduled__2026-07-12T15:00:00+00:00'
[2026-07-12T16:00:17.981+0000] {taskinstance.py:732} INFO - ::endgroup::
[2026-07-12T16:00:17.986+0000] {subprocess.py:78} INFO - Tmp dir root location: /tmp
[2026-07-12T16:00:17.987+0000] {subprocess.py:88} INFO - Running command: ['/usr/bin/bash', '-c', 'cd /opt/***/dbt && dbt run --profiles-dir . --select avito_ads && dbt test --profiles-dir . --select avito_ads']
[2026-07-12T16:00:17.992+0000] {subprocess.py:99} INFO - Output:
[2026-07-12T16:00:19.041+0000] {subprocess.py:106} INFO - [0m16:00:19  Running with dbt=1.11.12
[2026-07-12T16:00:19.151+0000] {subprocess.py:106} INFO - [0m16:00:19  Registered adapter: postgres=1.9.0
[2026-07-12T16:00:19.370+0000] {subprocess.py:106} INFO - [0m16:00:19  Found 1 model, 6 data tests, 1 source, 475 macros
[2026-07-12T16:00:19.372+0000] {subprocess.py:106} INFO - [0m16:00:19
[2026-07-12T16:00:19.372+0000] {subprocess.py:106} INFO - [0m16:00:19  Concurrency: 4 threads (target='dev')
[2026-07-12T16:00:19.372+0000] {subprocess.py:106} INFO - [0m16:00:19
[2026-07-12T16:00:19.441+0000] {subprocess.py:106} INFO - [0m16:00:19  1 of 1 START sql table model midraw.avito_ads .................................. [RUN]
[2026-07-12T16:00:42.603+0000] {subprocess.py:106} INFO - [0m16:00:42  1 of 1 OK created sql table model midraw.avito_ads ............................. [[32mSELECT 50637[0m in 23.15s]
[2026-07-12T16:00:42.627+0000] {subprocess.py:106} INFO - [0m16:00:42
[2026-07-12T16:00:42.628+0000] {subprocess.py:106} INFO - [0m16:00:42  Finished running 1 table model in 0 hours 0 minutes and 23.25 seconds (23.25s).
[2026-07-12T16:00:42.672+0000] {subprocess.py:106} INFO - [0m16:00:42
[2026-07-12T16:00:42.673+0000] {subprocess.py:106} INFO - [0m16:00:42  [32mCompleted successfully[0m
[2026-07-12T16:00:42.673+0000] {subprocess.py:106} INFO - [0m16:00:42
[2026-07-12T16:00:42.673+0000] {subprocess.py:106} INFO - [0m16:00:42  Done. PASS=1 WARN=0 ERROR=0 SKIP=0 NO-OP=0 TOTAL=1
[2026-07-12T16:00:44.588+0000] {subprocess.py:106} INFO - [0m16:00:44  Running with dbt=1.11.12
[2026-07-12T16:00:44.728+0000] {subprocess.py:106} INFO - [0m16:00:44  Registered adapter: postgres=1.9.0
[2026-07-12T16:00:44.946+0000] {subprocess.py:106} INFO - [0m16:00:44  Found 1 model, 6 data tests, 1 source, 475 macros
[2026-07-12T16:00:44.948+0000] {subprocess.py:106} INFO - [0m16:00:44
[2026-07-12T16:00:44.948+0000] {subprocess.py:106} INFO - [0m16:00:44  Concurrency: 4 threads (target='dev')
[2026-07-12T16:00:44.948+0000] {subprocess.py:106} INFO - [0m16:00:44
[2026-07-12T16:00:45.024+0000] {subprocess.py:106} INFO - [0m16:00:45  1 of 6 START test accepted_values_avito_ads_source_system__avito__synthetic_avito  [RUN]
[2026-07-12T16:00:45.024+0000] {subprocess.py:106} INFO - [0m16:00:45  2 of 6 START test not_null_avito_ads_avito_id .................................. [RUN]
[2026-07-12T16:00:45.024+0000] {subprocess.py:106} INFO - [0m16:00:45  3 of 6 START test not_null_avito_ads_row_number ................................ [RUN]
[2026-07-12T16:00:45.025+0000] {subprocess.py:106} INFO - [0m16:00:45  4 of 6 START test not_null_avito_ads_run_id .................................... [RUN]
[2026-07-12T16:00:45.134+0000] {subprocess.py:106} INFO - [0m16:00:45  4 of 6 PASS not_null_avito_ads_run_id .......................................... [[32mPASS[0m in 0.11s]
[2026-07-12T16:00:45.135+0000] {subprocess.py:106} INFO - [0m16:00:45  2 of 6 PASS not_null_avito_ads_avito_id ........................................ [[32mPASS[0m in 0.11s]
[2026-07-12T16:00:45.136+0000] {subprocess.py:106} INFO - [0m16:00:45  3 of 6 PASS not_null_avito_ads_row_number ...................................... [[32mPASS[0m in 0.11s]
[2026-07-12T16:00:45.136+0000] {subprocess.py:106} INFO - [0m16:00:45  1 of 6 PASS accepted_values_avito_ads_source_system__avito__synthetic_avito .... [[32mPASS[0m in 0.11s]
[2026-07-12T16:00:45.139+0000] {subprocess.py:106} INFO - [0m16:00:45  5 of 6 START test not_null_avito_ads_title ..................................... [RUN]
[2026-07-12T16:00:45.139+0000] {subprocess.py:106} INFO - [0m16:00:45  6 of 6 START test not_null_avito_ads_url ....................................... [RUN]
[2026-07-12T16:00:45.166+0000] {subprocess.py:106} INFO - [0m16:00:45  5 of 6 PASS not_null_avito_ads_title ........................................... [[32mPASS[0m in 0.03s]
[2026-07-12T16:00:45.167+0000] {subprocess.py:106} INFO - [0m16:00:45  6 of 6 PASS not_null_avito_ads_url ............................................. [[32mPASS[0m in 0.03s]
[2026-07-12T16:00:45.176+0000] {subprocess.py:106} INFO - [0m16:00:45
[2026-07-12T16:00:45.176+0000] {subprocess.py:106} INFO - [0m16:00:45  Finished running 6 data tests in 0 hours 0 minutes and 0.23 seconds (0.23s).
[2026-07-12T16:00:45.235+0000] {subprocess.py:106} INFO - [0m16:00:45
[2026-07-12T16:00:45.235+0000] {subprocess.py:106} INFO - [0m16:00:45  [32mCompleted successfully[0m
[2026-07-12T16:00:45.235+0000] {subprocess.py:106} INFO - [0m16:00:45
[2026-07-12T16:00:45.236+0000] {subprocess.py:106} INFO - [0m16:00:45  Done. PASS=6 WARN=0 ERROR=0 SKIP=0 NO-OP=0 TOTAL=6
[2026-07-12T16:00:45.992+0000] {subprocess.py:110} INFO - Command exited with return code 0
[2026-07-12T16:00:46.031+0000] {taskinstance.py:341} INFO - ::group::Post task execution logs
[2026-07-12T16:00:46.032+0000] {taskinstance.py:353} INFO - Marking task as SUCCESS. dag_id=avito_to_raw_midraw, task_id=dbt_build_midraw, run_id=scheduled__2026-07-12T15:00:00+00:00, execution_date=20260712T150000, start_date=20260712T160017, end_date=20260712T160046
[2026-07-12T16:00:46.072+0000] {local_task_job_runner.py:266} INFO - Task exited with return code 0
[2026-07-12T16:00:46.101+0000] {taskinstance.py:3901} INFO - 0 downstream tasks scheduled from follow-on schedule check
[2026-07-12T16:00:46.102+0000] {local_task_job_runner.py:245} INFO - ::endgroup::
