[2026-07-26T23:03:45.533+0000] {local_task_job_runner.py:123} INFO - ::group::Pre task execution logs
[2026-07-26T23:03:45.542+0000] {taskinstance.py:2614} INFO - Dependencies all met for dep_context=non-requeueable deps ti=<TaskInstance: avito_to_raw_midraw.dbt_build_midraw scheduled__2026-07-26T22:00:00+00:00 [queued]>
[2026-07-26T23:03:45.546+0000] {taskinstance.py:2614} INFO - Dependencies all met for dep_context=requeueable deps ti=<TaskInstance: avito_to_raw_midraw.dbt_build_midraw scheduled__2026-07-26T22:00:00+00:00 [queued]>
[2026-07-26T23:03:45.546+0000] {taskinstance.py:2867} INFO - Starting attempt 1 of 2
[2026-07-26T23:03:45.550+0000] {taskinstance.py:2890} INFO - Executing <Task(BashOperator): dbt_build_midraw> on 2026-07-26 22:00:00+00:00
[2026-07-26T23:03:45.552+0000] {standard_task_runner.py:72} INFO - Started process 3703 to run task
[2026-07-26T23:03:45.554+0000] {standard_task_runner.py:104} INFO - Running: ['***', 'tasks', 'run', 'avito_to_raw_midraw', 'dbt_build_midraw', 'scheduled__2026-07-26T22:00:00+00:00', '--job-id', '380', '--raw', '--subdir', 'DAGS_FOLDER/avito_to_raw_midraw.py', '--cfg-path', '/tmp/tmp4zci4nq0']
[2026-07-26T23:03:45.556+0000] {standard_task_runner.py:105} INFO - Job 380: Subtask dbt_build_midraw
[2026-07-26T23:03:45.580+0000] {task_command.py:467} INFO - Running <TaskInstance: avito_to_raw_midraw.dbt_build_midraw scheduled__2026-07-26T22:00:00+00:00 [running]> on host 4c6dd7d943f5
[2026-07-26T23:03:45.708+0000] {taskinstance.py:3134} INFO - Exporting env vars: AIRFLOW_CTX_DAG_OWNER='data-eng' AIRFLOW_CTX_DAG_ID='avito_to_raw_midraw' AIRFLOW_CTX_TASK_ID='dbt_build_midraw' AIRFLOW_CTX_EXECUTION_DATE='2026-07-26T22:00:00+00:00' AIRFLOW_CTX_TRY_NUMBER='1' AIRFLOW_CTX_DAG_RUN_ID='scheduled__2026-07-26T22:00:00+00:00'
[2026-07-26T23:03:45.709+0000] {taskinstance.py:732} INFO - ::endgroup::
[2026-07-26T23:03:45.713+0000] {subprocess.py:78} INFO - Tmp dir root location: /tmp
[2026-07-26T23:03:45.714+0000] {subprocess.py:88} INFO - Running command: ['/usr/bin/bash', '-c', 'cd /opt/***/dbt && dbt run --profiles-dir . --select avito_ads && dbt test --profiles-dir . --select avito_ads']
[2026-07-26T23:03:45.718+0000] {subprocess.py:99} INFO - Output:
[2026-07-26T23:03:46.592+0000] {subprocess.py:106} INFO - [0m23:03:46  Running with dbt=1.11.12
[2026-07-26T23:03:46.689+0000] {subprocess.py:106} INFO - [0m23:03:46  Registered adapter: postgres=1.9.0
[2026-07-26T23:03:46.892+0000] {subprocess.py:106} INFO - [0m23:03:46  Found 1 model, 4 data tests, 3 sources, 475 macros
[2026-07-26T23:03:46.893+0000] {subprocess.py:106} INFO - [0m23:03:46
[2026-07-26T23:03:46.893+0000] {subprocess.py:106} INFO - [0m23:03:46  Concurrency: 4 threads (target='dev')
[2026-07-26T23:03:46.894+0000] {subprocess.py:106} INFO - [0m23:03:46
[2026-07-26T23:03:46.942+0000] {subprocess.py:106} INFO - [0m23:03:46  1 of 1 START sql table model midraw.avito_ads .................................. [RUN]
[2026-07-26T23:03:47.007+0000] {subprocess.py:106} INFO - [0m23:03:47  1 of 1 OK created sql table model midraw.avito_ads ............................. [[32mSELECT 824[0m in 0.06s]
[2026-07-26T23:03:47.014+0000] {subprocess.py:106} INFO - [0m23:03:47
[2026-07-26T23:03:47.014+0000] {subprocess.py:106} INFO - [0m23:03:47  Finished running 1 table model in 0 hours 0 minutes and 0.12 seconds (0.12s).
[2026-07-26T23:03:47.039+0000] {subprocess.py:106} INFO - [0m23:03:47
[2026-07-26T23:03:47.040+0000] {subprocess.py:106} INFO - [0m23:03:47  [32mCompleted successfully[0m
[2026-07-26T23:03:47.040+0000] {subprocess.py:106} INFO - [0m23:03:47
[2026-07-26T23:03:47.040+0000] {subprocess.py:106} INFO - [0m23:03:47  Done. PASS=1 WARN=0 ERROR=0 SKIP=0 NO-OP=0 TOTAL=1
[2026-07-26T23:03:52.100+0000] {subprocess.py:106} INFO - [0m23:03:52  Running with dbt=1.11.12
[2026-07-26T23:03:52.191+0000] {subprocess.py:106} INFO - [0m23:03:52  Registered adapter: postgres=1.9.0
[2026-07-26T23:03:52.395+0000] {subprocess.py:106} INFO - [0m23:03:52  Found 1 model, 4 data tests, 3 sources, 475 macros
[2026-07-26T23:03:52.396+0000] {subprocess.py:106} INFO - [0m23:03:52
[2026-07-26T23:03:52.396+0000] {subprocess.py:106} INFO - [0m23:03:52  Concurrency: 4 threads (target='dev')
[2026-07-26T23:03:52.396+0000] {subprocess.py:106} INFO - [0m23:03:52
[2026-07-26T23:03:52.436+0000] {subprocess.py:106} INFO - [0m23:03:52  1 of 4 START test accepted_values_avito_ads_source_system__avito__synthetic_avito  [RUN]
[2026-07-26T23:03:52.436+0000] {subprocess.py:106} INFO - [0m23:03:52  2 of 4 START test not_null_avito_ads_avito_id .................................. [RUN]
[2026-07-26T23:03:52.436+0000] {subprocess.py:106} INFO - [0m23:03:52  3 of 4 START test not_null_avito_ads_title ..................................... [RUN]
[2026-07-26T23:03:52.437+0000] {subprocess.py:106} INFO - [0m23:03:52  4 of 4 START test not_null_avito_ads_url ....................................... [RUN]
[2026-07-26T23:03:52.486+0000] {subprocess.py:106} INFO - [0m23:03:52  2 of 4 PASS not_null_avito_ads_avito_id ........................................ [[32mPASS[0m in 0.05s]
[2026-07-26T23:03:52.486+0000] {subprocess.py:106} INFO - [0m23:03:52  1 of 4 PASS accepted_values_avito_ads_source_system__avito__synthetic_avito .... [[32mPASS[0m in 0.05s]
[2026-07-26T23:03:52.486+0000] {subprocess.py:106} INFO - [0m23:03:52  4 of 4 PASS not_null_avito_ads_url ............................................. [[32mPASS[0m in 0.05s]
[2026-07-26T23:03:52.487+0000] {subprocess.py:106} INFO - [0m23:03:52  3 of 4 PASS not_null_avito_ads_title ........................................... [[32mPASS[0m in 0.05s]
[2026-07-26T23:03:52.497+0000] {subprocess.py:106} INFO - [0m23:03:52
[2026-07-26T23:03:52.497+0000] {subprocess.py:106} INFO - [0m23:03:52  Finished running 4 data tests in 0 hours 0 minutes and 0.10 seconds (0.10s).
[2026-07-26T23:03:52.527+0000] {subprocess.py:106} INFO - [0m23:03:52
[2026-07-26T23:03:52.527+0000] {subprocess.py:106} INFO - [0m23:03:52  [32mCompleted successfully[0m
[2026-07-26T23:03:52.527+0000] {subprocess.py:106} INFO - [0m23:03:52
[2026-07-26T23:03:52.528+0000] {subprocess.py:106} INFO - [0m23:03:52  Done. PASS=4 WARN=0 ERROR=0 SKIP=0 NO-OP=0 TOTAL=4
[2026-07-26T23:03:56.747+0000] {subprocess.py:110} INFO - Command exited with return code 0
[2026-07-26T23:03:56.761+0000] {taskinstance.py:341} INFO - ::group::Post task execution logs
[2026-07-26T23:03:56.762+0000] {taskinstance.py:353} INFO - Marking task as SUCCESS. dag_id=avito_to_raw_midraw, task_id=dbt_build_midraw, run_id=scheduled__2026-07-26T22:00:00+00:00, execution_date=20260726T220000, start_date=20260726T230345, end_date=20260726T230356
[2026-07-26T23:03:56.793+0000] {local_task_job_runner.py:266} INFO - Task exited with return code 0
[2026-07-26T23:03:56.800+0000] {taskinstance.py:3901} INFO - 0 downstream tasks scheduled from follow-on schedule check
[2026-07-26T23:03:56.801+0000] {local_task_job_runner.py:245} INFO - ::endgroup::
