[2026-07-12T02:10:41.324+0000] {local_task_job_runner.py:123} INFO - ::group::Pre task execution logs
[2026-07-12T02:10:41.335+0000] {taskinstance.py:2614} INFO - Dependencies all met for dep_context=non-requeueable deps ti=<TaskInstance: avito_to_raw_midraw.dbt_build_midraw scheduled__2026-07-12T01:00:00+00:00 [queued]>
[2026-07-12T02:10:41.338+0000] {taskinstance.py:2614} INFO - Dependencies all met for dep_context=requeueable deps ti=<TaskInstance: avito_to_raw_midraw.dbt_build_midraw scheduled__2026-07-12T01:00:00+00:00 [queued]>
[2026-07-12T02:10:41.339+0000] {taskinstance.py:2867} INFO - Starting attempt 1 of 2
[2026-07-12T02:10:41.343+0000] {taskinstance.py:2890} INFO - Executing <Task(BashOperator): dbt_build_midraw> on 2026-07-12 01:00:00+00:00
[2026-07-12T02:10:41.345+0000] {standard_task_runner.py:72} INFO - Started process 458 to run task
[2026-07-12T02:10:41.347+0000] {standard_task_runner.py:104} INFO - Running: ['***', 'tasks', 'run', 'avito_to_raw_midraw', 'dbt_build_midraw', 'scheduled__2026-07-12T01:00:00+00:00', '--job-id', '58', '--raw', '--subdir', 'DAGS_FOLDER/avito_to_raw_midraw.py', '--cfg-path', '/tmp/tmp8p5tg9rh']
[2026-07-12T02:10:41.349+0000] {standard_task_runner.py:105} INFO - Job 58: Subtask dbt_build_midraw
[2026-07-12T02:10:41.375+0000] {task_command.py:467} INFO - Running <TaskInstance: avito_to_raw_midraw.dbt_build_midraw scheduled__2026-07-12T01:00:00+00:00 [running]> on host 5f8cb7b7a9c9
[2026-07-12T02:10:41.518+0000] {taskinstance.py:3134} INFO - Exporting env vars: AIRFLOW_CTX_DAG_OWNER='data-eng' AIRFLOW_CTX_DAG_ID='avito_to_raw_midraw' AIRFLOW_CTX_TASK_ID='dbt_build_midraw' AIRFLOW_CTX_EXECUTION_DATE='2026-07-12T01:00:00+00:00' AIRFLOW_CTX_TRY_NUMBER='1' AIRFLOW_CTX_DAG_RUN_ID='scheduled__2026-07-12T01:00:00+00:00'
[2026-07-12T02:10:41.519+0000] {taskinstance.py:732} INFO - ::endgroup::
[2026-07-12T02:10:41.524+0000] {subprocess.py:78} INFO - Tmp dir root location: /tmp
[2026-07-12T02:10:41.524+0000] {subprocess.py:88} INFO - Running command: ['/usr/bin/bash', '-c', 'cd /opt/***/dbt && dbt run --profiles-dir . --select avito_ads && dbt test --profiles-dir . --select avito_ads']
[2026-07-12T02:10:41.529+0000] {subprocess.py:99} INFO - Output:
[2026-07-12T02:10:42.439+0000] {subprocess.py:106} INFO - [0m02:10:42  Running with dbt=1.11.12
[2026-07-12T02:10:42.538+0000] {subprocess.py:106} INFO - [0m02:10:42  Registered adapter: postgres=1.9.0
[2026-07-12T02:10:42.746+0000] {subprocess.py:106} INFO - [0m02:10:42  Found 1 model, 6 data tests, 1 source, 475 macros
[2026-07-12T02:10:42.747+0000] {subprocess.py:106} INFO - [0m02:10:42
[2026-07-12T02:10:42.748+0000] {subprocess.py:106} INFO - [0m02:10:42  Concurrency: 4 threads (target='dev')
[2026-07-12T02:10:42.748+0000] {subprocess.py:106} INFO - [0m02:10:42
[2026-07-12T02:10:42.801+0000] {subprocess.py:106} INFO - [0m02:10:42  1 of 1 START sql table model midraw.avito_ads .................................. [RUN]
[2026-07-12T02:10:47.397+0000] {subprocess.py:106} INFO - [0m02:10:47  1 of 1 OK created sql table model midraw.avito_ads ............................. [[32mSELECT 15586[0m in 4.59s]
[2026-07-12T02:10:47.408+0000] {subprocess.py:106} INFO - [0m02:10:47
[2026-07-12T02:10:47.408+0000] {subprocess.py:106} INFO - [0m02:10:47  Finished running 1 table model in 0 hours 0 minutes and 4.66 seconds (4.66s).
[2026-07-12T02:10:47.438+0000] {subprocess.py:106} INFO - [0m02:10:47
[2026-07-12T02:10:47.438+0000] {subprocess.py:106} INFO - [0m02:10:47  [32mCompleted successfully[0m
[2026-07-12T02:10:47.438+0000] {subprocess.py:106} INFO - [0m02:10:47
[2026-07-12T02:10:47.439+0000] {subprocess.py:106} INFO - [0m02:10:47  Done. PASS=1 WARN=0 ERROR=0 SKIP=0 NO-OP=0 TOTAL=1
[2026-07-12T02:10:49.236+0000] {subprocess.py:106} INFO - [0m02:10:49  Running with dbt=1.11.12
[2026-07-12T02:10:49.334+0000] {subprocess.py:106} INFO - [0m02:10:49  Registered adapter: postgres=1.9.0
[2026-07-12T02:10:49.556+0000] {subprocess.py:106} INFO - [0m02:10:49  Found 1 model, 6 data tests, 1 source, 475 macros
[2026-07-12T02:10:49.558+0000] {subprocess.py:106} INFO - [0m02:10:49
[2026-07-12T02:10:49.558+0000] {subprocess.py:106} INFO - [0m02:10:49  Concurrency: 4 threads (target='dev')
[2026-07-12T02:10:49.558+0000] {subprocess.py:106} INFO - [0m02:10:49
[2026-07-12T02:10:49.604+0000] {subprocess.py:106} INFO - [0m02:10:49  1 of 6 START test accepted_values_avito_ads_source_system__avito__synthetic_avito  [RUN]
[2026-07-12T02:10:49.604+0000] {subprocess.py:106} INFO - [0m02:10:49  2 of 6 START test not_null_avito_ads_avito_id .................................. [RUN]
[2026-07-12T02:10:49.604+0000] {subprocess.py:106} INFO - [0m02:10:49  3 of 6 START test not_null_avito_ads_row_number ................................ [RUN]
[2026-07-12T02:10:49.605+0000] {subprocess.py:106} INFO - [0m02:10:49  4 of 6 START test not_null_avito_ads_run_id .................................... [RUN]
[2026-07-12T02:10:49.666+0000] {subprocess.py:106} INFO - [0m02:10:49  4 of 6 PASS not_null_avito_ads_run_id .......................................... [[32mPASS[0m in 0.06s]
[2026-07-12T02:10:49.666+0000] {subprocess.py:106} INFO - [0m02:10:49  3 of 6 PASS not_null_avito_ads_row_number ...................................... [[32mPASS[0m in 0.06s]
[2026-07-12T02:10:49.667+0000] {subprocess.py:106} INFO - [0m02:10:49  2 of 6 PASS not_null_avito_ads_avito_id ........................................ [[32mPASS[0m in 0.06s]
[2026-07-12T02:10:49.667+0000] {subprocess.py:106} INFO - [0m02:10:49  1 of 6 PASS accepted_values_avito_ads_source_system__avito__synthetic_avito .... [[32mPASS[0m in 0.06s]
[2026-07-12T02:10:49.670+0000] {subprocess.py:106} INFO - [0m02:10:49  5 of 6 START test not_null_avito_ads_title ..................................... [RUN]
[2026-07-12T02:10:49.671+0000] {subprocess.py:106} INFO - [0m02:10:49  6 of 6 START test not_null_avito_ads_url ....................................... [RUN]
[2026-07-12T02:10:49.693+0000] {subprocess.py:106} INFO - [0m02:10:49  6 of 6 PASS not_null_avito_ads_url ............................................. [[32mPASS[0m in 0.02s]
[2026-07-12T02:10:49.693+0000] {subprocess.py:106} INFO - [0m02:10:49  5 of 6 PASS not_null_avito_ads_title ........................................... [[32mPASS[0m in 0.02s]
[2026-07-12T02:10:49.700+0000] {subprocess.py:106} INFO - [0m02:10:49
[2026-07-12T02:10:49.700+0000] {subprocess.py:106} INFO - [0m02:10:49  Finished running 6 data tests in 0 hours 0 minutes and 0.14 seconds (0.14s).
[2026-07-12T02:10:49.726+0000] {subprocess.py:106} INFO - [0m02:10:49
[2026-07-12T02:10:49.726+0000] {subprocess.py:106} INFO - [0m02:10:49  [32mCompleted successfully[0m
[2026-07-12T02:10:49.727+0000] {subprocess.py:106} INFO - [0m02:10:49
[2026-07-12T02:10:49.727+0000] {subprocess.py:106} INFO - [0m02:10:49  Done. PASS=6 WARN=0 ERROR=0 SKIP=0 NO-OP=0 TOTAL=6
[2026-07-12T02:10:50.424+0000] {subprocess.py:110} INFO - Command exited with return code 0
[2026-07-12T02:10:50.442+0000] {taskinstance.py:341} INFO - ::group::Post task execution logs
[2026-07-12T02:10:50.442+0000] {taskinstance.py:353} INFO - Marking task as SUCCESS. dag_id=avito_to_raw_midraw, task_id=dbt_build_midraw, run_id=scheduled__2026-07-12T01:00:00+00:00, execution_date=20260712T010000, start_date=20260712T021041, end_date=20260712T021050
[2026-07-12T02:10:50.497+0000] {local_task_job_runner.py:266} INFO - Task exited with return code 0
[2026-07-12T02:10:50.507+0000] {taskinstance.py:3901} INFO - 0 downstream tasks scheduled from follow-on schedule check
[2026-07-12T02:10:50.508+0000] {local_task_job_runner.py:245} INFO - ::endgroup::
