[2026-07-24T21:00:00.920+0000] {local_task_job_runner.py:123} INFO - ::group::Pre task execution logs
[2026-07-24T21:00:00.928+0000] {taskinstance.py:2614} INFO - Dependencies all met for dep_context=non-requeueable deps ti=<TaskInstance: avito_to_raw_midraw.dbt_build_midraw scheduled__2026-07-24T20:00:00+00:00 [queued]>
[2026-07-24T21:00:00.931+0000] {taskinstance.py:2614} INFO - Dependencies all met for dep_context=requeueable deps ti=<TaskInstance: avito_to_raw_midraw.dbt_build_midraw scheduled__2026-07-24T20:00:00+00:00 [queued]>
[2026-07-24T21:00:00.931+0000] {taskinstance.py:2867} INFO - Starting attempt 1 of 2
[2026-07-24T21:00:00.935+0000] {taskinstance.py:2890} INFO - Executing <Task(BashOperator): dbt_build_midraw> on 2026-07-24 20:00:00+00:00
[2026-07-24T21:00:00.937+0000] {standard_task_runner.py:72} INFO - Started process 2239 to run task
[2026-07-24T21:00:00.939+0000] {standard_task_runner.py:104} INFO - Running: ['***', 'tasks', 'run', 'avito_to_raw_midraw', 'dbt_build_midraw', 'scheduled__2026-07-24T20:00:00+00:00', '--job-id', '280', '--raw', '--subdir', 'DAGS_FOLDER/avito_to_raw_midraw.py', '--cfg-path', '/tmp/tmpbusblw71']
[2026-07-24T21:00:00.940+0000] {standard_task_runner.py:105} INFO - Job 280: Subtask dbt_build_midraw
[2026-07-24T21:00:00.961+0000] {task_command.py:467} INFO - Running <TaskInstance: avito_to_raw_midraw.dbt_build_midraw scheduled__2026-07-24T20:00:00+00:00 [running]> on host 4c6dd7d943f5
[2026-07-24T21:00:01.059+0000] {taskinstance.py:3134} INFO - Exporting env vars: AIRFLOW_CTX_DAG_OWNER='data-eng' AIRFLOW_CTX_DAG_ID='avito_to_raw_midraw' AIRFLOW_CTX_TASK_ID='dbt_build_midraw' AIRFLOW_CTX_EXECUTION_DATE='2026-07-24T20:00:00+00:00' AIRFLOW_CTX_TRY_NUMBER='1' AIRFLOW_CTX_DAG_RUN_ID='scheduled__2026-07-24T20:00:00+00:00'
[2026-07-24T21:00:01.060+0000] {taskinstance.py:732} INFO - ::endgroup::
[2026-07-24T21:00:01.063+0000] {subprocess.py:78} INFO - Tmp dir root location: /tmp
[2026-07-24T21:00:01.064+0000] {subprocess.py:88} INFO - Running command: ['/usr/bin/bash', '-c', 'cd /opt/***/dbt && dbt run --profiles-dir . --select avito_ads && dbt test --profiles-dir . --select avito_ads']
[2026-07-24T21:00:01.067+0000] {subprocess.py:99} INFO - Output:
[2026-07-24T21:00:01.828+0000] {subprocess.py:106} INFO - [0m21:00:01  Running with dbt=1.11.12
[2026-07-24T21:00:01.908+0000] {subprocess.py:106} INFO - [0m21:00:01  Registered adapter: postgres=1.9.0
[2026-07-24T21:00:02.076+0000] {subprocess.py:106} INFO - [0m21:00:02  Found 1 model, 4 data tests, 3 sources, 475 macros
[2026-07-24T21:00:02.077+0000] {subprocess.py:106} INFO - [0m21:00:02
[2026-07-24T21:00:02.077+0000] {subprocess.py:106} INFO - [0m21:00:02  Concurrency: 4 threads (target='dev')
[2026-07-24T21:00:02.077+0000] {subprocess.py:106} INFO - [0m21:00:02
[2026-07-24T21:00:02.117+0000] {subprocess.py:106} INFO - [0m21:00:02  1 of 1 START sql table model midraw.avito_ads .................................. [RUN]
[2026-07-24T21:00:02.171+0000] {subprocess.py:106} INFO - [0m21:00:02  1 of 1 OK created sql table model midraw.avito_ads ............................. [[32mSELECT 2388[0m in 0.05s]
[2026-07-24T21:00:02.176+0000] {subprocess.py:106} INFO - [0m21:00:02
[2026-07-24T21:00:02.177+0000] {subprocess.py:106} INFO - [0m21:00:02  Finished running 1 table model in 0 hours 0 minutes and 0.10 seconds (0.10s).
[2026-07-24T21:00:02.196+0000] {subprocess.py:106} INFO - [0m21:00:02
[2026-07-24T21:00:02.197+0000] {subprocess.py:106} INFO - [0m21:00:02  [32mCompleted successfully[0m
[2026-07-24T21:00:02.197+0000] {subprocess.py:106} INFO - [0m21:00:02
[2026-07-24T21:00:02.197+0000] {subprocess.py:106} INFO - [0m21:00:02  Done. PASS=1 WARN=0 ERROR=0 SKIP=0 NO-OP=0 TOTAL=1
[2026-07-24T21:00:03.766+0000] {subprocess.py:106} INFO - [0m21:00:03  Running with dbt=1.11.12
[2026-07-24T21:00:03.842+0000] {subprocess.py:106} INFO - [0m21:00:03  Registered adapter: postgres=1.9.0
[2026-07-24T21:00:04.004+0000] {subprocess.py:106} INFO - [0m21:00:04  Found 1 model, 4 data tests, 3 sources, 475 macros
[2026-07-24T21:00:04.005+0000] {subprocess.py:106} INFO - [0m21:00:04
[2026-07-24T21:00:04.005+0000] {subprocess.py:106} INFO - [0m21:00:04  Concurrency: 4 threads (target='dev')
[2026-07-24T21:00:04.006+0000] {subprocess.py:106} INFO - [0m21:00:04
[2026-07-24T21:00:04.037+0000] {subprocess.py:106} INFO - [0m21:00:04  1 of 4 START test accepted_values_avito_ads_source_system__avito__synthetic_avito  [RUN]
[2026-07-24T21:00:04.037+0000] {subprocess.py:106} INFO - [0m21:00:04  2 of 4 START test not_null_avito_ads_avito_id .................................. [RUN]
[2026-07-24T21:00:04.037+0000] {subprocess.py:106} INFO - [0m21:00:04  3 of 4 START test not_null_avito_ads_title ..................................... [RUN]
[2026-07-24T21:00:04.038+0000] {subprocess.py:106} INFO - [0m21:00:04  4 of 4 START test not_null_avito_ads_url ....................................... [RUN]
[2026-07-24T21:00:04.082+0000] {subprocess.py:106} INFO - [0m21:00:04  2 of 4 PASS not_null_avito_ads_avito_id ........................................ [[32mPASS[0m in 0.04s]
[2026-07-24T21:00:04.082+0000] {subprocess.py:106} INFO - [0m21:00:04  4 of 4 PASS not_null_avito_ads_url ............................................. [[32mPASS[0m in 0.04s]
[2026-07-24T21:00:04.083+0000] {subprocess.py:106} INFO - [0m21:00:04  3 of 4 PASS not_null_avito_ads_title ........................................... [[32mPASS[0m in 0.04s]
[2026-07-24T21:00:04.083+0000] {subprocess.py:106} INFO - [0m21:00:04  1 of 4 PASS accepted_values_avito_ads_source_system__avito__synthetic_avito .... [[32mPASS[0m in 0.05s]
[2026-07-24T21:00:04.091+0000] {subprocess.py:106} INFO - [0m21:00:04
[2026-07-24T21:00:04.091+0000] {subprocess.py:106} INFO - [0m21:00:04  Finished running 4 data tests in 0 hours 0 minutes and 0.08 seconds (0.08s).
[2026-07-24T21:00:04.111+0000] {subprocess.py:106} INFO - [0m21:00:04
[2026-07-24T21:00:04.112+0000] {subprocess.py:106} INFO - [0m21:00:04  [32mCompleted successfully[0m
[2026-07-24T21:00:04.112+0000] {subprocess.py:106} INFO - [0m21:00:04
[2026-07-24T21:00:04.112+0000] {subprocess.py:106} INFO - [0m21:00:04  Done. PASS=4 WARN=0 ERROR=0 SKIP=0 NO-OP=0 TOTAL=4
[2026-07-24T21:00:04.720+0000] {subprocess.py:110} INFO - Command exited with return code 0
[2026-07-24T21:00:04.733+0000] {taskinstance.py:341} INFO - ::group::Post task execution logs
[2026-07-24T21:00:04.733+0000] {taskinstance.py:353} INFO - Marking task as SUCCESS. dag_id=avito_to_raw_midraw, task_id=dbt_build_midraw, run_id=scheduled__2026-07-24T20:00:00+00:00, execution_date=20260724T200000, start_date=20260724T210000, end_date=20260724T210004
[2026-07-24T21:00:04.777+0000] {local_task_job_runner.py:266} INFO - Task exited with return code 0
[2026-07-24T21:00:04.786+0000] {taskinstance.py:3901} INFO - 0 downstream tasks scheduled from follow-on schedule check
[2026-07-24T21:00:04.787+0000] {local_task_job_runner.py:245} INFO - ::endgroup::
