[2026-07-12T15:00:16.821+0000] {local_task_job_runner.py:123} INFO - ::group::Pre task execution logs
[2026-07-12T15:00:16.832+0000] {taskinstance.py:2614} INFO - Dependencies all met for dep_context=non-requeueable deps ti=<TaskInstance: avito_to_raw_midraw.dbt_build_midraw scheduled__2026-07-12T14:00:00+00:00 [queued]>
[2026-07-12T15:00:16.836+0000] {taskinstance.py:2614} INFO - Dependencies all met for dep_context=requeueable deps ti=<TaskInstance: avito_to_raw_midraw.dbt_build_midraw scheduled__2026-07-12T14:00:00+00:00 [queued]>
[2026-07-12T15:00:16.837+0000] {taskinstance.py:2867} INFO - Starting attempt 1 of 2
[2026-07-12T15:00:16.841+0000] {taskinstance.py:2890} INFO - Executing <Task(BashOperator): dbt_build_midraw> on 2026-07-12 14:00:00+00:00
[2026-07-12T15:00:16.844+0000] {standard_task_runner.py:72} INFO - Started process 199 to run task
[2026-07-12T15:00:16.846+0000] {standard_task_runner.py:104} INFO - Running: ['***', 'tasks', 'run', 'avito_to_raw_midraw', 'dbt_build_midraw', 'scheduled__2026-07-12T14:00:00+00:00', '--job-id', '99', '--raw', '--subdir', 'DAGS_FOLDER/avito_to_raw_midraw.py', '--cfg-path', '/tmp/tmpi9j8njqq']
[2026-07-12T15:00:16.848+0000] {standard_task_runner.py:105} INFO - Job 99: Subtask dbt_build_midraw
[2026-07-12T15:00:16.874+0000] {task_command.py:467} INFO - Running <TaskInstance: avito_to_raw_midraw.dbt_build_midraw scheduled__2026-07-12T14:00:00+00:00 [running]> on host 4c6dd7d943f5
[2026-07-12T15:00:17.039+0000] {taskinstance.py:3134} INFO - Exporting env vars: AIRFLOW_CTX_DAG_OWNER='data-eng' AIRFLOW_CTX_DAG_ID='avito_to_raw_midraw' AIRFLOW_CTX_TASK_ID='dbt_build_midraw' AIRFLOW_CTX_EXECUTION_DATE='2026-07-12T14:00:00+00:00' AIRFLOW_CTX_TRY_NUMBER='1' AIRFLOW_CTX_DAG_RUN_ID='scheduled__2026-07-12T14:00:00+00:00'
[2026-07-12T15:00:17.040+0000] {taskinstance.py:732} INFO - ::endgroup::
[2026-07-12T15:00:17.045+0000] {subprocess.py:78} INFO - Tmp dir root location: /tmp
[2026-07-12T15:00:17.045+0000] {subprocess.py:88} INFO - Running command: ['/usr/bin/bash', '-c', 'cd /opt/***/dbt && dbt run --profiles-dir . --select avito_ads && dbt test --profiles-dir . --select avito_ads']
[2026-07-12T15:00:17.051+0000] {subprocess.py:99} INFO - Output:
[2026-07-12T15:00:18.003+0000] {subprocess.py:106} INFO - [0m15:00:18  Running with dbt=1.11.12
[2026-07-12T15:00:18.101+0000] {subprocess.py:106} INFO - [0m15:00:18  Registered adapter: postgres=1.9.0
[2026-07-12T15:00:18.309+0000] {subprocess.py:106} INFO - [0m15:00:18  Found 1 model, 6 data tests, 1 source, 475 macros
[2026-07-12T15:00:18.310+0000] {subprocess.py:106} INFO - [0m15:00:18
[2026-07-12T15:00:18.310+0000] {subprocess.py:106} INFO - [0m15:00:18  Concurrency: 4 threads (target='dev')
[2026-07-12T15:00:18.310+0000] {subprocess.py:106} INFO - [0m15:00:18
[2026-07-12T15:00:18.374+0000] {subprocess.py:106} INFO - [0m15:00:18  1 of 1 START sql table model midraw.avito_ads .................................. [RUN]
[2026-07-12T15:00:37.378+0000] {subprocess.py:106} INFO - [0m15:00:37  1 of 1 OK created sql table model midraw.avito_ads ............................. [[32mSELECT 47689[0m in 19.00s]
[2026-07-12T15:00:37.399+0000] {subprocess.py:106} INFO - [0m15:00:37
[2026-07-12T15:00:37.400+0000] {subprocess.py:106} INFO - [0m15:00:37  Finished running 1 table model in 0 hours 0 minutes and 19.09 seconds (19.09s).
[2026-07-12T15:00:37.442+0000] {subprocess.py:106} INFO - [0m15:00:37
[2026-07-12T15:00:37.443+0000] {subprocess.py:106} INFO - [0m15:00:37  [32mCompleted successfully[0m
[2026-07-12T15:00:37.443+0000] {subprocess.py:106} INFO - [0m15:00:37
[2026-07-12T15:00:37.444+0000] {subprocess.py:106} INFO - [0m15:00:37  Done. PASS=1 WARN=0 ERROR=0 SKIP=0 NO-OP=0 TOTAL=1
[2026-07-12T15:00:39.371+0000] {subprocess.py:106} INFO - [0m15:00:39  Running with dbt=1.11.12
[2026-07-12T15:00:39.488+0000] {subprocess.py:106} INFO - [0m15:00:39  Registered adapter: postgres=1.9.0
[2026-07-12T15:00:39.719+0000] {subprocess.py:106} INFO - [0m15:00:39  Found 1 model, 6 data tests, 1 source, 475 macros
[2026-07-12T15:00:39.720+0000] {subprocess.py:106} INFO - [0m15:00:39
[2026-07-12T15:00:39.720+0000] {subprocess.py:106} INFO - [0m15:00:39  Concurrency: 4 threads (target='dev')
[2026-07-12T15:00:39.721+0000] {subprocess.py:106} INFO - [0m15:00:39
[2026-07-12T15:00:39.781+0000] {subprocess.py:106} INFO - [0m15:00:39  1 of 6 START test accepted_values_avito_ads_source_system__avito__synthetic_avito  [RUN]
[2026-07-12T15:00:39.781+0000] {subprocess.py:106} INFO - [0m15:00:39  2 of 6 START test not_null_avito_ads_avito_id .................................. [RUN]
[2026-07-12T15:00:39.782+0000] {subprocess.py:106} INFO - [0m15:00:39  3 of 6 START test not_null_avito_ads_row_number ................................ [RUN]
[2026-07-12T15:00:39.782+0000] {subprocess.py:106} INFO - [0m15:00:39  4 of 6 START test not_null_avito_ads_run_id .................................... [RUN]
[2026-07-12T15:00:39.888+0000] {subprocess.py:106} INFO - [0m15:00:39  2 of 6 PASS not_null_avito_ads_avito_id ........................................ [[32mPASS[0m in 0.10s]
[2026-07-12T15:00:39.889+0000] {subprocess.py:106} INFO - [0m15:00:39  4 of 6 PASS not_null_avito_ads_run_id .......................................... [[32mPASS[0m in 0.10s]
[2026-07-12T15:00:39.889+0000] {subprocess.py:106} INFO - [0m15:00:39  3 of 6 PASS not_null_avito_ads_row_number ...................................... [[32mPASS[0m in 0.11s]
[2026-07-12T15:00:39.889+0000] {subprocess.py:106} INFO - [0m15:00:39  1 of 6 PASS accepted_values_avito_ads_source_system__avito__synthetic_avito .... [[32mPASS[0m in 0.11s]
[2026-07-12T15:00:39.892+0000] {subprocess.py:106} INFO - [0m15:00:39  5 of 6 START test not_null_avito_ads_title ..................................... [RUN]
[2026-07-12T15:00:39.892+0000] {subprocess.py:106} INFO - [0m15:00:39  6 of 6 START test not_null_avito_ads_url ....................................... [RUN]
[2026-07-12T15:00:39.921+0000] {subprocess.py:106} INFO - [0m15:00:39  5 of 6 PASS not_null_avito_ads_title ........................................... [[32mPASS[0m in 0.03s]
[2026-07-12T15:00:39.921+0000] {subprocess.py:106} INFO - [0m15:00:39  6 of 6 PASS not_null_avito_ads_url ............................................. [[32mPASS[0m in 0.03s]
[2026-07-12T15:00:39.930+0000] {subprocess.py:106} INFO - [0m15:00:39
[2026-07-12T15:00:39.930+0000] {subprocess.py:106} INFO - [0m15:00:39  Finished running 6 data tests in 0 hours 0 minutes and 0.21 seconds (0.21s).
[2026-07-12T15:00:39.954+0000] {subprocess.py:106} INFO - [0m15:00:39
[2026-07-12T15:00:39.955+0000] {subprocess.py:106} INFO - [0m15:00:39  [32mCompleted successfully[0m
[2026-07-12T15:00:39.955+0000] {subprocess.py:106} INFO - [0m15:00:39
[2026-07-12T15:00:39.955+0000] {subprocess.py:106} INFO - [0m15:00:39  Done. PASS=6 WARN=0 ERROR=0 SKIP=0 NO-OP=0 TOTAL=6
[2026-07-12T15:00:40.659+0000] {subprocess.py:110} INFO - Command exited with return code 0
[2026-07-12T15:00:40.696+0000] {taskinstance.py:341} INFO - ::group::Post task execution logs
[2026-07-12T15:00:40.697+0000] {taskinstance.py:353} INFO - Marking task as SUCCESS. dag_id=avito_to_raw_midraw, task_id=dbt_build_midraw, run_id=scheduled__2026-07-12T14:00:00+00:00, execution_date=20260712T140000, start_date=20260712T150016, end_date=20260712T150040
[2026-07-12T15:00:40.733+0000] {local_task_job_runner.py:266} INFO - Task exited with return code 0
[2026-07-12T15:00:40.750+0000] {taskinstance.py:3901} INFO - 0 downstream tasks scheduled from follow-on schedule check
[2026-07-12T15:00:40.751+0000] {local_task_job_runner.py:245} INFO - ::endgroup::
