[2026-07-29T20:00:02.478+0000] {local_task_job_runner.py:123} INFO - ::group::Pre task execution logs
[2026-07-29T20:00:02.488+0000] {taskinstance.py:2614} INFO - Dependencies all met for dep_context=non-requeueable deps ti=<TaskInstance: avito_to_raw_midraw.dbt_build_midraw scheduled__2026-07-29T19:00:00+00:00 [queued]>
[2026-07-29T20:00:02.492+0000] {taskinstance.py:2614} INFO - Dependencies all met for dep_context=requeueable deps ti=<TaskInstance: avito_to_raw_midraw.dbt_build_midraw scheduled__2026-07-29T19:00:00+00:00 [queued]>
[2026-07-29T20:00:02.492+0000] {taskinstance.py:2867} INFO - Starting attempt 1 of 2
[2026-07-29T20:00:02.498+0000] {taskinstance.py:2890} INFO - Executing <Task(BashOperator): dbt_build_midraw> on 2026-07-29 19:00:00+00:00
[2026-07-29T20:00:02.500+0000] {standard_task_runner.py:72} INFO - Started process 5723 to run task
[2026-07-29T20:00:02.502+0000] {standard_task_runner.py:104} INFO - Running: ['***', 'tasks', 'run', 'avito_to_raw_midraw', 'dbt_build_midraw', 'scheduled__2026-07-29T19:00:00+00:00', '--job-id', '519', '--raw', '--subdir', 'DAGS_FOLDER/avito_to_raw_midraw.py', '--cfg-path', '/tmp/tmp87_s3p6z']
[2026-07-29T20:00:02.504+0000] {standard_task_runner.py:105} INFO - Job 519: Subtask dbt_build_midraw
[2026-07-29T20:00:02.532+0000] {task_command.py:467} INFO - Running <TaskInstance: avito_to_raw_midraw.dbt_build_midraw scheduled__2026-07-29T19:00:00+00:00 [running]> on host 4c6dd7d943f5
[2026-07-29T20:00:02.676+0000] {taskinstance.py:3134} INFO - Exporting env vars: AIRFLOW_CTX_DAG_OWNER='data-eng' AIRFLOW_CTX_DAG_ID='avito_to_raw_midraw' AIRFLOW_CTX_TASK_ID='dbt_build_midraw' AIRFLOW_CTX_EXECUTION_DATE='2026-07-29T19:00:00+00:00' AIRFLOW_CTX_TRY_NUMBER='1' AIRFLOW_CTX_DAG_RUN_ID='scheduled__2026-07-29T19:00:00+00:00'
[2026-07-29T20:00:02.677+0000] {taskinstance.py:732} INFO - ::endgroup::
[2026-07-29T20:00:02.681+0000] {subprocess.py:78} INFO - Tmp dir root location: /tmp
[2026-07-29T20:00:02.682+0000] {subprocess.py:88} INFO - Running command: ['/usr/bin/bash', '-c', 'cd /opt/***/dbt && dbt run --profiles-dir . --select avito_ads && dbt test --profiles-dir . --select avito_ads']
[2026-07-29T20:00:02.687+0000] {subprocess.py:99} INFO - Output:
[2026-07-29T20:00:03.726+0000] {subprocess.py:106} INFO - [0m20:00:03  Running with dbt=1.11.12
[2026-07-29T20:00:03.839+0000] {subprocess.py:106} INFO - [0m20:00:03  Registered adapter: postgres=1.9.0
[2026-07-29T20:00:04.055+0000] {subprocess.py:106} INFO - [0m20:00:04  Found 1 model, 4 data tests, 3 sources, 475 macros
[2026-07-29T20:00:04.056+0000] {subprocess.py:106} INFO - [0m20:00:04
[2026-07-29T20:00:04.057+0000] {subprocess.py:106} INFO - [0m20:00:04  Concurrency: 4 threads (target='dev')
[2026-07-29T20:00:04.057+0000] {subprocess.py:106} INFO - [0m20:00:04
[2026-07-29T20:00:04.111+0000] {subprocess.py:106} INFO - [0m20:00:04  1 of 1 START sql table model midraw.avito_ads .................................. [RUN]
[2026-07-29T20:00:04.178+0000] {subprocess.py:106} INFO - [0m20:00:04  1 of 1 OK created sql table model midraw.avito_ads ............................. [[32mSELECT 1381[0m in 0.07s]
[2026-07-29T20:00:04.185+0000] {subprocess.py:106} INFO - [0m20:00:04
[2026-07-29T20:00:04.186+0000] {subprocess.py:106} INFO - [0m20:00:04  Finished running 1 table model in 0 hours 0 minutes and 0.13 seconds (0.13s).
[2026-07-29T20:00:04.207+0000] {subprocess.py:106} INFO - [0m20:00:04
[2026-07-29T20:00:04.207+0000] {subprocess.py:106} INFO - [0m20:00:04  [32mCompleted successfully[0m
[2026-07-29T20:00:04.207+0000] {subprocess.py:106} INFO - [0m20:00:04
[2026-07-29T20:00:04.208+0000] {subprocess.py:106} INFO - [0m20:00:04  Done. PASS=1 WARN=0 ERROR=0 SKIP=0 NO-OP=0 TOTAL=1
[2026-07-29T20:00:06.213+0000] {subprocess.py:106} INFO - [0m20:00:06  Running with dbt=1.11.12
[2026-07-29T20:00:06.306+0000] {subprocess.py:106} INFO - [0m20:00:06  Registered adapter: postgres=1.9.0
[2026-07-29T20:00:06.512+0000] {subprocess.py:106} INFO - [0m20:00:06  Found 1 model, 4 data tests, 3 sources, 475 macros
[2026-07-29T20:00:06.513+0000] {subprocess.py:106} INFO - [0m20:00:06
[2026-07-29T20:00:06.514+0000] {subprocess.py:106} INFO - [0m20:00:06  Concurrency: 4 threads (target='dev')
[2026-07-29T20:00:06.514+0000] {subprocess.py:106} INFO - [0m20:00:06
[2026-07-29T20:00:06.554+0000] {subprocess.py:106} INFO - [0m20:00:06  1 of 4 START test accepted_values_avito_ads_source_system__avito__synthetic_avito  [RUN]
[2026-07-29T20:00:06.554+0000] {subprocess.py:106} INFO - [0m20:00:06  2 of 4 START test not_null_avito_ads_avito_id .................................. [RUN]
[2026-07-29T20:00:06.555+0000] {subprocess.py:106} INFO - [0m20:00:06  3 of 4 START test not_null_avito_ads_title ..................................... [RUN]
[2026-07-29T20:00:06.555+0000] {subprocess.py:106} INFO - [0m20:00:06  4 of 4 START test not_null_avito_ads_url ....................................... [RUN]
[2026-07-29T20:00:06.610+0000] {subprocess.py:106} INFO - [0m20:00:06  4 of 4 PASS not_null_avito_ads_url ............................................. [[32mPASS[0m in 0.05s]
[2026-07-29T20:00:06.611+0000] {subprocess.py:106} INFO - [0m20:00:06  2 of 4 PASS not_null_avito_ads_avito_id ........................................ [[32mPASS[0m in 0.05s]
[2026-07-29T20:00:06.611+0000] {subprocess.py:106} INFO - [0m20:00:06  1 of 4 PASS accepted_values_avito_ads_source_system__avito__synthetic_avito .... [[32mPASS[0m in 0.06s]
[2026-07-29T20:00:06.611+0000] {subprocess.py:106} INFO - [0m20:00:06  3 of 4 PASS not_null_avito_ads_title ........................................... [[32mPASS[0m in 0.06s]
[2026-07-29T20:00:06.620+0000] {subprocess.py:106} INFO - [0m20:00:06
[2026-07-29T20:00:06.621+0000] {subprocess.py:106} INFO - [0m20:00:06  Finished running 4 data tests in 0 hours 0 minutes and 0.11 seconds (0.11s).
[2026-07-29T20:00:06.643+0000] {subprocess.py:106} INFO - [0m20:00:06
[2026-07-29T20:00:06.643+0000] {subprocess.py:106} INFO - [0m20:00:06  [32mCompleted successfully[0m
[2026-07-29T20:00:06.644+0000] {subprocess.py:106} INFO - [0m20:00:06
[2026-07-29T20:00:06.644+0000] {subprocess.py:106} INFO - [0m20:00:06  Done. PASS=4 WARN=0 ERROR=0 SKIP=0 NO-OP=0 TOTAL=4
[2026-07-29T20:00:07.564+0000] {subprocess.py:110} INFO - Command exited with return code 0
[2026-07-29T20:00:07.586+0000] {taskinstance.py:341} INFO - ::group::Post task execution logs
[2026-07-29T20:00:07.587+0000] {taskinstance.py:353} INFO - Marking task as SUCCESS. dag_id=avito_to_raw_midraw, task_id=dbt_build_midraw, run_id=scheduled__2026-07-29T19:00:00+00:00, execution_date=20260729T190000, start_date=20260729T200002, end_date=20260729T200007
[2026-07-29T20:00:07.633+0000] {local_task_job_runner.py:266} INFO - Task exited with return code 0
[2026-07-29T20:00:07.643+0000] {taskinstance.py:3901} INFO - 0 downstream tasks scheduled from follow-on schedule check
[2026-07-29T20:00:07.644+0000] {local_task_job_runner.py:245} INFO - ::endgroup::
