[2026-07-30T14:06:23.416+0000] {local_task_job_runner.py:123} INFO - ::group::Pre task execution logs
[2026-07-30T14:06:23.425+0000] {taskinstance.py:2614} INFO - Dependencies all met for dep_context=non-requeueable deps ti=<TaskInstance: avito_to_raw_midraw.dbt_build_midraw scheduled__2026-07-30T13:00:00+00:00 [queued]>
[2026-07-30T14:06:23.429+0000] {taskinstance.py:2614} INFO - Dependencies all met for dep_context=requeueable deps ti=<TaskInstance: avito_to_raw_midraw.dbt_build_midraw scheduled__2026-07-30T13:00:00+00:00 [queued]>
[2026-07-30T14:06:23.429+0000] {taskinstance.py:2867} INFO - Starting attempt 1 of 2
[2026-07-30T14:06:23.433+0000] {taskinstance.py:2890} INFO - Executing <Task(BashOperator): dbt_build_midraw> on 2026-07-30 13:00:00+00:00
[2026-07-30T14:06:23.435+0000] {standard_task_runner.py:72} INFO - Started process 6245 to run task
[2026-07-30T14:06:23.437+0000] {standard_task_runner.py:104} INFO - Running: ['***', 'tasks', 'run', 'avito_to_raw_midraw', 'dbt_build_midraw', 'scheduled__2026-07-30T13:00:00+00:00', '--job-id', '555', '--raw', '--subdir', 'DAGS_FOLDER/avito_to_raw_midraw.py', '--cfg-path', '/tmp/tmpyro4mqws']
[2026-07-30T14:06:23.439+0000] {standard_task_runner.py:105} INFO - Job 555: Subtask dbt_build_midraw
[2026-07-30T14:06:23.464+0000] {task_command.py:467} INFO - Running <TaskInstance: avito_to_raw_midraw.dbt_build_midraw scheduled__2026-07-30T13:00:00+00:00 [running]> on host 4c6dd7d943f5
[2026-07-30T14:06:23.601+0000] {taskinstance.py:3134} INFO - Exporting env vars: AIRFLOW_CTX_DAG_OWNER='data-eng' AIRFLOW_CTX_DAG_ID='avito_to_raw_midraw' AIRFLOW_CTX_TASK_ID='dbt_build_midraw' AIRFLOW_CTX_EXECUTION_DATE='2026-07-30T13:00:00+00:00' AIRFLOW_CTX_TRY_NUMBER='1' AIRFLOW_CTX_DAG_RUN_ID='scheduled__2026-07-30T13:00:00+00:00'
[2026-07-30T14:06:23.602+0000] {taskinstance.py:732} INFO - ::endgroup::
[2026-07-30T14:06:23.606+0000] {subprocess.py:78} INFO - Tmp dir root location: /tmp
[2026-07-30T14:06:23.607+0000] {subprocess.py:88} INFO - Running command: ['/usr/bin/bash', '-c', 'cd /opt/***/dbt && dbt run --profiles-dir . --select avito_ads && dbt test --profiles-dir . --select avito_ads']
[2026-07-30T14:06:23.611+0000] {subprocess.py:99} INFO - Output:
[2026-07-30T14:06:24.588+0000] {subprocess.py:106} INFO - [0m14:06:24  Running with dbt=1.11.12
[2026-07-30T14:06:24.701+0000] {subprocess.py:106} INFO - [0m14:06:24  Registered adapter: postgres=1.9.0
[2026-07-30T14:06:24.942+0000] {subprocess.py:106} INFO - [0m14:06:24  Found 1 model, 4 data tests, 3 sources, 475 macros
[2026-07-30T14:06:24.944+0000] {subprocess.py:106} INFO - [0m14:06:24
[2026-07-30T14:06:24.944+0000] {subprocess.py:106} INFO - [0m14:06:24  Concurrency: 4 threads (target='dev')
[2026-07-30T14:06:24.944+0000] {subprocess.py:106} INFO - [0m14:06:24
[2026-07-30T14:06:25.000+0000] {subprocess.py:106} INFO - [0m14:06:25  1 of 1 START sql table model midraw.avito_ads .................................. [RUN]
[2026-07-30T14:06:25.073+0000] {subprocess.py:106} INFO - [0m14:06:25  1 of 1 OK created sql table model midraw.avito_ads ............................. [[32mSELECT 1481[0m in 0.07s]
[2026-07-30T14:06:25.080+0000] {subprocess.py:106} INFO - [0m14:06:25
[2026-07-30T14:06:25.080+0000] {subprocess.py:106} INFO - [0m14:06:25  Finished running 1 table model in 0 hours 0 minutes and 0.14 seconds (0.14s).
[2026-07-30T14:06:25.107+0000] {subprocess.py:106} INFO - [0m14:06:25
[2026-07-30T14:06:25.107+0000] {subprocess.py:106} INFO - [0m14:06:25  [32mCompleted successfully[0m
[2026-07-30T14:06:25.107+0000] {subprocess.py:106} INFO - [0m14:06:25
[2026-07-30T14:06:25.108+0000] {subprocess.py:106} INFO - [0m14:06:25  Done. PASS=1 WARN=0 ERROR=0 SKIP=0 NO-OP=0 TOTAL=1
[2026-07-30T14:06:26.879+0000] {subprocess.py:106} INFO - [0m14:06:26  Running with dbt=1.11.12
[2026-07-30T14:06:26.985+0000] {subprocess.py:106} INFO - [0m14:06:26  Registered adapter: postgres=1.9.0
[2026-07-30T14:06:27.212+0000] {subprocess.py:106} INFO - [0m14:06:27  Found 1 model, 4 data tests, 3 sources, 475 macros
[2026-07-30T14:06:27.213+0000] {subprocess.py:106} INFO - [0m14:06:27
[2026-07-30T14:06:27.213+0000] {subprocess.py:106} INFO - [0m14:06:27  Concurrency: 4 threads (target='dev')
[2026-07-30T14:06:27.214+0000] {subprocess.py:106} INFO - [0m14:06:27
[2026-07-30T14:06:27.262+0000] {subprocess.py:106} INFO - [0m14:06:27  1 of 4 START test accepted_values_avito_ads_source_system__avito__synthetic_avito  [RUN]
[2026-07-30T14:06:27.262+0000] {subprocess.py:106} INFO - [0m14:06:27  2 of 4 START test not_null_avito_ads_avito_id .................................. [RUN]
[2026-07-30T14:06:27.263+0000] {subprocess.py:106} INFO - [0m14:06:27  3 of 4 START test not_null_avito_ads_title ..................................... [RUN]
[2026-07-30T14:06:27.263+0000] {subprocess.py:106} INFO - [0m14:06:27  4 of 4 START test not_null_avito_ads_url ....................................... [RUN]
[2026-07-30T14:06:27.320+0000] {subprocess.py:106} INFO - [0m14:06:27  3 of 4 PASS not_null_avito_ads_title ........................................... [[32mPASS[0m in 0.06s]
[2026-07-30T14:06:27.321+0000] {subprocess.py:106} INFO - [0m14:06:27  2 of 4 PASS not_null_avito_ads_avito_id ........................................ [[32mPASS[0m in 0.06s]
[2026-07-30T14:06:27.321+0000] {subprocess.py:106} INFO - [0m14:06:27  1 of 4 PASS accepted_values_avito_ads_source_system__avito__synthetic_avito .... [[32mPASS[0m in 0.06s]
[2026-07-30T14:06:27.322+0000] {subprocess.py:106} INFO - [0m14:06:27  4 of 4 PASS not_null_avito_ads_url ............................................. [[32mPASS[0m in 0.06s]
[2026-07-30T14:06:27.333+0000] {subprocess.py:106} INFO - [0m14:06:27
[2026-07-30T14:06:27.333+0000] {subprocess.py:106} INFO - [0m14:06:27  Finished running 4 data tests in 0 hours 0 minutes and 0.12 seconds (0.12s).
[2026-07-30T14:06:27.360+0000] {subprocess.py:106} INFO - [0m14:06:27
[2026-07-30T14:06:27.361+0000] {subprocess.py:106} INFO - [0m14:06:27  [32mCompleted successfully[0m
[2026-07-30T14:06:27.361+0000] {subprocess.py:106} INFO - [0m14:06:27
[2026-07-30T14:06:27.361+0000] {subprocess.py:106} INFO - [0m14:06:27  Done. PASS=4 WARN=0 ERROR=0 SKIP=0 NO-OP=0 TOTAL=4
[2026-07-30T14:06:28.311+0000] {subprocess.py:110} INFO - Command exited with return code 0
[2026-07-30T14:06:28.328+0000] {taskinstance.py:341} INFO - ::group::Post task execution logs
[2026-07-30T14:06:28.329+0000] {taskinstance.py:353} INFO - Marking task as SUCCESS. dag_id=avito_to_raw_midraw, task_id=dbt_build_midraw, run_id=scheduled__2026-07-30T13:00:00+00:00, execution_date=20260730T130000, start_date=20260730T140623, end_date=20260730T140628
[2026-07-30T14:06:28.387+0000] {local_task_job_runner.py:266} INFO - Task exited with return code 0
[2026-07-30T14:06:28.399+0000] {taskinstance.py:3901} INFO - 0 downstream tasks scheduled from follow-on schedule check
[2026-07-30T14:06:28.400+0000] {local_task_job_runner.py:245} INFO - ::endgroup::
