[2026-07-29T01:06:49.773+0000] {local_task_job_runner.py:123} INFO - ::group::Pre task execution logs
[2026-07-29T01:06:49.782+0000] {taskinstance.py:2614} INFO - Dependencies all met for dep_context=non-requeueable deps ti=<TaskInstance: avito_to_raw_midraw.dbt_build_midraw scheduled__2026-07-29T00:00:00+00:00 [queued]>
[2026-07-29T01:06:49.785+0000] {taskinstance.py:2614} INFO - Dependencies all met for dep_context=requeueable deps ti=<TaskInstance: avito_to_raw_midraw.dbt_build_midraw scheduled__2026-07-29T00:00:00+00:00 [queued]>
[2026-07-29T01:06:49.785+0000] {taskinstance.py:2867} INFO - Starting attempt 1 of 2
[2026-07-29T01:06:49.790+0000] {taskinstance.py:2890} INFO - Executing <Task(BashOperator): dbt_build_midraw> on 2026-07-29 00:00:00+00:00
[2026-07-29T01:06:49.792+0000] {standard_task_runner.py:72} INFO - Started process 5172 to run task
[2026-07-29T01:06:49.794+0000] {standard_task_runner.py:104} INFO - Running: ['***', 'tasks', 'run', 'avito_to_raw_midraw', 'dbt_build_midraw', 'scheduled__2026-07-29T00:00:00+00:00', '--job-id', '481', '--raw', '--subdir', 'DAGS_FOLDER/avito_to_raw_midraw.py', '--cfg-path', '/tmp/tmpienpi77r']
[2026-07-29T01:06:49.795+0000] {standard_task_runner.py:105} INFO - Job 481: Subtask dbt_build_midraw
[2026-07-29T01:06:49.817+0000] {task_command.py:467} INFO - Running <TaskInstance: avito_to_raw_midraw.dbt_build_midraw scheduled__2026-07-29T00:00:00+00:00 [running]> on host 4c6dd7d943f5
[2026-07-29T01:06:49.948+0000] {taskinstance.py:3134} INFO - Exporting env vars: AIRFLOW_CTX_DAG_OWNER='data-eng' AIRFLOW_CTX_DAG_ID='avito_to_raw_midraw' AIRFLOW_CTX_TASK_ID='dbt_build_midraw' AIRFLOW_CTX_EXECUTION_DATE='2026-07-29T00:00:00+00:00' AIRFLOW_CTX_TRY_NUMBER='1' AIRFLOW_CTX_DAG_RUN_ID='scheduled__2026-07-29T00:00:00+00:00'
[2026-07-29T01:06:49.948+0000] {taskinstance.py:732} INFO - ::endgroup::
[2026-07-29T01:06:49.953+0000] {subprocess.py:78} INFO - Tmp dir root location: /tmp
[2026-07-29T01:06:49.953+0000] {subprocess.py:88} INFO - Running command: ['/usr/bin/bash', '-c', 'cd /opt/***/dbt && dbt run --profiles-dir . --select avito_ads && dbt test --profiles-dir . --select avito_ads']
[2026-07-29T01:06:49.957+0000] {subprocess.py:99} INFO - Output:
[2026-07-29T01:06:50.824+0000] {subprocess.py:106} INFO - [0m01:06:50  Running with dbt=1.11.12
[2026-07-29T01:06:50.913+0000] {subprocess.py:106} INFO - [0m01:06:50  Registered adapter: postgres=1.9.0
[2026-07-29T01:06:51.108+0000] {subprocess.py:106} INFO - [0m01:06:51  Found 1 model, 4 data tests, 3 sources, 475 macros
[2026-07-29T01:06:51.110+0000] {subprocess.py:106} INFO - [0m01:06:51
[2026-07-29T01:06:51.110+0000] {subprocess.py:106} INFO - [0m01:06:51  Concurrency: 4 threads (target='dev')
[2026-07-29T01:06:51.111+0000] {subprocess.py:106} INFO - [0m01:06:51
[2026-07-29T01:06:51.159+0000] {subprocess.py:106} INFO - [0m01:06:51  1 of 1 START sql table model midraw.avito_ads .................................. [RUN]
[2026-07-29T01:06:51.222+0000] {subprocess.py:106} INFO - [0m01:06:51  1 of 1 OK created sql table model midraw.avito_ads ............................. [[32mSELECT 1212[0m in 0.06s]
[2026-07-29T01:06:51.229+0000] {subprocess.py:106} INFO - [0m01:06:51
[2026-07-29T01:06:51.229+0000] {subprocess.py:106} INFO - [0m01:06:51  Finished running 1 table model in 0 hours 0 minutes and 0.12 seconds (0.12s).
[2026-07-29T01:06:51.253+0000] {subprocess.py:106} INFO - [0m01:06:51
[2026-07-29T01:06:51.254+0000] {subprocess.py:106} INFO - [0m01:06:51  [32mCompleted successfully[0m
[2026-07-29T01:06:51.254+0000] {subprocess.py:106} INFO - [0m01:06:51
[2026-07-29T01:06:51.254+0000] {subprocess.py:106} INFO - [0m01:06:51  Done. PASS=1 WARN=0 ERROR=0 SKIP=0 NO-OP=0 TOTAL=1
[2026-07-29T01:06:52.845+0000] {subprocess.py:106} INFO - [0m01:06:52  Running with dbt=1.11.12
[2026-07-29T01:06:52.940+0000] {subprocess.py:106} INFO - [0m01:06:52  Registered adapter: postgres=1.9.0
[2026-07-29T01:06:53.144+0000] {subprocess.py:106} INFO - [0m01:06:53  Found 1 model, 4 data tests, 3 sources, 475 macros
[2026-07-29T01:06:53.146+0000] {subprocess.py:106} INFO - [0m01:06:53
[2026-07-29T01:06:53.146+0000] {subprocess.py:106} INFO - [0m01:06:53  Concurrency: 4 threads (target='dev')
[2026-07-29T01:06:53.146+0000] {subprocess.py:106} INFO - [0m01:06:53
[2026-07-29T01:06:53.188+0000] {subprocess.py:106} INFO - [0m01:06:53  1 of 4 START test accepted_values_avito_ads_source_system__avito__synthetic_avito  [RUN]
[2026-07-29T01:06:53.189+0000] {subprocess.py:106} INFO - [0m01:06:53  2 of 4 START test not_null_avito_ads_avito_id .................................. [RUN]
[2026-07-29T01:06:53.189+0000] {subprocess.py:106} INFO - [0m01:06:53  3 of 4 START test not_null_avito_ads_title ..................................... [RUN]
[2026-07-29T01:06:53.189+0000] {subprocess.py:106} INFO - [0m01:06:53  4 of 4 START test not_null_avito_ads_url ....................................... [RUN]
[2026-07-29T01:06:53.243+0000] {subprocess.py:106} INFO - [0m01:06:53  2 of 4 PASS not_null_avito_ads_avito_id ........................................ [[32mPASS[0m in 0.05s]
[2026-07-29T01:06:53.243+0000] {subprocess.py:106} INFO - [0m01:06:53  1 of 4 PASS accepted_values_avito_ads_source_system__avito__synthetic_avito .... [[32mPASS[0m in 0.05s]
[2026-07-29T01:06:53.244+0000] {subprocess.py:106} INFO - [0m01:06:53  3 of 4 PASS not_null_avito_ads_title ........................................... [[32mPASS[0m in 0.05s]
[2026-07-29T01:06:53.244+0000] {subprocess.py:106} INFO - [0m01:06:53  4 of 4 PASS not_null_avito_ads_url ............................................. [[32mPASS[0m in 0.05s]
[2026-07-29T01:06:53.254+0000] {subprocess.py:106} INFO - [0m01:06:53
[2026-07-29T01:06:53.255+0000] {subprocess.py:106} INFO - [0m01:06:53  Finished running 4 data tests in 0 hours 0 minutes and 0.11 seconds (0.11s).
[2026-07-29T01:06:53.285+0000] {subprocess.py:106} INFO - [0m01:06:53
[2026-07-29T01:06:53.285+0000] {subprocess.py:106} INFO - [0m01:06:53  [32mCompleted successfully[0m
[2026-07-29T01:06:53.286+0000] {subprocess.py:106} INFO - [0m01:06:53
[2026-07-29T01:06:53.286+0000] {subprocess.py:106} INFO - [0m01:06:53  Done. PASS=4 WARN=0 ERROR=0 SKIP=0 NO-OP=0 TOTAL=4
[2026-07-29T01:06:53.994+0000] {subprocess.py:110} INFO - Command exited with return code 0
[2026-07-29T01:06:54.009+0000] {taskinstance.py:341} INFO - ::group::Post task execution logs
[2026-07-29T01:06:54.010+0000] {taskinstance.py:353} INFO - Marking task as SUCCESS. dag_id=avito_to_raw_midraw, task_id=dbt_build_midraw, run_id=scheduled__2026-07-29T00:00:00+00:00, execution_date=20260729T000000, start_date=20260729T010649, end_date=20260729T010654
[2026-07-29T01:06:54.043+0000] {local_task_job_runner.py:266} INFO - Task exited with return code 0
[2026-07-29T01:06:54.053+0000] {taskinstance.py:3901} INFO - 0 downstream tasks scheduled from follow-on schedule check
[2026-07-29T01:06:54.054+0000] {local_task_job_runner.py:245} INFO - ::endgroup::
