[2026-07-23T04:01:25.590+0000] {local_task_job_runner.py:123} INFO - ::group::Pre task execution logs
[2026-07-23T04:01:25.600+0000] {taskinstance.py:2614} INFO - Dependencies all met for dep_context=non-requeueable deps ti=<TaskInstance: avito_to_raw_midraw.dbt_build_midraw scheduled__2026-07-23T03:00:00+00:00 [queued]>
[2026-07-23T04:01:25.603+0000] {taskinstance.py:2614} INFO - Dependencies all met for dep_context=requeueable deps ti=<TaskInstance: avito_to_raw_midraw.dbt_build_midraw scheduled__2026-07-23T03:00:00+00:00 [queued]>
[2026-07-23T04:01:25.604+0000] {taskinstance.py:2867} INFO - Starting attempt 1 of 2
[2026-07-23T04:01:25.608+0000] {taskinstance.py:2890} INFO - Executing <Task(BashOperator): dbt_build_midraw> on 2026-07-23 03:00:00+00:00
[2026-07-23T04:01:25.610+0000] {standard_task_runner.py:72} INFO - Started process 1050 to run task
[2026-07-23T04:01:25.612+0000] {standard_task_runner.py:104} INFO - Running: ['***', 'tasks', 'run', 'avito_to_raw_midraw', 'dbt_build_midraw', 'scheduled__2026-07-23T03:00:00+00:00', '--job-id', '198', '--raw', '--subdir', 'DAGS_FOLDER/avito_to_raw_midraw.py', '--cfg-path', '/tmp/tmpxq9_dbpv']
[2026-07-23T04:01:25.613+0000] {standard_task_runner.py:105} INFO - Job 198: Subtask dbt_build_midraw
[2026-07-23T04:01:25.636+0000] {task_command.py:467} INFO - Running <TaskInstance: avito_to_raw_midraw.dbt_build_midraw scheduled__2026-07-23T03:00:00+00:00 [running]> on host 4c6dd7d943f5
[2026-07-23T04:01:25.767+0000] {taskinstance.py:3134} INFO - Exporting env vars: AIRFLOW_CTX_DAG_OWNER='data-eng' AIRFLOW_CTX_DAG_ID='avito_to_raw_midraw' AIRFLOW_CTX_TASK_ID='dbt_build_midraw' AIRFLOW_CTX_EXECUTION_DATE='2026-07-23T03:00:00+00:00' AIRFLOW_CTX_TRY_NUMBER='1' AIRFLOW_CTX_DAG_RUN_ID='scheduled__2026-07-23T03:00:00+00:00'
[2026-07-23T04:01:25.768+0000] {taskinstance.py:732} INFO - ::endgroup::
[2026-07-23T04:01:25.772+0000] {subprocess.py:78} INFO - Tmp dir root location: /tmp
[2026-07-23T04:01:25.772+0000] {subprocess.py:88} INFO - Running command: ['/usr/bin/bash', '-c', 'cd /opt/***/dbt && dbt run --profiles-dir . --select avito_ads && dbt test --profiles-dir . --select avito_ads']
[2026-07-23T04:01:25.776+0000] {subprocess.py:99} INFO - Output:
[2026-07-23T04:01:26.639+0000] {subprocess.py:106} INFO - [0m04:01:26  Running with dbt=1.11.12
[2026-07-23T04:01:26.730+0000] {subprocess.py:106} INFO - [0m04:01:26  Registered adapter: postgres=1.9.0
[2026-07-23T04:01:26.925+0000] {subprocess.py:106} INFO - [0m04:01:26  Found 1 model, 4 data tests, 3 sources, 475 macros
[2026-07-23T04:01:26.926+0000] {subprocess.py:106} INFO - [0m04:01:26
[2026-07-23T04:01:26.926+0000] {subprocess.py:106} INFO - [0m04:01:26  Concurrency: 4 threads (target='dev')
[2026-07-23T04:01:26.927+0000] {subprocess.py:106} INFO - [0m04:01:26
[2026-07-23T04:01:26.973+0000] {subprocess.py:106} INFO - [0m04:01:26  1 of 1 START sql table model midraw.avito_ads .................................. [RUN]
[2026-07-23T04:01:27.035+0000] {subprocess.py:106} INFO - [0m04:01:27  1 of 1 OK created sql table model midraw.avito_ads ............................. [[32mSELECT 2006[0m in 0.06s]
[2026-07-23T04:01:27.042+0000] {subprocess.py:106} INFO - [0m04:01:27
[2026-07-23T04:01:27.042+0000] {subprocess.py:106} INFO - [0m04:01:27  Finished running 1 table model in 0 hours 0 minutes and 0.12 seconds (0.12s).
[2026-07-23T04:01:27.066+0000] {subprocess.py:106} INFO - [0m04:01:27
[2026-07-23T04:01:27.066+0000] {subprocess.py:106} INFO - [0m04:01:27  [32mCompleted successfully[0m
[2026-07-23T04:01:27.067+0000] {subprocess.py:106} INFO - [0m04:01:27
[2026-07-23T04:01:27.067+0000] {subprocess.py:106} INFO - [0m04:01:27  Done. PASS=1 WARN=0 ERROR=0 SKIP=0 NO-OP=0 TOTAL=1
[2026-07-23T04:01:28.888+0000] {subprocess.py:106} INFO - [0m04:01:28  Running with dbt=1.11.12
[2026-07-23T04:01:28.986+0000] {subprocess.py:106} INFO - [0m04:01:28  Registered adapter: postgres=1.9.0
[2026-07-23T04:01:29.199+0000] {subprocess.py:106} INFO - [0m04:01:29  Found 1 model, 4 data tests, 3 sources, 475 macros
[2026-07-23T04:01:29.200+0000] {subprocess.py:106} INFO - [0m04:01:29
[2026-07-23T04:01:29.200+0000] {subprocess.py:106} INFO - [0m04:01:29  Concurrency: 4 threads (target='dev')
[2026-07-23T04:01:29.201+0000] {subprocess.py:106} INFO - [0m04:01:29
[2026-07-23T04:01:29.241+0000] {subprocess.py:106} INFO - [0m04:01:29  1 of 4 START test accepted_values_avito_ads_source_system__avito__synthetic_avito  [RUN]
[2026-07-23T04:01:29.242+0000] {subprocess.py:106} INFO - [0m04:01:29  2 of 4 START test not_null_avito_ads_avito_id .................................. [RUN]
[2026-07-23T04:01:29.242+0000] {subprocess.py:106} INFO - [0m04:01:29  3 of 4 START test not_null_avito_ads_title ..................................... [RUN]
[2026-07-23T04:01:29.242+0000] {subprocess.py:106} INFO - [0m04:01:29  4 of 4 START test not_null_avito_ads_url ....................................... [RUN]
[2026-07-23T04:01:29.295+0000] {subprocess.py:106} INFO - [0m04:01:29  2 of 4 PASS not_null_avito_ads_avito_id ........................................ [[32mPASS[0m in 0.05s]
[2026-07-23T04:01:29.296+0000] {subprocess.py:106} INFO - [0m04:01:29  3 of 4 PASS not_null_avito_ads_title ........................................... [[32mPASS[0m in 0.05s]
[2026-07-23T04:01:29.296+0000] {subprocess.py:106} INFO - [0m04:01:29  1 of 4 PASS accepted_values_avito_ads_source_system__avito__synthetic_avito .... [[32mPASS[0m in 0.05s]
[2026-07-23T04:01:29.297+0000] {subprocess.py:106} INFO - [0m04:01:29  4 of 4 PASS not_null_avito_ads_url ............................................. [[32mPASS[0m in 0.05s]
[2026-07-23T04:01:29.307+0000] {subprocess.py:106} INFO - [0m04:01:29
[2026-07-23T04:01:29.307+0000] {subprocess.py:106} INFO - [0m04:01:29  Finished running 4 data tests in 0 hours 0 minutes and 0.11 seconds (0.11s).
[2026-07-23T04:01:29.333+0000] {subprocess.py:106} INFO - [0m04:01:29
[2026-07-23T04:01:29.334+0000] {subprocess.py:106} INFO - [0m04:01:29  [32mCompleted successfully[0m
[2026-07-23T04:01:29.334+0000] {subprocess.py:106} INFO - [0m04:01:29
[2026-07-23T04:01:29.334+0000] {subprocess.py:106} INFO - [0m04:01:29  Done. PASS=4 WARN=0 ERROR=0 SKIP=0 NO-OP=0 TOTAL=4
[2026-07-23T04:01:30.525+0000] {subprocess.py:110} INFO - Command exited with return code 0
[2026-07-23T04:01:30.540+0000] {taskinstance.py:341} INFO - ::group::Post task execution logs
[2026-07-23T04:01:30.540+0000] {taskinstance.py:353} INFO - Marking task as SUCCESS. dag_id=avito_to_raw_midraw, task_id=dbt_build_midraw, run_id=scheduled__2026-07-23T03:00:00+00:00, execution_date=20260723T030000, start_date=20260723T040125, end_date=20260723T040130
[2026-07-23T04:01:30.558+0000] {local_task_job_runner.py:266} INFO - Task exited with return code 0
[2026-07-23T04:01:30.568+0000] {taskinstance.py:3901} INFO - 0 downstream tasks scheduled from follow-on schedule check
[2026-07-23T04:01:30.569+0000] {local_task_job_runner.py:245} INFO - ::endgroup::
