[2026-07-25T08:13:49.357+0000] {local_task_job_runner.py:123} INFO - ::group::Pre task execution logs
[2026-07-25T08:13:49.364+0000] {taskinstance.py:2614} INFO - Dependencies all met for dep_context=non-requeueable deps ti=<TaskInstance: avito_to_raw_midraw.dbt_build_midraw scheduled__2026-07-25T07:00:00+00:00 [queued]>
[2026-07-25T08:13:49.366+0000] {taskinstance.py:2614} INFO - Dependencies all met for dep_context=requeueable deps ti=<TaskInstance: avito_to_raw_midraw.dbt_build_midraw scheduled__2026-07-25T07:00:00+00:00 [queued]>
[2026-07-25T08:13:49.367+0000] {taskinstance.py:2867} INFO - Starting attempt 1 of 2
[2026-07-25T08:13:49.370+0000] {taskinstance.py:2890} INFO - Executing <Task(BashOperator): dbt_build_midraw> on 2026-07-25 07:00:00+00:00
[2026-07-25T08:13:49.372+0000] {standard_task_runner.py:72} INFO - Started process 2558 to run task
[2026-07-25T08:13:49.373+0000] {standard_task_runner.py:104} INFO - Running: ['***', 'tasks', 'run', 'avito_to_raw_midraw', 'dbt_build_midraw', 'scheduled__2026-07-25T07:00:00+00:00', '--job-id', '302', '--raw', '--subdir', 'DAGS_FOLDER/avito_to_raw_midraw.py', '--cfg-path', '/tmp/tmpjv15e13q']
[2026-07-25T08:13:49.375+0000] {standard_task_runner.py:105} INFO - Job 302: Subtask dbt_build_midraw
[2026-07-25T08:13:49.393+0000] {task_command.py:467} INFO - Running <TaskInstance: avito_to_raw_midraw.dbt_build_midraw scheduled__2026-07-25T07:00:00+00:00 [running]> on host 4c6dd7d943f5
[2026-07-25T08:13:49.487+0000] {taskinstance.py:3134} INFO - Exporting env vars: AIRFLOW_CTX_DAG_OWNER='data-eng' AIRFLOW_CTX_DAG_ID='avito_to_raw_midraw' AIRFLOW_CTX_TASK_ID='dbt_build_midraw' AIRFLOW_CTX_EXECUTION_DATE='2026-07-25T07:00:00+00:00' AIRFLOW_CTX_TRY_NUMBER='1' AIRFLOW_CTX_DAG_RUN_ID='scheduled__2026-07-25T07:00:00+00:00'
[2026-07-25T08:13:49.488+0000] {taskinstance.py:732} INFO - ::endgroup::
[2026-07-25T08:13:49.491+0000] {subprocess.py:78} INFO - Tmp dir root location: /tmp
[2026-07-25T08:13:49.492+0000] {subprocess.py:88} INFO - Running command: ['/usr/bin/bash', '-c', 'cd /opt/***/dbt && dbt run --profiles-dir . --select avito_ads && dbt test --profiles-dir . --select avito_ads']
[2026-07-25T08:13:49.495+0000] {subprocess.py:99} INFO - Output:
[2026-07-25T08:13:50.215+0000] {subprocess.py:106} INFO - [0m08:13:50  Running with dbt=1.11.12
[2026-07-25T08:13:50.292+0000] {subprocess.py:106} INFO - [0m08:13:50  Registered adapter: postgres=1.9.0
[2026-07-25T08:13:50.445+0000] {subprocess.py:106} INFO - [0m08:13:50  Found 1 model, 4 data tests, 3 sources, 475 macros
[2026-07-25T08:13:50.446+0000] {subprocess.py:106} INFO - [0m08:13:50
[2026-07-25T08:13:50.446+0000] {subprocess.py:106} INFO - [0m08:13:50  Concurrency: 4 threads (target='dev')
[2026-07-25T08:13:50.446+0000] {subprocess.py:106} INFO - [0m08:13:50
[2026-07-25T08:13:50.483+0000] {subprocess.py:106} INFO - [0m08:13:50  1 of 1 START sql table model midraw.avito_ads .................................. [RUN]
[2026-07-25T08:13:50.532+0000] {subprocess.py:106} INFO - [0m08:13:50  1 of 1 OK created sql table model midraw.avito_ads ............................. [[32mSELECT 2431[0m in 0.05s]
[2026-07-25T08:13:50.539+0000] {subprocess.py:106} INFO - [0m08:13:50
[2026-07-25T08:13:50.539+0000] {subprocess.py:106} INFO - [0m08:13:50  Finished running 1 table model in 0 hours 0 minutes and 0.09 seconds (0.09s).
[2026-07-25T08:13:50.559+0000] {subprocess.py:106} INFO - [0m08:13:50
[2026-07-25T08:13:50.559+0000] {subprocess.py:106} INFO - [0m08:13:50  [32mCompleted successfully[0m
[2026-07-25T08:13:50.559+0000] {subprocess.py:106} INFO - [0m08:13:50
[2026-07-25T08:13:50.560+0000] {subprocess.py:106} INFO - [0m08:13:50  Done. PASS=1 WARN=0 ERROR=0 SKIP=0 NO-OP=0 TOTAL=1
[2026-07-25T08:13:52.020+0000] {subprocess.py:106} INFO - [0m08:13:52  Running with dbt=1.11.12
[2026-07-25T08:13:52.094+0000] {subprocess.py:106} INFO - [0m08:13:52  Registered adapter: postgres=1.9.0
[2026-07-25T08:13:52.251+0000] {subprocess.py:106} INFO - [0m08:13:52  Found 1 model, 4 data tests, 3 sources, 475 macros
[2026-07-25T08:13:52.252+0000] {subprocess.py:106} INFO - [0m08:13:52
[2026-07-25T08:13:52.252+0000] {subprocess.py:106} INFO - [0m08:13:52  Concurrency: 4 threads (target='dev')
[2026-07-25T08:13:52.252+0000] {subprocess.py:106} INFO - [0m08:13:52
[2026-07-25T08:13:52.284+0000] {subprocess.py:106} INFO - [0m08:13:52  1 of 4 START test accepted_values_avito_ads_source_system__avito__synthetic_avito  [RUN]
[2026-07-25T08:13:52.284+0000] {subprocess.py:106} INFO - [0m08:13:52  2 of 4 START test not_null_avito_ads_avito_id .................................. [RUN]
[2026-07-25T08:13:52.284+0000] {subprocess.py:106} INFO - [0m08:13:52  3 of 4 START test not_null_avito_ads_title ..................................... [RUN]
[2026-07-25T08:13:52.285+0000] {subprocess.py:106} INFO - [0m08:13:52  4 of 4 START test not_null_avito_ads_url ....................................... [RUN]
[2026-07-25T08:13:52.327+0000] {subprocess.py:106} INFO - [0m08:13:52  2 of 4 PASS not_null_avito_ads_avito_id ........................................ [[32mPASS[0m in 0.04s]
[2026-07-25T08:13:52.328+0000] {subprocess.py:106} INFO - [0m08:13:52  3 of 4 PASS not_null_avito_ads_title ........................................... [[32mPASS[0m in 0.04s]
[2026-07-25T08:13:52.328+0000] {subprocess.py:106} INFO - [0m08:13:52  4 of 4 PASS not_null_avito_ads_url ............................................. [[32mPASS[0m in 0.04s]
[2026-07-25T08:13:52.328+0000] {subprocess.py:106} INFO - [0m08:13:52  1 of 4 PASS accepted_values_avito_ads_source_system__avito__synthetic_avito .... [[32mPASS[0m in 0.04s]
[2026-07-25T08:13:52.336+0000] {subprocess.py:106} INFO - [0m08:13:52
[2026-07-25T08:13:52.336+0000] {subprocess.py:106} INFO - [0m08:13:52  Finished running 4 data tests in 0 hours 0 minutes and 0.08 seconds (0.08s).
[2026-07-25T08:13:52.357+0000] {subprocess.py:106} INFO - [0m08:13:52
[2026-07-25T08:13:52.357+0000] {subprocess.py:106} INFO - [0m08:13:52  [32mCompleted successfully[0m
[2026-07-25T08:13:52.358+0000] {subprocess.py:106} INFO - [0m08:13:52
[2026-07-25T08:13:52.358+0000] {subprocess.py:106} INFO - [0m08:13:52  Done. PASS=4 WARN=0 ERROR=0 SKIP=0 NO-OP=0 TOTAL=4
[2026-07-25T08:13:53.006+0000] {subprocess.py:110} INFO - Command exited with return code 0
[2026-07-25T08:13:53.018+0000] {taskinstance.py:341} INFO - ::group::Post task execution logs
[2026-07-25T08:13:53.019+0000] {taskinstance.py:353} INFO - Marking task as SUCCESS. dag_id=avito_to_raw_midraw, task_id=dbt_build_midraw, run_id=scheduled__2026-07-25T07:00:00+00:00, execution_date=20260725T070000, start_date=20260725T081349, end_date=20260725T081353
[2026-07-25T08:13:53.041+0000] {local_task_job_runner.py:266} INFO - Task exited with return code 0
[2026-07-25T08:13:53.048+0000] {taskinstance.py:3901} INFO - 0 downstream tasks scheduled from follow-on schedule check
[2026-07-25T08:13:53.049+0000] {local_task_job_runner.py:245} INFO - ::endgroup::
