[2026-07-11T16:18:36.615+0000] {local_task_job_runner.py:123} INFO - ::group::Pre task execution logs
[2026-07-11T16:18:36.622+0000] {taskinstance.py:2614} INFO - Dependencies all met for dep_context=non-requeueable deps ti=<TaskInstance: avito_to_raw_midraw.dbt_build_midraw manual__2026-07-11T16:10:03+00:00 [queued]>
[2026-07-11T16:18:36.625+0000] {taskinstance.py:2614} INFO - Dependencies all met for dep_context=requeueable deps ti=<TaskInstance: avito_to_raw_midraw.dbt_build_midraw manual__2026-07-11T16:10:03+00:00 [queued]>
[2026-07-11T16:18:36.625+0000] {taskinstance.py:2867} INFO - Starting attempt 1 of 2
[2026-07-11T16:18:36.629+0000] {taskinstance.py:2890} INFO - Executing <Task(BashOperator): dbt_build_midraw> on 2026-07-11 16:10:03+00:00
[2026-07-11T16:18:36.630+0000] {standard_task_runner.py:72} INFO - Started process 111 to run task
[2026-07-11T16:18:36.632+0000] {standard_task_runner.py:104} INFO - Running: ['***', 'tasks', 'run', 'avito_to_raw_midraw', 'dbt_build_midraw', 'manual__2026-07-11T16:10:03+00:00', '--job-id', '8', '--raw', '--subdir', 'DAGS_FOLDER/avito_to_raw_midraw.py', '--cfg-path', '/tmp/tmpgl8r9wvf']
[2026-07-11T16:18:36.633+0000] {standard_task_runner.py:105} INFO - Job 8: Subtask dbt_build_midraw
[2026-07-11T16:18:36.652+0000] {task_command.py:467} INFO - Running <TaskInstance: avito_to_raw_midraw.dbt_build_midraw manual__2026-07-11T16:10:03+00:00 [running]> on host 214e7ce0f289
[2026-07-11T16:18:36.745+0000] {taskinstance.py:3134} INFO - Exporting env vars: AIRFLOW_CTX_DAG_OWNER='data-eng' AIRFLOW_CTX_DAG_ID='avito_to_raw_midraw' AIRFLOW_CTX_TASK_ID='dbt_build_midraw' AIRFLOW_CTX_EXECUTION_DATE='2026-07-11T16:10:03+00:00' AIRFLOW_CTX_TRY_NUMBER='1' AIRFLOW_CTX_DAG_RUN_ID='manual__2026-07-11T16:10:03+00:00'
[2026-07-11T16:18:36.745+0000] {taskinstance.py:732} INFO - ::endgroup::
[2026-07-11T16:18:36.749+0000] {subprocess.py:78} INFO - Tmp dir root location: /tmp
[2026-07-11T16:18:36.749+0000] {subprocess.py:88} INFO - Running command: ['/usr/bin/bash', '-c', 'cd /opt/***/dbt && dbt run --profiles-dir . --select avito_ads && dbt test --profiles-dir . --select avito_ads']
[2026-07-11T16:18:36.752+0000] {subprocess.py:99} INFO - Output:
[2026-07-11T16:18:37.495+0000] {subprocess.py:106} INFO - [0m16:18:37  Running with dbt=1.11.12
[2026-07-11T16:18:37.573+0000] {subprocess.py:106} INFO - [0m16:18:37  Registered adapter: postgres=1.9.0
[2026-07-11T16:18:37.734+0000] {subprocess.py:106} INFO - [0m16:18:37  Found 1 model, 6 data tests, 1 source, 475 macros
[2026-07-11T16:18:37.735+0000] {subprocess.py:106} INFO - [0m16:18:37
[2026-07-11T16:18:37.736+0000] {subprocess.py:106} INFO - [0m16:18:37  Concurrency: 4 threads (target='dev')
[2026-07-11T16:18:37.736+0000] {subprocess.py:106} INFO - [0m16:18:37
[2026-07-11T16:18:37.773+0000] {subprocess.py:106} INFO - [0m16:18:37  1 of 1 START sql table model midraw.avito_ads .................................. [RUN]
[2026-07-11T16:18:37.819+0000] {subprocess.py:106} INFO - [0m16:18:37  1 of 1 OK created sql table model midraw.avito_ads ............................. [[32mSELECT 0[0m in 0.05s]
[2026-07-11T16:18:37.826+0000] {subprocess.py:106} INFO - [0m16:18:37
[2026-07-11T16:18:37.826+0000] {subprocess.py:106} INFO - [0m16:18:37  Finished running 1 table model in 0 hours 0 minutes and 0.09 seconds (0.09s).
[2026-07-11T16:18:37.849+0000] {subprocess.py:106} INFO - [0m16:18:37
[2026-07-11T16:18:37.849+0000] {subprocess.py:106} INFO - [0m16:18:37  [32mCompleted successfully[0m
[2026-07-11T16:18:37.849+0000] {subprocess.py:106} INFO - [0m16:18:37
[2026-07-11T16:18:37.850+0000] {subprocess.py:106} INFO - [0m16:18:37  Done. PASS=1 WARN=0 ERROR=0 SKIP=0 NO-OP=0 TOTAL=1
[2026-07-11T16:18:39.352+0000] {subprocess.py:106} INFO - [0m16:18:39  Running with dbt=1.11.12
[2026-07-11T16:18:39.432+0000] {subprocess.py:106} INFO - [0m16:18:39  Registered adapter: postgres=1.9.0
[2026-07-11T16:18:39.594+0000] {subprocess.py:106} INFO - [0m16:18:39  Found 1 model, 6 data tests, 1 source, 475 macros
[2026-07-11T16:18:39.595+0000] {subprocess.py:106} INFO - [0m16:18:39
[2026-07-11T16:18:39.595+0000] {subprocess.py:106} INFO - [0m16:18:39  Concurrency: 4 threads (target='dev')
[2026-07-11T16:18:39.595+0000] {subprocess.py:106} INFO - [0m16:18:39
[2026-07-11T16:18:39.625+0000] {subprocess.py:106} INFO - [0m16:18:39  1 of 6 START test accepted_values_avito_ads_source_system__avito__synthetic_avito  [RUN]
[2026-07-11T16:18:39.626+0000] {subprocess.py:106} INFO - [0m16:18:39  2 of 6 START test not_null_avito_ads_avito_id .................................. [RUN]
[2026-07-11T16:18:39.626+0000] {subprocess.py:106} INFO - [0m16:18:39  3 of 6 START test not_null_avito_ads_row_number ................................ [RUN]
[2026-07-11T16:18:39.626+0000] {subprocess.py:106} INFO - [0m16:18:39  4 of 6 START test not_null_avito_ads_run_id .................................... [RUN]
[2026-07-11T16:18:39.667+0000] {subprocess.py:106} INFO - [0m16:18:39  1 of 6 PASS accepted_values_avito_ads_source_system__avito__synthetic_avito .... [[32mPASS[0m in 0.04s]
[2026-07-11T16:18:39.669+0000] {subprocess.py:106} INFO - [0m16:18:39  2 of 6 PASS not_null_avito_ads_avito_id ........................................ [[32mPASS[0m in 0.04s]
[2026-07-11T16:18:39.669+0000] {subprocess.py:106} INFO - [0m16:18:39  3 of 6 PASS not_null_avito_ads_row_number ...................................... [[32mPASS[0m in 0.04s]
[2026-07-11T16:18:39.670+0000] {subprocess.py:106} INFO - [0m16:18:39  4 of 6 PASS not_null_avito_ads_run_id .......................................... [[32mPASS[0m in 0.04s]
[2026-07-11T16:18:39.671+0000] {subprocess.py:106} INFO - [0m16:18:39  5 of 6 START test not_null_avito_ads_title ..................................... [RUN]
[2026-07-11T16:18:39.673+0000] {subprocess.py:106} INFO - [0m16:18:39  6 of 6 START test not_null_avito_ads_url ....................................... [RUN]
[2026-07-11T16:18:39.687+0000] {subprocess.py:106} INFO - [0m16:18:39  6 of 6 PASS not_null_avito_ads_url ............................................. [[32mPASS[0m in 0.01s]
[2026-07-11T16:18:39.687+0000] {subprocess.py:106} INFO - [0m16:18:39  5 of 6 PASS not_null_avito_ads_title ........................................... [[32mPASS[0m in 0.02s]
[2026-07-11T16:18:39.693+0000] {subprocess.py:106} INFO - [0m16:18:39
[2026-07-11T16:18:39.694+0000] {subprocess.py:106} INFO - [0m16:18:39  Finished running 6 data tests in 0 hours 0 minutes and 0.10 seconds (0.10s).
[2026-07-11T16:18:39.712+0000] {subprocess.py:106} INFO - [0m16:18:39
[2026-07-11T16:18:39.713+0000] {subprocess.py:106} INFO - [0m16:18:39  [32mCompleted successfully[0m
[2026-07-11T16:18:39.713+0000] {subprocess.py:106} INFO - [0m16:18:39
[2026-07-11T16:18:39.713+0000] {subprocess.py:106} INFO - [0m16:18:39  Done. PASS=6 WARN=0 ERROR=0 SKIP=0 NO-OP=0 TOTAL=6
[2026-07-11T16:18:40.574+0000] {subprocess.py:110} INFO - Command exited with return code 0
[2026-07-11T16:18:40.585+0000] {taskinstance.py:341} INFO - ::group::Post task execution logs
[2026-07-11T16:18:40.585+0000] {taskinstance.py:353} INFO - Marking task as SUCCESS. dag_id=avito_to_raw_midraw, task_id=dbt_build_midraw, run_id=manual__2026-07-11T16:10:03+00:00, execution_date=20260711T161003, start_date=20260711T161836, end_date=20260711T161840
[2026-07-11T16:18:40.613+0000] {local_task_job_runner.py:266} INFO - Task exited with return code 0
[2026-07-11T16:18:40.621+0000] {taskinstance.py:3901} INFO - 0 downstream tasks scheduled from follow-on schedule check
[2026-07-11T16:18:40.622+0000] {local_task_job_runner.py:245} INFO - ::endgroup::
