[2026-07-27T22:26:18.596+0000] {local_task_job_runner.py:123} INFO - ::group::Pre task execution logs
[2026-07-27T22:26:18.605+0000] {taskinstance.py:2614} INFO - Dependencies all met for dep_context=non-requeueable deps ti=<TaskInstance: avito_to_raw_midraw.dbt_build_midraw scheduled__2026-07-27T21:00:00+00:00 [queued]>
[2026-07-27T22:26:18.608+0000] {taskinstance.py:2614} INFO - Dependencies all met for dep_context=requeueable deps ti=<TaskInstance: avito_to_raw_midraw.dbt_build_midraw scheduled__2026-07-27T21:00:00+00:00 [queued]>
[2026-07-27T22:26:18.608+0000] {taskinstance.py:2867} INFO - Starting attempt 1 of 2
[2026-07-27T22:26:18.613+0000] {taskinstance.py:2890} INFO - Executing <Task(BashOperator): dbt_build_midraw> on 2026-07-27 21:00:00+00:00
[2026-07-27T22:26:18.615+0000] {standard_task_runner.py:72} INFO - Started process 4370 to run task
[2026-07-27T22:26:18.618+0000] {standard_task_runner.py:104} INFO - Running: ['***', 'tasks', 'run', 'avito_to_raw_midraw', 'dbt_build_midraw', 'scheduled__2026-07-27T21:00:00+00:00', '--job-id', '426', '--raw', '--subdir', 'DAGS_FOLDER/avito_to_raw_midraw.py', '--cfg-path', '/tmp/tmpcjqdu0ys']
[2026-07-27T22:26:18.619+0000] {standard_task_runner.py:105} INFO - Job 426: Subtask dbt_build_midraw
[2026-07-27T22:26:18.642+0000] {task_command.py:467} INFO - Running <TaskInstance: avito_to_raw_midraw.dbt_build_midraw scheduled__2026-07-27T21:00:00+00:00 [running]> on host 4c6dd7d943f5
[2026-07-27T22:26:18.774+0000] {taskinstance.py:3134} INFO - Exporting env vars: AIRFLOW_CTX_DAG_OWNER='data-eng' AIRFLOW_CTX_DAG_ID='avito_to_raw_midraw' AIRFLOW_CTX_TASK_ID='dbt_build_midraw' AIRFLOW_CTX_EXECUTION_DATE='2026-07-27T21:00:00+00:00' AIRFLOW_CTX_TRY_NUMBER='1' AIRFLOW_CTX_DAG_RUN_ID='scheduled__2026-07-27T21:00:00+00:00'
[2026-07-27T22:26:18.775+0000] {taskinstance.py:732} INFO - ::endgroup::
[2026-07-27T22:26:18.780+0000] {subprocess.py:78} INFO - Tmp dir root location: /tmp
[2026-07-27T22:26:18.780+0000] {subprocess.py:88} INFO - Running command: ['/usr/bin/bash', '-c', 'cd /opt/***/dbt && dbt run --profiles-dir . --select avito_ads && dbt test --profiles-dir . --select avito_ads']
[2026-07-27T22:26:18.785+0000] {subprocess.py:99} INFO - Output:
[2026-07-27T22:26:19.721+0000] {subprocess.py:106} INFO - [0m22:26:19  Running with dbt=1.11.12
[2026-07-27T22:26:19.820+0000] {subprocess.py:106} INFO - [0m22:26:19  Registered adapter: postgres=1.9.0
[2026-07-27T22:26:20.027+0000] {subprocess.py:106} INFO - [0m22:26:20  Found 1 model, 4 data tests, 3 sources, 475 macros
[2026-07-27T22:26:20.028+0000] {subprocess.py:106} INFO - [0m22:26:20
[2026-07-27T22:26:20.028+0000] {subprocess.py:106} INFO - [0m22:26:20  Concurrency: 4 threads (target='dev')
[2026-07-27T22:26:20.029+0000] {subprocess.py:106} INFO - [0m22:26:20
[2026-07-27T22:26:20.091+0000] {subprocess.py:106} INFO - [0m22:26:20  1 of 1 START sql table model midraw.avito_ads .................................. [RUN]
[2026-07-27T22:26:20.180+0000] {subprocess.py:106} INFO - [0m22:26:20  1 of 1 OK created sql table model midraw.avito_ads ............................. [[32mSELECT 1035[0m in 0.08s]
[2026-07-27T22:26:20.188+0000] {subprocess.py:106} INFO - [0m22:26:20
[2026-07-27T22:26:20.189+0000] {subprocess.py:106} INFO - [0m22:26:20  Finished running 1 table model in 0 hours 0 minutes and 0.16 seconds (0.16s).
[2026-07-27T22:26:20.215+0000] {subprocess.py:106} INFO - [0m22:26:20
[2026-07-27T22:26:20.215+0000] {subprocess.py:106} INFO - [0m22:26:20  [32mCompleted successfully[0m
[2026-07-27T22:26:20.215+0000] {subprocess.py:106} INFO - [0m22:26:20
[2026-07-27T22:26:20.216+0000] {subprocess.py:106} INFO - [0m22:26:20  Done. PASS=1 WARN=0 ERROR=0 SKIP=0 NO-OP=0 TOTAL=1
[2026-07-27T22:26:21.937+0000] {subprocess.py:106} INFO - [0m22:26:21  Running with dbt=1.11.12
[2026-07-27T22:26:22.033+0000] {subprocess.py:106} INFO - [0m22:26:22  Registered adapter: postgres=1.9.0
[2026-07-27T22:26:22.257+0000] {subprocess.py:106} INFO - [0m22:26:22  Found 1 model, 4 data tests, 3 sources, 475 macros
[2026-07-27T22:26:22.258+0000] {subprocess.py:106} INFO - [0m22:26:22
[2026-07-27T22:26:22.258+0000] {subprocess.py:106} INFO - [0m22:26:22  Concurrency: 4 threads (target='dev')
[2026-07-27T22:26:22.259+0000] {subprocess.py:106} INFO - [0m22:26:22
[2026-07-27T22:26:22.302+0000] {subprocess.py:106} INFO - [0m22:26:22  1 of 4 START test accepted_values_avito_ads_source_system__avito__synthetic_avito  [RUN]
[2026-07-27T22:26:22.302+0000] {subprocess.py:106} INFO - [0m22:26:22  2 of 4 START test not_null_avito_ads_avito_id .................................. [RUN]
[2026-07-27T22:26:22.302+0000] {subprocess.py:106} INFO - [0m22:26:22  3 of 4 START test not_null_avito_ads_title ..................................... [RUN]
[2026-07-27T22:26:22.303+0000] {subprocess.py:106} INFO - [0m22:26:22  4 of 4 START test not_null_avito_ads_url ....................................... [RUN]
[2026-07-27T22:26:22.356+0000] {subprocess.py:106} INFO - [0m22:26:22  1 of 4 PASS accepted_values_avito_ads_source_system__avito__synthetic_avito .... [[32mPASS[0m in 0.05s]
[2026-07-27T22:26:22.356+0000] {subprocess.py:106} INFO - [0m22:26:22  2 of 4 PASS not_null_avito_ads_avito_id ........................................ [[32mPASS[0m in 0.05s]
[2026-07-27T22:26:22.357+0000] {subprocess.py:106} INFO - [0m22:26:22  4 of 4 PASS not_null_avito_ads_url ............................................. [[32mPASS[0m in 0.05s]
[2026-07-27T22:26:22.357+0000] {subprocess.py:106} INFO - [0m22:26:22  3 of 4 PASS not_null_avito_ads_title ........................................... [[32mPASS[0m in 0.05s]
[2026-07-27T22:26:22.367+0000] {subprocess.py:106} INFO - [0m22:26:22
[2026-07-27T22:26:22.368+0000] {subprocess.py:106} INFO - [0m22:26:22  Finished running 4 data tests in 0 hours 0 minutes and 0.11 seconds (0.11s).
[2026-07-27T22:26:22.394+0000] {subprocess.py:106} INFO - [0m22:26:22
[2026-07-27T22:26:22.394+0000] {subprocess.py:106} INFO - [0m22:26:22  [32mCompleted successfully[0m
[2026-07-27T22:26:22.394+0000] {subprocess.py:106} INFO - [0m22:26:22
[2026-07-27T22:26:22.395+0000] {subprocess.py:106} INFO - [0m22:26:22  Done. PASS=4 WARN=0 ERROR=0 SKIP=0 NO-OP=0 TOTAL=4
[2026-07-27T22:26:23.075+0000] {subprocess.py:110} INFO - Command exited with return code 0
[2026-07-27T22:26:23.090+0000] {taskinstance.py:341} INFO - ::group::Post task execution logs
[2026-07-27T22:26:23.091+0000] {taskinstance.py:353} INFO - Marking task as SUCCESS. dag_id=avito_to_raw_midraw, task_id=dbt_build_midraw, run_id=scheduled__2026-07-27T21:00:00+00:00, execution_date=20260727T210000, start_date=20260727T222618, end_date=20260727T222623
[2026-07-27T22:26:23.134+0000] {local_task_job_runner.py:266} INFO - Task exited with return code 0
[2026-07-27T22:26:23.146+0000] {taskinstance.py:3901} INFO - 0 downstream tasks scheduled from follow-on schedule check
[2026-07-27T22:26:23.147+0000] {local_task_job_runner.py:245} INFO - ::endgroup::
