[2026-07-23T01:03:07.113+0000] {local_task_job_runner.py:123} INFO - ::group::Pre task execution logs
[2026-07-23T01:03:07.123+0000] {taskinstance.py:2614} INFO - Dependencies all met for dep_context=non-requeueable deps ti=<TaskInstance: avito_to_raw_midraw.dbt_build_midraw scheduled__2026-07-23T00:00:00+00:00 [queued]>
[2026-07-23T01:03:07.126+0000] {taskinstance.py:2614} INFO - Dependencies all met for dep_context=requeueable deps ti=<TaskInstance: avito_to_raw_midraw.dbt_build_midraw scheduled__2026-07-23T00:00:00+00:00 [queued]>
[2026-07-23T01:03:07.127+0000] {taskinstance.py:2867} INFO - Starting attempt 1 of 2
[2026-07-23T01:03:07.131+0000] {taskinstance.py:2890} INFO - Executing <Task(BashOperator): dbt_build_midraw> on 2026-07-23 00:00:00+00:00
[2026-07-23T01:03:07.134+0000] {standard_task_runner.py:72} INFO - Started process 963 to run task
[2026-07-23T01:03:07.136+0000] {standard_task_runner.py:104} INFO - Running: ['***', 'tasks', 'run', 'avito_to_raw_midraw', 'dbt_build_midraw', 'scheduled__2026-07-23T00:00:00+00:00', '--job-id', '192', '--raw', '--subdir', 'DAGS_FOLDER/avito_to_raw_midraw.py', '--cfg-path', '/tmp/tmp9g5ay9_a']
[2026-07-23T01:03:07.137+0000] {standard_task_runner.py:105} INFO - Job 192: Subtask dbt_build_midraw
[2026-07-23T01:03:07.161+0000] {task_command.py:467} INFO - Running <TaskInstance: avito_to_raw_midraw.dbt_build_midraw scheduled__2026-07-23T00:00:00+00:00 [running]> on host 4c6dd7d943f5
[2026-07-23T01:03:07.294+0000] {taskinstance.py:3134} INFO - Exporting env vars: AIRFLOW_CTX_DAG_OWNER='data-eng' AIRFLOW_CTX_DAG_ID='avito_to_raw_midraw' AIRFLOW_CTX_TASK_ID='dbt_build_midraw' AIRFLOW_CTX_EXECUTION_DATE='2026-07-23T00:00:00+00:00' AIRFLOW_CTX_TRY_NUMBER='1' AIRFLOW_CTX_DAG_RUN_ID='scheduled__2026-07-23T00:00:00+00:00'
[2026-07-23T01:03:07.294+0000] {taskinstance.py:732} INFO - ::endgroup::
[2026-07-23T01:03:07.298+0000] {subprocess.py:78} INFO - Tmp dir root location: /tmp
[2026-07-23T01:03:07.299+0000] {subprocess.py:88} INFO - Running command: ['/usr/bin/bash', '-c', 'cd /opt/***/dbt && dbt run --profiles-dir . --select avito_ads && dbt test --profiles-dir . --select avito_ads']
[2026-07-23T01:03:07.303+0000] {subprocess.py:99} INFO - Output:
[2026-07-23T01:03:08.177+0000] {subprocess.py:106} INFO - [0m01:03:08  Running with dbt=1.11.12
[2026-07-23T01:03:08.270+0000] {subprocess.py:106} INFO - [0m01:03:08  Registered adapter: postgres=1.9.0
[2026-07-23T01:03:08.470+0000] {subprocess.py:106} INFO - [0m01:03:08  Found 1 model, 4 data tests, 3 sources, 475 macros
[2026-07-23T01:03:08.471+0000] {subprocess.py:106} INFO - [0m01:03:08
[2026-07-23T01:03:08.471+0000] {subprocess.py:106} INFO - [0m01:03:08  Concurrency: 4 threads (target='dev')
[2026-07-23T01:03:08.471+0000] {subprocess.py:106} INFO - [0m01:03:08
[2026-07-23T01:03:08.519+0000] {subprocess.py:106} INFO - [0m01:03:08  1 of 1 START sql table model midraw.avito_ads .................................. [RUN]
[2026-07-23T01:03:08.579+0000] {subprocess.py:106} INFO - [0m01:03:08  1 of 1 OK created sql table model midraw.avito_ads ............................. [[32mSELECT 1980[0m in 0.06s]
[2026-07-23T01:03:08.586+0000] {subprocess.py:106} INFO - [0m01:03:08
[2026-07-23T01:03:08.586+0000] {subprocess.py:106} INFO - [0m01:03:08  Finished running 1 table model in 0 hours 0 minutes and 0.11 seconds (0.11s).
[2026-07-23T01:03:08.610+0000] {subprocess.py:106} INFO - [0m01:03:08
[2026-07-23T01:03:08.611+0000] {subprocess.py:106} INFO - [0m01:03:08  [32mCompleted successfully[0m
[2026-07-23T01:03:08.611+0000] {subprocess.py:106} INFO - [0m01:03:08
[2026-07-23T01:03:08.611+0000] {subprocess.py:106} INFO - [0m01:03:08  Done. PASS=1 WARN=0 ERROR=0 SKIP=0 NO-OP=0 TOTAL=1
[2026-07-23T01:03:10.486+0000] {subprocess.py:106} INFO - [0m01:03:10  Running with dbt=1.11.12
[2026-07-23T01:03:10.584+0000] {subprocess.py:106} INFO - [0m01:03:10  Registered adapter: postgres=1.9.0
[2026-07-23T01:03:10.807+0000] {subprocess.py:106} INFO - [0m01:03:10  Found 1 model, 4 data tests, 3 sources, 475 macros
[2026-07-23T01:03:10.808+0000] {subprocess.py:106} INFO - [0m01:03:10
[2026-07-23T01:03:10.808+0000] {subprocess.py:106} INFO - [0m01:03:10  Concurrency: 4 threads (target='dev')
[2026-07-23T01:03:10.808+0000] {subprocess.py:106} INFO - [0m01:03:10
[2026-07-23T01:03:10.850+0000] {subprocess.py:106} INFO - [0m01:03:10  1 of 4 START test accepted_values_avito_ads_source_system__avito__synthetic_avito  [RUN]
[2026-07-23T01:03:10.850+0000] {subprocess.py:106} INFO - [0m01:03:10  2 of 4 START test not_null_avito_ads_avito_id .................................. [RUN]
[2026-07-23T01:03:10.851+0000] {subprocess.py:106} INFO - [0m01:03:10  3 of 4 START test not_null_avito_ads_title ..................................... [RUN]
[2026-07-23T01:03:10.851+0000] {subprocess.py:106} INFO - [0m01:03:10  4 of 4 START test not_null_avito_ads_url ....................................... [RUN]
[2026-07-23T01:03:10.904+0000] {subprocess.py:106} INFO - [0m01:03:10  2 of 4 PASS not_null_avito_ads_avito_id ........................................ [[32mPASS[0m in 0.05s]
[2026-07-23T01:03:10.904+0000] {subprocess.py:106} INFO - [0m01:03:10  3 of 4 PASS not_null_avito_ads_title ........................................... [[32mPASS[0m in 0.05s]
[2026-07-23T01:03:10.905+0000] {subprocess.py:106} INFO - [0m01:03:10  4 of 4 PASS not_null_avito_ads_url ............................................. [[32mPASS[0m in 0.05s]
[2026-07-23T01:03:10.905+0000] {subprocess.py:106} INFO - [0m01:03:10  1 of 4 PASS accepted_values_avito_ads_source_system__avito__synthetic_avito .... [[32mPASS[0m in 0.05s]
[2026-07-23T01:03:10.915+0000] {subprocess.py:106} INFO - [0m01:03:10
[2026-07-23T01:03:10.916+0000] {subprocess.py:106} INFO - [0m01:03:10  Finished running 4 data tests in 0 hours 0 minutes and 0.11 seconds (0.11s).
[2026-07-23T01:03:10.940+0000] {subprocess.py:106} INFO - [0m01:03:10
[2026-07-23T01:03:10.941+0000] {subprocess.py:106} INFO - [0m01:03:10  [32mCompleted successfully[0m
[2026-07-23T01:03:10.941+0000] {subprocess.py:106} INFO - [0m01:03:10
[2026-07-23T01:03:10.941+0000] {subprocess.py:106} INFO - [0m01:03:10  Done. PASS=4 WARN=0 ERROR=0 SKIP=0 NO-OP=0 TOTAL=4
[2026-07-23T01:03:11.819+0000] {subprocess.py:110} INFO - Command exited with return code 0
[2026-07-23T01:03:11.834+0000] {taskinstance.py:341} INFO - ::group::Post task execution logs
[2026-07-23T01:03:11.835+0000] {taskinstance.py:353} INFO - Marking task as SUCCESS. dag_id=avito_to_raw_midraw, task_id=dbt_build_midraw, run_id=scheduled__2026-07-23T00:00:00+00:00, execution_date=20260723T000000, start_date=20260723T010307, end_date=20260723T010311
[2026-07-23T01:03:11.863+0000] {local_task_job_runner.py:266} INFO - Task exited with return code 0
[2026-07-23T01:03:11.873+0000] {taskinstance.py:3901} INFO - 0 downstream tasks scheduled from follow-on schedule check
[2026-07-23T01:03:11.874+0000] {local_task_job_runner.py:245} INFO - ::endgroup::
