[2026-07-23T14:14:06.813+0000] {local_task_job_runner.py:123} INFO - ::group::Pre task execution logs
[2026-07-23T14:14:06.822+0000] {taskinstance.py:2614} INFO - Dependencies all met for dep_context=non-requeueable deps ti=<TaskInstance: avito_to_raw_midraw.dbt_build_midraw scheduled__2026-07-23T13:00:00+00:00 [queued]>
[2026-07-23T14:14:06.825+0000] {taskinstance.py:2614} INFO - Dependencies all met for dep_context=requeueable deps ti=<TaskInstance: avito_to_raw_midraw.dbt_build_midraw scheduled__2026-07-23T13:00:00+00:00 [queued]>
[2026-07-23T14:14:06.826+0000] {taskinstance.py:2867} INFO - Starting attempt 1 of 2
[2026-07-23T14:14:06.830+0000] {taskinstance.py:2890} INFO - Executing <Task(BashOperator): dbt_build_midraw> on 2026-07-23 13:00:00+00:00
[2026-07-23T14:14:06.832+0000] {standard_task_runner.py:72} INFO - Started process 1340 to run task
[2026-07-23T14:14:06.833+0000] {standard_task_runner.py:104} INFO - Running: ['***', 'tasks', 'run', 'avito_to_raw_midraw', 'dbt_build_midraw', 'scheduled__2026-07-23T13:00:00+00:00', '--job-id', '218', '--raw', '--subdir', 'DAGS_FOLDER/avito_to_raw_midraw.py', '--cfg-path', '/tmp/tmpased2o1o']
[2026-07-23T14:14:06.835+0000] {standard_task_runner.py:105} INFO - Job 218: Subtask dbt_build_midraw
[2026-07-23T14:14:06.858+0000] {task_command.py:467} INFO - Running <TaskInstance: avito_to_raw_midraw.dbt_build_midraw scheduled__2026-07-23T13:00:00+00:00 [running]> on host 4c6dd7d943f5
[2026-07-23T14:14:06.986+0000] {taskinstance.py:3134} INFO - Exporting env vars: AIRFLOW_CTX_DAG_OWNER='data-eng' AIRFLOW_CTX_DAG_ID='avito_to_raw_midraw' AIRFLOW_CTX_TASK_ID='dbt_build_midraw' AIRFLOW_CTX_EXECUTION_DATE='2026-07-23T13:00:00+00:00' AIRFLOW_CTX_TRY_NUMBER='1' AIRFLOW_CTX_DAG_RUN_ID='scheduled__2026-07-23T13:00:00+00:00'
[2026-07-23T14:14:06.986+0000] {taskinstance.py:732} INFO - ::endgroup::
[2026-07-23T14:14:06.991+0000] {subprocess.py:78} INFO - Tmp dir root location: /tmp
[2026-07-23T14:14:06.991+0000] {subprocess.py:88} INFO - Running command: ['/usr/bin/bash', '-c', 'cd /opt/***/dbt && dbt run --profiles-dir . --select avito_ads && dbt test --profiles-dir . --select avito_ads']
[2026-07-23T14:14:06.995+0000] {subprocess.py:99} INFO - Output:
[2026-07-23T14:14:07.854+0000] {subprocess.py:106} INFO - [0m14:14:07  Running with dbt=1.11.12
[2026-07-23T14:14:07.947+0000] {subprocess.py:106} INFO - [0m14:14:07  Registered adapter: postgres=1.9.0
[2026-07-23T14:14:08.145+0000] {subprocess.py:106} INFO - [0m14:14:08  Found 1 model, 4 data tests, 3 sources, 475 macros
[2026-07-23T14:14:08.146+0000] {subprocess.py:106} INFO - [0m14:14:08
[2026-07-23T14:14:08.147+0000] {subprocess.py:106} INFO - [0m14:14:08  Concurrency: 4 threads (target='dev')
[2026-07-23T14:14:08.147+0000] {subprocess.py:106} INFO - [0m14:14:08
[2026-07-23T14:14:08.198+0000] {subprocess.py:106} INFO - [0m14:14:08  1 of 1 START sql table model midraw.avito_ads .................................. [RUN]
[2026-07-23T14:14:08.264+0000] {subprocess.py:106} INFO - [0m14:14:08  1 of 1 OK created sql table model midraw.avito_ads ............................. [[32mSELECT 2078[0m in 0.06s]
[2026-07-23T14:14:08.271+0000] {subprocess.py:106} INFO - [0m14:14:08
[2026-07-23T14:14:08.271+0000] {subprocess.py:106} INFO - [0m14:14:08  Finished running 1 table model in 0 hours 0 minutes and 0.12 seconds (0.12s).
[2026-07-23T14:14:08.296+0000] {subprocess.py:106} INFO - [0m14:14:08
[2026-07-23T14:14:08.296+0000] {subprocess.py:106} INFO - [0m14:14:08  [32mCompleted successfully[0m
[2026-07-23T14:14:08.297+0000] {subprocess.py:106} INFO - [0m14:14:08
[2026-07-23T14:14:08.297+0000] {subprocess.py:106} INFO - [0m14:14:08  Done. PASS=1 WARN=0 ERROR=0 SKIP=0 NO-OP=0 TOTAL=1
[2026-07-23T14:14:17.814+0000] {subprocess.py:106} INFO - [0m14:14:17  Running with dbt=1.11.12
[2026-07-23T14:14:17.915+0000] {subprocess.py:106} INFO - [0m14:14:17  Registered adapter: postgres=1.9.0
[2026-07-23T14:14:18.136+0000] {subprocess.py:106} INFO - [0m14:14:18  Found 1 model, 4 data tests, 3 sources, 475 macros
[2026-07-23T14:14:18.137+0000] {subprocess.py:106} INFO - [0m14:14:18
[2026-07-23T14:14:18.138+0000] {subprocess.py:106} INFO - [0m14:14:18  Concurrency: 4 threads (target='dev')
[2026-07-23T14:14:18.138+0000] {subprocess.py:106} INFO - [0m14:14:18
[2026-07-23T14:14:18.179+0000] {subprocess.py:106} INFO - [0m14:14:18  1 of 4 START test accepted_values_avito_ads_source_system__avito__synthetic_avito  [RUN]
[2026-07-23T14:14:18.180+0000] {subprocess.py:106} INFO - [0m14:14:18  2 of 4 START test not_null_avito_ads_avito_id .................................. [RUN]
[2026-07-23T14:14:18.180+0000] {subprocess.py:106} INFO - [0m14:14:18  3 of 4 START test not_null_avito_ads_title ..................................... [RUN]
[2026-07-23T14:14:18.180+0000] {subprocess.py:106} INFO - [0m14:14:18  4 of 4 START test not_null_avito_ads_url ....................................... [RUN]
[2026-07-23T14:14:18.234+0000] {subprocess.py:106} INFO - [0m14:14:18  1 of 4 PASS accepted_values_avito_ads_source_system__avito__synthetic_avito .... [[32mPASS[0m in 0.05s]
[2026-07-23T14:14:18.235+0000] {subprocess.py:106} INFO - [0m14:14:18  2 of 4 PASS not_null_avito_ads_avito_id ........................................ [[32mPASS[0m in 0.05s]
[2026-07-23T14:14:18.235+0000] {subprocess.py:106} INFO - [0m14:14:18  4 of 4 PASS not_null_avito_ads_url ............................................. [[32mPASS[0m in 0.05s]
[2026-07-23T14:14:18.236+0000] {subprocess.py:106} INFO - [0m14:14:18  3 of 4 PASS not_null_avito_ads_title ........................................... [[32mPASS[0m in 0.05s]
[2026-07-23T14:14:18.246+0000] {subprocess.py:106} INFO - [0m14:14:18
[2026-07-23T14:14:18.246+0000] {subprocess.py:106} INFO - [0m14:14:18  Finished running 4 data tests in 0 hours 0 minutes and 0.11 seconds (0.11s).
[2026-07-23T14:14:18.273+0000] {subprocess.py:106} INFO - [0m14:14:18
[2026-07-23T14:14:18.273+0000] {subprocess.py:106} INFO - [0m14:14:18  [32mCompleted successfully[0m
[2026-07-23T14:14:18.273+0000] {subprocess.py:106} INFO - [0m14:14:18
[2026-07-23T14:14:18.273+0000] {subprocess.py:106} INFO - [0m14:14:18  Done. PASS=4 WARN=0 ERROR=0 SKIP=0 NO-OP=0 TOTAL=4
[2026-07-23T14:14:19.780+0000] {subprocess.py:110} INFO - Command exited with return code 0
[2026-07-23T14:14:19.796+0000] {taskinstance.py:341} INFO - ::group::Post task execution logs
[2026-07-23T14:14:19.796+0000] {taskinstance.py:353} INFO - Marking task as SUCCESS. dag_id=avito_to_raw_midraw, task_id=dbt_build_midraw, run_id=scheduled__2026-07-23T13:00:00+00:00, execution_date=20260723T130000, start_date=20260723T141406, end_date=20260723T141419
[2026-07-23T14:14:19.816+0000] {local_task_job_runner.py:266} INFO - Task exited with return code 0
[2026-07-23T14:14:19.824+0000] {taskinstance.py:3901} INFO - 0 downstream tasks scheduled from follow-on schedule check
[2026-07-23T14:14:19.825+0000] {local_task_job_runner.py:245} INFO - ::endgroup::
