[2026-07-11T18:05:12.424+0000] {local_task_job_runner.py:123} INFO - ::group::Pre task execution logs
[2026-07-11T18:05:12.435+0000] {taskinstance.py:2614} INFO - Dependencies all met for dep_context=non-requeueable deps ti=<TaskInstance: avito_to_raw_midraw.dbt_build_midraw scheduled__2026-07-11T17:00:00+00:00 [queued]>
[2026-07-11T18:05:12.439+0000] {taskinstance.py:2614} INFO - Dependencies all met for dep_context=requeueable deps ti=<TaskInstance: avito_to_raw_midraw.dbt_build_midraw scheduled__2026-07-11T17:00:00+00:00 [queued]>
[2026-07-11T18:05:12.439+0000] {taskinstance.py:2867} INFO - Starting attempt 1 of 2
[2026-07-11T18:05:12.444+0000] {taskinstance.py:2890} INFO - Executing <Task(BashOperator): dbt_build_midraw> on 2026-07-11 17:00:00+00:00
[2026-07-11T18:05:12.446+0000] {standard_task_runner.py:72} INFO - Started process 170 to run task
[2026-07-11T18:05:12.448+0000] {standard_task_runner.py:104} INFO - Running: ['***', 'tasks', 'run', 'avito_to_raw_midraw', 'dbt_build_midraw', 'scheduled__2026-07-11T17:00:00+00:00', '--job-id', '31', '--raw', '--subdir', 'DAGS_FOLDER/avito_to_raw_midraw.py', '--cfg-path', '/tmp/tmpvqjt025n']
[2026-07-11T18:05:12.450+0000] {standard_task_runner.py:105} INFO - Job 31: Subtask dbt_build_midraw
[2026-07-11T18:05:12.475+0000] {task_command.py:467} INFO - Running <TaskInstance: avito_to_raw_midraw.dbt_build_midraw scheduled__2026-07-11T17:00:00+00:00 [running]> on host 5f8cb7b7a9c9
[2026-07-11T18:05:12.612+0000] {taskinstance.py:3134} INFO - Exporting env vars: AIRFLOW_CTX_DAG_OWNER='data-eng' AIRFLOW_CTX_DAG_ID='avito_to_raw_midraw' AIRFLOW_CTX_TASK_ID='dbt_build_midraw' AIRFLOW_CTX_EXECUTION_DATE='2026-07-11T17:00:00+00:00' AIRFLOW_CTX_TRY_NUMBER='1' AIRFLOW_CTX_DAG_RUN_ID='scheduled__2026-07-11T17:00:00+00:00'
[2026-07-11T18:05:12.613+0000] {taskinstance.py:732} INFO - ::endgroup::
[2026-07-11T18:05:12.617+0000] {subprocess.py:78} INFO - Tmp dir root location: /tmp
[2026-07-11T18:05:12.618+0000] {subprocess.py:88} INFO - Running command: ['/usr/bin/bash', '-c', 'cd /opt/***/dbt && dbt run --profiles-dir . --select avito_ads && dbt test --profiles-dir . --select avito_ads']
[2026-07-11T18:05:12.622+0000] {subprocess.py:99} INFO - Output:
[2026-07-11T18:05:13.545+0000] {subprocess.py:106} INFO - [0m18:05:13  Running with dbt=1.11.12
[2026-07-11T18:05:13.640+0000] {subprocess.py:106} INFO - [0m18:05:13  Registered adapter: postgres=1.9.0
[2026-07-11T18:05:13.831+0000] {subprocess.py:106} INFO - [0m18:05:13  Found 1 model, 6 data tests, 1 source, 475 macros
[2026-07-11T18:05:13.832+0000] {subprocess.py:106} INFO - [0m18:05:13
[2026-07-11T18:05:13.832+0000] {subprocess.py:106} INFO - [0m18:05:13  Concurrency: 4 threads (target='dev')
[2026-07-11T18:05:13.832+0000] {subprocess.py:106} INFO - [0m18:05:13
[2026-07-11T18:05:13.880+0000] {subprocess.py:106} INFO - [0m18:05:13  1 of 1 START sql table model midraw.avito_ads .................................. [RUN]
[2026-07-11T18:05:13.977+0000] {subprocess.py:106} INFO - [0m18:05:13  1 of 1 OK created sql table model midraw.avito_ads ............................. [[32mSELECT 688[0m in 0.09s]
[2026-07-11T18:05:13.985+0000] {subprocess.py:106} INFO - [0m18:05:13
[2026-07-11T18:05:13.985+0000] {subprocess.py:106} INFO - [0m18:05:13  Finished running 1 table model in 0 hours 0 minutes and 0.15 seconds (0.15s).
[2026-07-11T18:05:14.010+0000] {subprocess.py:106} INFO - [0m18:05:14
[2026-07-11T18:05:14.010+0000] {subprocess.py:106} INFO - [0m18:05:14  [32mCompleted successfully[0m
[2026-07-11T18:05:14.010+0000] {subprocess.py:106} INFO - [0m18:05:14
[2026-07-11T18:05:14.011+0000] {subprocess.py:106} INFO - [0m18:05:14  Done. PASS=1 WARN=0 ERROR=0 SKIP=0 NO-OP=0 TOTAL=1
[2026-07-11T18:05:15.950+0000] {subprocess.py:106} INFO - [0m18:05:15  Running with dbt=1.11.12
[2026-07-11T18:05:16.038+0000] {subprocess.py:106} INFO - [0m18:05:16  Registered adapter: postgres=1.9.0
[2026-07-11T18:05:16.232+0000] {subprocess.py:106} INFO - [0m18:05:16  Found 1 model, 6 data tests, 1 source, 475 macros
[2026-07-11T18:05:16.233+0000] {subprocess.py:106} INFO - [0m18:05:16
[2026-07-11T18:05:16.233+0000] {subprocess.py:106} INFO - [0m18:05:16  Concurrency: 4 threads (target='dev')
[2026-07-11T18:05:16.233+0000] {subprocess.py:106} INFO - [0m18:05:16
[2026-07-11T18:05:16.274+0000] {subprocess.py:106} INFO - [0m18:05:16  1 of 6 START test accepted_values_avito_ads_source_system__avito__synthetic_avito  [RUN]
[2026-07-11T18:05:16.275+0000] {subprocess.py:106} INFO - [0m18:05:16  2 of 6 START test not_null_avito_ads_avito_id .................................. [RUN]
[2026-07-11T18:05:16.275+0000] {subprocess.py:106} INFO - [0m18:05:16  3 of 6 START test not_null_avito_ads_row_number ................................ [RUN]
[2026-07-11T18:05:16.275+0000] {subprocess.py:106} INFO - [0m18:05:16  4 of 6 START test not_null_avito_ads_run_id .................................... [RUN]
[2026-07-11T18:05:16.324+0000] {subprocess.py:106} INFO - [0m18:05:16  1 of 6 PASS accepted_values_avito_ads_source_system__avito__synthetic_avito .... [[32mPASS[0m in 0.05s]
[2026-07-11T18:05:16.324+0000] {subprocess.py:106} INFO - [0m18:05:16  4 of 6 PASS not_null_avito_ads_run_id .......................................... [[32mPASS[0m in 0.05s]
[2026-07-11T18:05:16.325+0000] {subprocess.py:106} INFO - [0m18:05:16  2 of 6 PASS not_null_avito_ads_avito_id ........................................ [[32mPASS[0m in 0.05s]
[2026-07-11T18:05:16.325+0000] {subprocess.py:106} INFO - [0m18:05:16  3 of 6 PASS not_null_avito_ads_row_number ...................................... [[32mPASS[0m in 0.05s]
[2026-07-11T18:05:16.328+0000] {subprocess.py:106} INFO - [0m18:05:16  5 of 6 START test not_null_avito_ads_title ..................................... [RUN]
[2026-07-11T18:05:16.328+0000] {subprocess.py:106} INFO - [0m18:05:16  6 of 6 START test not_null_avito_ads_url ....................................... [RUN]
[2026-07-11T18:05:16.346+0000] {subprocess.py:106} INFO - [0m18:05:16  5 of 6 PASS not_null_avito_ads_title ........................................... [[32mPASS[0m in 0.02s]
[2026-07-11T18:05:16.346+0000] {subprocess.py:106} INFO - [0m18:05:16  6 of 6 PASS not_null_avito_ads_url ............................................. [[32mPASS[0m in 0.02s]
[2026-07-11T18:05:16.354+0000] {subprocess.py:106} INFO - [0m18:05:16
[2026-07-11T18:05:16.355+0000] {subprocess.py:106} INFO - [0m18:05:16  Finished running 6 data tests in 0 hours 0 minutes and 0.12 seconds (0.12s).
[2026-07-11T18:05:16.377+0000] {subprocess.py:106} INFO - [0m18:05:16
[2026-07-11T18:05:16.378+0000] {subprocess.py:106} INFO - [0m18:05:16  [32mCompleted successfully[0m
[2026-07-11T18:05:16.378+0000] {subprocess.py:106} INFO - [0m18:05:16
[2026-07-11T18:05:16.378+0000] {subprocess.py:106} INFO - [0m18:05:16  Done. PASS=6 WARN=0 ERROR=0 SKIP=0 NO-OP=0 TOTAL=6
[2026-07-11T18:05:19.654+0000] {subprocess.py:110} INFO - Command exited with return code 0
[2026-07-11T18:05:19.669+0000] {taskinstance.py:341} INFO - ::group::Post task execution logs
[2026-07-11T18:05:19.670+0000] {taskinstance.py:353} INFO - Marking task as SUCCESS. dag_id=avito_to_raw_midraw, task_id=dbt_build_midraw, run_id=scheduled__2026-07-11T17:00:00+00:00, execution_date=20260711T170000, start_date=20260711T180512, end_date=20260711T180519
[2026-07-11T18:05:19.694+0000] {local_task_job_runner.py:266} INFO - Task exited with return code 0
[2026-07-11T18:05:19.702+0000] {taskinstance.py:3901} INFO - 0 downstream tasks scheduled from follow-on schedule check
[2026-07-11T18:05:19.703+0000] {local_task_job_runner.py:245} INFO - ::endgroup::
