[2026-07-29T18:00:02.328+0000] {local_task_job_runner.py:123} INFO - ::group::Pre task execution logs
[2026-07-29T18:00:02.341+0000] {taskinstance.py:2614} INFO - Dependencies all met for dep_context=non-requeueable deps ti=<TaskInstance: avito_to_raw_midraw.dbt_build_midraw scheduled__2026-07-29T17:00:00+00:00 [queued]>
[2026-07-29T18:00:02.347+0000] {taskinstance.py:2614} INFO - Dependencies all met for dep_context=requeueable deps ti=<TaskInstance: avito_to_raw_midraw.dbt_build_midraw scheduled__2026-07-29T17:00:00+00:00 [queued]>
[2026-07-29T18:00:02.347+0000] {taskinstance.py:2867} INFO - Starting attempt 1 of 2
[2026-07-29T18:00:02.353+0000] {taskinstance.py:2890} INFO - Executing <Task(BashOperator): dbt_build_midraw> on 2026-07-29 17:00:00+00:00
[2026-07-29T18:00:02.355+0000] {standard_task_runner.py:72} INFO - Started process 5665 to run task
[2026-07-29T18:00:02.358+0000] {standard_task_runner.py:104} INFO - Running: ['***', 'tasks', 'run', 'avito_to_raw_midraw', 'dbt_build_midraw', 'scheduled__2026-07-29T17:00:00+00:00', '--job-id', '515', '--raw', '--subdir', 'DAGS_FOLDER/avito_to_raw_midraw.py', '--cfg-path', '/tmp/tmp9loqlog5']
[2026-07-29T18:00:02.360+0000] {standard_task_runner.py:105} INFO - Job 515: Subtask dbt_build_midraw
[2026-07-29T18:00:02.391+0000] {task_command.py:467} INFO - Running <TaskInstance: avito_to_raw_midraw.dbt_build_midraw scheduled__2026-07-29T17:00:00+00:00 [running]> on host 4c6dd7d943f5
[2026-07-29T18:00:02.549+0000] {taskinstance.py:3134} INFO - Exporting env vars: AIRFLOW_CTX_DAG_OWNER='data-eng' AIRFLOW_CTX_DAG_ID='avito_to_raw_midraw' AIRFLOW_CTX_TASK_ID='dbt_build_midraw' AIRFLOW_CTX_EXECUTION_DATE='2026-07-29T17:00:00+00:00' AIRFLOW_CTX_TRY_NUMBER='1' AIRFLOW_CTX_DAG_RUN_ID='scheduled__2026-07-29T17:00:00+00:00'
[2026-07-29T18:00:02.550+0000] {taskinstance.py:732} INFO - ::endgroup::
[2026-07-29T18:00:02.556+0000] {subprocess.py:78} INFO - Tmp dir root location: /tmp
[2026-07-29T18:00:02.557+0000] {subprocess.py:88} INFO - Running command: ['/usr/bin/bash', '-c', 'cd /opt/***/dbt && dbt run --profiles-dir . --select avito_ads && dbt test --profiles-dir . --select avito_ads']
[2026-07-29T18:00:02.563+0000] {subprocess.py:99} INFO - Output:
[2026-07-29T18:00:04.015+0000] {subprocess.py:106} INFO - [0m18:00:04  Running with dbt=1.11.12
[2026-07-29T18:00:04.181+0000] {subprocess.py:106} INFO - [0m18:00:04  Registered adapter: postgres=1.9.0
[2026-07-29T18:00:04.507+0000] {subprocess.py:106} INFO - [0m18:00:04  Found 1 model, 4 data tests, 3 sources, 475 macros
[2026-07-29T18:00:04.509+0000] {subprocess.py:106} INFO - [0m18:00:04
[2026-07-29T18:00:04.510+0000] {subprocess.py:106} INFO - [0m18:00:04  Concurrency: 4 threads (target='dev')
[2026-07-29T18:00:04.510+0000] {subprocess.py:106} INFO - [0m18:00:04
[2026-07-29T18:00:04.590+0000] {subprocess.py:106} INFO - [0m18:00:04  1 of 1 START sql table model midraw.avito_ads .................................. [RUN]
[2026-07-29T18:00:04.701+0000] {subprocess.py:106} INFO - [0m18:00:04  1 of 1 OK created sql table model midraw.avito_ads ............................. [[32mSELECT 1344[0m in 0.11s]
[2026-07-29T18:00:04.713+0000] {subprocess.py:106} INFO - [0m18:00:04
[2026-07-29T18:00:04.714+0000] {subprocess.py:106} INFO - [0m18:00:04  Finished running 1 table model in 0 hours 0 minutes and 0.20 seconds (0.20s).
[2026-07-29T18:00:04.748+0000] {subprocess.py:106} INFO - [0m18:00:04
[2026-07-29T18:00:04.749+0000] {subprocess.py:106} INFO - [0m18:00:04  [32mCompleted successfully[0m
[2026-07-29T18:00:04.749+0000] {subprocess.py:106} INFO - [0m18:00:04
[2026-07-29T18:00:04.750+0000] {subprocess.py:106} INFO - [0m18:00:04  Done. PASS=1 WARN=0 ERROR=0 SKIP=0 NO-OP=0 TOTAL=1
[2026-07-29T18:00:07.854+0000] {subprocess.py:106} INFO - [0m18:00:07  Running with dbt=1.11.12
[2026-07-29T18:00:07.989+0000] {subprocess.py:106} INFO - [0m18:00:07  Registered adapter: postgres=1.9.0
[2026-07-29T18:00:08.274+0000] {subprocess.py:106} INFO - [0m18:00:08  Found 1 model, 4 data tests, 3 sources, 475 macros
[2026-07-29T18:00:08.277+0000] {subprocess.py:106} INFO - [0m18:00:08
[2026-07-29T18:00:08.277+0000] {subprocess.py:106} INFO - [0m18:00:08  Concurrency: 4 threads (target='dev')
[2026-07-29T18:00:08.278+0000] {subprocess.py:106} INFO - [0m18:00:08
[2026-07-29T18:00:08.346+0000] {subprocess.py:106} INFO - [0m18:00:08  1 of 4 START test accepted_values_avito_ads_source_system__avito__synthetic_avito  [RUN]
[2026-07-29T18:00:08.346+0000] {subprocess.py:106} INFO - [0m18:00:08  2 of 4 START test not_null_avito_ads_avito_id .................................. [RUN]
[2026-07-29T18:00:08.347+0000] {subprocess.py:106} INFO - [0m18:00:08  3 of 4 START test not_null_avito_ads_title ..................................... [RUN]
[2026-07-29T18:00:08.347+0000] {subprocess.py:106} INFO - [0m18:00:08  4 of 4 START test not_null_avito_ads_url ....................................... [RUN]
[2026-07-29T18:00:08.418+0000] {subprocess.py:106} INFO - [0m18:00:08  3 of 4 PASS not_null_avito_ads_title ........................................... [[32mPASS[0m in 0.07s]
[2026-07-29T18:00:08.418+0000] {subprocess.py:106} INFO - [0m18:00:08  2 of 4 PASS not_null_avito_ads_avito_id ........................................ [[32mPASS[0m in 0.07s]
[2026-07-29T18:00:08.424+0000] {subprocess.py:106} INFO - [0m18:00:08  1 of 4 PASS accepted_values_avito_ads_source_system__avito__synthetic_avito .... [[32mPASS[0m in 0.08s]
[2026-07-29T18:00:08.425+0000] {subprocess.py:106} INFO - [0m18:00:08  4 of 4 PASS not_null_avito_ads_url ............................................. [[32mPASS[0m in 0.08s]
[2026-07-29T18:00:08.437+0000] {subprocess.py:106} INFO - [0m18:00:08
[2026-07-29T18:00:08.438+0000] {subprocess.py:106} INFO - [0m18:00:08  Finished running 4 data tests in 0 hours 0 minutes and 0.16 seconds (0.16s).
[2026-07-29T18:00:08.471+0000] {subprocess.py:106} INFO - [0m18:00:08
[2026-07-29T18:00:08.472+0000] {subprocess.py:106} INFO - [0m18:00:08  [32mCompleted successfully[0m
[2026-07-29T18:00:08.473+0000] {subprocess.py:106} INFO - [0m18:00:08
[2026-07-29T18:00:08.474+0000] {subprocess.py:106} INFO - [0m18:00:08  Done. PASS=4 WARN=0 ERROR=0 SKIP=0 NO-OP=0 TOTAL=4
[2026-07-29T18:00:09.390+0000] {subprocess.py:110} INFO - Command exited with return code 0
[2026-07-29T18:00:09.411+0000] {taskinstance.py:341} INFO - ::group::Post task execution logs
[2026-07-29T18:00:09.412+0000] {taskinstance.py:353} INFO - Marking task as SUCCESS. dag_id=avito_to_raw_midraw, task_id=dbt_build_midraw, run_id=scheduled__2026-07-29T17:00:00+00:00, execution_date=20260729T170000, start_date=20260729T180002, end_date=20260729T180009
[2026-07-29T18:00:09.457+0000] {local_task_job_runner.py:266} INFO - Task exited with return code 0
[2026-07-29T18:00:09.471+0000] {taskinstance.py:3901} INFO - 0 downstream tasks scheduled from follow-on schedule check
[2026-07-29T18:00:09.472+0000] {local_task_job_runner.py:245} INFO - ::endgroup::
