[2026-08-02T18:01:04.660+0000] {local_task_job_runner.py:123} INFO - ::group::Pre task execution logs
[2026-08-02T18:01:04.785+0000] {taskinstance.py:2614} INFO - Dependencies all met for dep_context=non-requeueable deps ti=<TaskInstance: avito_to_raw_midraw.dbt_build_midraw scheduled__2026-08-02T17:00:00+00:00 [queued]>
[2026-08-02T18:01:04.827+0000] {taskinstance.py:2614} INFO - Dependencies all met for dep_context=requeueable deps ti=<TaskInstance: avito_to_raw_midraw.dbt_build_midraw scheduled__2026-08-02T17:00:00+00:00 [queued]>
[2026-08-02T18:01:04.833+0000] {taskinstance.py:2867} INFO - Starting attempt 1 of 2
[2026-08-02T18:01:04.919+0000] {taskinstance.py:2890} INFO - Executing <Task(BashOperator): dbt_build_midraw> on 2026-08-02 17:00:00+00:00
[2026-08-02T18:01:05.000+0000] {standard_task_runner.py:72} INFO - Started process 837 to run task
[2026-08-02T18:01:05.077+0000] {standard_task_runner.py:104} INFO - Running: ['***', 'tasks', 'run', 'avito_to_raw_midraw', 'dbt_build_midraw', 'scheduled__2026-08-02T17:00:00+00:00', '--job-id', '637', '--raw', '--subdir', 'DAGS_FOLDER/avito_to_raw_midraw.py', '--cfg-path', '/tmp/tmpc19e6d2n']
[2026-08-02T18:01:05.129+0000] {standard_task_runner.py:105} INFO - Job 637: Subtask dbt_build_midraw
[2026-08-02T18:01:12.223+0000] {task_command.py:467} INFO - Running <TaskInstance: avito_to_raw_midraw.dbt_build_midraw scheduled__2026-08-02T17:00:00+00:00 [running]> on host 4c6dd7d943f5
[2026-08-02T18:01:12.879+0000] {taskinstance.py:3134} INFO - Exporting env vars: AIRFLOW_CTX_DAG_OWNER='data-eng' AIRFLOW_CTX_DAG_ID='avito_to_raw_midraw' AIRFLOW_CTX_TASK_ID='dbt_build_midraw' AIRFLOW_CTX_EXECUTION_DATE='2026-08-02T17:00:00+00:00' AIRFLOW_CTX_TRY_NUMBER='1' AIRFLOW_CTX_DAG_RUN_ID='scheduled__2026-08-02T17:00:00+00:00'
[2026-08-02T18:01:12.920+0000] {taskinstance.py:732} INFO - ::endgroup::
[2026-08-02T18:01:13.101+0000] {subprocess.py:78} INFO - Tmp dir root location: /tmp
[2026-08-02T18:01:13.186+0000] {subprocess.py:88} INFO - Running command: ['/usr/bin/bash', '-c', 'cd /opt/***/dbt && dbt run --profiles-dir . --select avito_ads && dbt test --profiles-dir . --select avito_ads']
[2026-08-02T18:01:13.588+0000] {subprocess.py:99} INFO - Output:
[2026-08-02T18:02:23.024+0000] {job.py:229} INFO - Heartbeat recovered after 71.65 seconds
[2026-08-02T18:02:45.282+0000] {subprocess.py:106} INFO - [0m18:02:45  Running with dbt=1.11.12
[2026-08-02T18:02:47.754+0000] {subprocess.py:106} INFO - [0m18:02:47  Registered adapter: postgres=1.9.0
[2026-08-02T18:03:00.633+0000] {subprocess.py:106} INFO - [0m18:03:00  Found 1 model, 4 data tests, 3 sources, 475 macros
[2026-08-02T18:03:00.736+0000] {subprocess.py:106} INFO - [0m18:03:00
[2026-08-02T18:03:00.745+0000] {subprocess.py:106} INFO - [0m18:03:00  Concurrency: 4 threads (target='dev')
[2026-08-02T18:03:00.753+0000] {subprocess.py:106} INFO - [0m18:03:00
[2026-08-02T18:03:02.227+0000] {subprocess.py:106} INFO - [0m18:03:02  1 of 1 START sql table model midraw.avito_ads .................................. [RUN]
[2026-08-02T18:03:05.575+0000] {subprocess.py:106} INFO - [0m18:03:05  1 of 1 OK created sql table model midraw.avito_ads ............................. [[32mSELECT 1950[0m in 3.24s]
[2026-08-02T18:03:06.935+0000] {subprocess.py:106} INFO - [0m18:03:06
[2026-08-02T18:03:07.025+0000] {subprocess.py:106} INFO - [0m18:03:06  Finished running 1 table model in 0 hours 0 minutes and 6.06 seconds (6.06s).
[2026-08-02T18:03:12.488+0000] {subprocess.py:106} INFO - [0m18:03:12
[2026-08-02T18:03:12.581+0000] {subprocess.py:106} INFO - [0m18:03:12  [32mCompleted successfully[0m
[2026-08-02T18:03:12.606+0000] {subprocess.py:106} INFO - [0m18:03:12
[2026-08-02T18:03:12.616+0000] {subprocess.py:106} INFO - [0m18:03:12  Done. PASS=1 WARN=0 ERROR=0 SKIP=0 NO-OP=0 TOTAL=1
[2026-08-02T18:03:50.825+0000] {subprocess.py:106} INFO - [0m18:03:50  Running with dbt=1.11.12
[2026-08-02T18:03:52.578+0000] {subprocess.py:106} INFO - [0m18:03:52  Registered adapter: postgres=1.9.0
[2026-08-02T18:03:58.221+0000] {subprocess.py:106} INFO - [0m18:03:58  Found 1 model, 4 data tests, 3 sources, 475 macros
[2026-08-02T18:03:58.265+0000] {subprocess.py:106} INFO - [0m18:03:58
[2026-08-02T18:03:58.270+0000] {subprocess.py:106} INFO - [0m18:03:58  Concurrency: 4 threads (target='dev')
[2026-08-02T18:03:58.272+0000] {subprocess.py:106} INFO - [0m18:03:58
[2026-08-02T18:03:58.968+0000] {subprocess.py:106} INFO - [0m18:03:58  1 of 4 START test accepted_values_avito_ads_source_system__avito__synthetic_avito  [RUN]
[2026-08-02T18:03:58.995+0000] {subprocess.py:106} INFO - [0m18:03:58  2 of 4 START test not_null_avito_ads_avito_id .................................. [RUN]
[2026-08-02T18:03:58.999+0000] {subprocess.py:106} INFO - [0m18:03:58  3 of 4 START test not_null_avito_ads_title ..................................... [RUN]
[2026-08-02T18:03:59.004+0000] {subprocess.py:106} INFO - [0m18:03:58  4 of 4 START test not_null_avito_ads_url ....................................... [RUN]
[2026-08-02T18:03:59.980+0000] {subprocess.py:106} INFO - [0m18:03:59  2 of 4 PASS not_null_avito_ads_avito_id ........................................ [[32mPASS[0m in 0.96s]
[2026-08-02T18:03:59.997+0000] {subprocess.py:106} INFO - [0m18:03:59  4 of 4 PASS not_null_avito_ads_url ............................................. [[32mPASS[0m in 0.97s]
[2026-08-02T18:03:59.998+0000] {subprocess.py:106} INFO - [0m18:03:59  1 of 4 PASS accepted_values_avito_ads_source_system__avito__synthetic_avito .... [[32mPASS[0m in 0.85s]
[2026-08-02T18:03:59.999+0000] {subprocess.py:106} INFO - [0m18:03:59  3 of 4 PASS not_null_avito_ads_title ........................................... [[32mPASS[0m in 0.97s]
[2026-08-02T18:04:00.086+0000] {subprocess.py:106} INFO - [0m18:04:00
[2026-08-02T18:04:00.088+0000] {subprocess.py:106} INFO - [0m18:04:00  Finished running 4 data tests in 0 hours 0 minutes and 1.81 seconds (1.81s).
[2026-08-02T18:04:04.719+0000] {subprocess.py:106} INFO - [0m18:04:04
[2026-08-02T18:04:04.859+0000] {subprocess.py:106} INFO - [0m18:04:04  [32mCompleted successfully[0m
[2026-08-02T18:04:04.978+0000] {subprocess.py:106} INFO - [0m18:04:04
[2026-08-02T18:04:04.979+0000] {subprocess.py:106} INFO - [0m18:04:04  Done. PASS=4 WARN=0 ERROR=0 SKIP=0 NO-OP=0 TOTAL=4
[2026-08-02T18:04:25.165+0000] {subprocess.py:110} INFO - Command exited with return code 0
[2026-08-02T18:04:26.510+0000] {taskinstance.py:341} INFO - ::group::Post task execution logs
[2026-08-02T18:04:26.562+0000] {taskinstance.py:353} INFO - Marking task as SUCCESS. dag_id=avito_to_raw_midraw, task_id=dbt_build_midraw, run_id=scheduled__2026-08-02T17:00:00+00:00, execution_date=20260802T170000, start_date=20260802T180104, end_date=20260802T180426
[2026-08-02T18:04:27.005+0000] {local_task_job_runner.py:266} INFO - Task exited with return code 0
[2026-08-02T18:04:27.368+0000] {taskinstance.py:3901} INFO - 0 downstream tasks scheduled from follow-on schedule check
[2026-08-02T18:04:27.402+0000] {local_task_job_runner.py:245} INFO - ::endgroup::
