[2026-08-02T14:00:02.797+0000] {local_task_job_runner.py:123} INFO - ::group::Pre task execution logs
[2026-08-02T14:00:02.809+0000] {taskinstance.py:2614} INFO - Dependencies all met for dep_context=non-requeueable deps ti=<TaskInstance: avito_to_raw_midraw.dbt_build_midraw scheduled__2026-08-02T13:00:00+00:00 [queued]>
[2026-08-02T14:00:02.813+0000] {taskinstance.py:2614} INFO - Dependencies all met for dep_context=requeueable deps ti=<TaskInstance: avito_to_raw_midraw.dbt_build_midraw scheduled__2026-08-02T13:00:00+00:00 [queued]>
[2026-08-02T14:00:02.813+0000] {taskinstance.py:2867} INFO - Starting attempt 1 of 2
[2026-08-02T14:00:02.819+0000] {taskinstance.py:2890} INFO - Executing <Task(BashOperator): dbt_build_midraw> on 2026-08-02 13:00:00+00:00
[2026-08-02T14:00:02.821+0000] {standard_task_runner.py:72} INFO - Started process 673 to run task
[2026-08-02T14:00:02.824+0000] {standard_task_runner.py:104} INFO - Running: ['***', 'tasks', 'run', 'avito_to_raw_midraw', 'dbt_build_midraw', 'scheduled__2026-08-02T13:00:00+00:00', '--job-id', '613', '--raw', '--subdir', 'DAGS_FOLDER/avito_to_raw_midraw.py', '--cfg-path', '/tmp/tmpz4t4qrm3']
[2026-08-02T14:00:02.826+0000] {standard_task_runner.py:105} INFO - Job 613: Subtask dbt_build_midraw
[2026-08-02T14:00:02.854+0000] {task_command.py:467} INFO - Running <TaskInstance: avito_to_raw_midraw.dbt_build_midraw scheduled__2026-08-02T13:00:00+00:00 [running]> on host 4c6dd7d943f5
[2026-08-02T14:00:03.024+0000] {taskinstance.py:3134} INFO - Exporting env vars: AIRFLOW_CTX_DAG_OWNER='data-eng' AIRFLOW_CTX_DAG_ID='avito_to_raw_midraw' AIRFLOW_CTX_TASK_ID='dbt_build_midraw' AIRFLOW_CTX_EXECUTION_DATE='2026-08-02T13:00:00+00:00' AIRFLOW_CTX_TRY_NUMBER='1' AIRFLOW_CTX_DAG_RUN_ID='scheduled__2026-08-02T13:00:00+00:00'
[2026-08-02T14:00:03.025+0000] {taskinstance.py:732} INFO - ::endgroup::
[2026-08-02T14:00:03.033+0000] {subprocess.py:78} INFO - Tmp dir root location: /tmp
[2026-08-02T14:00:03.035+0000] {subprocess.py:88} INFO - Running command: ['/usr/bin/bash', '-c', 'cd /opt/***/dbt && dbt run --profiles-dir . --select avito_ads && dbt test --profiles-dir . --select avito_ads']
[2026-08-02T14:00:03.041+0000] {subprocess.py:99} INFO - Output:
[2026-08-02T14:00:04.160+0000] {subprocess.py:106} INFO - [0m14:00:04  Running with dbt=1.11.12
[2026-08-02T14:00:04.263+0000] {subprocess.py:106} INFO - [0m14:00:04  Registered adapter: postgres=1.9.0
[2026-08-02T14:00:04.474+0000] {subprocess.py:106} INFO - [0m14:00:04  Found 1 model, 4 data tests, 3 sources, 475 macros
[2026-08-02T14:00:04.475+0000] {subprocess.py:106} INFO - [0m14:00:04
[2026-08-02T14:00:04.476+0000] {subprocess.py:106} INFO - [0m14:00:04  Concurrency: 4 threads (target='dev')
[2026-08-02T14:00:04.476+0000] {subprocess.py:106} INFO - [0m14:00:04
[2026-08-02T14:00:04.525+0000] {subprocess.py:106} INFO - [0m14:00:04  1 of 1 START sql table model midraw.avito_ads .................................. [RUN]
[2026-08-02T14:00:04.603+0000] {subprocess.py:106} INFO - [0m14:00:04  1 of 1 OK created sql table model midraw.avito_ads ............................. [[32mSELECT 1887[0m in 0.08s]
[2026-08-02T14:00:04.611+0000] {subprocess.py:106} INFO - [0m14:00:04
[2026-08-02T14:00:04.612+0000] {subprocess.py:106} INFO - [0m14:00:04  Finished running 1 table model in 0 hours 0 minutes and 0.13 seconds (0.13s).
[2026-08-02T14:00:04.636+0000] {subprocess.py:106} INFO - [0m14:00:04
[2026-08-02T14:00:04.637+0000] {subprocess.py:106} INFO - [0m14:00:04  [32mCompleted successfully[0m
[2026-08-02T14:00:04.637+0000] {subprocess.py:106} INFO - [0m14:00:04
[2026-08-02T14:00:04.637+0000] {subprocess.py:106} INFO - [0m14:00:04  Done. PASS=1 WARN=0 ERROR=0 SKIP=0 NO-OP=0 TOTAL=1
[2026-08-02T14:00:06.352+0000] {subprocess.py:106} INFO - [0m14:00:06  Running with dbt=1.11.12
[2026-08-02T14:00:06.450+0000] {subprocess.py:106} INFO - [0m14:00:06  Registered adapter: postgres=1.9.0
[2026-08-02T14:00:06.660+0000] {subprocess.py:106} INFO - [0m14:00:06  Found 1 model, 4 data tests, 3 sources, 475 macros
[2026-08-02T14:00:06.662+0000] {subprocess.py:106} INFO - [0m14:00:06
[2026-08-02T14:00:06.662+0000] {subprocess.py:106} INFO - [0m14:00:06  Concurrency: 4 threads (target='dev')
[2026-08-02T14:00:06.662+0000] {subprocess.py:106} INFO - [0m14:00:06
[2026-08-02T14:00:06.705+0000] {subprocess.py:106} INFO - [0m14:00:06  1 of 4 START test accepted_values_avito_ads_source_system__avito__synthetic_avito  [RUN]
[2026-08-02T14:00:06.705+0000] {subprocess.py:106} INFO - [0m14:00:06  2 of 4 START test not_null_avito_ads_avito_id .................................. [RUN]
[2026-08-02T14:00:06.706+0000] {subprocess.py:106} INFO - [0m14:00:06  3 of 4 START test not_null_avito_ads_title ..................................... [RUN]
[2026-08-02T14:00:06.706+0000] {subprocess.py:106} INFO - [0m14:00:06  4 of 4 START test not_null_avito_ads_url ....................................... [RUN]
[2026-08-02T14:00:06.757+0000] {subprocess.py:106} INFO - [0m14:00:06  2 of 4 PASS not_null_avito_ads_avito_id ........................................ [[32mPASS[0m in 0.05s]
[2026-08-02T14:00:06.757+0000] {subprocess.py:106} INFO - [0m14:00:06  4 of 4 PASS not_null_avito_ads_url ............................................. [[32mPASS[0m in 0.05s]
[2026-08-02T14:00:06.758+0000] {subprocess.py:106} INFO - [0m14:00:06  1 of 4 PASS accepted_values_avito_ads_source_system__avito__synthetic_avito .... [[32mPASS[0m in 0.05s]
[2026-08-02T14:00:06.758+0000] {subprocess.py:106} INFO - [0m14:00:06  3 of 4 PASS not_null_avito_ads_title ........................................... [[32mPASS[0m in 0.05s]
[2026-08-02T14:00:06.768+0000] {subprocess.py:106} INFO - [0m14:00:06
[2026-08-02T14:00:06.768+0000] {subprocess.py:106} INFO - [0m14:00:06  Finished running 4 data tests in 0 hours 0 minutes and 0.11 seconds (0.11s).
[2026-08-02T14:00:06.792+0000] {subprocess.py:106} INFO - [0m14:00:06
[2026-08-02T14:00:06.793+0000] {subprocess.py:106} INFO - [0m14:00:06  [32mCompleted successfully[0m
[2026-08-02T14:00:06.793+0000] {subprocess.py:106} INFO - [0m14:00:06
[2026-08-02T14:00:06.793+0000] {subprocess.py:106} INFO - [0m14:00:06  Done. PASS=4 WARN=0 ERROR=0 SKIP=0 NO-OP=0 TOTAL=4
[2026-08-02T14:00:07.463+0000] {subprocess.py:110} INFO - Command exited with return code 0
[2026-08-02T14:00:07.487+0000] {taskinstance.py:341} INFO - ::group::Post task execution logs
[2026-08-02T14:00:07.488+0000] {taskinstance.py:353} INFO - Marking task as SUCCESS. dag_id=avito_to_raw_midraw, task_id=dbt_build_midraw, run_id=scheduled__2026-08-02T13:00:00+00:00, execution_date=20260802T130000, start_date=20260802T140002, end_date=20260802T140007
[2026-08-02T14:00:07.540+0000] {local_task_job_runner.py:266} INFO - Task exited with return code 0
[2026-08-02T14:00:07.558+0000] {taskinstance.py:3901} INFO - 0 downstream tasks scheduled from follow-on schedule check
[2026-08-02T14:00:07.560+0000] {local_task_job_runner.py:245} INFO - ::endgroup::
