[2026-07-30T17:00:02.210+0000] {local_task_job_runner.py:123} INFO - ::group::Pre task execution logs
[2026-07-30T17:00:02.219+0000] {taskinstance.py:2614} INFO - Dependencies all met for dep_context=non-requeueable deps ti=<TaskInstance: avito_to_raw_midraw.dbt_build_midraw scheduled__2026-07-30T16:00:00+00:00 [queued]>
[2026-07-30T17:00:02.223+0000] {taskinstance.py:2614} INFO - Dependencies all met for dep_context=requeueable deps ti=<TaskInstance: avito_to_raw_midraw.dbt_build_midraw scheduled__2026-07-30T16:00:00+00:00 [queued]>
[2026-07-30T17:00:02.223+0000] {taskinstance.py:2867} INFO - Starting attempt 1 of 2
[2026-07-30T17:00:02.227+0000] {taskinstance.py:2890} INFO - Executing <Task(BashOperator): dbt_build_midraw> on 2026-07-30 16:00:00+00:00
[2026-07-30T17:00:02.229+0000] {standard_task_runner.py:72} INFO - Started process 6332 to run task
[2026-07-30T17:00:02.231+0000] {standard_task_runner.py:104} INFO - Running: ['***', 'tasks', 'run', 'avito_to_raw_midraw', 'dbt_build_midraw', 'scheduled__2026-07-30T16:00:00+00:00', '--job-id', '561', '--raw', '--subdir', 'DAGS_FOLDER/avito_to_raw_midraw.py', '--cfg-path', '/tmp/tmp3uae5tvy']
[2026-07-30T17:00:02.233+0000] {standard_task_runner.py:105} INFO - Job 561: Subtask dbt_build_midraw
[2026-07-30T17:00:02.256+0000] {task_command.py:467} INFO - Running <TaskInstance: avito_to_raw_midraw.dbt_build_midraw scheduled__2026-07-30T16:00:00+00:00 [running]> on host 4c6dd7d943f5
[2026-07-30T17:00:02.406+0000] {taskinstance.py:3134} INFO - Exporting env vars: AIRFLOW_CTX_DAG_OWNER='data-eng' AIRFLOW_CTX_DAG_ID='avito_to_raw_midraw' AIRFLOW_CTX_TASK_ID='dbt_build_midraw' AIRFLOW_CTX_EXECUTION_DATE='2026-07-30T16:00:00+00:00' AIRFLOW_CTX_TRY_NUMBER='1' AIRFLOW_CTX_DAG_RUN_ID='scheduled__2026-07-30T16:00:00+00:00'
[2026-07-30T17:00:02.406+0000] {taskinstance.py:732} INFO - ::endgroup::
[2026-07-30T17:00:02.411+0000] {subprocess.py:78} INFO - Tmp dir root location: /tmp
[2026-07-30T17:00:02.412+0000] {subprocess.py:88} INFO - Running command: ['/usr/bin/bash', '-c', 'cd /opt/***/dbt && dbt run --profiles-dir . --select avito_ads && dbt test --profiles-dir . --select avito_ads']
[2026-07-30T17:00:02.416+0000] {subprocess.py:99} INFO - Output:
[2026-07-30T17:00:03.402+0000] {subprocess.py:106} INFO - [0m17:00:03  Running with dbt=1.11.12
[2026-07-30T17:00:03.506+0000] {subprocess.py:106} INFO - [0m17:00:03  Registered adapter: postgres=1.9.0
[2026-07-30T17:00:03.702+0000] {subprocess.py:106} INFO - [0m17:00:03  Found 1 model, 4 data tests, 3 sources, 475 macros
[2026-07-30T17:00:03.703+0000] {subprocess.py:106} INFO - [0m17:00:03
[2026-07-30T17:00:03.704+0000] {subprocess.py:106} INFO - [0m17:00:03  Concurrency: 4 threads (target='dev')
[2026-07-30T17:00:03.704+0000] {subprocess.py:106} INFO - [0m17:00:03
[2026-07-30T17:00:03.753+0000] {subprocess.py:106} INFO - [0m17:00:03  1 of 1 START sql table model midraw.avito_ads .................................. [RUN]
[2026-07-30T17:00:03.827+0000] {subprocess.py:106} INFO - [0m17:00:03  1 of 1 OK created sql table model midraw.avito_ads ............................. [[32mSELECT 1548[0m in 0.07s]
[2026-07-30T17:00:03.835+0000] {subprocess.py:106} INFO - [0m17:00:03
[2026-07-30T17:00:03.835+0000] {subprocess.py:106} INFO - [0m17:00:03  Finished running 1 table model in 0 hours 0 minutes and 0.13 seconds (0.13s).
[2026-07-30T17:00:03.857+0000] {subprocess.py:106} INFO - [0m17:00:03
[2026-07-30T17:00:03.857+0000] {subprocess.py:106} INFO - [0m17:00:03  [32mCompleted successfully[0m
[2026-07-30T17:00:03.858+0000] {subprocess.py:106} INFO - [0m17:00:03
[2026-07-30T17:00:03.858+0000] {subprocess.py:106} INFO - [0m17:00:03  Done. PASS=1 WARN=0 ERROR=0 SKIP=0 NO-OP=0 TOTAL=1
[2026-07-30T17:00:05.681+0000] {subprocess.py:106} INFO - [0m17:00:05  Running with dbt=1.11.12
[2026-07-30T17:00:05.769+0000] {subprocess.py:106} INFO - [0m17:00:05  Registered adapter: postgres=1.9.0
[2026-07-30T17:00:05.983+0000] {subprocess.py:106} INFO - [0m17:00:05  Found 1 model, 4 data tests, 3 sources, 475 macros
[2026-07-30T17:00:05.984+0000] {subprocess.py:106} INFO - [0m17:00:05
[2026-07-30T17:00:05.985+0000] {subprocess.py:106} INFO - [0m17:00:05  Concurrency: 4 threads (target='dev')
[2026-07-30T17:00:05.985+0000] {subprocess.py:106} INFO - [0m17:00:05
[2026-07-30T17:00:06.023+0000] {subprocess.py:106} INFO - [0m17:00:06  1 of 4 START test accepted_values_avito_ads_source_system__avito__synthetic_avito  [RUN]
[2026-07-30T17:00:06.023+0000] {subprocess.py:106} INFO - [0m17:00:06  2 of 4 START test not_null_avito_ads_avito_id .................................. [RUN]
[2026-07-30T17:00:06.024+0000] {subprocess.py:106} INFO - [0m17:00:06  3 of 4 START test not_null_avito_ads_title ..................................... [RUN]
[2026-07-30T17:00:06.024+0000] {subprocess.py:106} INFO - [0m17:00:06  4 of 4 START test not_null_avito_ads_url ....................................... [RUN]
[2026-07-30T17:00:06.074+0000] {subprocess.py:106} INFO - [0m17:00:06  1 of 4 PASS accepted_values_avito_ads_source_system__avito__synthetic_avito .... [[32mPASS[0m in 0.05s]
[2026-07-30T17:00:06.077+0000] {subprocess.py:106} INFO - [0m17:00:06  2 of 4 PASS not_null_avito_ads_avito_id ........................................ [[32mPASS[0m in 0.05s]
[2026-07-30T17:00:06.077+0000] {subprocess.py:106} INFO - [0m17:00:06  4 of 4 PASS not_null_avito_ads_url ............................................. [[32mPASS[0m in 0.05s]
[2026-07-30T17:00:06.078+0000] {subprocess.py:106} INFO - [0m17:00:06  3 of 4 PASS not_null_avito_ads_title ........................................... [[32mPASS[0m in 0.05s]
[2026-07-30T17:00:06.087+0000] {subprocess.py:106} INFO - [0m17:00:06
[2026-07-30T17:00:06.087+0000] {subprocess.py:106} INFO - [0m17:00:06  Finished running 4 data tests in 0 hours 0 minutes and 0.10 seconds (0.10s).
[2026-07-30T17:00:06.116+0000] {subprocess.py:106} INFO - [0m17:00:06
[2026-07-30T17:00:06.116+0000] {subprocess.py:106} INFO - [0m17:00:06  [32mCompleted successfully[0m
[2026-07-30T17:00:06.117+0000] {subprocess.py:106} INFO - [0m17:00:06
[2026-07-30T17:00:06.117+0000] {subprocess.py:106} INFO - [0m17:00:06  Done. PASS=4 WARN=0 ERROR=0 SKIP=0 NO-OP=0 TOTAL=4
[2026-07-30T17:00:06.965+0000] {subprocess.py:110} INFO - Command exited with return code 0
[2026-07-30T17:00:06.986+0000] {taskinstance.py:341} INFO - ::group::Post task execution logs
[2026-07-30T17:00:06.986+0000] {taskinstance.py:353} INFO - Marking task as SUCCESS. dag_id=avito_to_raw_midraw, task_id=dbt_build_midraw, run_id=scheduled__2026-07-30T16:00:00+00:00, execution_date=20260730T160000, start_date=20260730T170002, end_date=20260730T170006
[2026-07-30T17:00:07.043+0000] {local_task_job_runner.py:266} INFO - Task exited with return code 0
[2026-07-30T17:00:07.055+0000] {taskinstance.py:3901} INFO - 0 downstream tasks scheduled from follow-on schedule check
[2026-07-30T17:00:07.056+0000] {local_task_job_runner.py:245} INFO - ::endgroup::
