[2026-08-02T00:09:15.788+0000] {local_task_job_runner.py:123} INFO - ::group::Pre task execution logs
[2026-08-02T00:09:15.798+0000] {taskinstance.py:2614} INFO - Dependencies all met for dep_context=non-requeueable deps ti=<TaskInstance: avito_to_raw_midraw.dbt_build_midraw scheduled__2026-08-01T22:00:00+00:00 [queued]>
[2026-08-02T00:09:15.802+0000] {taskinstance.py:2614} INFO - Dependencies all met for dep_context=requeueable deps ti=<TaskInstance: avito_to_raw_midraw.dbt_build_midraw scheduled__2026-08-01T22:00:00+00:00 [queued]>
[2026-08-02T00:09:15.802+0000] {taskinstance.py:2867} INFO - Starting attempt 2 of 2
[2026-08-02T00:09:15.806+0000] {taskinstance.py:2890} INFO - Executing <Task(BashOperator): dbt_build_midraw> on 2026-08-01 22:00:00+00:00
[2026-08-02T00:09:15.809+0000] {standard_task_runner.py:72} INFO - Started process 199 to run task
[2026-08-02T00:09:15.811+0000] {standard_task_runner.py:104} INFO - Running: ['***', 'tasks', 'run', 'avito_to_raw_midraw', 'dbt_build_midraw', 'scheduled__2026-08-01T22:00:00+00:00', '--job-id', '579', '--raw', '--subdir', 'DAGS_FOLDER/avito_to_raw_midraw.py', '--cfg-path', '/tmp/tmp9zj6c4zg']
[2026-08-02T00:09:15.813+0000] {standard_task_runner.py:105} INFO - Job 579: Subtask dbt_build_midraw
[2026-08-02T00:09:15.846+0000] {task_command.py:467} INFO - Running <TaskInstance: avito_to_raw_midraw.dbt_build_midraw scheduled__2026-08-01T22:00:00+00:00 [running]> on host 4c6dd7d943f5
[2026-08-02T00:09:16.250+0000] {taskinstance.py:3134} INFO - Exporting env vars: AIRFLOW_CTX_DAG_OWNER='data-eng' AIRFLOW_CTX_DAG_ID='avito_to_raw_midraw' AIRFLOW_CTX_TASK_ID='dbt_build_midraw' AIRFLOW_CTX_EXECUTION_DATE='2026-08-01T22:00:00+00:00' AIRFLOW_CTX_TRY_NUMBER='2' AIRFLOW_CTX_DAG_RUN_ID='scheduled__2026-08-01T22:00:00+00:00'
[2026-08-02T00:09:16.251+0000] {taskinstance.py:732} INFO - ::endgroup::
[2026-08-02T00:09:16.266+0000] {subprocess.py:78} INFO - Tmp dir root location: /tmp
[2026-08-02T00:09:16.267+0000] {subprocess.py:88} INFO - Running command: ['/usr/bin/bash', '-c', 'cd /opt/***/dbt && dbt run --profiles-dir . --select avito_ads && dbt test --profiles-dir . --select avito_ads']
[2026-08-02T00:09:16.275+0000] {subprocess.py:99} INFO - Output:
[2026-08-02T00:09:17.813+0000] {subprocess.py:106} INFO - [0m00:09:17  Running with dbt=1.11.12
[2026-08-02T00:09:18.027+0000] {subprocess.py:106} INFO - [0m00:09:18  Registered adapter: postgres=1.9.0
[2026-08-02T00:09:18.236+0000] {subprocess.py:106} INFO - [0m00:09:18  Found 1 model, 4 data tests, 3 sources, 475 macros
[2026-08-02T00:09:18.238+0000] {subprocess.py:106} INFO - [0m00:09:18
[2026-08-02T00:09:18.238+0000] {subprocess.py:106} INFO - [0m00:09:18  Concurrency: 4 threads (target='dev')
[2026-08-02T00:09:18.239+0000] {subprocess.py:106} INFO - [0m00:09:18
[2026-08-02T00:09:18.316+0000] {subprocess.py:106} INFO - [0m00:09:18  1 of 1 START sql table model midraw.avito_ads .................................. [RUN]
[2026-08-02T00:09:18.391+0000] {subprocess.py:106} INFO - [0m00:09:18  1 of 1 OK created sql table model midraw.avito_ads ............................. [[32mSELECT 1756[0m in 0.07s]
[2026-08-02T00:09:18.402+0000] {subprocess.py:106} INFO - [0m00:09:18
[2026-08-02T00:09:18.402+0000] {subprocess.py:106} INFO - [0m00:09:18  Finished running 1 table model in 0 hours 0 minutes and 0.16 seconds (0.16s).
[2026-08-02T00:09:18.433+0000] {subprocess.py:106} INFO - [0m00:09:18
[2026-08-02T00:09:18.434+0000] {subprocess.py:106} INFO - [0m00:09:18  [32mCompleted successfully[0m
[2026-08-02T00:09:18.434+0000] {subprocess.py:106} INFO - [0m00:09:18
[2026-08-02T00:09:18.435+0000] {subprocess.py:106} INFO - [0m00:09:18  Done. PASS=1 WARN=0 ERROR=0 SKIP=0 NO-OP=0 TOTAL=1
[2026-08-02T00:09:20.069+0000] {subprocess.py:106} INFO - [0m00:09:20  Running with dbt=1.11.12
[2026-08-02T00:09:20.167+0000] {subprocess.py:106} INFO - [0m00:09:20  Registered adapter: postgres=1.9.0
[2026-08-02T00:09:20.372+0000] {subprocess.py:106} INFO - [0m00:09:20  Found 1 model, 4 data tests, 3 sources, 475 macros
[2026-08-02T00:09:20.374+0000] {subprocess.py:106} INFO - [0m00:09:20
[2026-08-02T00:09:20.374+0000] {subprocess.py:106} INFO - [0m00:09:20  Concurrency: 4 threads (target='dev')
[2026-08-02T00:09:20.374+0000] {subprocess.py:106} INFO - [0m00:09:20
[2026-08-02T00:09:20.412+0000] {subprocess.py:106} INFO - [0m00:09:20  1 of 4 START test accepted_values_avito_ads_source_system__avito__synthetic_avito  [RUN]
[2026-08-02T00:09:20.412+0000] {subprocess.py:106} INFO - [0m00:09:20  2 of 4 START test not_null_avito_ads_avito_id .................................. [RUN]
[2026-08-02T00:09:20.412+0000] {subprocess.py:106} INFO - [0m00:09:20  3 of 4 START test not_null_avito_ads_title ..................................... [RUN]
[2026-08-02T00:09:20.413+0000] {subprocess.py:106} INFO - [0m00:09:20  4 of 4 START test not_null_avito_ads_url ....................................... [RUN]
[2026-08-02T00:09:20.460+0000] {subprocess.py:106} INFO - [0m00:09:20  2 of 4 PASS not_null_avito_ads_avito_id ........................................ [[32mPASS[0m in 0.05s]
[2026-08-02T00:09:20.461+0000] {subprocess.py:106} INFO - [0m00:09:20  4 of 4 PASS not_null_avito_ads_url ............................................. [[32mPASS[0m in 0.05s]
[2026-08-02T00:09:20.461+0000] {subprocess.py:106} INFO - [0m00:09:20  3 of 4 PASS not_null_avito_ads_title ........................................... [[32mPASS[0m in 0.05s]
[2026-08-02T00:09:20.462+0000] {subprocess.py:106} INFO - [0m00:09:20  1 of 4 PASS accepted_values_avito_ads_source_system__avito__synthetic_avito .... [[32mPASS[0m in 0.05s]
[2026-08-02T00:09:20.472+0000] {subprocess.py:106} INFO - [0m00:09:20
[2026-08-02T00:09:20.472+0000] {subprocess.py:106} INFO - [0m00:09:20  Finished running 4 data tests in 0 hours 0 minutes and 0.10 seconds (0.10s).
[2026-08-02T00:09:20.500+0000] {subprocess.py:106} INFO - [0m00:09:20
[2026-08-02T00:09:20.500+0000] {subprocess.py:106} INFO - [0m00:09:20  [32mCompleted successfully[0m
[2026-08-02T00:09:20.500+0000] {subprocess.py:106} INFO - [0m00:09:20
[2026-08-02T00:09:20.500+0000] {subprocess.py:106} INFO - [0m00:09:20  Done. PASS=4 WARN=0 ERROR=0 SKIP=0 NO-OP=0 TOTAL=4
[2026-08-02T00:09:21.165+0000] {subprocess.py:110} INFO - Command exited with return code 0
[2026-08-02T00:09:21.180+0000] {taskinstance.py:341} INFO - ::group::Post task execution logs
[2026-08-02T00:09:21.181+0000] {taskinstance.py:353} INFO - Marking task as SUCCESS. dag_id=avito_to_raw_midraw, task_id=dbt_build_midraw, run_id=scheduled__2026-08-01T22:00:00+00:00, execution_date=20260801T220000, start_date=20260802T000915, end_date=20260802T000921
[2026-08-02T00:09:21.214+0000] {local_task_job_runner.py:266} INFO - Task exited with return code 0
[2026-08-02T00:09:21.222+0000] {taskinstance.py:3901} INFO - 0 downstream tasks scheduled from follow-on schedule check
[2026-08-02T00:09:21.222+0000] {local_task_job_runner.py:245} INFO - ::endgroup::
