[2026-07-30T10:16:26.976+0000] {local_task_job_runner.py:123} INFO - ::group::Pre task execution logs
[2026-07-30T10:16:26.987+0000] {taskinstance.py:2614} INFO - Dependencies all met for dep_context=non-requeueable deps ti=<TaskInstance: avito_to_raw_midraw.dbt_build_midraw scheduled__2026-07-30T09:00:00+00:00 [queued]>
[2026-07-30T10:16:26.991+0000] {taskinstance.py:2614} INFO - Dependencies all met for dep_context=requeueable deps ti=<TaskInstance: avito_to_raw_midraw.dbt_build_midraw scheduled__2026-07-30T09:00:00+00:00 [queued]>
[2026-07-30T10:16:26.992+0000] {taskinstance.py:2867} INFO - Starting attempt 1 of 2
[2026-07-30T10:16:26.997+0000] {taskinstance.py:2890} INFO - Executing <Task(BashOperator): dbt_build_midraw> on 2026-07-30 09:00:00+00:00
[2026-07-30T10:16:26.999+0000] {standard_task_runner.py:72} INFO - Started process 6129 to run task
[2026-07-30T10:16:27.001+0000] {standard_task_runner.py:104} INFO - Running: ['***', 'tasks', 'run', 'avito_to_raw_midraw', 'dbt_build_midraw', 'scheduled__2026-07-30T09:00:00+00:00', '--job-id', '547', '--raw', '--subdir', 'DAGS_FOLDER/avito_to_raw_midraw.py', '--cfg-path', '/tmp/tmpancmsrdu']
[2026-07-30T10:16:27.003+0000] {standard_task_runner.py:105} INFO - Job 547: Subtask dbt_build_midraw
[2026-07-30T10:16:27.031+0000] {task_command.py:467} INFO - Running <TaskInstance: avito_to_raw_midraw.dbt_build_midraw scheduled__2026-07-30T09:00:00+00:00 [running]> on host 4c6dd7d943f5
[2026-07-30T10:16:27.185+0000] {taskinstance.py:3134} INFO - Exporting env vars: AIRFLOW_CTX_DAG_OWNER='data-eng' AIRFLOW_CTX_DAG_ID='avito_to_raw_midraw' AIRFLOW_CTX_TASK_ID='dbt_build_midraw' AIRFLOW_CTX_EXECUTION_DATE='2026-07-30T09:00:00+00:00' AIRFLOW_CTX_TRY_NUMBER='1' AIRFLOW_CTX_DAG_RUN_ID='scheduled__2026-07-30T09:00:00+00:00'
[2026-07-30T10:16:27.185+0000] {taskinstance.py:732} INFO - ::endgroup::
[2026-07-30T10:16:27.191+0000] {subprocess.py:78} INFO - Tmp dir root location: /tmp
[2026-07-30T10:16:27.191+0000] {subprocess.py:88} INFO - Running command: ['/usr/bin/bash', '-c', 'cd /opt/***/dbt && dbt run --profiles-dir . --select avito_ads && dbt test --profiles-dir . --select avito_ads']
[2026-07-30T10:16:27.196+0000] {subprocess.py:99} INFO - Output:
[2026-07-30T10:16:28.292+0000] {subprocess.py:106} INFO - [0m10:16:28  Running with dbt=1.11.12
[2026-07-30T10:16:28.401+0000] {subprocess.py:106} INFO - [0m10:16:28  Registered adapter: postgres=1.9.0
[2026-07-30T10:16:28.626+0000] {subprocess.py:106} INFO - [0m10:16:28  Found 1 model, 4 data tests, 3 sources, 475 macros
[2026-07-30T10:16:28.628+0000] {subprocess.py:106} INFO - [0m10:16:28
[2026-07-30T10:16:28.628+0000] {subprocess.py:106} INFO - [0m10:16:28  Concurrency: 4 threads (target='dev')
[2026-07-30T10:16:28.628+0000] {subprocess.py:106} INFO - [0m10:16:28
[2026-07-30T10:16:28.688+0000] {subprocess.py:106} INFO - [0m10:16:28  1 of 1 START sql table model midraw.avito_ads .................................. [RUN]
[2026-07-30T10:16:28.757+0000] {subprocess.py:106} INFO - [0m10:16:28  1 of 1 OK created sql table model midraw.avito_ads ............................. [[32mSELECT 1436[0m in 0.07s]
[2026-07-30T10:16:28.763+0000] {subprocess.py:106} INFO - [0m10:16:28
[2026-07-30T10:16:28.764+0000] {subprocess.py:106} INFO - [0m10:16:28  Finished running 1 table model in 0 hours 0 minutes and 0.14 seconds (0.14s).
[2026-07-30T10:16:28.788+0000] {subprocess.py:106} INFO - [0m10:16:28
[2026-07-30T10:16:28.788+0000] {subprocess.py:106} INFO - [0m10:16:28  [32mCompleted successfully[0m
[2026-07-30T10:16:28.788+0000] {subprocess.py:106} INFO - [0m10:16:28
[2026-07-30T10:16:28.788+0000] {subprocess.py:106} INFO - [0m10:16:28  Done. PASS=1 WARN=0 ERROR=0 SKIP=0 NO-OP=0 TOTAL=1
[2026-07-30T10:16:30.502+0000] {subprocess.py:106} INFO - [0m10:16:30  Running with dbt=1.11.12
[2026-07-30T10:16:30.602+0000] {subprocess.py:106} INFO - [0m10:16:30  Registered adapter: postgres=1.9.0
[2026-07-30T10:16:30.822+0000] {subprocess.py:106} INFO - [0m10:16:30  Found 1 model, 4 data tests, 3 sources, 475 macros
[2026-07-30T10:16:30.823+0000] {subprocess.py:106} INFO - [0m10:16:30
[2026-07-30T10:16:30.823+0000] {subprocess.py:106} INFO - [0m10:16:30  Concurrency: 4 threads (target='dev')
[2026-07-30T10:16:30.823+0000] {subprocess.py:106} INFO - [0m10:16:30
[2026-07-30T10:16:30.869+0000] {subprocess.py:106} INFO - [0m10:16:30  1 of 4 START test accepted_values_avito_ads_source_system__avito__synthetic_avito  [RUN]
[2026-07-30T10:16:30.869+0000] {subprocess.py:106} INFO - [0m10:16:30  2 of 4 START test not_null_avito_ads_avito_id .................................. [RUN]
[2026-07-30T10:16:30.869+0000] {subprocess.py:106} INFO - [0m10:16:30  3 of 4 START test not_null_avito_ads_title ..................................... [RUN]
[2026-07-30T10:16:30.869+0000] {subprocess.py:106} INFO - [0m10:16:30  4 of 4 START test not_null_avito_ads_url ....................................... [RUN]
[2026-07-30T10:16:30.923+0000] {subprocess.py:106} INFO - [0m10:16:30  3 of 4 PASS not_null_avito_ads_title ........................................... [[32mPASS[0m in 0.05s]
[2026-07-30T10:16:30.924+0000] {subprocess.py:106} INFO - [0m10:16:30  1 of 4 PASS accepted_values_avito_ads_source_system__avito__synthetic_avito .... [[32mPASS[0m in 0.05s]
[2026-07-30T10:16:30.924+0000] {subprocess.py:106} INFO - [0m10:16:30  4 of 4 PASS not_null_avito_ads_url ............................................. [[32mPASS[0m in 0.05s]
[2026-07-30T10:16:30.925+0000] {subprocess.py:106} INFO - [0m10:16:30  2 of 4 PASS not_null_avito_ads_avito_id ........................................ [[32mPASS[0m in 0.05s]
[2026-07-30T10:16:30.935+0000] {subprocess.py:106} INFO - [0m10:16:30
[2026-07-30T10:16:30.936+0000] {subprocess.py:106} INFO - [0m10:16:30  Finished running 4 data tests in 0 hours 0 minutes and 0.11 seconds (0.11s).
[2026-07-30T10:16:30.962+0000] {subprocess.py:106} INFO - [0m10:16:30
[2026-07-30T10:16:30.963+0000] {subprocess.py:106} INFO - [0m10:16:30  [32mCompleted successfully[0m
[2026-07-30T10:16:30.963+0000] {subprocess.py:106} INFO - [0m10:16:30
[2026-07-30T10:16:30.963+0000] {subprocess.py:106} INFO - [0m10:16:30  Done. PASS=4 WARN=0 ERROR=0 SKIP=0 NO-OP=0 TOTAL=4
[2026-07-30T10:16:31.698+0000] {subprocess.py:110} INFO - Command exited with return code 0
[2026-07-30T10:16:31.716+0000] {taskinstance.py:341} INFO - ::group::Post task execution logs
[2026-07-30T10:16:31.717+0000] {taskinstance.py:353} INFO - Marking task as SUCCESS. dag_id=avito_to_raw_midraw, task_id=dbt_build_midraw, run_id=scheduled__2026-07-30T09:00:00+00:00, execution_date=20260730T090000, start_date=20260730T101626, end_date=20260730T101631
[2026-07-30T10:16:31.773+0000] {local_task_job_runner.py:266} INFO - Task exited with return code 0
[2026-07-30T10:16:31.788+0000] {taskinstance.py:3901} INFO - 0 downstream tasks scheduled from follow-on schedule check
[2026-07-30T10:16:31.789+0000] {local_task_job_runner.py:245} INFO - ::endgroup::
