[2026-08-02T17:56:22.254+0000] {local_task_job_runner.py:123} INFO - ::group::Pre task execution logs
[2026-08-02T17:56:22.459+0000] {taskinstance.py:2614} INFO - Dependencies all met for dep_context=non-requeueable deps ti=<TaskInstance: midraw_to_details.ai_enrich_batch scheduled__2026-08-02T17:00:00+00:00 [queued]>
[2026-08-02T17:56:22.707+0000] {taskinstance.py:2614} INFO - Dependencies all met for dep_context=requeueable deps ti=<TaskInstance: midraw_to_details.ai_enrich_batch scheduled__2026-08-02T17:00:00+00:00 [queued]>
[2026-08-02T17:56:22.722+0000] {taskinstance.py:2867} INFO - Starting attempt 1 of 3
[2026-08-02T17:56:23.157+0000] {taskinstance.py:2890} INFO - Executing <Task(PythonOperator): ai_enrich_batch> on 2026-08-02 17:00:00+00:00
[2026-08-02T17:56:23.256+0000] {standard_task_runner.py:72} INFO - Started process 831 to run task
[2026-08-02T17:56:23.292+0000] {standard_task_runner.py:104} INFO - Running: ['***', 'tasks', 'run', 'midraw_to_details', 'ai_enrich_batch', 'scheduled__2026-08-02T17:00:00+00:00', '--job-id', '635', '--raw', '--subdir', 'DAGS_FOLDER/midraw_to_details.py', '--cfg-path', '/tmp/tmpx1frkfvn']
[2026-08-02T17:56:23.440+0000] {standard_task_runner.py:105} INFO - Job 635: Subtask ai_enrich_batch
[2026-08-02T17:56:24.831+0000] {task_command.py:467} INFO - Running <TaskInstance: midraw_to_details.ai_enrich_batch scheduled__2026-08-02T17:00:00+00:00 [running]> on host 4c6dd7d943f5
[2026-08-02T17:56:35.434+0000] {taskinstance.py:3134} INFO - Exporting env vars: AIRFLOW_CTX_DAG_OWNER='data-eng' AIRFLOW_CTX_DAG_ID='midraw_to_details' AIRFLOW_CTX_TASK_ID='ai_enrich_batch' AIRFLOW_CTX_EXECUTION_DATE='2026-08-02T17:00:00+00:00' AIRFLOW_CTX_TRY_NUMBER='1' AIRFLOW_CTX_DAG_RUN_ID='scheduled__2026-08-02T17:00:00+00:00'
[2026-08-02T17:56:35.468+0000] {taskinstance.py:732} INFO - ::endgroup::
[2026-08-02T17:59:13.482+0000] {job.py:229} INFO - Heartbeat recovered after 13.18 seconds
[2026-08-02T18:00:30.519+0000] {job.py:229} INFO - Heartbeat recovered after 15.32 seconds
[2026-08-02T18:02:23.853+0000] {job.py:229} INFO - Heartbeat recovered after 53.18 seconds
[2026-08-02T18:02:46.064+0000] {taskinstance.py:3313} ERROR - Task failed with exception
Traceback (most recent call last):
  File "/opt/airflow/dags/midraw_to_details.py", line 26, in call_ai_enrich_batch
    resp.raise_for_status()
  File "/home/airflow/.local/lib/python3.11/site-packages/requests/models.py", line 1024, in raise_for_status
    raise HTTPError(http_error_msg, response=self)
requests.exceptions.HTTPError: 500 Server Error: Internal Server Error for url: http://ai-stack-ai_enrich-1:8000/batch

During handling of the above exception, another exception occurred:

Traceback (most recent call last):
  File "/home/airflow/.local/lib/python3.11/site-packages/airflow/models/taskinstance.py", line 768, in _execute_task
    result = _execute_callable(context=context, **execute_callable_kwargs)
             ^^^^^^^^^^^^^^^^^^^^^^^^^^^^^^^^^^^^^^^^^^^^^^^^^^^^^^^^^^^^^
  File "/home/airflow/.local/lib/python3.11/site-packages/airflow/models/taskinstance.py", line 734, in _execute_callable
    return ExecutionCallableRunner(
           ^^^^^^^^^^^^^^^^^^^^^^^^
  File "/home/airflow/.local/lib/python3.11/site-packages/airflow/utils/operator_helpers.py", line 252, in run
    return self.func(*args, **kwargs)
           ^^^^^^^^^^^^^^^^^^^^^^^^^^
  File "/home/airflow/.local/lib/python3.11/site-packages/airflow/models/baseoperator.py", line 424, in wrapper
    return func(self, *args, **kwargs)
           ^^^^^^^^^^^^^^^^^^^^^^^^^^^
  File "/home/airflow/.local/lib/python3.11/site-packages/airflow/operators/python.py", line 238, in execute
    return_value = self.execute_callable()
                   ^^^^^^^^^^^^^^^^^^^^^^^
  File "/home/airflow/.local/lib/python3.11/site-packages/airflow/operators/python.py", line 256, in execute_callable
    return runner.run(*self.op_args, **self.op_kwargs)
           ^^^^^^^^^^^^^^^^^^^^^^^^^^^^^^^^^^^^^^^^^^^
  File "/home/airflow/.local/lib/python3.11/site-packages/airflow/utils/operator_helpers.py", line 252, in run
    return self.func(*args, **kwargs)
           ^^^^^^^^^^^^^^^^^^^^^^^^^^
  File "/opt/airflow/dags/midraw_to_details.py", line 28, in call_ai_enrich_batch
    raise AirflowException(f"ai_enrich batch call failed: {e}")
airflow.exceptions.AirflowException: ai_enrich batch call failed: 500 Server Error: Internal Server Error for url: http://ai-stack-ai_enrich-1:8000/batch
[2026-08-02T18:02:46.186+0000] {taskinstance.py:1226} INFO - Marking task as UP_FOR_RETRY. dag_id=midraw_to_details, task_id=ai_enrich_batch, run_id=scheduled__2026-08-02T17:00:00+00:00, execution_date=20260802T170000, start_date=20260802T175622, end_date=20260802T180246
[2026-08-02T18:02:46.830+0000] {taskinstance.py:341} INFO - ::group::Post task execution logs
[2026-08-02T18:02:46.847+0000] {standard_task_runner.py:124} ERROR - Failed to execute job 635 for task ai_enrich_batch (ai_enrich batch call failed: 500 Server Error: Internal Server Error for url: http://ai-stack-ai_enrich-1:8000/batch; 831)
Traceback (most recent call last):
  File "/opt/airflow/dags/midraw_to_details.py", line 26, in call_ai_enrich_batch
    resp.raise_for_status()
  File "/home/airflow/.local/lib/python3.11/site-packages/requests/models.py", line 1024, in raise_for_status
    raise HTTPError(http_error_msg, response=self)
requests.exceptions.HTTPError: 500 Server Error: Internal Server Error for url: http://ai-stack-ai_enrich-1:8000/batch

During handling of the above exception, another exception occurred:

Traceback (most recent call last):
  File "/home/airflow/.local/lib/python3.11/site-packages/airflow/task/task_runner/standard_task_runner.py", line 117, in _start_by_fork
    ret = args.func(args, dag=self.dag)
          ^^^^^^^^^^^^^^^^^^^^^^^^^^^^^
  File "/home/airflow/.local/lib/python3.11/site-packages/airflow/cli/cli_config.py", line 49, in command
    return func(*args, **kwargs)
           ^^^^^^^^^^^^^^^^^^^^^
  File "/home/airflow/.local/lib/python3.11/site-packages/airflow/utils/cli.py", line 116, in wrapper
    return f(*args, **kwargs)
           ^^^^^^^^^^^^^^^^^^
  File "/home/airflow/.local/lib/python3.11/site-packages/airflow/cli/commands/task_command.py", line 483, in task_run
    task_return_code = _run_task_by_selected_method(args, _dag, ti)
                       ^^^^^^^^^^^^^^^^^^^^^^^^^^^^^^^^^^^^^^^^^^^^
  File "/home/airflow/.local/lib/python3.11/site-packages/airflow/cli/commands/task_command.py", line 256, in _run_task_by_selected_method
    return _run_raw_task(args, ti)
           ^^^^^^^^^^^^^^^^^^^^^^^
  File "/home/airflow/.local/lib/python3.11/site-packages/airflow/cli/commands/task_command.py", line 341, in _run_raw_task
    return ti._run_raw_task(
           ^^^^^^^^^^^^^^^^^
  File "/home/airflow/.local/lib/python3.11/site-packages/airflow/utils/session.py", line 97, in wrapper
    return func(*args, session=session, **kwargs)
           ^^^^^^^^^^^^^^^^^^^^^^^^^^^^^^^^^^^^^^
  File "/home/airflow/.local/lib/python3.11/site-packages/airflow/models/taskinstance.py", line 3006, in _run_raw_task
    return _run_raw_task(
           ^^^^^^^^^^^^^^
  File "/home/airflow/.local/lib/python3.11/site-packages/airflow/models/taskinstance.py", line 274, in _run_raw_task
    TaskInstance._execute_task_with_callbacks(
  File "/home/airflow/.local/lib/python3.11/site-packages/airflow/models/taskinstance.py", line 3161, in _execute_task_with_callbacks
    result = self._execute_task(context, task_orig)
             ^^^^^^^^^^^^^^^^^^^^^^^^^^^^^^^^^^^^^^
  File "/home/airflow/.local/lib/python3.11/site-packages/airflow/models/taskinstance.py", line 3185, in _execute_task
    return _execute_task(self, context, task_orig)
           ^^^^^^^^^^^^^^^^^^^^^^^^^^^^^^^^^^^^^^^
  File "/home/airflow/.local/lib/python3.11/site-packages/airflow/models/taskinstance.py", line 768, in _execute_task
    result = _execute_callable(context=context, **execute_callable_kwargs)
             ^^^^^^^^^^^^^^^^^^^^^^^^^^^^^^^^^^^^^^^^^^^^^^^^^^^^^^^^^^^^^
  File "/home/airflow/.local/lib/python3.11/site-packages/airflow/models/taskinstance.py", line 734, in _execute_callable
    return ExecutionCallableRunner(
           ^^^^^^^^^^^^^^^^^^^^^^^^
  File "/home/airflow/.local/lib/python3.11/site-packages/airflow/utils/operator_helpers.py", line 252, in run
    return self.func(*args, **kwargs)
           ^^^^^^^^^^^^^^^^^^^^^^^^^^
  File "/home/airflow/.local/lib/python3.11/site-packages/airflow/models/baseoperator.py", line 424, in wrapper
    return func(self, *args, **kwargs)
           ^^^^^^^^^^^^^^^^^^^^^^^^^^^
  File "/home/airflow/.local/lib/python3.11/site-packages/airflow/operators/python.py", line 238, in execute
    return_value = self.execute_callable()
                   ^^^^^^^^^^^^^^^^^^^^^^^
  File "/home/airflow/.local/lib/python3.11/site-packages/airflow/operators/python.py", line 256, in execute_callable
    return runner.run(*self.op_args, **self.op_kwargs)
           ^^^^^^^^^^^^^^^^^^^^^^^^^^^^^^^^^^^^^^^^^^^
  File "/home/airflow/.local/lib/python3.11/site-packages/airflow/utils/operator_helpers.py", line 252, in run
    return self.func(*args, **kwargs)
           ^^^^^^^^^^^^^^^^^^^^^^^^^^
  File "/opt/airflow/dags/midraw_to_details.py", line 28, in call_ai_enrich_batch
    raise AirflowException(f"ai_enrich batch call failed: {e}")
airflow.exceptions.AirflowException: ai_enrich batch call failed: 500 Server Error: Internal Server Error for url: http://ai-stack-ai_enrich-1:8000/batch
[2026-08-02T18:02:47.156+0000] {local_task_job_runner.py:266} INFO - Task exited with return code 1
[2026-08-02T18:02:47.612+0000] {taskinstance.py:3901} INFO - 0 downstream tasks scheduled from follow-on schedule check
[2026-08-02T18:02:47.656+0000] {local_task_job_runner.py:245} INFO - ::endgroup::
