[2026-07-11T17:01:30.445+0000] {local_task_job_runner.py:123} INFO - ::group::Pre task execution logs
[2026-07-11T17:01:30.453+0000] {taskinstance.py:2614} INFO - Dependencies all met for dep_context=non-requeueable deps ti=<TaskInstance: avito_to_raw_midraw.dbt_build_midraw scheduled__2026-07-11T16:00:00+00:00 [queued]>
[2026-07-11T17:01:30.456+0000] {taskinstance.py:2614} INFO - Dependencies all met for dep_context=requeueable deps ti=<TaskInstance: avito_to_raw_midraw.dbt_build_midraw scheduled__2026-07-11T16:00:00+00:00 [queued]>
[2026-07-11T17:01:30.456+0000] {taskinstance.py:2867} INFO - Starting attempt 1 of 2
[2026-07-11T17:01:30.460+0000] {taskinstance.py:2890} INFO - Executing <Task(BashOperator): dbt_build_midraw> on 2026-07-11 16:00:00+00:00
[2026-07-11T17:01:30.462+0000] {standard_task_runner.py:72} INFO - Started process 103 to run task
[2026-07-11T17:01:30.463+0000] {standard_task_runner.py:104} INFO - Running: ['***', 'tasks', 'run', 'avito_to_raw_midraw', 'dbt_build_midraw', 'scheduled__2026-07-11T16:00:00+00:00', '--job-id', '24', '--raw', '--subdir', 'DAGS_FOLDER/avito_to_raw_midraw.py', '--cfg-path', '/tmp/tmp39l0iy_y']
[2026-07-11T17:01:30.465+0000] {standard_task_runner.py:105} INFO - Job 24: Subtask dbt_build_midraw
[2026-07-11T17:01:30.485+0000] {task_command.py:467} INFO - Running <TaskInstance: avito_to_raw_midraw.dbt_build_midraw scheduled__2026-07-11T16:00:00+00:00 [running]> on host 5f8cb7b7a9c9
[2026-07-11T17:01:30.579+0000] {taskinstance.py:3134} INFO - Exporting env vars: AIRFLOW_CTX_DAG_OWNER='data-eng' AIRFLOW_CTX_DAG_ID='avito_to_raw_midraw' AIRFLOW_CTX_TASK_ID='dbt_build_midraw' AIRFLOW_CTX_EXECUTION_DATE='2026-07-11T16:00:00+00:00' AIRFLOW_CTX_TRY_NUMBER='1' AIRFLOW_CTX_DAG_RUN_ID='scheduled__2026-07-11T16:00:00+00:00'
[2026-07-11T17:01:30.580+0000] {taskinstance.py:732} INFO - ::endgroup::
[2026-07-11T17:01:30.583+0000] {subprocess.py:78} INFO - Tmp dir root location: /tmp
[2026-07-11T17:01:30.584+0000] {subprocess.py:88} INFO - Running command: ['/usr/bin/bash', '-c', 'cd /opt/***/dbt && dbt run --profiles-dir . --select avito_ads && dbt test --profiles-dir . --select avito_ads']
[2026-07-11T17:01:30.586+0000] {subprocess.py:99} INFO - Output:
[2026-07-11T17:01:31.304+0000] {subprocess.py:106} INFO - [0m17:01:31  Running with dbt=1.11.12
[2026-07-11T17:01:31.381+0000] {subprocess.py:106} INFO - [0m17:01:31  Registered adapter: postgres=1.9.0
[2026-07-11T17:01:31.535+0000] {subprocess.py:106} INFO - [0m17:01:31  Found 1 model, 6 data tests, 1 source, 475 macros
[2026-07-11T17:01:31.536+0000] {subprocess.py:106} INFO - [0m17:01:31
[2026-07-11T17:01:31.536+0000] {subprocess.py:106} INFO - [0m17:01:31  Concurrency: 4 threads (target='dev')
[2026-07-11T17:01:31.537+0000] {subprocess.py:106} INFO - [0m17:01:31
[2026-07-11T17:01:31.575+0000] {subprocess.py:106} INFO - [0m17:01:31  1 of 1 START sql table model midraw.avito_ads .................................. [RUN]
[2026-07-11T17:01:31.619+0000] {subprocess.py:106} INFO - [0m17:01:31  1 of 1 OK created sql table model midraw.avito_ads ............................. [[32mSELECT 4[0m in 0.04s]
[2026-07-11T17:01:31.625+0000] {subprocess.py:106} INFO - [0m17:01:31
[2026-07-11T17:01:31.625+0000] {subprocess.py:106} INFO - [0m17:01:31  Finished running 1 table model in 0 hours 0 minutes and 0.09 seconds (0.09s).
[2026-07-11T17:01:31.645+0000] {subprocess.py:106} INFO - [0m17:01:31
[2026-07-11T17:01:31.645+0000] {subprocess.py:106} INFO - [0m17:01:31  [32mCompleted successfully[0m
[2026-07-11T17:01:31.645+0000] {subprocess.py:106} INFO - [0m17:01:31
[2026-07-11T17:01:31.645+0000] {subprocess.py:106} INFO - [0m17:01:31  Done. PASS=1 WARN=0 ERROR=0 SKIP=0 NO-OP=0 TOTAL=1
[2026-07-11T17:01:33.334+0000] {subprocess.py:106} INFO - [0m17:01:33  Running with dbt=1.11.12
[2026-07-11T17:01:33.409+0000] {subprocess.py:106} INFO - [0m17:01:33  Registered adapter: postgres=1.9.0
[2026-07-11T17:01:33.570+0000] {subprocess.py:106} INFO - [0m17:01:33  Found 1 model, 6 data tests, 1 source, 475 macros
[2026-07-11T17:01:33.571+0000] {subprocess.py:106} INFO - [0m17:01:33
[2026-07-11T17:01:33.571+0000] {subprocess.py:106} INFO - [0m17:01:33  Concurrency: 4 threads (target='dev')
[2026-07-11T17:01:33.571+0000] {subprocess.py:106} INFO - [0m17:01:33
[2026-07-11T17:01:33.603+0000] {subprocess.py:106} INFO - [0m17:01:33  1 of 6 START test accepted_values_avito_ads_source_system__avito__synthetic_avito  [RUN]
[2026-07-11T17:01:33.603+0000] {subprocess.py:106} INFO - [0m17:01:33  2 of 6 START test not_null_avito_ads_avito_id .................................. [RUN]
[2026-07-11T17:01:33.603+0000] {subprocess.py:106} INFO - [0m17:01:33  3 of 6 START test not_null_avito_ads_row_number ................................ [RUN]
[2026-07-11T17:01:33.604+0000] {subprocess.py:106} INFO - [0m17:01:33  4 of 6 START test not_null_avito_ads_run_id .................................... [RUN]
[2026-07-11T17:01:33.644+0000] {subprocess.py:106} INFO - [0m17:01:33  2 of 6 PASS not_null_avito_ads_avito_id ........................................ [[32mPASS[0m in 0.04s]
[2026-07-11T17:01:33.644+0000] {subprocess.py:106} INFO - [0m17:01:33  3 of 6 PASS not_null_avito_ads_row_number ...................................... [[32mPASS[0m in 0.04s]
[2026-07-11T17:01:33.644+0000] {subprocess.py:106} INFO - [0m17:01:33  1 of 6 PASS accepted_values_avito_ads_source_system__avito__synthetic_avito .... [[32mPASS[0m in 0.04s]
[2026-07-11T17:01:33.645+0000] {subprocess.py:106} INFO - [0m17:01:33  4 of 6 PASS not_null_avito_ads_run_id .......................................... [[32mPASS[0m in 0.04s]
[2026-07-11T17:01:33.647+0000] {subprocess.py:106} INFO - [0m17:01:33  5 of 6 START test not_null_avito_ads_title ..................................... [RUN]
[2026-07-11T17:01:33.648+0000] {subprocess.py:106} INFO - [0m17:01:33  6 of 6 START test not_null_avito_ads_url ....................................... [RUN]
[2026-07-11T17:01:33.663+0000] {subprocess.py:106} INFO - [0m17:01:33  6 of 6 PASS not_null_avito_ads_url ............................................. [[32mPASS[0m in 0.01s]
[2026-07-11T17:01:33.663+0000] {subprocess.py:106} INFO - [0m17:01:33  5 of 6 PASS not_null_avito_ads_title ........................................... [[32mPASS[0m in 0.02s]
[2026-07-11T17:01:33.670+0000] {subprocess.py:106} INFO - [0m17:01:33
[2026-07-11T17:01:33.670+0000] {subprocess.py:106} INFO - [0m17:01:33  Finished running 6 data tests in 0 hours 0 minutes and 0.10 seconds (0.10s).
[2026-07-11T17:01:33.691+0000] {subprocess.py:106} INFO - [0m17:01:33
[2026-07-11T17:01:33.691+0000] {subprocess.py:106} INFO - [0m17:01:33  [32mCompleted successfully[0m
[2026-07-11T17:01:33.692+0000] {subprocess.py:106} INFO - [0m17:01:33
[2026-07-11T17:01:33.692+0000] {subprocess.py:106} INFO - [0m17:01:33  Done. PASS=6 WARN=0 ERROR=0 SKIP=0 NO-OP=0 TOTAL=6
[2026-07-11T17:01:34.399+0000] {subprocess.py:110} INFO - Command exited with return code 0
[2026-07-11T17:01:34.409+0000] {taskinstance.py:341} INFO - ::group::Post task execution logs
[2026-07-11T17:01:34.409+0000] {taskinstance.py:353} INFO - Marking task as SUCCESS. dag_id=avito_to_raw_midraw, task_id=dbt_build_midraw, run_id=scheduled__2026-07-11T16:00:00+00:00, execution_date=20260711T160000, start_date=20260711T170130, end_date=20260711T170134
[2026-07-11T17:01:34.448+0000] {local_task_job_runner.py:266} INFO - Task exited with return code 0
[2026-07-11T17:01:34.456+0000] {taskinstance.py:3901} INFO - 0 downstream tasks scheduled from follow-on schedule check
[2026-07-11T17:01:34.457+0000] {local_task_job_runner.py:245} INFO - ::endgroup::
