[2026-07-25T16:00:01.922+0000] {local_task_job_runner.py:123} INFO - ::group::Pre task execution logs
[2026-07-25T16:00:01.933+0000] {taskinstance.py:2614} INFO - Dependencies all met for dep_context=non-requeueable deps ti=<TaskInstance: avito_to_raw_midraw.dbt_build_midraw scheduled__2026-07-25T15:00:00+00:00 [queued]>
[2026-07-25T16:00:01.937+0000] {taskinstance.py:2614} INFO - Dependencies all met for dep_context=requeueable deps ti=<TaskInstance: avito_to_raw_midraw.dbt_build_midraw scheduled__2026-07-25T15:00:00+00:00 [queued]>
[2026-07-25T16:00:01.938+0000] {taskinstance.py:2867} INFO - Starting attempt 1 of 2
[2026-07-25T16:00:01.943+0000] {taskinstance.py:2890} INFO - Executing <Task(BashOperator): dbt_build_midraw> on 2026-07-25 15:00:00+00:00
[2026-07-25T16:00:01.945+0000] {standard_task_runner.py:72} INFO - Started process 2790 to run task
[2026-07-25T16:00:01.948+0000] {standard_task_runner.py:104} INFO - Running: ['***', 'tasks', 'run', 'avito_to_raw_midraw', 'dbt_build_midraw', 'scheduled__2026-07-25T15:00:00+00:00', '--job-id', '318', '--raw', '--subdir', 'DAGS_FOLDER/avito_to_raw_midraw.py', '--cfg-path', '/tmp/tmpxd_y6djw']
[2026-07-25T16:00:01.950+0000] {standard_task_runner.py:105} INFO - Job 318: Subtask dbt_build_midraw
[2026-07-25T16:00:01.976+0000] {task_command.py:467} INFO - Running <TaskInstance: avito_to_raw_midraw.dbt_build_midraw scheduled__2026-07-25T15:00:00+00:00 [running]> on host 4c6dd7d943f5
[2026-07-25T16:00:02.152+0000] {taskinstance.py:3134} INFO - Exporting env vars: AIRFLOW_CTX_DAG_OWNER='data-eng' AIRFLOW_CTX_DAG_ID='avito_to_raw_midraw' AIRFLOW_CTX_TASK_ID='dbt_build_midraw' AIRFLOW_CTX_EXECUTION_DATE='2026-07-25T15:00:00+00:00' AIRFLOW_CTX_TRY_NUMBER='1' AIRFLOW_CTX_DAG_RUN_ID='scheduled__2026-07-25T15:00:00+00:00'
[2026-07-25T16:00:02.152+0000] {taskinstance.py:732} INFO - ::endgroup::
[2026-07-25T16:00:02.157+0000] {subprocess.py:78} INFO - Tmp dir root location: /tmp
[2026-07-25T16:00:02.158+0000] {subprocess.py:88} INFO - Running command: ['/usr/bin/bash', '-c', 'cd /opt/***/dbt && dbt run --profiles-dir . --select avito_ads && dbt test --profiles-dir . --select avito_ads']
[2026-07-25T16:00:02.162+0000] {subprocess.py:99} INFO - Output:
[2026-07-25T16:00:03.209+0000] {subprocess.py:106} INFO - [0m16:00:03  Running with dbt=1.11.12
[2026-07-25T16:00:03.305+0000] {subprocess.py:106} INFO - [0m16:00:03  Registered adapter: postgres=1.9.0
[2026-07-25T16:00:03.503+0000] {subprocess.py:106} INFO - [0m16:00:03  Found 1 model, 4 data tests, 3 sources, 475 macros
[2026-07-25T16:00:03.505+0000] {subprocess.py:106} INFO - [0m16:00:03
[2026-07-25T16:00:03.505+0000] {subprocess.py:106} INFO - [0m16:00:03  Concurrency: 4 threads (target='dev')
[2026-07-25T16:00:03.506+0000] {subprocess.py:106} INFO - [0m16:00:03
[2026-07-25T16:00:03.566+0000] {subprocess.py:106} INFO - [0m16:00:03  1 of 1 START sql table model midraw.avito_ads .................................. [RUN]
[2026-07-25T16:00:03.637+0000] {subprocess.py:106} INFO - [0m16:00:03  1 of 1 OK created sql table model midraw.avito_ads ............................. [[32mSELECT 2535[0m in 0.07s]
[2026-07-25T16:00:03.643+0000] {subprocess.py:106} INFO - [0m16:00:03
[2026-07-25T16:00:03.644+0000] {subprocess.py:106} INFO - [0m16:00:03  Finished running 1 table model in 0 hours 0 minutes and 0.14 seconds (0.14s).
[2026-07-25T16:00:03.666+0000] {subprocess.py:106} INFO - [0m16:00:03
[2026-07-25T16:00:03.667+0000] {subprocess.py:106} INFO - [0m16:00:03  [32mCompleted successfully[0m
[2026-07-25T16:00:03.667+0000] {subprocess.py:106} INFO - [0m16:00:03
[2026-07-25T16:00:03.668+0000] {subprocess.py:106} INFO - [0m16:00:03  Done. PASS=1 WARN=0 ERROR=0 SKIP=0 NO-OP=0 TOTAL=1
[2026-07-25T16:00:05.825+0000] {subprocess.py:106} INFO - [0m16:00:05  Running with dbt=1.11.12
[2026-07-25T16:00:05.919+0000] {subprocess.py:106} INFO - [0m16:00:05  Registered adapter: postgres=1.9.0
[2026-07-25T16:00:06.113+0000] {subprocess.py:106} INFO - [0m16:00:06  Found 1 model, 4 data tests, 3 sources, 475 macros
[2026-07-25T16:00:06.114+0000] {subprocess.py:106} INFO - [0m16:00:06
[2026-07-25T16:00:06.114+0000] {subprocess.py:106} INFO - [0m16:00:06  Concurrency: 4 threads (target='dev')
[2026-07-25T16:00:06.115+0000] {subprocess.py:106} INFO - [0m16:00:06
[2026-07-25T16:00:06.160+0000] {subprocess.py:106} INFO - [0m16:00:06  1 of 4 START test accepted_values_avito_ads_source_system__avito__synthetic_avito  [RUN]
[2026-07-25T16:00:06.160+0000] {subprocess.py:106} INFO - [0m16:00:06  2 of 4 START test not_null_avito_ads_avito_id .................................. [RUN]
[2026-07-25T16:00:06.161+0000] {subprocess.py:106} INFO - [0m16:00:06  3 of 4 START test not_null_avito_ads_title ..................................... [RUN]
[2026-07-25T16:00:06.161+0000] {subprocess.py:106} INFO - [0m16:00:06  4 of 4 START test not_null_avito_ads_url ....................................... [RUN]
[2026-07-25T16:00:06.208+0000] {subprocess.py:106} INFO - [0m16:00:06  2 of 4 PASS not_null_avito_ads_avito_id ........................................ [[32mPASS[0m in 0.05s]
[2026-07-25T16:00:06.208+0000] {subprocess.py:106} INFO - [0m16:00:06  3 of 4 PASS not_null_avito_ads_title ........................................... [[32mPASS[0m in 0.05s]
[2026-07-25T16:00:06.209+0000] {subprocess.py:106} INFO - [0m16:00:06  4 of 4 PASS not_null_avito_ads_url ............................................. [[32mPASS[0m in 0.05s]
[2026-07-25T16:00:06.209+0000] {subprocess.py:106} INFO - [0m16:00:06  1 of 4 PASS accepted_values_avito_ads_source_system__avito__synthetic_avito .... [[32mPASS[0m in 0.05s]
[2026-07-25T16:00:06.218+0000] {subprocess.py:106} INFO - [0m16:00:06
[2026-07-25T16:00:06.218+0000] {subprocess.py:106} INFO - [0m16:00:06  Finished running 4 data tests in 0 hours 0 minutes and 0.10 seconds (0.10s).
[2026-07-25T16:00:06.239+0000] {subprocess.py:106} INFO - [0m16:00:06
[2026-07-25T16:00:06.240+0000] {subprocess.py:106} INFO - [0m16:00:06  [32mCompleted successfully[0m
[2026-07-25T16:00:06.240+0000] {subprocess.py:106} INFO - [0m16:00:06
[2026-07-25T16:00:06.240+0000] {subprocess.py:106} INFO - [0m16:00:06  Done. PASS=4 WARN=0 ERROR=0 SKIP=0 NO-OP=0 TOTAL=4
[2026-07-25T16:00:06.942+0000] {subprocess.py:110} INFO - Command exited with return code 0
[2026-07-25T16:00:06.956+0000] {taskinstance.py:341} INFO - ::group::Post task execution logs
[2026-07-25T16:00:06.957+0000] {taskinstance.py:353} INFO - Marking task as SUCCESS. dag_id=avito_to_raw_midraw, task_id=dbt_build_midraw, run_id=scheduled__2026-07-25T15:00:00+00:00, execution_date=20260725T150000, start_date=20260725T160001, end_date=20260725T160006
[2026-07-25T16:00:06.977+0000] {local_task_job_runner.py:266} INFO - Task exited with return code 0
[2026-07-25T16:00:06.987+0000] {taskinstance.py:3901} INFO - 0 downstream tasks scheduled from follow-on schedule check
[2026-07-25T16:00:06.988+0000] {local_task_job_runner.py:245} INFO - ::endgroup::
