[2026-07-26T18:05:49.300+0000] {local_task_job_runner.py:123} INFO - ::group::Pre task execution logs
[2026-07-26T18:05:49.312+0000] {taskinstance.py:2614} INFO - Dependencies all met for dep_context=non-requeueable deps ti=<TaskInstance: avito_to_raw_midraw.dbt_build_midraw scheduled__2026-07-26T17:00:00+00:00 [queued]>
[2026-07-26T18:05:49.317+0000] {taskinstance.py:2614} INFO - Dependencies all met for dep_context=requeueable deps ti=<TaskInstance: avito_to_raw_midraw.dbt_build_midraw scheduled__2026-07-26T17:00:00+00:00 [queued]>
[2026-07-26T18:05:49.317+0000] {taskinstance.py:2867} INFO - Starting attempt 1 of 2
[2026-07-26T18:05:49.323+0000] {taskinstance.py:2890} INFO - Executing <Task(BashOperator): dbt_build_midraw> on 2026-07-26 17:00:00+00:00
[2026-07-26T18:05:49.326+0000] {standard_task_runner.py:72} INFO - Started process 3558 to run task
[2026-07-26T18:05:49.328+0000] {standard_task_runner.py:104} INFO - Running: ['***', 'tasks', 'run', 'avito_to_raw_midraw', 'dbt_build_midraw', 'scheduled__2026-07-26T17:00:00+00:00', '--job-id', '370', '--raw', '--subdir', 'DAGS_FOLDER/avito_to_raw_midraw.py', '--cfg-path', '/tmp/tmpa_ydabuq']
[2026-07-26T18:05:49.331+0000] {standard_task_runner.py:105} INFO - Job 370: Subtask dbt_build_midraw
[2026-07-26T18:05:49.366+0000] {task_command.py:467} INFO - Running <TaskInstance: avito_to_raw_midraw.dbt_build_midraw scheduled__2026-07-26T17:00:00+00:00 [running]> on host 4c6dd7d943f5
[2026-07-26T18:05:49.538+0000] {taskinstance.py:3134} INFO - Exporting env vars: AIRFLOW_CTX_DAG_OWNER='data-eng' AIRFLOW_CTX_DAG_ID='avito_to_raw_midraw' AIRFLOW_CTX_TASK_ID='dbt_build_midraw' AIRFLOW_CTX_EXECUTION_DATE='2026-07-26T17:00:00+00:00' AIRFLOW_CTX_TRY_NUMBER='1' AIRFLOW_CTX_DAG_RUN_ID='scheduled__2026-07-26T17:00:00+00:00'
[2026-07-26T18:05:49.539+0000] {taskinstance.py:732} INFO - ::endgroup::
[2026-07-26T18:05:49.546+0000] {subprocess.py:78} INFO - Tmp dir root location: /tmp
[2026-07-26T18:05:49.546+0000] {subprocess.py:88} INFO - Running command: ['/usr/bin/bash', '-c', 'cd /opt/***/dbt && dbt run --profiles-dir . --select avito_ads && dbt test --profiles-dir . --select avito_ads']
[2026-07-26T18:05:49.554+0000] {subprocess.py:99} INFO - Output:
[2026-07-26T18:05:50.985+0000] {subprocess.py:106} INFO - [0m18:05:50  Running with dbt=1.11.12
[2026-07-26T18:05:51.158+0000] {subprocess.py:106} INFO - [0m18:05:51  Registered adapter: postgres=1.9.0
[2026-07-26T18:05:51.505+0000] {subprocess.py:106} INFO - [0m18:05:51  Found 1 model, 4 data tests, 3 sources, 475 macros
[2026-07-26T18:05:51.510+0000] {subprocess.py:106} INFO - [0m18:05:51
[2026-07-26T18:05:51.510+0000] {subprocess.py:106} INFO - [0m18:05:51  Concurrency: 4 threads (target='dev')
[2026-07-26T18:05:51.514+0000] {subprocess.py:106} INFO - [0m18:05:51
[2026-07-26T18:05:51.594+0000] {subprocess.py:106} INFO - [0m18:05:51  1 of 1 START sql table model midraw.avito_ads .................................. [RUN]
[2026-07-26T18:05:51.718+0000] {subprocess.py:106} INFO - [0m18:05:51  1 of 1 OK created sql table model midraw.avito_ads ............................. [[32mSELECT 721[0m in 0.12s]
[2026-07-26T18:05:51.732+0000] {subprocess.py:106} INFO - [0m18:05:51
[2026-07-26T18:05:51.732+0000] {subprocess.py:106} INFO - [0m18:05:51  Finished running 1 table model in 0 hours 0 minutes and 0.22 seconds (0.22s).
[2026-07-26T18:05:51.772+0000] {subprocess.py:106} INFO - [0m18:05:51
[2026-07-26T18:05:51.773+0000] {subprocess.py:106} INFO - [0m18:05:51  [32mCompleted successfully[0m
[2026-07-26T18:05:51.773+0000] {subprocess.py:106} INFO - [0m18:05:51
[2026-07-26T18:05:51.774+0000] {subprocess.py:106} INFO - [0m18:05:51  Done. PASS=1 WARN=0 ERROR=0 SKIP=0 NO-OP=0 TOTAL=1
[2026-07-26T18:05:54.016+0000] {subprocess.py:106} INFO - [0m18:05:54  Running with dbt=1.11.12
[2026-07-26T18:05:54.143+0000] {subprocess.py:106} INFO - [0m18:05:54  Registered adapter: postgres=1.9.0
[2026-07-26T18:05:54.422+0000] {subprocess.py:106} INFO - [0m18:05:54  Found 1 model, 4 data tests, 3 sources, 475 macros
[2026-07-26T18:05:54.424+0000] {subprocess.py:106} INFO - [0m18:05:54
[2026-07-26T18:05:54.424+0000] {subprocess.py:106} INFO - [0m18:05:54  Concurrency: 4 threads (target='dev')
[2026-07-26T18:05:54.425+0000] {subprocess.py:106} INFO - [0m18:05:54
[2026-07-26T18:05:54.478+0000] {subprocess.py:106} INFO - [0m18:05:54  1 of 4 START test accepted_values_avito_ads_source_system__avito__synthetic_avito  [RUN]
[2026-07-26T18:05:54.479+0000] {subprocess.py:106} INFO - [0m18:05:54  2 of 4 START test not_null_avito_ads_avito_id .................................. [RUN]
[2026-07-26T18:05:54.480+0000] {subprocess.py:106} INFO - [0m18:05:54  3 of 4 START test not_null_avito_ads_title ..................................... [RUN]
[2026-07-26T18:05:54.480+0000] {subprocess.py:106} INFO - [0m18:05:54  4 of 4 START test not_null_avito_ads_url ....................................... [RUN]
[2026-07-26T18:05:54.546+0000] {subprocess.py:106} INFO - [0m18:05:54  2 of 4 PASS not_null_avito_ads_avito_id ........................................ [[32mPASS[0m in 0.06s]
[2026-07-26T18:05:54.547+0000] {subprocess.py:106} INFO - [0m18:05:54  1 of 4 PASS accepted_values_avito_ads_source_system__avito__synthetic_avito .... [[32mPASS[0m in 0.07s]
[2026-07-26T18:05:54.548+0000] {subprocess.py:106} INFO - [0m18:05:54  4 of 4 PASS not_null_avito_ads_url ............................................. [[32mPASS[0m in 0.07s]
[2026-07-26T18:05:54.549+0000] {subprocess.py:106} INFO - [0m18:05:54  3 of 4 PASS not_null_avito_ads_title ........................................... [[32mPASS[0m in 0.07s]
[2026-07-26T18:05:54.562+0000] {subprocess.py:106} INFO - [0m18:05:54
[2026-07-26T18:05:54.562+0000] {subprocess.py:106} INFO - [0m18:05:54  Finished running 4 data tests in 0 hours 0 minutes and 0.14 seconds (0.14s).
[2026-07-26T18:05:54.594+0000] {subprocess.py:106} INFO - [0m18:05:54
[2026-07-26T18:05:54.595+0000] {subprocess.py:106} INFO - [0m18:05:54  [32mCompleted successfully[0m
[2026-07-26T18:05:54.595+0000] {subprocess.py:106} INFO - [0m18:05:54
[2026-07-26T18:05:54.595+0000] {subprocess.py:106} INFO - [0m18:05:54  Done. PASS=4 WARN=0 ERROR=0 SKIP=0 NO-OP=0 TOTAL=4
[2026-07-26T18:05:55.386+0000] {subprocess.py:110} INFO - Command exited with return code 0
[2026-07-26T18:05:55.407+0000] {taskinstance.py:341} INFO - ::group::Post task execution logs
[2026-07-26T18:05:55.407+0000] {taskinstance.py:353} INFO - Marking task as SUCCESS. dag_id=avito_to_raw_midraw, task_id=dbt_build_midraw, run_id=scheduled__2026-07-26T17:00:00+00:00, execution_date=20260726T170000, start_date=20260726T180549, end_date=20260726T180555
[2026-07-26T18:05:55.461+0000] {local_task_job_runner.py:266} INFO - Task exited with return code 0
[2026-07-26T18:05:55.472+0000] {taskinstance.py:3901} INFO - 0 downstream tasks scheduled from follow-on schedule check
[2026-07-26T18:05:55.473+0000] {local_task_job_runner.py:245} INFO - ::endgroup::
