[2026-08-04T01:55:24.529+0000] {local_task_job_runner.py:123} INFO - ::group::Pre task execution logs
[2026-08-04T01:55:24.543+0000] {taskinstance.py:2614} INFO - Dependencies all met for dep_context=non-requeueable deps ti=<TaskInstance: avito_to_raw_midraw.dbt_build_midraw scheduled__2026-08-04T00:00:00+00:00 [queued]>
[2026-08-04T01:55:24.549+0000] {taskinstance.py:2614} INFO - Dependencies all met for dep_context=requeueable deps ti=<TaskInstance: avito_to_raw_midraw.dbt_build_midraw scheduled__2026-08-04T00:00:00+00:00 [queued]>
[2026-08-04T01:55:24.549+0000] {taskinstance.py:2867} INFO - Starting attempt 1 of 2
[2026-08-04T01:55:24.557+0000] {taskinstance.py:2890} INFO - Executing <Task(BashOperator): dbt_build_midraw> on 2026-08-04 00:00:00+00:00
[2026-08-04T01:55:24.561+0000] {standard_task_runner.py:72} INFO - Started process 1639 to run task
[2026-08-04T01:55:24.564+0000] {standard_task_runner.py:104} INFO - Running: ['***', 'tasks', 'run', 'avito_to_raw_midraw', 'dbt_build_midraw', 'scheduled__2026-08-04T00:00:00+00:00', '--job-id', '746', '--raw', '--subdir', 'DAGS_FOLDER/avito_to_raw_midraw.py', '--cfg-path', '/tmp/tmpiy9jc88_']
[2026-08-04T01:55:24.567+0000] {standard_task_runner.py:105} INFO - Job 746: Subtask dbt_build_midraw
[2026-08-04T01:55:24.751+0000] {task_command.py:467} INFO - Running <TaskInstance: avito_to_raw_midraw.dbt_build_midraw scheduled__2026-08-04T00:00:00+00:00 [running]> on host 4c6dd7d943f5
[2026-08-04T01:55:24.795+0000] {taskinstance.py:3134} INFO - Exporting env vars: AIRFLOW_CTX_DAG_OWNER='data-eng' AIRFLOW_CTX_DAG_ID='avito_to_raw_midraw' AIRFLOW_CTX_TASK_ID='dbt_build_midraw' AIRFLOW_CTX_EXECUTION_DATE='2026-08-04T00:00:00+00:00' AIRFLOW_CTX_TRY_NUMBER='1' AIRFLOW_CTX_DAG_RUN_ID='scheduled__2026-08-04T00:00:00+00:00'
[2026-08-04T01:55:24.795+0000] {taskinstance.py:732} INFO - ::endgroup::
[2026-08-04T01:55:24.802+0000] {subprocess.py:78} INFO - Tmp dir root location: /tmp
[2026-08-04T01:55:24.803+0000] {subprocess.py:88} INFO - Running command: ['/usr/bin/bash', '-c', 'cd /opt/***/dbt && dbt run --profiles-dir . --select avito_ads && dbt test --profiles-dir . --select avito_ads']
[2026-08-04T01:55:24.811+0000] {subprocess.py:99} INFO - Output:
[2026-08-04T01:55:26.839+0000] {subprocess.py:106} INFO - [0m01:55:26  Running with dbt=1.11.12
[2026-08-04T01:55:27.032+0000] {subprocess.py:106} INFO - [0m01:55:27  Registered adapter: postgres=1.9.0
[2026-08-04T01:55:27.397+0000] {subprocess.py:106} INFO - [0m01:55:27  Found 1 model, 4 data tests, 3 sources, 475 macros
[2026-08-04T01:55:27.400+0000] {subprocess.py:106} INFO - [0m01:55:27
[2026-08-04T01:55:27.401+0000] {subprocess.py:106} INFO - [0m01:55:27  Concurrency: 4 threads (target='dev')
[2026-08-04T01:55:27.402+0000] {subprocess.py:106} INFO - [0m01:55:27
[2026-08-04T01:55:27.521+0000] {subprocess.py:106} INFO - [0m01:55:27  1 of 1 START sql table model midraw.avito_ads .................................. [RUN]
[2026-08-04T01:55:27.681+0000] {subprocess.py:106} INFO - [0m01:55:27  1 of 1 OK created sql table model midraw.avito_ads ............................. [[32mSELECT 2008[0m in 0.16s]
[2026-08-04T01:55:27.698+0000] {subprocess.py:106} INFO - [0m01:55:27
[2026-08-04T01:55:27.699+0000] {subprocess.py:106} INFO - [0m01:55:27  Finished running 1 table model in 0 hours 0 minutes and 0.30 seconds (0.30s).
[2026-08-04T01:55:27.754+0000] {subprocess.py:106} INFO - [0m01:55:27
[2026-08-04T01:55:27.754+0000] {subprocess.py:106} INFO - [0m01:55:27  [32mCompleted successfully[0m
[2026-08-04T01:55:27.755+0000] {subprocess.py:106} INFO - [0m01:55:27
[2026-08-04T01:55:27.755+0000] {subprocess.py:106} INFO - [0m01:55:27  Done. PASS=1 WARN=0 ERROR=0 SKIP=0 NO-OP=0 TOTAL=1
[2026-08-04T01:55:30.343+0000] {subprocess.py:106} INFO - [0m01:55:30  Running with dbt=1.11.12
[2026-08-04T01:55:30.496+0000] {subprocess.py:106} INFO - [0m01:55:30  Registered adapter: postgres=1.9.0
[2026-08-04T01:55:30.807+0000] {subprocess.py:106} INFO - [0m01:55:30  Found 1 model, 4 data tests, 3 sources, 475 macros
[2026-08-04T01:55:30.809+0000] {subprocess.py:106} INFO - [0m01:55:30
[2026-08-04T01:55:30.809+0000] {subprocess.py:106} INFO - [0m01:55:30  Concurrency: 4 threads (target='dev')
[2026-08-04T01:55:30.810+0000] {subprocess.py:106} INFO - [0m01:55:30
[2026-08-04T01:55:30.874+0000] {subprocess.py:106} INFO - [0m01:55:30  1 of 4 START test accepted_values_avito_ads_source_system__avito__synthetic_avito  [RUN]
[2026-08-04T01:55:30.874+0000] {subprocess.py:106} INFO - [0m01:55:30  2 of 4 START test not_null_avito_ads_avito_id .................................. [RUN]
[2026-08-04T01:55:30.875+0000] {subprocess.py:106} INFO - [0m01:55:30  3 of 4 START test not_null_avito_ads_title ..................................... [RUN]
[2026-08-04T01:55:30.875+0000] {subprocess.py:106} INFO - [0m01:55:30  4 of 4 START test not_null_avito_ads_url ....................................... [RUN]
[2026-08-04T01:55:30.943+0000] {subprocess.py:106} INFO - [0m01:55:30  2 of 4 PASS not_null_avito_ads_avito_id ........................................ [[32mPASS[0m in 0.07s]
[2026-08-04T01:55:30.944+0000] {subprocess.py:106} INFO - [0m01:55:30  4 of 4 PASS not_null_avito_ads_url ............................................. [[32mPASS[0m in 0.07s]
[2026-08-04T01:55:30.944+0000] {subprocess.py:106} INFO - [0m01:55:30  1 of 4 PASS accepted_values_avito_ads_source_system__avito__synthetic_avito .... [[32mPASS[0m in 0.07s]
[2026-08-04T01:55:30.945+0000] {subprocess.py:106} INFO - [0m01:55:30  3 of 4 PASS not_null_avito_ads_title ........................................... [[32mPASS[0m in 0.07s]
[2026-08-04T01:55:30.958+0000] {subprocess.py:106} INFO - [0m01:55:30
[2026-08-04T01:55:30.959+0000] {subprocess.py:106} INFO - [0m01:55:30  Finished running 4 data tests in 0 hours 0 minutes and 0.15 seconds (0.15s).
[2026-08-04T01:55:30.988+0000] {subprocess.py:106} INFO - [0m01:55:30
[2026-08-04T01:55:30.989+0000] {subprocess.py:106} INFO - [0m01:55:30  [32mCompleted successfully[0m
[2026-08-04T01:55:30.989+0000] {subprocess.py:106} INFO - [0m01:55:30
[2026-08-04T01:55:30.989+0000] {subprocess.py:106} INFO - [0m01:55:30  Done. PASS=4 WARN=0 ERROR=0 SKIP=0 NO-OP=0 TOTAL=4
[2026-08-04T01:55:31.691+0000] {subprocess.py:110} INFO - Command exited with return code 0
[2026-08-04T01:55:31.740+0000] {taskinstance.py:341} INFO - ::group::Post task execution logs
[2026-08-04T01:55:31.741+0000] {taskinstance.py:353} INFO - Marking task as SUCCESS. dag_id=avito_to_raw_midraw, task_id=dbt_build_midraw, run_id=scheduled__2026-08-04T00:00:00+00:00, execution_date=20260804T000000, start_date=20260804T015524, end_date=20260804T015531
[2026-08-04T01:55:31.817+0000] {local_task_job_runner.py:266} INFO - Task exited with return code 0
[2026-08-04T01:55:31.829+0000] {taskinstance.py:3901} INFO - 0 downstream tasks scheduled from follow-on schedule check
[2026-08-04T01:55:31.831+0000] {local_task_job_runner.py:245} INFO - ::endgroup::
