[2026-07-11T16:19:39.227+0000] {local_task_job_runner.py:123} INFO - ::group::Pre task execution logs
[2026-07-11T16:19:39.234+0000] {taskinstance.py:2614} INFO - Dependencies all met for dep_context=non-requeueable deps ti=<TaskInstance: avito_to_raw_midraw.dbt_build_midraw scheduled__2026-07-11T15:00:00+00:00 [queued]>
[2026-07-11T16:19:39.237+0000] {taskinstance.py:2614} INFO - Dependencies all met for dep_context=requeueable deps ti=<TaskInstance: avito_to_raw_midraw.dbt_build_midraw scheduled__2026-07-11T15:00:00+00:00 [queued]>
[2026-07-11T16:19:39.237+0000] {taskinstance.py:2867} INFO - Starting attempt 1 of 2
[2026-07-11T16:19:39.241+0000] {taskinstance.py:2890} INFO - Executing <Task(BashOperator): dbt_build_midraw> on 2026-07-11 15:00:00+00:00
[2026-07-11T16:19:39.242+0000] {standard_task_runner.py:72} INFO - Started process 198 to run task
[2026-07-11T16:19:39.244+0000] {standard_task_runner.py:104} INFO - Running: ['***', 'tasks', 'run', 'avito_to_raw_midraw', 'dbt_build_midraw', 'scheduled__2026-07-11T15:00:00+00:00', '--job-id', '14', '--raw', '--subdir', 'DAGS_FOLDER/avito_to_raw_midraw.py', '--cfg-path', '/tmp/tmpxalkx83i']
[2026-07-11T16:19:39.246+0000] {standard_task_runner.py:105} INFO - Job 14: Subtask dbt_build_midraw
[2026-07-11T16:19:39.266+0000] {task_command.py:467} INFO - Running <TaskInstance: avito_to_raw_midraw.dbt_build_midraw scheduled__2026-07-11T15:00:00+00:00 [running]> on host 214e7ce0f289
[2026-07-11T16:19:39.359+0000] {taskinstance.py:3134} INFO - Exporting env vars: AIRFLOW_CTX_DAG_OWNER='data-eng' AIRFLOW_CTX_DAG_ID='avito_to_raw_midraw' AIRFLOW_CTX_TASK_ID='dbt_build_midraw' AIRFLOW_CTX_EXECUTION_DATE='2026-07-11T15:00:00+00:00' AIRFLOW_CTX_TRY_NUMBER='1' AIRFLOW_CTX_DAG_RUN_ID='scheduled__2026-07-11T15:00:00+00:00'
[2026-07-11T16:19:39.360+0000] {taskinstance.py:732} INFO - ::endgroup::
[2026-07-11T16:19:39.363+0000] {subprocess.py:78} INFO - Tmp dir root location: /tmp
[2026-07-11T16:19:39.364+0000] {subprocess.py:88} INFO - Running command: ['/usr/bin/bash', '-c', 'cd /opt/***/dbt && dbt run --profiles-dir . --select avito_ads && dbt test --profiles-dir . --select avito_ads']
[2026-07-11T16:19:39.367+0000] {subprocess.py:99} INFO - Output:
[2026-07-11T16:19:40.114+0000] {subprocess.py:106} INFO - [0m16:19:40  Running with dbt=1.11.12
[2026-07-11T16:19:40.192+0000] {subprocess.py:106} INFO - [0m16:19:40  Registered adapter: postgres=1.9.0
[2026-07-11T16:19:40.349+0000] {subprocess.py:106} INFO - [0m16:19:40  Found 1 model, 6 data tests, 1 source, 475 macros
[2026-07-11T16:19:40.350+0000] {subprocess.py:106} INFO - [0m16:19:40
[2026-07-11T16:19:40.350+0000] {subprocess.py:106} INFO - [0m16:19:40  Concurrency: 4 threads (target='dev')
[2026-07-11T16:19:40.350+0000] {subprocess.py:106} INFO - [0m16:19:40
[2026-07-11T16:19:40.387+0000] {subprocess.py:106} INFO - [0m16:19:40  1 of 1 START sql table model midraw.avito_ads .................................. [RUN]
[2026-07-11T16:19:40.430+0000] {subprocess.py:106} INFO - [0m16:19:40  1 of 1 OK created sql table model midraw.avito_ads ............................. [[32mSELECT 0[0m in 0.04s]
[2026-07-11T16:19:40.435+0000] {subprocess.py:106} INFO - [0m16:19:40
[2026-07-11T16:19:40.435+0000] {subprocess.py:106} INFO - [0m16:19:40  Finished running 1 table model in 0 hours 0 minutes and 0.08 seconds (0.08s).
[2026-07-11T16:19:40.455+0000] {subprocess.py:106} INFO - [0m16:19:40
[2026-07-11T16:19:40.455+0000] {subprocess.py:106} INFO - [0m16:19:40  [32mCompleted successfully[0m
[2026-07-11T16:19:40.455+0000] {subprocess.py:106} INFO - [0m16:19:40
[2026-07-11T16:19:40.455+0000] {subprocess.py:106} INFO - [0m16:19:40  Done. PASS=1 WARN=0 ERROR=0 SKIP=0 NO-OP=0 TOTAL=1
[2026-07-11T16:19:42.213+0000] {subprocess.py:106} INFO - [0m16:19:42  Running with dbt=1.11.12
[2026-07-11T16:19:42.292+0000] {subprocess.py:106} INFO - [0m16:19:42  Registered adapter: postgres=1.9.0
[2026-07-11T16:19:42.455+0000] {subprocess.py:106} INFO - [0m16:19:42  Found 1 model, 6 data tests, 1 source, 475 macros
[2026-07-11T16:19:42.456+0000] {subprocess.py:106} INFO - [0m16:19:42
[2026-07-11T16:19:42.456+0000] {subprocess.py:106} INFO - [0m16:19:42  Concurrency: 4 threads (target='dev')
[2026-07-11T16:19:42.456+0000] {subprocess.py:106} INFO - [0m16:19:42
[2026-07-11T16:19:42.487+0000] {subprocess.py:106} INFO - [0m16:19:42  1 of 6 START test accepted_values_avito_ads_source_system__avito__synthetic_avito  [RUN]
[2026-07-11T16:19:42.487+0000] {subprocess.py:106} INFO - [0m16:19:42  2 of 6 START test not_null_avito_ads_avito_id .................................. [RUN]
[2026-07-11T16:19:42.487+0000] {subprocess.py:106} INFO - [0m16:19:42  3 of 6 START test not_null_avito_ads_row_number ................................ [RUN]
[2026-07-11T16:19:42.488+0000] {subprocess.py:106} INFO - [0m16:19:42  4 of 6 START test not_null_avito_ads_run_id .................................... [RUN]
[2026-07-11T16:19:42.528+0000] {subprocess.py:106} INFO - [0m16:19:42  1 of 6 PASS accepted_values_avito_ads_source_system__avito__synthetic_avito .... [[32mPASS[0m in 0.04s]
[2026-07-11T16:19:42.528+0000] {subprocess.py:106} INFO - [0m16:19:42  2 of 6 PASS not_null_avito_ads_avito_id ........................................ [[32mPASS[0m in 0.04s]
[2026-07-11T16:19:42.529+0000] {subprocess.py:106} INFO - [0m16:19:42  3 of 6 PASS not_null_avito_ads_row_number ...................................... [[32mPASS[0m in 0.04s]
[2026-07-11T16:19:42.529+0000] {subprocess.py:106} INFO - [0m16:19:42  4 of 6 PASS not_null_avito_ads_run_id .......................................... [[32mPASS[0m in 0.04s]
[2026-07-11T16:19:42.531+0000] {subprocess.py:106} INFO - [0m16:19:42  5 of 6 START test not_null_avito_ads_title ..................................... [RUN]
[2026-07-11T16:19:42.532+0000] {subprocess.py:106} INFO - [0m16:19:42  6 of 6 START test not_null_avito_ads_url ....................................... [RUN]
[2026-07-11T16:19:42.546+0000] {subprocess.py:106} INFO - [0m16:19:42  5 of 6 PASS not_null_avito_ads_title ........................................... [[32mPASS[0m in 0.01s]
[2026-07-11T16:19:42.547+0000] {subprocess.py:106} INFO - [0m16:19:42  6 of 6 PASS not_null_avito_ads_url ............................................. [[32mPASS[0m in 0.01s]
[2026-07-11T16:19:42.554+0000] {subprocess.py:106} INFO - [0m16:19:42
[2026-07-11T16:19:42.554+0000] {subprocess.py:106} INFO - [0m16:19:42  Finished running 6 data tests in 0 hours 0 minutes and 0.10 seconds (0.10s).
[2026-07-11T16:19:42.574+0000] {subprocess.py:106} INFO - [0m16:19:42
[2026-07-11T16:19:42.574+0000] {subprocess.py:106} INFO - [0m16:19:42  [32mCompleted successfully[0m
[2026-07-11T16:19:42.574+0000] {subprocess.py:106} INFO - [0m16:19:42
[2026-07-11T16:19:42.575+0000] {subprocess.py:106} INFO - [0m16:19:42  Done. PASS=6 WARN=0 ERROR=0 SKIP=0 NO-OP=0 TOTAL=6
[2026-07-11T16:19:43.237+0000] {subprocess.py:110} INFO - Command exited with return code 0
[2026-07-11T16:19:43.248+0000] {taskinstance.py:341} INFO - ::group::Post task execution logs
[2026-07-11T16:19:43.248+0000] {taskinstance.py:353} INFO - Marking task as SUCCESS. dag_id=avito_to_raw_midraw, task_id=dbt_build_midraw, run_id=scheduled__2026-07-11T15:00:00+00:00, execution_date=20260711T150000, start_date=20260711T161939, end_date=20260711T161943
[2026-07-11T16:19:43.265+0000] {local_task_job_runner.py:266} INFO - Task exited with return code 0
[2026-07-11T16:19:43.272+0000] {taskinstance.py:3901} INFO - 0 downstream tasks scheduled from follow-on schedule check
[2026-07-11T16:19:43.273+0000] {local_task_job_runner.py:245} INFO - ::endgroup::
