[2026-07-21T21:09:05.486+0000] {local_task_job_runner.py:123} INFO - ::group::Pre task execution logs
[2026-07-21T21:09:05.495+0000] {taskinstance.py:2614} INFO - Dependencies all met for dep_context=non-requeueable deps ti=<TaskInstance: avito_to_raw_midraw.dbt_build_midraw scheduled__2026-07-21T20:00:00+00:00 [queued]>
[2026-07-21T21:09:05.499+0000] {taskinstance.py:2614} INFO - Dependencies all met for dep_context=requeueable deps ti=<TaskInstance: avito_to_raw_midraw.dbt_build_midraw scheduled__2026-07-21T20:00:00+00:00 [queued]>
[2026-07-21T21:09:05.499+0000] {taskinstance.py:2867} INFO - Starting attempt 1 of 2
[2026-07-21T21:09:05.504+0000] {taskinstance.py:2890} INFO - Executing <Task(BashOperator): dbt_build_midraw> on 2026-07-21 20:00:00+00:00
[2026-07-21T21:09:05.506+0000] {standard_task_runner.py:72} INFO - Started process 151 to run task
[2026-07-21T21:09:05.508+0000] {standard_task_runner.py:104} INFO - Running: ['***', 'tasks', 'run', 'avito_to_raw_midraw', 'dbt_build_midraw', 'scheduled__2026-07-21T20:00:00+00:00', '--job-id', '136', '--raw', '--subdir', 'DAGS_FOLDER/avito_to_raw_midraw.py', '--cfg-path', '/tmp/tmpioxezqy5']
[2026-07-21T21:09:05.510+0000] {standard_task_runner.py:105} INFO - Job 136: Subtask dbt_build_midraw
[2026-07-21T21:09:05.565+0000] {task_command.py:467} INFO - Running <TaskInstance: avito_to_raw_midraw.dbt_build_midraw scheduled__2026-07-21T20:00:00+00:00 [running]> on host 4c6dd7d943f5
[2026-07-21T21:09:05.724+0000] {taskinstance.py:3134} INFO - Exporting env vars: AIRFLOW_CTX_DAG_OWNER='data-eng' AIRFLOW_CTX_DAG_ID='avito_to_raw_midraw' AIRFLOW_CTX_TASK_ID='dbt_build_midraw' AIRFLOW_CTX_EXECUTION_DATE='2026-07-21T20:00:00+00:00' AIRFLOW_CTX_TRY_NUMBER='1' AIRFLOW_CTX_DAG_RUN_ID='scheduled__2026-07-21T20:00:00+00:00'
[2026-07-21T21:09:05.724+0000] {taskinstance.py:732} INFO - ::endgroup::
[2026-07-21T21:09:05.730+0000] {subprocess.py:78} INFO - Tmp dir root location: /tmp
[2026-07-21T21:09:05.731+0000] {subprocess.py:88} INFO - Running command: ['/usr/bin/bash', '-c', 'cd /opt/***/dbt && dbt run --profiles-dir . --select avito_ads && dbt test --profiles-dir . --select avito_ads']
[2026-07-21T21:09:05.736+0000] {subprocess.py:99} INFO - Output:
[2026-07-21T21:09:06.894+0000] {subprocess.py:106} INFO - [0m21:09:06  Running with dbt=1.11.12
[2026-07-21T21:09:07.023+0000] {subprocess.py:106} INFO - [0m21:09:07  Registered adapter: postgres=1.9.0
[2026-07-21T21:09:07.278+0000] {subprocess.py:106} INFO - [0m21:09:07  Found 1 model, 4 data tests, 3 sources, 475 macros
[2026-07-21T21:09:07.280+0000] {subprocess.py:106} INFO - [0m21:09:07
[2026-07-21T21:09:07.281+0000] {subprocess.py:106} INFO - [0m21:09:07  Concurrency: 4 threads (target='dev')
[2026-07-21T21:09:07.281+0000] {subprocess.py:106} INFO - [0m21:09:07
[2026-07-21T21:09:07.343+0000] {subprocess.py:106} INFO - [0m21:09:07  1 of 1 START sql table model midraw.avito_ads .................................. [RUN]
[2026-07-21T21:09:07.425+0000] {subprocess.py:106} INFO - [0m21:09:07  1 of 1 OK created sql table model midraw.avito_ads ............................. [[32mSELECT 1793[0m in 0.08s]
[2026-07-21T21:09:07.434+0000] {subprocess.py:106} INFO - [0m21:09:07
[2026-07-21T21:09:07.435+0000] {subprocess.py:106} INFO - [0m21:09:07  Finished running 1 table model in 0 hours 0 minutes and 0.15 seconds (0.15s).
[2026-07-21T21:09:07.466+0000] {subprocess.py:106} INFO - [0m21:09:07
[2026-07-21T21:09:07.466+0000] {subprocess.py:106} INFO - [0m21:09:07  [32mCompleted successfully[0m
[2026-07-21T21:09:07.466+0000] {subprocess.py:106} INFO - [0m21:09:07
[2026-07-21T21:09:07.467+0000] {subprocess.py:106} INFO - [0m21:09:07  Done. PASS=1 WARN=0 ERROR=0 SKIP=0 NO-OP=0 TOTAL=1
[2026-07-21T21:09:09.386+0000] {subprocess.py:106} INFO - [0m21:09:09  Running with dbt=1.11.12
[2026-07-21T21:09:09.488+0000] {subprocess.py:106} INFO - [0m21:09:09  Registered adapter: postgres=1.9.0
[2026-07-21T21:09:09.706+0000] {subprocess.py:106} INFO - [0m21:09:09  Found 1 model, 4 data tests, 3 sources, 475 macros
[2026-07-21T21:09:09.707+0000] {subprocess.py:106} INFO - [0m21:09:09
[2026-07-21T21:09:09.707+0000] {subprocess.py:106} INFO - [0m21:09:09  Concurrency: 4 threads (target='dev')
[2026-07-21T21:09:09.708+0000] {subprocess.py:106} INFO - [0m21:09:09
[2026-07-21T21:09:09.748+0000] {subprocess.py:106} INFO - [0m21:09:09  1 of 4 START test accepted_values_avito_ads_source_system__avito__synthetic_avito  [RUN]
[2026-07-21T21:09:09.749+0000] {subprocess.py:106} INFO - [0m21:09:09  2 of 4 START test not_null_avito_ads_avito_id .................................. [RUN]
[2026-07-21T21:09:09.749+0000] {subprocess.py:106} INFO - [0m21:09:09  3 of 4 START test not_null_avito_ads_title ..................................... [RUN]
[2026-07-21T21:09:09.749+0000] {subprocess.py:106} INFO - [0m21:09:09  4 of 4 START test not_null_avito_ads_url ....................................... [RUN]
[2026-07-21T21:09:09.801+0000] {subprocess.py:106} INFO - [0m21:09:09  4 of 4 PASS not_null_avito_ads_url ............................................. [[32mPASS[0m in 0.05s]
[2026-07-21T21:09:09.801+0000] {subprocess.py:106} INFO - [0m21:09:09  3 of 4 PASS not_null_avito_ads_title ........................................... [[32mPASS[0m in 0.05s]
[2026-07-21T21:09:09.802+0000] {subprocess.py:106} INFO - [0m21:09:09  2 of 4 PASS not_null_avito_ads_avito_id ........................................ [[32mPASS[0m in 0.05s]
[2026-07-21T21:09:09.802+0000] {subprocess.py:106} INFO - [0m21:09:09  1 of 4 PASS accepted_values_avito_ads_source_system__avito__synthetic_avito .... [[32mPASS[0m in 0.05s]
[2026-07-21T21:09:09.812+0000] {subprocess.py:106} INFO - [0m21:09:09
[2026-07-21T21:09:09.813+0000] {subprocess.py:106} INFO - [0m21:09:09  Finished running 4 data tests in 0 hours 0 minutes and 0.10 seconds (0.10s).
[2026-07-21T21:09:09.838+0000] {subprocess.py:106} INFO - [0m21:09:09
[2026-07-21T21:09:09.838+0000] {subprocess.py:106} INFO - [0m21:09:09  [32mCompleted successfully[0m
[2026-07-21T21:09:09.838+0000] {subprocess.py:106} INFO - [0m21:09:09
[2026-07-21T21:09:09.838+0000] {subprocess.py:106} INFO - [0m21:09:09  Done. PASS=4 WARN=0 ERROR=0 SKIP=0 NO-OP=0 TOTAL=4
[2026-07-21T21:09:10.674+0000] {subprocess.py:110} INFO - Command exited with return code 0
[2026-07-21T21:09:10.688+0000] {taskinstance.py:341} INFO - ::group::Post task execution logs
[2026-07-21T21:09:10.688+0000] {taskinstance.py:353} INFO - Marking task as SUCCESS. dag_id=avito_to_raw_midraw, task_id=dbt_build_midraw, run_id=scheduled__2026-07-21T20:00:00+00:00, execution_date=20260721T200000, start_date=20260721T210905, end_date=20260721T210910
[2026-07-21T21:09:10.708+0000] {local_task_job_runner.py:266} INFO - Task exited with return code 0
[2026-07-21T21:09:10.716+0000] {taskinstance.py:3901} INFO - 0 downstream tasks scheduled from follow-on schedule check
[2026-07-21T21:09:10.717+0000] {local_task_job_runner.py:245} INFO - ::endgroup::
