[2026-07-12T04:16:11.071+0000] {local_task_job_runner.py:123} INFO - ::group::Pre task execution logs
[2026-07-12T04:16:11.089+0000] {taskinstance.py:2614} INFO - Dependencies all met for dep_context=non-requeueable deps ti=<TaskInstance: avito_to_raw_midraw.dbt_build_midraw scheduled__2026-07-12T03:00:00+00:00 [queued]>
[2026-07-12T04:16:11.094+0000] {taskinstance.py:2614} INFO - Dependencies all met for dep_context=requeueable deps ti=<TaskInstance: avito_to_raw_midraw.dbt_build_midraw scheduled__2026-07-12T03:00:00+00:00 [queued]>
[2026-07-12T04:16:11.094+0000] {taskinstance.py:2867} INFO - Starting attempt 1 of 2
[2026-07-12T04:16:11.102+0000] {taskinstance.py:2890} INFO - Executing <Task(BashOperator): dbt_build_midraw> on 2026-07-12 03:00:00+00:00
[2026-07-12T04:16:11.105+0000] {standard_task_runner.py:72} INFO - Started process 522 to run task
[2026-07-12T04:16:11.107+0000] {standard_task_runner.py:104} INFO - Running: ['***', 'tasks', 'run', 'avito_to_raw_midraw', 'dbt_build_midraw', 'scheduled__2026-07-12T03:00:00+00:00', '--job-id', '64', '--raw', '--subdir', 'DAGS_FOLDER/avito_to_raw_midraw.py', '--cfg-path', '/tmp/tmpi24kue1c']
[2026-07-12T04:16:11.110+0000] {standard_task_runner.py:105} INFO - Job 64: Subtask dbt_build_midraw
[2026-07-12T04:16:11.134+0000] {task_command.py:467} INFO - Running <TaskInstance: avito_to_raw_midraw.dbt_build_midraw scheduled__2026-07-12T03:00:00+00:00 [running]> on host 5f8cb7b7a9c9
[2026-07-12T04:16:11.276+0000] {taskinstance.py:3134} INFO - Exporting env vars: AIRFLOW_CTX_DAG_OWNER='data-eng' AIRFLOW_CTX_DAG_ID='avito_to_raw_midraw' AIRFLOW_CTX_TASK_ID='dbt_build_midraw' AIRFLOW_CTX_EXECUTION_DATE='2026-07-12T03:00:00+00:00' AIRFLOW_CTX_TRY_NUMBER='1' AIRFLOW_CTX_DAG_RUN_ID='scheduled__2026-07-12T03:00:00+00:00'
[2026-07-12T04:16:11.277+0000] {taskinstance.py:732} INFO - ::endgroup::
[2026-07-12T04:16:11.282+0000] {subprocess.py:78} INFO - Tmp dir root location: /tmp
[2026-07-12T04:16:11.282+0000] {subprocess.py:88} INFO - Running command: ['/usr/bin/bash', '-c', 'cd /opt/***/dbt && dbt run --profiles-dir . --select avito_ads && dbt test --profiles-dir . --select avito_ads']
[2026-07-12T04:16:11.286+0000] {subprocess.py:99} INFO - Output:
[2026-07-12T04:16:12.282+0000] {subprocess.py:106} INFO - [0m04:16:12  Running with dbt=1.11.12
[2026-07-12T04:16:12.393+0000] {subprocess.py:106} INFO - [0m04:16:12  Registered adapter: postgres=1.9.0
[2026-07-12T04:16:12.620+0000] {subprocess.py:106} INFO - [0m04:16:12  Found 1 model, 6 data tests, 1 source, 475 macros
[2026-07-12T04:16:12.621+0000] {subprocess.py:106} INFO - [0m04:16:12
[2026-07-12T04:16:12.622+0000] {subprocess.py:106} INFO - [0m04:16:12  Concurrency: 4 threads (target='dev')
[2026-07-12T04:16:12.622+0000] {subprocess.py:106} INFO - [0m04:16:12
[2026-07-12T04:16:12.679+0000] {subprocess.py:106} INFO - [0m04:16:12  1 of 1 START sql table model midraw.avito_ads .................................. [RUN]
[2026-07-12T04:16:18.463+0000] {subprocess.py:106} INFO - [0m04:16:18  1 of 1 OK created sql table model midraw.avito_ads ............................. [[32mSELECT 19853[0m in 5.78s]
[2026-07-12T04:16:18.471+0000] {subprocess.py:106} INFO - [0m04:16:18
[2026-07-12T04:16:18.472+0000] {subprocess.py:106} INFO - [0m04:16:18  Finished running 1 table model in 0 hours 0 minutes and 5.85 seconds (5.85s).
[2026-07-12T04:16:18.498+0000] {subprocess.py:106} INFO - [0m04:16:18
[2026-07-12T04:16:18.498+0000] {subprocess.py:106} INFO - [0m04:16:18  [32mCompleted successfully[0m
[2026-07-12T04:16:18.498+0000] {subprocess.py:106} INFO - [0m04:16:18
[2026-07-12T04:16:18.498+0000] {subprocess.py:106} INFO - [0m04:16:18  Done. PASS=1 WARN=0 ERROR=0 SKIP=0 NO-OP=0 TOTAL=1
[2026-07-12T04:16:20.462+0000] {subprocess.py:106} INFO - [0m04:16:20  Running with dbt=1.11.12
[2026-07-12T04:16:20.569+0000] {subprocess.py:106} INFO - [0m04:16:20  Registered adapter: postgres=1.9.0
[2026-07-12T04:16:20.811+0000] {subprocess.py:106} INFO - [0m04:16:20  Found 1 model, 6 data tests, 1 source, 475 macros
[2026-07-12T04:16:20.813+0000] {subprocess.py:106} INFO - [0m04:16:20
[2026-07-12T04:16:20.813+0000] {subprocess.py:106} INFO - [0m04:16:20  Concurrency: 4 threads (target='dev')
[2026-07-12T04:16:20.813+0000] {subprocess.py:106} INFO - [0m04:16:20
[2026-07-12T04:16:20.866+0000] {subprocess.py:106} INFO - [0m04:16:20  1 of 6 START test accepted_values_avito_ads_source_system__avito__synthetic_avito  [RUN]
[2026-07-12T04:16:20.867+0000] {subprocess.py:106} INFO - [0m04:16:20  2 of 6 START test not_null_avito_ads_avito_id .................................. [RUN]
[2026-07-12T04:16:20.867+0000] {subprocess.py:106} INFO - [0m04:16:20  3 of 6 START test not_null_avito_ads_row_number ................................ [RUN]
[2026-07-12T04:16:20.867+0000] {subprocess.py:106} INFO - [0m04:16:20  4 of 6 START test not_null_avito_ads_run_id .................................... [RUN]
[2026-07-12T04:16:20.943+0000] {subprocess.py:106} INFO - [0m04:16:20  3 of 6 PASS not_null_avito_ads_row_number ...................................... [[32mPASS[0m in 0.07s]
[2026-07-12T04:16:20.943+0000] {subprocess.py:106} INFO - [0m04:16:20  2 of 6 PASS not_null_avito_ads_avito_id ........................................ [[32mPASS[0m in 0.08s]
[2026-07-12T04:16:20.944+0000] {subprocess.py:106} INFO - [0m04:16:20  4 of 6 PASS not_null_avito_ads_run_id .......................................... [[32mPASS[0m in 0.07s]
[2026-07-12T04:16:20.944+0000] {subprocess.py:106} INFO - [0m04:16:20  1 of 6 PASS accepted_values_avito_ads_source_system__avito__synthetic_avito .... [[32mPASS[0m in 0.08s]
[2026-07-12T04:16:20.947+0000] {subprocess.py:106} INFO - [0m04:16:20  5 of 6 START test not_null_avito_ads_title ..................................... [RUN]
[2026-07-12T04:16:20.947+0000] {subprocess.py:106} INFO - [0m04:16:20  6 of 6 START test not_null_avito_ads_url ....................................... [RUN]
[2026-07-12T04:16:20.970+0000] {subprocess.py:106} INFO - [0m04:16:20  5 of 6 PASS not_null_avito_ads_title ........................................... [[32mPASS[0m in 0.02s]
[2026-07-12T04:16:20.971+0000] {subprocess.py:106} INFO - [0m04:16:20  6 of 6 PASS not_null_avito_ads_url ............................................. [[32mPASS[0m in 0.02s]
[2026-07-12T04:16:20.980+0000] {subprocess.py:106} INFO - [0m04:16:20
[2026-07-12T04:16:20.981+0000] {subprocess.py:106} INFO - [0m04:16:20  Finished running 6 data tests in 0 hours 0 minutes and 0.17 seconds (0.17s).
[2026-07-12T04:16:21.007+0000] {subprocess.py:106} INFO - [0m04:16:21
[2026-07-12T04:16:21.008+0000] {subprocess.py:106} INFO - [0m04:16:21  [32mCompleted successfully[0m
[2026-07-12T04:16:21.008+0000] {subprocess.py:106} INFO - [0m04:16:21
[2026-07-12T04:16:21.008+0000] {subprocess.py:106} INFO - [0m04:16:21  Done. PASS=6 WARN=0 ERROR=0 SKIP=0 NO-OP=0 TOTAL=6
[2026-07-12T04:16:21.818+0000] {subprocess.py:110} INFO - Command exited with return code 0
[2026-07-12T04:16:21.846+0000] {taskinstance.py:341} INFO - ::group::Post task execution logs
[2026-07-12T04:16:21.846+0000] {taskinstance.py:353} INFO - Marking task as SUCCESS. dag_id=avito_to_raw_midraw, task_id=dbt_build_midraw, run_id=scheduled__2026-07-12T03:00:00+00:00, execution_date=20260712T030000, start_date=20260712T041611, end_date=20260712T041621
[2026-07-12T04:16:21.868+0000] {local_task_job_runner.py:266} INFO - Task exited with return code 0
[2026-07-12T04:16:21.875+0000] {local_task_job_runner.py:245} INFO - ::endgroup::
