[2026-07-22T20:05:00.091+0000] {local_task_job_runner.py:123} INFO - ::group::Pre task execution logs
[2026-07-22T20:05:00.108+0000] {taskinstance.py:2614} INFO - Dependencies all met for dep_context=non-requeueable deps ti=<TaskInstance: avito_to_raw_midraw.dbt_build_midraw scheduled__2026-07-22T19:00:00+00:00 [queued]>
[2026-07-22T20:05:00.113+0000] {taskinstance.py:2614} INFO - Dependencies all met for dep_context=requeueable deps ti=<TaskInstance: avito_to_raw_midraw.dbt_build_midraw scheduled__2026-07-22T19:00:00+00:00 [queued]>
[2026-07-22T20:05:00.113+0000] {taskinstance.py:2867} INFO - Starting attempt 1 of 2
[2026-07-22T20:05:00.120+0000] {taskinstance.py:2890} INFO - Executing <Task(BashOperator): dbt_build_midraw> on 2026-07-22 19:00:00+00:00
[2026-07-22T20:05:00.122+0000] {standard_task_runner.py:72} INFO - Started process 818 to run task
[2026-07-22T20:05:00.125+0000] {standard_task_runner.py:104} INFO - Running: ['***', 'tasks', 'run', 'avito_to_raw_midraw', 'dbt_build_midraw', 'scheduled__2026-07-22T19:00:00+00:00', '--job-id', '182', '--raw', '--subdir', 'DAGS_FOLDER/avito_to_raw_midraw.py', '--cfg-path', '/tmp/tmp2e9rb0yt']
[2026-07-22T20:05:00.127+0000] {standard_task_runner.py:105} INFO - Job 182: Subtask dbt_build_midraw
[2026-07-22T20:05:00.155+0000] {task_command.py:467} INFO - Running <TaskInstance: avito_to_raw_midraw.dbt_build_midraw scheduled__2026-07-22T19:00:00+00:00 [running]> on host 4c6dd7d943f5
[2026-07-22T20:05:00.305+0000] {taskinstance.py:3134} INFO - Exporting env vars: AIRFLOW_CTX_DAG_OWNER='data-eng' AIRFLOW_CTX_DAG_ID='avito_to_raw_midraw' AIRFLOW_CTX_TASK_ID='dbt_build_midraw' AIRFLOW_CTX_EXECUTION_DATE='2026-07-22T19:00:00+00:00' AIRFLOW_CTX_TRY_NUMBER='1' AIRFLOW_CTX_DAG_RUN_ID='scheduled__2026-07-22T19:00:00+00:00'
[2026-07-22T20:05:00.306+0000] {taskinstance.py:732} INFO - ::endgroup::
[2026-07-22T20:05:00.311+0000] {subprocess.py:78} INFO - Tmp dir root location: /tmp
[2026-07-22T20:05:00.312+0000] {subprocess.py:88} INFO - Running command: ['/usr/bin/bash', '-c', 'cd /opt/***/dbt && dbt run --profiles-dir . --select avito_ads && dbt test --profiles-dir . --select avito_ads']
[2026-07-22T20:05:00.317+0000] {subprocess.py:99} INFO - Output:
[2026-07-22T20:05:01.473+0000] {subprocess.py:106} INFO - [0m20:05:01  Running with dbt=1.11.12
[2026-07-22T20:05:01.588+0000] {subprocess.py:106} INFO - [0m20:05:01  Registered adapter: postgres=1.9.0
[2026-07-22T20:05:01.803+0000] {subprocess.py:106} INFO - [0m20:05:01  Found 1 model, 4 data tests, 3 sources, 475 macros
[2026-07-22T20:05:01.804+0000] {subprocess.py:106} INFO - [0m20:05:01
[2026-07-22T20:05:01.805+0000] {subprocess.py:106} INFO - [0m20:05:01  Concurrency: 4 threads (target='dev')
[2026-07-22T20:05:01.805+0000] {subprocess.py:106} INFO - [0m20:05:01
[2026-07-22T20:05:01.861+0000] {subprocess.py:106} INFO - [0m20:05:01  1 of 1 START sql table model midraw.avito_ads .................................. [RUN]
[2026-07-22T20:05:01.929+0000] {subprocess.py:106} INFO - [0m20:05:01  1 of 1 OK created sql table model midraw.avito_ads ............................. [[32mSELECT 1954[0m in 0.07s]
[2026-07-22T20:05:01.938+0000] {subprocess.py:106} INFO - [0m20:05:01
[2026-07-22T20:05:01.938+0000] {subprocess.py:106} INFO - [0m20:05:01  Finished running 1 table model in 0 hours 0 minutes and 0.13 seconds (0.13s).
[2026-07-22T20:05:01.972+0000] {subprocess.py:106} INFO - [0m20:05:01
[2026-07-22T20:05:01.973+0000] {subprocess.py:106} INFO - [0m20:05:01  [32mCompleted successfully[0m
[2026-07-22T20:05:01.973+0000] {subprocess.py:106} INFO - [0m20:05:01
[2026-07-22T20:05:01.973+0000] {subprocess.py:106} INFO - [0m20:05:01  Done. PASS=1 WARN=0 ERROR=0 SKIP=0 NO-OP=0 TOTAL=1
[2026-07-22T20:05:04.944+0000] {subprocess.py:106} INFO - [0m20:05:04  Running with dbt=1.11.12
[2026-07-22T20:05:05.057+0000] {subprocess.py:106} INFO - [0m20:05:05  Registered adapter: postgres=1.9.0
[2026-07-22T20:05:05.392+0000] {subprocess.py:106} INFO - [0m20:05:05  Found 1 model, 4 data tests, 3 sources, 475 macros
[2026-07-22T20:05:05.393+0000] {subprocess.py:106} INFO - [0m20:05:05
[2026-07-22T20:05:05.393+0000] {subprocess.py:106} INFO - [0m20:05:05  Concurrency: 4 threads (target='dev')
[2026-07-22T20:05:05.394+0000] {subprocess.py:106} INFO - [0m20:05:05
[2026-07-22T20:05:05.435+0000] {subprocess.py:106} INFO - [0m20:05:05  1 of 4 START test accepted_values_avito_ads_source_system__avito__synthetic_avito  [RUN]
[2026-07-22T20:05:05.436+0000] {subprocess.py:106} INFO - [0m20:05:05  2 of 4 START test not_null_avito_ads_avito_id .................................. [RUN]
[2026-07-22T20:05:05.436+0000] {subprocess.py:106} INFO - [0m20:05:05  3 of 4 START test not_null_avito_ads_title ..................................... [RUN]
[2026-07-22T20:05:05.436+0000] {subprocess.py:106} INFO - [0m20:05:05  4 of 4 START test not_null_avito_ads_url ....................................... [RUN]
[2026-07-22T20:05:05.488+0000] {subprocess.py:106} INFO - [0m20:05:05  1 of 4 PASS accepted_values_avito_ads_source_system__avito__synthetic_avito .... [[32mPASS[0m in 0.05s]
[2026-07-22T20:05:05.490+0000] {subprocess.py:106} INFO - [0m20:05:05  3 of 4 PASS not_null_avito_ads_title ........................................... [[32mPASS[0m in 0.05s]
[2026-07-22T20:05:05.492+0000] {subprocess.py:106} INFO - [0m20:05:05  2 of 4 PASS not_null_avito_ads_avito_id ........................................ [[32mPASS[0m in 0.05s]
[2026-07-22T20:05:05.493+0000] {subprocess.py:106} INFO - [0m20:05:05  4 of 4 PASS not_null_avito_ads_url ............................................. [[32mPASS[0m in 0.06s]
[2026-07-22T20:05:05.501+0000] {subprocess.py:106} INFO - [0m20:05:05
[2026-07-22T20:05:05.502+0000] {subprocess.py:106} INFO - [0m20:05:05  Finished running 4 data tests in 0 hours 0 minutes and 0.11 seconds (0.11s).
[2026-07-22T20:05:05.526+0000] {subprocess.py:106} INFO - [0m20:05:05
[2026-07-22T20:05:05.526+0000] {subprocess.py:106} INFO - [0m20:05:05  [32mCompleted successfully[0m
[2026-07-22T20:05:05.527+0000] {subprocess.py:106} INFO - [0m20:05:05
[2026-07-22T20:05:05.527+0000] {subprocess.py:106} INFO - [0m20:05:05  Done. PASS=4 WARN=0 ERROR=0 SKIP=0 NO-OP=0 TOTAL=4
[2026-07-22T20:05:06.406+0000] {subprocess.py:110} INFO - Command exited with return code 0
[2026-07-22T20:05:06.429+0000] {taskinstance.py:341} INFO - ::group::Post task execution logs
[2026-07-22T20:05:06.429+0000] {taskinstance.py:353} INFO - Marking task as SUCCESS. dag_id=avito_to_raw_midraw, task_id=dbt_build_midraw, run_id=scheduled__2026-07-22T19:00:00+00:00, execution_date=20260722T190000, start_date=20260722T200500, end_date=20260722T200506
[2026-07-22T20:05:06.461+0000] {local_task_job_runner.py:266} INFO - Task exited with return code 0
[2026-07-22T20:05:06.472+0000] {taskinstance.py:3901} INFO - 0 downstream tasks scheduled from follow-on schedule check
[2026-07-22T20:05:06.473+0000] {local_task_job_runner.py:245} INFO - ::endgroup::
