[2026-07-12T09:00:12.706+0000] {local_task_job_runner.py:123} INFO - ::group::Pre task execution logs
[2026-07-12T09:00:12.718+0000] {taskinstance.py:2614} INFO - Dependencies all met for dep_context=non-requeueable deps ti=<TaskInstance: avito_to_raw_midraw.dbt_build_midraw scheduled__2026-07-12T08:00:00+00:00 [queued]>
[2026-07-12T09:00:12.722+0000] {taskinstance.py:2614} INFO - Dependencies all met for dep_context=requeueable deps ti=<TaskInstance: avito_to_raw_midraw.dbt_build_midraw scheduled__2026-07-12T08:00:00+00:00 [queued]>
[2026-07-12T09:00:12.723+0000] {taskinstance.py:2867} INFO - Starting attempt 1 of 2
[2026-07-12T09:00:12.729+0000] {taskinstance.py:2890} INFO - Executing <Task(BashOperator): dbt_build_midraw> on 2026-07-12 08:00:00+00:00
[2026-07-12T09:00:12.732+0000] {standard_task_runner.py:72} INFO - Started process 682 to run task
[2026-07-12T09:00:12.735+0000] {standard_task_runner.py:104} INFO - Running: ['***', 'tasks', 'run', 'avito_to_raw_midraw', 'dbt_build_midraw', 'scheduled__2026-07-12T08:00:00+00:00', '--job-id', '79', '--raw', '--subdir', 'DAGS_FOLDER/avito_to_raw_midraw.py', '--cfg-path', '/tmp/tmprw0gn33e']
[2026-07-12T09:00:12.738+0000] {standard_task_runner.py:105} INFO - Job 79: Subtask dbt_build_midraw
[2026-07-12T09:00:12.771+0000] {task_command.py:467} INFO - Running <TaskInstance: avito_to_raw_midraw.dbt_build_midraw scheduled__2026-07-12T08:00:00+00:00 [running]> on host 5f8cb7b7a9c9
[2026-07-12T09:00:12.967+0000] {taskinstance.py:3134} INFO - Exporting env vars: AIRFLOW_CTX_DAG_OWNER='data-eng' AIRFLOW_CTX_DAG_ID='avito_to_raw_midraw' AIRFLOW_CTX_TASK_ID='dbt_build_midraw' AIRFLOW_CTX_EXECUTION_DATE='2026-07-12T08:00:00+00:00' AIRFLOW_CTX_TRY_NUMBER='1' AIRFLOW_CTX_DAG_RUN_ID='scheduled__2026-07-12T08:00:00+00:00'
[2026-07-12T09:00:12.968+0000] {taskinstance.py:732} INFO - ::endgroup::
[2026-07-12T09:00:12.973+0000] {subprocess.py:78} INFO - Tmp dir root location: /tmp
[2026-07-12T09:00:12.974+0000] {subprocess.py:88} INFO - Running command: ['/usr/bin/bash', '-c', 'cd /opt/***/dbt && dbt run --profiles-dir . --select avito_ads && dbt test --profiles-dir . --select avito_ads']
[2026-07-12T09:00:12.979+0000] {subprocess.py:99} INFO - Output:
[2026-07-12T09:00:14.015+0000] {subprocess.py:106} INFO - [0m09:00:14  Running with dbt=1.11.12
[2026-07-12T09:00:14.113+0000] {subprocess.py:106} INFO - [0m09:00:14  Registered adapter: postgres=1.9.0
[2026-07-12T09:00:14.317+0000] {subprocess.py:106} INFO - [0m09:00:14  Found 1 model, 6 data tests, 1 source, 475 macros
[2026-07-12T09:00:14.319+0000] {subprocess.py:106} INFO - [0m09:00:14
[2026-07-12T09:00:14.319+0000] {subprocess.py:106} INFO - [0m09:00:14  Concurrency: 4 threads (target='dev')
[2026-07-12T09:00:14.319+0000] {subprocess.py:106} INFO - [0m09:00:14
[2026-07-12T09:00:14.372+0000] {subprocess.py:106} INFO - [0m09:00:14  1 of 1 START sql table model midraw.avito_ads .................................. [RUN]
[2026-07-12T09:00:25.603+0000] {subprocess.py:106} INFO - [0m09:00:25  1 of 1 OK created sql table model midraw.avito_ads ............................. [[32mSELECT 30860[0m in 11.22s]
[2026-07-12T09:00:25.623+0000] {subprocess.py:106} INFO - [0m09:00:25
[2026-07-12T09:00:25.623+0000] {subprocess.py:106} INFO - [0m09:00:25  Finished running 1 table model in 0 hours 0 minutes and 11.30 seconds (11.30s).
[2026-07-12T09:00:25.657+0000] {subprocess.py:106} INFO - [0m09:00:25
[2026-07-12T09:00:25.658+0000] {subprocess.py:106} INFO - [0m09:00:25  [32mCompleted successfully[0m
[2026-07-12T09:00:25.658+0000] {subprocess.py:106} INFO - [0m09:00:25
[2026-07-12T09:00:25.658+0000] {subprocess.py:106} INFO - [0m09:00:25  Done. PASS=1 WARN=0 ERROR=0 SKIP=0 NO-OP=0 TOTAL=1
[2026-07-12T09:00:27.625+0000] {subprocess.py:106} INFO - [0m09:00:27  Running with dbt=1.11.12
[2026-07-12T09:00:27.770+0000] {subprocess.py:106} INFO - [0m09:00:27  Registered adapter: postgres=1.9.0
[2026-07-12T09:00:28.018+0000] {subprocess.py:106} INFO - [0m09:00:28  Found 1 model, 6 data tests, 1 source, 475 macros
[2026-07-12T09:00:28.020+0000] {subprocess.py:106} INFO - [0m09:00:28
[2026-07-12T09:00:28.020+0000] {subprocess.py:106} INFO - [0m09:00:28  Concurrency: 4 threads (target='dev')
[2026-07-12T09:00:28.020+0000] {subprocess.py:106} INFO - [0m09:00:28
[2026-07-12T09:00:28.071+0000] {subprocess.py:106} INFO - [0m09:00:28  1 of 6 START test accepted_values_avito_ads_source_system__avito__synthetic_avito  [RUN]
[2026-07-12T09:00:28.072+0000] {subprocess.py:106} INFO - [0m09:00:28  2 of 6 START test not_null_avito_ads_avito_id .................................. [RUN]
[2026-07-12T09:00:28.072+0000] {subprocess.py:106} INFO - [0m09:00:28  3 of 6 START test not_null_avito_ads_row_number ................................ [RUN]
[2026-07-12T09:00:28.073+0000] {subprocess.py:106} INFO - [0m09:00:28  4 of 6 START test not_null_avito_ads_run_id .................................... [RUN]
[2026-07-12T09:00:28.163+0000] {subprocess.py:106} INFO - [0m09:00:28  2 of 6 PASS not_null_avito_ads_avito_id ........................................ [[32mPASS[0m in 0.09s]
[2026-07-12T09:00:28.164+0000] {subprocess.py:106} INFO - [0m09:00:28  3 of 6 PASS not_null_avito_ads_row_number ...................................... [[32mPASS[0m in 0.09s]
[2026-07-12T09:00:28.164+0000] {subprocess.py:106} INFO - [0m09:00:28  4 of 6 PASS not_null_avito_ads_run_id .......................................... [[32mPASS[0m in 0.09s]
[2026-07-12T09:00:28.165+0000] {subprocess.py:106} INFO - [0m09:00:28  1 of 6 PASS accepted_values_avito_ads_source_system__avito__synthetic_avito .... [[32mPASS[0m in 0.09s]
[2026-07-12T09:00:28.168+0000] {subprocess.py:106} INFO - [0m09:00:28  5 of 6 START test not_null_avito_ads_title ..................................... [RUN]
[2026-07-12T09:00:28.168+0000] {subprocess.py:106} INFO - [0m09:00:28  6 of 6 START test not_null_avito_ads_url ....................................... [RUN]
[2026-07-12T09:00:28.193+0000] {subprocess.py:106} INFO - [0m09:00:28  5 of 6 PASS not_null_avito_ads_title ........................................... [[32mPASS[0m in 0.02s]
[2026-07-12T09:00:28.193+0000] {subprocess.py:106} INFO - [0m09:00:28  6 of 6 PASS not_null_avito_ads_url ............................................. [[32mPASS[0m in 0.02s]
[2026-07-12T09:00:28.202+0000] {subprocess.py:106} INFO - [0m09:00:28
[2026-07-12T09:00:28.202+0000] {subprocess.py:106} INFO - [0m09:00:28  Finished running 6 data tests in 0 hours 0 minutes and 0.18 seconds (0.18s).
[2026-07-12T09:00:28.226+0000] {subprocess.py:106} INFO - [0m09:00:28
[2026-07-12T09:00:28.226+0000] {subprocess.py:106} INFO - [0m09:00:28  [32mCompleted successfully[0m
[2026-07-12T09:00:28.226+0000] {subprocess.py:106} INFO - [0m09:00:28
[2026-07-12T09:00:28.227+0000] {subprocess.py:106} INFO - [0m09:00:28  Done. PASS=6 WARN=0 ERROR=0 SKIP=0 NO-OP=0 TOTAL=6
[2026-07-12T09:00:28.941+0000] {subprocess.py:110} INFO - Command exited with return code 0
[2026-07-12T09:00:29.024+0000] {taskinstance.py:341} INFO - ::group::Post task execution logs
[2026-07-12T09:00:29.026+0000] {taskinstance.py:353} INFO - Marking task as SUCCESS. dag_id=avito_to_raw_midraw, task_id=dbt_build_midraw, run_id=scheduled__2026-07-12T08:00:00+00:00, execution_date=20260712T080000, start_date=20260712T090012, end_date=20260712T090029
[2026-07-12T09:00:29.067+0000] {local_task_job_runner.py:266} INFO - Task exited with return code 0
[2026-07-12T09:00:29.093+0000] {taskinstance.py:3901} INFO - 0 downstream tasks scheduled from follow-on schedule check
[2026-07-12T09:00:29.094+0000] {local_task_job_runner.py:245} INFO - ::endgroup::
