[2026-08-02T02:13:42.097+0000] {local_task_job_runner.py:123} INFO - ::group::Pre task execution logs
[2026-08-02T02:13:43.062+0000] {taskinstance.py:2614} INFO - Dependencies all met for dep_context=non-requeueable deps ti=<TaskInstance: avito_to_raw_midraw.dbt_build_midraw scheduled__2026-08-02T01:00:00+00:00 [queued]>
[2026-08-02T02:13:43.213+0000] {taskinstance.py:2614} INFO - Dependencies all met for dep_context=requeueable deps ti=<TaskInstance: avito_to_raw_midraw.dbt_build_midraw scheduled__2026-08-02T01:00:00+00:00 [queued]>
[2026-08-02T02:13:43.544+0000] {taskinstance.py:2867} INFO - Starting attempt 2 of 2
[2026-08-02T02:13:44.281+0000] {taskinstance.py:2890} INFO - Executing <Task(BashOperator): dbt_build_midraw> on 2026-08-02 01:00:00+00:00
[2026-08-02T02:13:44.338+0000] {standard_task_runner.py:72} INFO - Started process 304 to run task
[2026-08-02T02:13:44.371+0000] {standard_task_runner.py:104} INFO - Running: ['***', 'tasks', 'run', 'avito_to_raw_midraw', 'dbt_build_midraw', 'scheduled__2026-08-02T01:00:00+00:00', '--job-id', '586', '--raw', '--subdir', 'DAGS_FOLDER/avito_to_raw_midraw.py', '--cfg-path', '/tmp/tmp10sjzgme']
[2026-08-02T02:13:44.785+0000] {standard_task_runner.py:105} INFO - Job 586: Subtask dbt_build_midraw
[2026-08-02T02:13:47.419+0000] {task_command.py:467} INFO - Running <TaskInstance: avito_to_raw_midraw.dbt_build_midraw scheduled__2026-08-02T01:00:00+00:00 [running]> on host 4c6dd7d943f5
[2026-08-02T02:13:50.223+0000] {job.py:229} INFO - Heartbeat recovered after 11.77 seconds
[2026-08-02T02:13:51.111+0000] {taskinstance.py:3134} INFO - Exporting env vars: AIRFLOW_CTX_DAG_OWNER='data-eng' AIRFLOW_CTX_DAG_ID='avito_to_raw_midraw' AIRFLOW_CTX_TASK_ID='dbt_build_midraw' AIRFLOW_CTX_EXECUTION_DATE='2026-08-02T01:00:00+00:00' AIRFLOW_CTX_TRY_NUMBER='2' AIRFLOW_CTX_DAG_RUN_ID='scheduled__2026-08-02T01:00:00+00:00'
[2026-08-02T02:13:51.328+0000] {taskinstance.py:732} INFO - ::endgroup::
[2026-08-02T02:13:51.663+0000] {subprocess.py:78} INFO - Tmp dir root location: /tmp
[2026-08-02T02:13:51.761+0000] {subprocess.py:88} INFO - Running command: ['/usr/bin/bash', '-c', 'cd /opt/***/dbt && dbt run --profiles-dir . --select avito_ads && dbt test --profiles-dir . --select avito_ads']
[2026-08-02T02:13:52.081+0000] {subprocess.py:99} INFO - Output:
[2026-08-02T02:14:23.324+0000] {subprocess.py:106} INFO - [0m02:14:23  Running with dbt=1.11.12
[2026-08-02T02:14:28.558+0000] {subprocess.py:106} INFO - [0m02:14:28  Registered adapter: postgres=1.9.0
[2026-08-02T02:14:49.845+0000] {subprocess.py:106} INFO - [0m02:14:49  Found 1 model, 4 data tests, 3 sources, 475 macros
[2026-08-02T02:14:50.343+0000] {subprocess.py:106} INFO - [0m02:14:50
[2026-08-02T02:14:50.516+0000] {subprocess.py:106} INFO - [0m02:14:50  Concurrency: 4 threads (target='dev')
[2026-08-02T02:14:50.627+0000] {subprocess.py:106} INFO - [0m02:14:50
[2026-08-02T02:14:57.314+0000] {subprocess.py:106} INFO - [0m02:14:57  1 of 1 START sql table model midraw.avito_ads .................................. [RUN]
[2026-08-02T02:15:05.196+0000] {subprocess.py:106} INFO - [0m02:15:05  1 of 1 OK created sql table model midraw.avito_ads ............................. [[32mSELECT 1807[0m in 7.46s]
[2026-08-02T02:15:06.766+0000] {subprocess.py:106} INFO - [0m02:15:06
[2026-08-02T02:15:06.781+0000] {subprocess.py:106} INFO - [0m02:15:06  Finished running 1 table model in 0 hours 0 minutes and 16.07 seconds (16.07s).
[2026-08-02T02:15:13.238+0000] {subprocess.py:106} INFO - [0m02:15:13
[2026-08-02T02:15:13.267+0000] {subprocess.py:106} INFO - [0m02:15:13  [32mCompleted successfully[0m
[2026-08-02T02:15:13.302+0000] {subprocess.py:106} INFO - [0m02:15:13
[2026-08-02T02:15:13.302+0000] {subprocess.py:106} INFO - [0m02:15:13  Done. PASS=1 WARN=0 ERROR=0 SKIP=0 NO-OP=0 TOTAL=1
[2026-08-02T02:15:37.007+0000] {subprocess.py:106} INFO - [0m02:15:37  Running with dbt=1.11.12
[2026-08-02T02:15:37.100+0000] {subprocess.py:106} INFO - [0m02:15:37  Registered adapter: postgres=1.9.0
[2026-08-02T02:15:37.337+0000] {subprocess.py:106} INFO - [0m02:15:37  Found 1 model, 4 data tests, 3 sources, 475 macros
[2026-08-02T02:15:37.338+0000] {subprocess.py:106} INFO - [0m02:15:37
[2026-08-02T02:15:37.339+0000] {subprocess.py:106} INFO - [0m02:15:37  Concurrency: 4 threads (target='dev')
[2026-08-02T02:15:37.339+0000] {subprocess.py:106} INFO - [0m02:15:37
[2026-08-02T02:15:37.375+0000] {subprocess.py:106} INFO - [0m02:15:37  1 of 4 START test accepted_values_avito_ads_source_system__avito__synthetic_avito  [RUN]
[2026-08-02T02:15:37.375+0000] {subprocess.py:106} INFO - [0m02:15:37  2 of 4 START test not_null_avito_ads_avito_id .................................. [RUN]
[2026-08-02T02:15:37.375+0000] {subprocess.py:106} INFO - [0m02:15:37  3 of 4 START test not_null_avito_ads_title ..................................... [RUN]
[2026-08-02T02:15:37.376+0000] {subprocess.py:106} INFO - [0m02:15:37  4 of 4 START test not_null_avito_ads_url ....................................... [RUN]
[2026-08-02T02:15:37.419+0000] {subprocess.py:106} INFO - [0m02:15:37  1 of 4 PASS accepted_values_avito_ads_source_system__avito__synthetic_avito .... [[32mPASS[0m in 0.04s]
[2026-08-02T02:15:37.420+0000] {subprocess.py:106} INFO - [0m02:15:37  3 of 4 PASS not_null_avito_ads_title ........................................... [[32mPASS[0m in 0.04s]
[2026-08-02T02:15:37.421+0000] {subprocess.py:106} INFO - [0m02:15:37  4 of 4 PASS not_null_avito_ads_url ............................................. [[32mPASS[0m in 0.04s]
[2026-08-02T02:15:37.422+0000] {subprocess.py:106} INFO - [0m02:15:37  2 of 4 PASS not_null_avito_ads_avito_id ........................................ [[32mPASS[0m in 0.05s]
[2026-08-02T02:15:37.429+0000] {subprocess.py:106} INFO - [0m02:15:37
[2026-08-02T02:15:37.430+0000] {subprocess.py:106} INFO - [0m02:15:37  Finished running 4 data tests in 0 hours 0 minutes and 0.09 seconds (0.09s).
[2026-08-02T02:15:37.451+0000] {subprocess.py:106} INFO - [0m02:15:37
[2026-08-02T02:15:37.452+0000] {subprocess.py:106} INFO - [0m02:15:37  [32mCompleted successfully[0m
[2026-08-02T02:15:37.452+0000] {subprocess.py:106} INFO - [0m02:15:37
[2026-08-02T02:15:37.453+0000] {subprocess.py:106} INFO - [0m02:15:37  Done. PASS=4 WARN=0 ERROR=0 SKIP=0 NO-OP=0 TOTAL=4
[2026-08-02T02:15:38.126+0000] {subprocess.py:110} INFO - Command exited with return code 0
[2026-08-02T02:15:38.150+0000] {taskinstance.py:341} INFO - ::group::Post task execution logs
[2026-08-02T02:15:38.151+0000] {taskinstance.py:353} INFO - Marking task as SUCCESS. dag_id=avito_to_raw_midraw, task_id=dbt_build_midraw, run_id=scheduled__2026-08-02T01:00:00+00:00, execution_date=20260802T010000, start_date=20260802T021343, end_date=20260802T021538
[2026-08-02T02:15:38.176+0000] {local_task_job_runner.py:266} INFO - Task exited with return code 0
[2026-08-02T02:15:38.282+0000] {taskinstance.py:3901} INFO - 0 downstream tasks scheduled from follow-on schedule check
[2026-08-02T02:15:38.283+0000] {local_task_job_runner.py:245} INFO - ::endgroup::
