[2026-08-02T02:00:06.835+0000] {local_task_job_runner.py:123} INFO - ::group::Pre task execution logs
[2026-08-02T02:00:06.898+0000] {taskinstance.py:2614} INFO - Dependencies all met for dep_context=non-requeueable deps ti=<TaskInstance: avito_to_raw_midraw.dbt_build_midraw scheduled__2026-08-02T01:00:00+00:00 [queued]>
[2026-08-02T02:00:06.950+0000] {taskinstance.py:2614} INFO - Dependencies all met for dep_context=requeueable deps ti=<TaskInstance: avito_to_raw_midraw.dbt_build_midraw scheduled__2026-08-02T01:00:00+00:00 [queued]>
[2026-08-02T02:00:06.954+0000] {taskinstance.py:2867} INFO - Starting attempt 1 of 2
[2026-08-02T02:00:06.994+0000] {taskinstance.py:2890} INFO - Executing <Task(BashOperator): dbt_build_midraw> on 2026-08-02 01:00:00+00:00
[2026-08-02T02:00:07.008+0000] {standard_task_runner.py:72} INFO - Started process 286 to run task
[2026-08-02T02:00:07.018+0000] {standard_task_runner.py:104} INFO - Running: ['***', 'tasks', 'run', 'avito_to_raw_midraw', 'dbt_build_midraw', 'scheduled__2026-08-02T01:00:00+00:00', '--job-id', '585', '--raw', '--subdir', 'DAGS_FOLDER/avito_to_raw_midraw.py', '--cfg-path', '/tmp/tmp638k0278']
[2026-08-02T02:00:07.032+0000] {standard_task_runner.py:105} INFO - Job 585: Subtask dbt_build_midraw
[2026-08-02T02:00:07.262+0000] {task_command.py:467} INFO - Running <TaskInstance: avito_to_raw_midraw.dbt_build_midraw scheduled__2026-08-02T01:00:00+00:00 [running]> on host 4c6dd7d943f5
[2026-08-02T02:00:07.832+0000] {taskinstance.py:3134} INFO - Exporting env vars: AIRFLOW_CTX_DAG_OWNER='data-eng' AIRFLOW_CTX_DAG_ID='avito_to_raw_midraw' AIRFLOW_CTX_TASK_ID='dbt_build_midraw' AIRFLOW_CTX_EXECUTION_DATE='2026-08-02T01:00:00+00:00' AIRFLOW_CTX_TRY_NUMBER='1' AIRFLOW_CTX_DAG_RUN_ID='scheduled__2026-08-02T01:00:00+00:00'
[2026-08-02T02:00:07.833+0000] {taskinstance.py:732} INFO - ::endgroup::
[2026-08-02T02:00:07.872+0000] {subprocess.py:78} INFO - Tmp dir root location: /tmp
[2026-08-02T02:00:07.875+0000] {subprocess.py:88} INFO - Running command: ['/usr/bin/bash', '-c', 'cd /opt/***/dbt && dbt run --profiles-dir . --select avito_ads && dbt test --profiles-dir . --select avito_ads']
[2026-08-02T02:00:07.895+0000] {subprocess.py:99} INFO - Output:
[2026-08-02T02:00:17.428+0000] {subprocess.py:106} INFO - [0m02:00:17  Running with dbt=1.11.12
[2026-08-02T02:00:17.964+0000] {subprocess.py:106} INFO - [0m02:00:17  Registered adapter: postgres=1.9.0
[2026-08-02T02:00:19.249+0000] {subprocess.py:106} INFO - [0m02:00:19  Found 1 model, 4 data tests, 3 sources, 475 macros
[2026-08-02T02:00:19.265+0000] {subprocess.py:106} INFO - [0m02:00:19
[2026-08-02T02:00:19.271+0000] {subprocess.py:106} INFO - [0m02:00:19  Concurrency: 4 threads (target='dev')
[2026-08-02T02:00:19.274+0000] {subprocess.py:106} INFO - [0m02:00:19
[2026-08-02T02:00:19.496+0000] {subprocess.py:106} INFO - [0m02:00:19  1 of 1 START sql table model midraw.avito_ads .................................. [RUN]
[2026-08-02T02:00:24.433+0000] {subprocess.py:106} INFO - [0m02:00:24  1 of 1 OK created sql table model midraw.avito_ads ............................. [[32mSELECT 1807[0m in 4.78s]
[2026-08-02T02:00:26.667+0000] {subprocess.py:106} INFO - [0m02:00:26
[2026-08-02T02:00:26.976+0000] {subprocess.py:106} INFO - [0m02:00:26  Finished running 1 table model in 0 hours 0 minutes and 7.35 seconds (7.35s).
[2026-08-02T02:00:33.110+0000] {subprocess.py:106} INFO - [0m02:00:33
[2026-08-02T02:00:33.289+0000] {subprocess.py:106} INFO - [0m02:00:33  [32mCompleted successfully[0m
[2026-08-02T02:00:33.516+0000] {subprocess.py:106} INFO - [0m02:00:33
[2026-08-02T02:00:33.763+0000] {subprocess.py:106} INFO - [0m02:00:33  Done. PASS=1 WARN=0 ERROR=0 SKIP=0 NO-OP=0 TOTAL=1
[2026-08-02T02:01:13.707+0000] {subprocess.py:106} INFO - [0m02:01:13  Running with dbt=1.11.12
[2026-08-02T02:01:19.186+0000] {subprocess.py:106} INFO - [0m02:01:19  Registered adapter: postgres=1.9.0
[2026-08-02T02:07:48.222+0000] {job.py:229} INFO - Heartbeat recovered after 382.72 seconds
[2026-08-02T02:08:04.840+0000] {local_task_job_runner.py:228} ERROR - Heartbeat time limit exceeded!
[2026-08-02T02:08:05.958+0000] {local_task_job_runner.py:245} INFO - ::endgroup::
[2026-08-02T02:08:06.141+0000] {process_utils.py:132} INFO - Sending 15 to group 286. PIDs of all processes in the group: [288, 302, 286]
[2026-08-02T02:08:06.149+0000] {process_utils.py:87} INFO - Sending the signal 15 to group 286
[2026-08-02T02:08:06.613+0000] {taskinstance.py:3094} ERROR - Received SIGTERM. Terminating subprocesses.
[2026-08-02T02:08:06.899+0000] {taskinstance.py:3095} ERROR - Stacktrace: 
  File "/home/***/.local/bin/celery", line 8, in <module>
    sys.exit(main())
  File "/home/***/.local/lib/python3.11/site-packages/celery/__main__.py", line 15, in main
    sys.exit(_main())
  File "/home/***/.local/lib/python3.11/site-packages/celery/bin/celery.py", line 236, in main
    return celery(auto_envvar_prefix="CELERY")
  File "/home/***/.local/lib/python3.11/site-packages/click/core.py", line 1569, in __call__
    return self.main(*args, **kwargs)
  File "/home/***/.local/lib/python3.11/site-packages/click/core.py", line 1490, in main
    rv = self.invoke(ctx)
  File "/home/***/.local/lib/python3.11/site-packages/click/core.py", line 1970, in invoke
    return _process_result(sub_ctx.command.invoke(sub_ctx))
  File "/home/***/.local/lib/python3.11/site-packages/click/core.py", line 1353, in invoke
    return ctx.invoke(self.callback, **ctx.params)
  File "/home/***/.local/lib/python3.11/site-packages/click/core.py", line 907, in invoke
    return callback(*args, **kwargs)
  File "/home/***/.local/lib/python3.11/site-packages/click/decorators.py", line 34, in new_func
    return f(get_current_context(), *args, **kwargs)
  File "/home/***/.local/lib/python3.11/site-packages/celery/bin/base.py", line 135, in caller
    return f(ctx, *args, **kwargs)
  File "/home/***/.local/lib/python3.11/site-packages/celery/bin/worker.py", line 356, in worker
    worker.start()
  File "/home/***/.local/lib/python3.11/site-packages/celery/worker/worker.py", line 202, in start
    self.blueprint.start(self)
  File "/home/***/.local/lib/python3.11/site-packages/celery/bootsteps.py", line 116, in start
    step.start(parent)
  File "/home/***/.local/lib/python3.11/site-packages/celery/bootsteps.py", line 365, in start
    return self.obj.start()
  File "/home/***/.local/lib/python3.11/site-packages/celery/concurrency/base.py", line 130, in start
    self.on_start()
  File "/home/***/.local/lib/python3.11/site-packages/celery/concurrency/prefork.py", line 109, in on_start
    P = self._pool = Pool(processes=self.limit,
  File "/home/***/.local/lib/python3.11/site-packages/celery/concurrency/asynpool.py", line 464, in __init__
    super().__init__(processes, *args, **kwargs)
  File "/home/***/.local/lib/python3.11/site-packages/billiard/pool.py", line 1046, in __init__
    self._create_worker_process(i)
  File "/home/***/.local/lib/python3.11/site-packages/celery/concurrency/asynpool.py", line 482, in _create_worker_process
    return super()._create_worker_process(i)
  File "/home/***/.local/lib/python3.11/site-packages/billiard/pool.py", line 1158, in _create_worker_process
    w.start()
  File "/home/***/.local/lib/python3.11/site-packages/billiard/process.py", line 120, in start
    self._popen = self._Popen(self)
  File "/home/***/.local/lib/python3.11/site-packages/billiard/context.py", line 331, in _Popen
    return Popen(process_obj)
  File "/home/***/.local/lib/python3.11/site-packages/billiard/popen_fork.py", line 22, in __init__
    self._launch(process_obj)
  File "/home/***/.local/lib/python3.11/site-packages/billiard/popen_fork.py", line 77, in _launch
    code = process_obj._bootstrap()
  File "/home/***/.local/lib/python3.11/site-packages/billiard/process.py", line 323, in _bootstrap
    self.run()
  File "/home/***/.local/lib/python3.11/site-packages/billiard/process.py", line 110, in run
    self._target(*self._args, **self._kwargs)
  File "/home/***/.local/lib/python3.11/site-packages/billiard/pool.py", line 292, in __call__
    sys.exit(self.workloop(pid=pid))
  File "/home/***/.local/lib/python3.11/site-packages/billiard/pool.py", line 362, in workloop
    result = (True, prepare_result(fun(*args, **kwargs)))
  File "/home/***/.local/lib/python3.11/site-packages/celery/app/trace.py", line 651, in fast_trace_task
    R, I, T, Rstr = tasks[task].__trace__(
  File "/home/***/.local/lib/python3.11/site-packages/celery/app/trace.py", line 453, in trace_task
    R = retval = fun(*args, **kwargs)
  File "/home/***/.local/lib/python3.11/site-packages/celery/app/trace.py", line 736, in __protected_call__
    return self.run(*args, **kwargs)
  File "/home/***/.local/lib/python3.11/site-packages/***/providers/celery/executors/celery_executor_utils.py", line 139, in execute_command
    _execute_in_fork(command_to_exec, celery_task_id)
  File "/home/***/.local/lib/python3.11/site-packages/***/providers/celery/executors/celery_executor_utils.py", line 171, in _execute_in_fork
    args.func(args)
  File "/home/***/.local/lib/python3.11/site-packages/***/cli/cli_config.py", line 49, in command
    return func(*args, **kwargs)
  File "/home/***/.local/lib/python3.11/site-packages/***/utils/cli.py", line 116, in wrapper
    return f(*args, **kwargs)
  File "/home/***/.local/lib/python3.11/site-packages/***/cli/commands/task_command.py", line 483, in task_run
    task_return_code = _run_task_by_selected_method(args, _dag, ti)
  File "/home/***/.local/lib/python3.11/site-packages/***/cli/commands/task_command.py", line 254, in _run_task_by_selected_method
    return _run_task_by_local_task_job(args, ti)
  File "/home/***/.local/lib/python3.11/site-packages/***/cli/commands/task_command.py", line 322, in _run_task_by_local_task_job
    ret = run_job(job=job_runner.job, execute_callable=job_runner._execute)
  File "/home/***/.local/lib/python3.11/site-packages/***/utils/session.py", line 97, in wrapper
    return func(*args, session=session, **kwargs)
  File "/home/***/.local/lib/python3.11/site-packages/***/jobs/job.py", line 421, in run_job
    return execute_job(job, execute_callable=execute_callable)
  File "/home/***/.local/lib/python3.11/site-packages/***/jobs/job.py", line 450, in execute_job
    ret = execute_callable()
  File "/home/***/.local/lib/python3.11/site-packages/***/jobs/local_task_job_runner.py", line 171, in _execute
    self.task_runner.start()
  File "/home/***/.local/lib/python3.11/site-packages/***/task/task_runner/standard_task_runner.py", line 55, in start
    self.process = self._start_by_fork()
  File "/home/***/.local/lib/python3.11/site-packages/***/task/task_runner/standard_task_runner.py", line 117, in _start_by_fork
    ret = args.func(args, dag=self.dag)
  File "/home/***/.local/lib/python3.11/site-packages/***/cli/cli_config.py", line 49, in command
    return func(*args, **kwargs)
  File "/home/***/.local/lib/python3.11/site-packages/***/utils/cli.py", line 116, in wrapper
    return f(*args, **kwargs)
  File "/home/***/.local/lib/python3.11/site-packages/***/cli/commands/task_command.py", line 483, in task_run
    task_return_code = _run_task_by_selected_method(args, _dag, ti)
  File "/home/***/.local/lib/python3.11/site-packages/***/cli/commands/task_command.py", line 256, in _run_task_by_selected_method
    return _run_raw_task(args, ti)
  File "/home/***/.local/lib/python3.11/site-packages/***/cli/commands/task_command.py", line 341, in _run_raw_task
    return ti._run_raw_task(
  File "/home/***/.local/lib/python3.11/site-packages/***/utils/session.py", line 97, in wrapper
    return func(*args, session=session, **kwargs)
  File "/home/***/.local/lib/python3.11/site-packages/***/models/taskinstance.py", line 3006, in _run_raw_task
    return _run_raw_task(
  File "/home/***/.local/lib/python3.11/site-packages/***/models/taskinstance.py", line 274, in _run_raw_task
    TaskInstance._execute_task_with_callbacks(
  File "/home/***/.local/lib/python3.11/site-packages/***/models/taskinstance.py", line 3161, in _execute_task_with_callbacks
    result = self._execute_task(context, task_orig)
  File "/home/***/.local/lib/python3.11/site-packages/***/models/taskinstance.py", line 3185, in _execute_task
    return _execute_task(self, context, task_orig)
  File "/home/***/.local/lib/python3.11/site-packages/***/models/taskinstance.py", line 768, in _execute_task
    result = _execute_callable(context=context, **execute_callable_kwargs)
  File "/home/***/.local/lib/python3.11/site-packages/***/models/taskinstance.py", line 734, in _execute_callable
    return ExecutionCallableRunner(
  File "/home/***/.local/lib/python3.11/site-packages/***/utils/operator_helpers.py", line 252, in run
    return self.func(*args, **kwargs)
  File "/home/***/.local/lib/python3.11/site-packages/***/models/baseoperator.py", line 424, in wrapper
    return func(self, *args, **kwargs)
  File "/home/***/.local/lib/python3.11/site-packages/***/operators/bash.py", line 257, in execute
    result = self._run_inline_command(bash_path=bash_path, env=env)
  File "/home/***/.local/lib/python3.11/site-packages/***/operators/bash.py", line 284, in _run_inline_command
    return self.subprocess_hook.run_command(
  File "/home/***/.local/lib/python3.11/site-packages/***/hooks/subprocess.py", line 104, in run_command
    for raw_line in iter(self.sub_process.stdout.readline, b""):
  File "/home/***/.local/lib/python3.11/site-packages/***/models/taskinstance.py", line 3095, in signal_handler
    self.log.error("Stacktrace: \n%s", "".join(traceback.format_stack()))

[2026-08-02T02:08:06.917+0000] {subprocess.py:117} INFO - Sending SIGTERM signal to process group
[2026-08-02T02:08:09.811+0000] {taskinstance.py:3313} ERROR - Task failed with exception
Traceback (most recent call last):
  File "/home/airflow/.local/lib/python3.11/site-packages/airflow/models/taskinstance.py", line 768, in _execute_task
    result = _execute_callable(context=context, **execute_callable_kwargs)
             ^^^^^^^^^^^^^^^^^^^^^^^^^^^^^^^^^^^^^^^^^^^^^^^^^^^^^^^^^^^^^
  File "/home/airflow/.local/lib/python3.11/site-packages/airflow/models/taskinstance.py", line 734, in _execute_callable
    return ExecutionCallableRunner(
           ^^^^^^^^^^^^^^^^^^^^^^^^
  File "/home/airflow/.local/lib/python3.11/site-packages/airflow/utils/operator_helpers.py", line 252, in run
    return self.func(*args, **kwargs)
           ^^^^^^^^^^^^^^^^^^^^^^^^^^
  File "/home/airflow/.local/lib/python3.11/site-packages/airflow/models/baseoperator.py", line 424, in wrapper
    return func(self, *args, **kwargs)
           ^^^^^^^^^^^^^^^^^^^^^^^^^^^
  File "/home/airflow/.local/lib/python3.11/site-packages/airflow/operators/bash.py", line 257, in execute
    result = self._run_inline_command(bash_path=bash_path, env=env)
             ^^^^^^^^^^^^^^^^^^^^^^^^^^^^^^^^^^^^^^^^^^^^^^^^^^^^^^
  File "/home/airflow/.local/lib/python3.11/site-packages/airflow/operators/bash.py", line 284, in _run_inline_command
    return self.subprocess_hook.run_command(
           ^^^^^^^^^^^^^^^^^^^^^^^^^^^^^^^^^
  File "/home/airflow/.local/lib/python3.11/site-packages/airflow/hooks/subprocess.py", line 104, in run_command
    for raw_line in iter(self.sub_process.stdout.readline, b""):
  File "/home/airflow/.local/lib/python3.11/site-packages/airflow/models/taskinstance.py", line 3097, in signal_handler
    raise AirflowTaskTerminated("Task received SIGTERM signal")
airflow.exceptions.AirflowTaskTerminated: Task received SIGTERM signal
[2026-08-02T02:08:11.567+0000] {taskinstance.py:1226} INFO - Marking task as UP_FOR_RETRY. dag_id=avito_to_raw_midraw, task_id=dbt_build_midraw, run_id=scheduled__2026-08-02T01:00:00+00:00, execution_date=20260802T010000, start_date=20260802T020006, end_date=20260802T020811
[2026-08-02T02:08:15.335+0000] {taskinstance.py:341} INFO - ::group::Post task execution logs
[2026-08-02T02:08:15.577+0000] {process_utils.py:80} INFO - Process psutil.Process(pid=302, status='terminated', started='02:01:19') (302) terminated with exit code None
[2026-08-02T02:08:16.365+0000] {process_utils.py:80} INFO - Process psutil.Process(pid=288, status='terminated', started='02:00:07') (288) terminated with exit code None
[2026-08-02T02:08:16.367+0000] {process_utils.py:80} INFO - Process psutil.Process(pid=286, status='terminated', exitcode=2, started='02:00:06') (286) terminated with exit code 2
[2026-08-02T02:08:18.117+0000] {standard_task_runner.py:217} INFO - Process not found (most likely exited), stop collecting metrics
