[2026-07-24T02:39:56.060+0000] {local_task_job_runner.py:123} INFO - ::group::Pre task execution logs
[2026-07-24T02:39:56.071+0000] {taskinstance.py:2614} INFO - Dependencies all met for dep_context=non-requeueable deps ti=<TaskInstance: avito_to_raw_midraw.dbt_build_midraw scheduled__2026-07-24T01:00:00+00:00 [queued]>
[2026-07-24T02:39:56.075+0000] {taskinstance.py:2614} INFO - Dependencies all met for dep_context=requeueable deps ti=<TaskInstance: avito_to_raw_midraw.dbt_build_midraw scheduled__2026-07-24T01:00:00+00:00 [queued]>
[2026-07-24T02:39:56.075+0000] {taskinstance.py:2867} INFO - Starting attempt 1 of 2
[2026-07-24T02:39:56.080+0000] {taskinstance.py:2890} INFO - Executing <Task(BashOperator): dbt_build_midraw> on 2026-07-24 01:00:00+00:00
[2026-07-24T02:39:56.082+0000] {standard_task_runner.py:72} INFO - Started process 1688 to run task
[2026-07-24T02:39:56.084+0000] {standard_task_runner.py:104} INFO - Running: ['***', 'tasks', 'run', 'avito_to_raw_midraw', 'dbt_build_midraw', 'scheduled__2026-07-24T01:00:00+00:00', '--job-id', '242', '--raw', '--subdir', 'DAGS_FOLDER/avito_to_raw_midraw.py', '--cfg-path', '/tmp/tmp8jjrdip1']
[2026-07-24T02:39:56.086+0000] {standard_task_runner.py:105} INFO - Job 242: Subtask dbt_build_midraw
[2026-07-24T02:39:56.112+0000] {task_command.py:467} INFO - Running <TaskInstance: avito_to_raw_midraw.dbt_build_midraw scheduled__2026-07-24T01:00:00+00:00 [running]> on host 4c6dd7d943f5
[2026-07-24T02:39:56.254+0000] {taskinstance.py:3134} INFO - Exporting env vars: AIRFLOW_CTX_DAG_OWNER='data-eng' AIRFLOW_CTX_DAG_ID='avito_to_raw_midraw' AIRFLOW_CTX_TASK_ID='dbt_build_midraw' AIRFLOW_CTX_EXECUTION_DATE='2026-07-24T01:00:00+00:00' AIRFLOW_CTX_TRY_NUMBER='1' AIRFLOW_CTX_DAG_RUN_ID='scheduled__2026-07-24T01:00:00+00:00'
[2026-07-24T02:39:56.255+0000] {taskinstance.py:732} INFO - ::endgroup::
[2026-07-24T02:39:56.259+0000] {subprocess.py:78} INFO - Tmp dir root location: /tmp
[2026-07-24T02:39:56.260+0000] {subprocess.py:88} INFO - Running command: ['/usr/bin/bash', '-c', 'cd /opt/***/dbt && dbt run --profiles-dir . --select avito_ads && dbt test --profiles-dir . --select avito_ads']
[2026-07-24T02:39:56.264+0000] {subprocess.py:99} INFO - Output:
[2026-07-24T02:39:57.158+0000] {subprocess.py:106} INFO - [0m02:39:57  Running with dbt=1.11.12
[2026-07-24T02:39:57.249+0000] {subprocess.py:106} INFO - [0m02:39:57  Registered adapter: postgres=1.9.0
[2026-07-24T02:39:57.446+0000] {subprocess.py:106} INFO - [0m02:39:57  Found 1 model, 4 data tests, 3 sources, 475 macros
[2026-07-24T02:39:57.447+0000] {subprocess.py:106} INFO - [0m02:39:57
[2026-07-24T02:39:57.448+0000] {subprocess.py:106} INFO - [0m02:39:57  Concurrency: 4 threads (target='dev')
[2026-07-24T02:39:57.448+0000] {subprocess.py:106} INFO - [0m02:39:57
[2026-07-24T02:39:57.496+0000] {subprocess.py:106} INFO - [0m02:39:57  1 of 1 START sql table model midraw.avito_ads .................................. [RUN]
[2026-07-24T02:39:57.560+0000] {subprocess.py:106} INFO - [0m02:39:57  1 of 1 OK created sql table model midraw.avito_ads ............................. [[32mSELECT 2198[0m in 0.06s]
[2026-07-24T02:39:57.567+0000] {subprocess.py:106} INFO - [0m02:39:57
[2026-07-24T02:39:57.567+0000] {subprocess.py:106} INFO - [0m02:39:57  Finished running 1 table model in 0 hours 0 minutes and 0.12 seconds (0.12s).
[2026-07-24T02:39:57.591+0000] {subprocess.py:106} INFO - [0m02:39:57
[2026-07-24T02:39:57.591+0000] {subprocess.py:106} INFO - [0m02:39:57  [32mCompleted successfully[0m
[2026-07-24T02:39:57.591+0000] {subprocess.py:106} INFO - [0m02:39:57
[2026-07-24T02:39:57.592+0000] {subprocess.py:106} INFO - [0m02:39:57  Done. PASS=1 WARN=0 ERROR=0 SKIP=0 NO-OP=0 TOTAL=1
[2026-07-24T02:39:59.502+0000] {subprocess.py:106} INFO - [0m02:39:59  Running with dbt=1.11.12
[2026-07-24T02:39:59.602+0000] {subprocess.py:106} INFO - [0m02:39:59  Registered adapter: postgres=1.9.0
[2026-07-24T02:39:59.821+0000] {subprocess.py:106} INFO - [0m02:39:59  Found 1 model, 4 data tests, 3 sources, 475 macros
[2026-07-24T02:39:59.822+0000] {subprocess.py:106} INFO - [0m02:39:59
[2026-07-24T02:39:59.822+0000] {subprocess.py:106} INFO - [0m02:39:59  Concurrency: 4 threads (target='dev')
[2026-07-24T02:39:59.822+0000] {subprocess.py:106} INFO - [0m02:39:59
[2026-07-24T02:39:59.866+0000] {subprocess.py:106} INFO - [0m02:39:59  1 of 4 START test accepted_values_avito_ads_source_system__avito__synthetic_avito  [RUN]
[2026-07-24T02:39:59.866+0000] {subprocess.py:106} INFO - [0m02:39:59  2 of 4 START test not_null_avito_ads_avito_id .................................. [RUN]
[2026-07-24T02:39:59.866+0000] {subprocess.py:106} INFO - [0m02:39:59  3 of 4 START test not_null_avito_ads_title ..................................... [RUN]
[2026-07-24T02:39:59.867+0000] {subprocess.py:106} INFO - [0m02:39:59  4 of 4 START test not_null_avito_ads_url ....................................... [RUN]
[2026-07-24T02:39:59.923+0000] {subprocess.py:106} INFO - [0m02:39:59  2 of 4 PASS not_null_avito_ads_avito_id ........................................ [[32mPASS[0m in 0.06s]
[2026-07-24T02:39:59.923+0000] {subprocess.py:106} INFO - [0m02:39:59  1 of 4 PASS accepted_values_avito_ads_source_system__avito__synthetic_avito .... [[32mPASS[0m in 0.06s]
[2026-07-24T02:39:59.924+0000] {subprocess.py:106} INFO - [0m02:39:59  4 of 4 PASS not_null_avito_ads_url ............................................. [[32mPASS[0m in 0.06s]
[2026-07-24T02:39:59.924+0000] {subprocess.py:106} INFO - [0m02:39:59  3 of 4 PASS not_null_avito_ads_title ........................................... [[32mPASS[0m in 0.06s]
[2026-07-24T02:39:59.933+0000] {subprocess.py:106} INFO - [0m02:39:59
[2026-07-24T02:39:59.934+0000] {subprocess.py:106} INFO - [0m02:39:59  Finished running 4 data tests in 0 hours 0 minutes and 0.11 seconds (0.11s).
[2026-07-24T02:39:59.961+0000] {subprocess.py:106} INFO - [0m02:39:59
[2026-07-24T02:39:59.961+0000] {subprocess.py:106} INFO - [0m02:39:59  [32mCompleted successfully[0m
[2026-07-24T02:39:59.961+0000] {subprocess.py:106} INFO - [0m02:39:59
[2026-07-24T02:39:59.962+0000] {subprocess.py:106} INFO - [0m02:39:59  Done. PASS=4 WARN=0 ERROR=0 SKIP=0 NO-OP=0 TOTAL=4
[2026-07-24T02:40:00.706+0000] {subprocess.py:110} INFO - Command exited with return code 0
[2026-07-24T02:40:00.725+0000] {taskinstance.py:341} INFO - ::group::Post task execution logs
[2026-07-24T02:40:00.725+0000] {taskinstance.py:353} INFO - Marking task as SUCCESS. dag_id=avito_to_raw_midraw, task_id=dbt_build_midraw, run_id=scheduled__2026-07-24T01:00:00+00:00, execution_date=20260724T010000, start_date=20260724T023956, end_date=20260724T024000
[2026-07-24T02:40:00.789+0000] {local_task_job_runner.py:266} INFO - Task exited with return code 0
[2026-07-24T02:40:00.801+0000] {taskinstance.py:3901} INFO - 0 downstream tasks scheduled from follow-on schedule check
[2026-07-24T02:40:00.801+0000] {local_task_job_runner.py:245} INFO - ::endgroup::
