[2026-07-26T17:05:46.656+0000] {local_task_job_runner.py:123} INFO - ::group::Pre task execution logs
[2026-07-26T17:05:46.670+0000] {taskinstance.py:2614} INFO - Dependencies all met for dep_context=non-requeueable deps ti=<TaskInstance: avito_to_raw_midraw.dbt_build_midraw scheduled__2026-07-26T16:00:00+00:00 [queued]>
[2026-07-26T17:05:46.675+0000] {taskinstance.py:2614} INFO - Dependencies all met for dep_context=requeueable deps ti=<TaskInstance: avito_to_raw_midraw.dbt_build_midraw scheduled__2026-07-26T16:00:00+00:00 [queued]>
[2026-07-26T17:05:46.676+0000] {taskinstance.py:2867} INFO - Starting attempt 1 of 2
[2026-07-26T17:05:46.683+0000] {taskinstance.py:2890} INFO - Executing <Task(BashOperator): dbt_build_midraw> on 2026-07-26 16:00:00+00:00
[2026-07-26T17:05:46.685+0000] {standard_task_runner.py:72} INFO - Started process 3529 to run task
[2026-07-26T17:05:46.688+0000] {standard_task_runner.py:104} INFO - Running: ['***', 'tasks', 'run', 'avito_to_raw_midraw', 'dbt_build_midraw', 'scheduled__2026-07-26T16:00:00+00:00', '--job-id', '368', '--raw', '--subdir', 'DAGS_FOLDER/avito_to_raw_midraw.py', '--cfg-path', '/tmp/tmp4a6dd72f']
[2026-07-26T17:05:46.690+0000] {standard_task_runner.py:105} INFO - Job 368: Subtask dbt_build_midraw
[2026-07-26T17:05:46.724+0000] {task_command.py:467} INFO - Running <TaskInstance: avito_to_raw_midraw.dbt_build_midraw scheduled__2026-07-26T16:00:00+00:00 [running]> on host 4c6dd7d943f5
[2026-07-26T17:05:46.910+0000] {taskinstance.py:3134} INFO - Exporting env vars: AIRFLOW_CTX_DAG_OWNER='data-eng' AIRFLOW_CTX_DAG_ID='avito_to_raw_midraw' AIRFLOW_CTX_TASK_ID='dbt_build_midraw' AIRFLOW_CTX_EXECUTION_DATE='2026-07-26T16:00:00+00:00' AIRFLOW_CTX_TRY_NUMBER='1' AIRFLOW_CTX_DAG_RUN_ID='scheduled__2026-07-26T16:00:00+00:00'
[2026-07-26T17:05:46.910+0000] {taskinstance.py:732} INFO - ::endgroup::
[2026-07-26T17:05:46.916+0000] {subprocess.py:78} INFO - Tmp dir root location: /tmp
[2026-07-26T17:05:46.918+0000] {subprocess.py:88} INFO - Running command: ['/usr/bin/bash', '-c', 'cd /opt/***/dbt && dbt run --profiles-dir . --select avito_ads && dbt test --profiles-dir . --select avito_ads']
[2026-07-26T17:05:46.928+0000] {subprocess.py:99} INFO - Output:
[2026-07-26T17:05:48.281+0000] {subprocess.py:106} INFO - [0m17:05:48  Running with dbt=1.11.12
[2026-07-26T17:05:48.438+0000] {subprocess.py:106} INFO - [0m17:05:48  Registered adapter: postgres=1.9.0
[2026-07-26T17:05:48.708+0000] {subprocess.py:106} INFO - [0m17:05:48  Found 1 model, 4 data tests, 3 sources, 475 macros
[2026-07-26T17:05:48.709+0000] {subprocess.py:106} INFO - [0m17:05:48
[2026-07-26T17:05:48.710+0000] {subprocess.py:106} INFO - [0m17:05:48  Concurrency: 4 threads (target='dev')
[2026-07-26T17:05:48.710+0000] {subprocess.py:106} INFO - [0m17:05:48
[2026-07-26T17:05:48.778+0000] {subprocess.py:106} INFO - [0m17:05:48  1 of 1 START sql table model midraw.avito_ads .................................. [RUN]
[2026-07-26T17:05:48.885+0000] {subprocess.py:106} INFO - [0m17:05:48  1 of 1 OK created sql table model midraw.avito_ads ............................. [[32mSELECT 707[0m in 0.10s]
[2026-07-26T17:05:48.894+0000] {subprocess.py:106} INFO - [0m17:05:48
[2026-07-26T17:05:48.895+0000] {subprocess.py:106} INFO - [0m17:05:48  Finished running 1 table model in 0 hours 0 minutes and 0.18 seconds (0.18s).
[2026-07-26T17:05:48.925+0000] {subprocess.py:106} INFO - [0m17:05:48
[2026-07-26T17:05:48.925+0000] {subprocess.py:106} INFO - [0m17:05:48  [32mCompleted successfully[0m
[2026-07-26T17:05:48.925+0000] {subprocess.py:106} INFO - [0m17:05:48
[2026-07-26T17:05:48.926+0000] {subprocess.py:106} INFO - [0m17:05:48  Done. PASS=1 WARN=0 ERROR=0 SKIP=0 NO-OP=0 TOTAL=1
[2026-07-26T17:05:51.333+0000] {subprocess.py:106} INFO - [0m17:05:51  Running with dbt=1.11.12
[2026-07-26T17:05:51.450+0000] {subprocess.py:106} INFO - [0m17:05:51  Registered adapter: postgres=1.9.0
[2026-07-26T17:05:51.706+0000] {subprocess.py:106} INFO - [0m17:05:51  Found 1 model, 4 data tests, 3 sources, 475 macros
[2026-07-26T17:05:51.708+0000] {subprocess.py:106} INFO - [0m17:05:51
[2026-07-26T17:05:51.709+0000] {subprocess.py:106} INFO - [0m17:05:51  Concurrency: 4 threads (target='dev')
[2026-07-26T17:05:51.709+0000] {subprocess.py:106} INFO - [0m17:05:51
[2026-07-26T17:05:51.760+0000] {subprocess.py:106} INFO - [0m17:05:51  1 of 4 START test accepted_values_avito_ads_source_system__avito__synthetic_avito  [RUN]
[2026-07-26T17:05:51.761+0000] {subprocess.py:106} INFO - [0m17:05:51  2 of 4 START test not_null_avito_ads_avito_id .................................. [RUN]
[2026-07-26T17:05:51.761+0000] {subprocess.py:106} INFO - [0m17:05:51  3 of 4 START test not_null_avito_ads_title ..................................... [RUN]
[2026-07-26T17:05:51.762+0000] {subprocess.py:106} INFO - [0m17:05:51  4 of 4 START test not_null_avito_ads_url ....................................... [RUN]
[2026-07-26T17:05:51.821+0000] {subprocess.py:106} INFO - [0m17:05:51  2 of 4 PASS not_null_avito_ads_avito_id ........................................ [[32mPASS[0m in 0.06s]
[2026-07-26T17:05:51.823+0000] {subprocess.py:106} INFO - [0m17:05:51  3 of 4 PASS not_null_avito_ads_title ........................................... [[32mPASS[0m in 0.06s]
[2026-07-26T17:05:51.824+0000] {subprocess.py:106} INFO - [0m17:05:51  4 of 4 PASS not_null_avito_ads_url ............................................. [[32mPASS[0m in 0.06s]
[2026-07-26T17:05:51.824+0000] {subprocess.py:106} INFO - [0m17:05:51  1 of 4 PASS accepted_values_avito_ads_source_system__avito__synthetic_avito .... [[32mPASS[0m in 0.06s]
[2026-07-26T17:05:51.835+0000] {subprocess.py:106} INFO - [0m17:05:51
[2026-07-26T17:05:51.836+0000] {subprocess.py:106} INFO - [0m17:05:51  Finished running 4 data tests in 0 hours 0 minutes and 0.13 seconds (0.13s).
[2026-07-26T17:05:51.864+0000] {subprocess.py:106} INFO - [0m17:05:51
[2026-07-26T17:05:51.864+0000] {subprocess.py:106} INFO - [0m17:05:51  [32mCompleted successfully[0m
[2026-07-26T17:05:51.864+0000] {subprocess.py:106} INFO - [0m17:05:51
[2026-07-26T17:05:51.865+0000] {subprocess.py:106} INFO - [0m17:05:51  Done. PASS=4 WARN=0 ERROR=0 SKIP=0 NO-OP=0 TOTAL=4
[2026-07-26T17:05:52.613+0000] {subprocess.py:110} INFO - Command exited with return code 0
[2026-07-26T17:05:52.640+0000] {taskinstance.py:341} INFO - ::group::Post task execution logs
[2026-07-26T17:05:52.641+0000] {taskinstance.py:353} INFO - Marking task as SUCCESS. dag_id=avito_to_raw_midraw, task_id=dbt_build_midraw, run_id=scheduled__2026-07-26T16:00:00+00:00, execution_date=20260726T160000, start_date=20260726T170546, end_date=20260726T170552
[2026-07-26T17:05:52.698+0000] {local_task_job_runner.py:266} INFO - Task exited with return code 0
[2026-07-26T17:05:52.711+0000] {taskinstance.py:3901} INFO - 0 downstream tasks scheduled from follow-on schedule check
[2026-07-26T17:05:52.712+0000] {local_task_job_runner.py:245} INFO - ::endgroup::
