[2026-07-12T03:03:13.928+0000] {local_task_job_runner.py:123} INFO - ::group::Pre task execution logs
[2026-07-12T03:03:13.938+0000] {taskinstance.py:2614} INFO - Dependencies all met for dep_context=non-requeueable deps ti=<TaskInstance: avito_to_raw_midraw.dbt_build_midraw scheduled__2026-07-12T02:00:00+00:00 [queued]>
[2026-07-12T03:03:13.943+0000] {taskinstance.py:2614} INFO - Dependencies all met for dep_context=requeueable deps ti=<TaskInstance: avito_to_raw_midraw.dbt_build_midraw scheduled__2026-07-12T02:00:00+00:00 [queued]>
[2026-07-12T03:03:13.943+0000] {taskinstance.py:2867} INFO - Starting attempt 1 of 2
[2026-07-12T03:03:13.948+0000] {taskinstance.py:2890} INFO - Executing <Task(BashOperator): dbt_build_midraw> on 2026-07-12 02:00:00+00:00
[2026-07-12T03:03:13.950+0000] {standard_task_runner.py:72} INFO - Started process 490 to run task
[2026-07-12T03:03:13.952+0000] {standard_task_runner.py:104} INFO - Running: ['***', 'tasks', 'run', 'avito_to_raw_midraw', 'dbt_build_midraw', 'scheduled__2026-07-12T02:00:00+00:00', '--job-id', '61', '--raw', '--subdir', 'DAGS_FOLDER/avito_to_raw_midraw.py', '--cfg-path', '/tmp/tmpbeypxh9m']
[2026-07-12T03:03:13.954+0000] {standard_task_runner.py:105} INFO - Job 61: Subtask dbt_build_midraw
[2026-07-12T03:03:13.982+0000] {task_command.py:467} INFO - Running <TaskInstance: avito_to_raw_midraw.dbt_build_midraw scheduled__2026-07-12T02:00:00+00:00 [running]> on host 5f8cb7b7a9c9
[2026-07-12T03:03:14.135+0000] {taskinstance.py:3134} INFO - Exporting env vars: AIRFLOW_CTX_DAG_OWNER='data-eng' AIRFLOW_CTX_DAG_ID='avito_to_raw_midraw' AIRFLOW_CTX_TASK_ID='dbt_build_midraw' AIRFLOW_CTX_EXECUTION_DATE='2026-07-12T02:00:00+00:00' AIRFLOW_CTX_TRY_NUMBER='1' AIRFLOW_CTX_DAG_RUN_ID='scheduled__2026-07-12T02:00:00+00:00'
[2026-07-12T03:03:14.135+0000] {taskinstance.py:732} INFO - ::endgroup::
[2026-07-12T03:03:14.140+0000] {subprocess.py:78} INFO - Tmp dir root location: /tmp
[2026-07-12T03:03:14.141+0000] {subprocess.py:88} INFO - Running command: ['/usr/bin/bash', '-c', 'cd /opt/***/dbt && dbt run --profiles-dir . --select avito_ads && dbt test --profiles-dir . --select avito_ads']
[2026-07-12T03:03:14.146+0000] {subprocess.py:99} INFO - Output:
[2026-07-12T03:03:15.159+0000] {subprocess.py:106} INFO - [0m03:03:15  Running with dbt=1.11.12
[2026-07-12T03:03:15.264+0000] {subprocess.py:106} INFO - [0m03:03:15  Registered adapter: postgres=1.9.0
[2026-07-12T03:03:15.484+0000] {subprocess.py:106} INFO - [0m03:03:15  Found 1 model, 6 data tests, 1 source, 475 macros
[2026-07-12T03:03:15.486+0000] {subprocess.py:106} INFO - [0m03:03:15
[2026-07-12T03:03:15.486+0000] {subprocess.py:106} INFO - [0m03:03:15  Concurrency: 4 threads (target='dev')
[2026-07-12T03:03:15.487+0000] {subprocess.py:106} INFO - [0m03:03:15
[2026-07-12T03:03:15.544+0000] {subprocess.py:106} INFO - [0m03:03:15  1 of 1 START sql table model midraw.avito_ads .................................. [RUN]
[2026-07-12T03:03:20.519+0000] {subprocess.py:106} INFO - [0m03:03:20  1 of 1 OK created sql table model midraw.avito_ads ............................. [[32mSELECT 17719[0m in 4.97s]
[2026-07-12T03:03:20.528+0000] {subprocess.py:106} INFO - [0m03:03:20
[2026-07-12T03:03:20.528+0000] {subprocess.py:106} INFO - [0m03:03:20  Finished running 1 table model in 0 hours 0 minutes and 5.04 seconds (5.04s).
[2026-07-12T03:03:20.557+0000] {subprocess.py:106} INFO - [0m03:03:20
[2026-07-12T03:03:20.557+0000] {subprocess.py:106} INFO - [0m03:03:20  [32mCompleted successfully[0m
[2026-07-12T03:03:20.557+0000] {subprocess.py:106} INFO - [0m03:03:20
[2026-07-12T03:03:20.558+0000] {subprocess.py:106} INFO - [0m03:03:20  Done. PASS=1 WARN=0 ERROR=0 SKIP=0 NO-OP=0 TOTAL=1
[2026-07-12T03:03:22.428+0000] {subprocess.py:106} INFO - [0m03:03:22  Running with dbt=1.11.12
[2026-07-12T03:03:22.529+0000] {subprocess.py:106} INFO - [0m03:03:22  Registered adapter: postgres=1.9.0
[2026-07-12T03:03:22.749+0000] {subprocess.py:106} INFO - [0m03:03:22  Found 1 model, 6 data tests, 1 source, 475 macros
[2026-07-12T03:03:22.750+0000] {subprocess.py:106} INFO - [0m03:03:22
[2026-07-12T03:03:22.750+0000] {subprocess.py:106} INFO - [0m03:03:22  Concurrency: 4 threads (target='dev')
[2026-07-12T03:03:22.751+0000] {subprocess.py:106} INFO - [0m03:03:22
[2026-07-12T03:03:22.796+0000] {subprocess.py:106} INFO - [0m03:03:22  1 of 6 START test accepted_values_avito_ads_source_system__avito__synthetic_avito  [RUN]
[2026-07-12T03:03:22.797+0000] {subprocess.py:106} INFO - [0m03:03:22  2 of 6 START test not_null_avito_ads_avito_id .................................. [RUN]
[2026-07-12T03:03:22.797+0000] {subprocess.py:106} INFO - [0m03:03:22  3 of 6 START test not_null_avito_ads_row_number ................................ [RUN]
[2026-07-12T03:03:22.797+0000] {subprocess.py:106} INFO - [0m03:03:22  4 of 6 START test not_null_avito_ads_run_id .................................... [RUN]
[2026-07-12T03:03:22.858+0000] {subprocess.py:106} INFO - [0m03:03:22  4 of 6 PASS not_null_avito_ads_run_id .......................................... [[32mPASS[0m in 0.06s]
[2026-07-12T03:03:22.859+0000] {subprocess.py:106} INFO - [0m03:03:22  2 of 6 PASS not_null_avito_ads_avito_id ........................................ [[32mPASS[0m in 0.06s]
[2026-07-12T03:03:22.859+0000] {subprocess.py:106} INFO - [0m03:03:22  3 of 6 PASS not_null_avito_ads_row_number ...................................... [[32mPASS[0m in 0.06s]
[2026-07-12T03:03:22.859+0000] {subprocess.py:106} INFO - [0m03:03:22  1 of 6 PASS accepted_values_avito_ads_source_system__avito__synthetic_avito .... [[32mPASS[0m in 0.06s]
[2026-07-12T03:03:22.862+0000] {subprocess.py:106} INFO - [0m03:03:22  5 of 6 START test not_null_avito_ads_title ..................................... [RUN]
[2026-07-12T03:03:22.863+0000] {subprocess.py:106} INFO - [0m03:03:22  6 of 6 START test not_null_avito_ads_url ....................................... [RUN]
[2026-07-12T03:03:22.884+0000] {subprocess.py:106} INFO - [0m03:03:22  6 of 6 PASS not_null_avito_ads_url ............................................. [[32mPASS[0m in 0.02s]
[2026-07-12T03:03:22.885+0000] {subprocess.py:106} INFO - [0m03:03:22  5 of 6 PASS not_null_avito_ads_title ........................................... [[32mPASS[0m in 0.02s]
[2026-07-12T03:03:22.893+0000] {subprocess.py:106} INFO - [0m03:03:22
[2026-07-12T03:03:22.894+0000] {subprocess.py:106} INFO - [0m03:03:22  Finished running 6 data tests in 0 hours 0 minutes and 0.14 seconds (0.14s).
[2026-07-12T03:03:22.919+0000] {subprocess.py:106} INFO - [0m03:03:22
[2026-07-12T03:03:22.919+0000] {subprocess.py:106} INFO - [0m03:03:22  [32mCompleted successfully[0m
[2026-07-12T03:03:22.919+0000] {subprocess.py:106} INFO - [0m03:03:22
[2026-07-12T03:03:22.920+0000] {subprocess.py:106} INFO - [0m03:03:22  Done. PASS=6 WARN=0 ERROR=0 SKIP=0 NO-OP=0 TOTAL=6
[2026-07-12T03:03:23.671+0000] {subprocess.py:110} INFO - Command exited with return code 0
[2026-07-12T03:03:23.690+0000] {taskinstance.py:341} INFO - ::group::Post task execution logs
[2026-07-12T03:03:23.691+0000] {taskinstance.py:353} INFO - Marking task as SUCCESS. dag_id=avito_to_raw_midraw, task_id=dbt_build_midraw, run_id=scheduled__2026-07-12T02:00:00+00:00, execution_date=20260712T020000, start_date=20260712T030313, end_date=20260712T030323
[2026-07-12T03:03:23.726+0000] {local_task_job_runner.py:266} INFO - Task exited with return code 0
[2026-07-12T03:03:23.733+0000] {local_task_job_runner.py:245} INFO - ::endgroup::
