[2026-07-28T15:03:51.545+0000] {local_task_job_runner.py:123} INFO - ::group::Pre task execution logs
[2026-07-28T15:03:51.554+0000] {taskinstance.py:2614} INFO - Dependencies all met for dep_context=non-requeueable deps ti=<TaskInstance: avito_to_raw_midraw.dbt_build_midraw scheduled__2026-07-28T14:00:00+00:00 [queued]>
[2026-07-28T15:03:51.558+0000] {taskinstance.py:2614} INFO - Dependencies all met for dep_context=requeueable deps ti=<TaskInstance: avito_to_raw_midraw.dbt_build_midraw scheduled__2026-07-28T14:00:00+00:00 [queued]>
[2026-07-28T15:03:51.558+0000] {taskinstance.py:2867} INFO - Starting attempt 1 of 2
[2026-07-28T15:03:51.562+0000] {taskinstance.py:2890} INFO - Executing <Task(BashOperator): dbt_build_midraw> on 2026-07-28 14:00:00+00:00
[2026-07-28T15:03:51.565+0000] {standard_task_runner.py:72} INFO - Started process 4863 to run task
[2026-07-28T15:03:51.567+0000] {standard_task_runner.py:104} INFO - Running: ['***', 'tasks', 'run', 'avito_to_raw_midraw', 'dbt_build_midraw', 'scheduled__2026-07-28T14:00:00+00:00', '--job-id', '460', '--raw', '--subdir', 'DAGS_FOLDER/avito_to_raw_midraw.py', '--cfg-path', '/tmp/tmpmvdcdaz2']
[2026-07-28T15:03:51.568+0000] {standard_task_runner.py:105} INFO - Job 460: Subtask dbt_build_midraw
[2026-07-28T15:03:51.592+0000] {task_command.py:467} INFO - Running <TaskInstance: avito_to_raw_midraw.dbt_build_midraw scheduled__2026-07-28T14:00:00+00:00 [running]> on host 4c6dd7d943f5
[2026-07-28T15:03:51.722+0000] {taskinstance.py:3134} INFO - Exporting env vars: AIRFLOW_CTX_DAG_OWNER='data-eng' AIRFLOW_CTX_DAG_ID='avito_to_raw_midraw' AIRFLOW_CTX_TASK_ID='dbt_build_midraw' AIRFLOW_CTX_EXECUTION_DATE='2026-07-28T14:00:00+00:00' AIRFLOW_CTX_TRY_NUMBER='1' AIRFLOW_CTX_DAG_RUN_ID='scheduled__2026-07-28T14:00:00+00:00'
[2026-07-28T15:03:51.723+0000] {taskinstance.py:732} INFO - ::endgroup::
[2026-07-28T15:03:51.727+0000] {subprocess.py:78} INFO - Tmp dir root location: /tmp
[2026-07-28T15:03:51.728+0000] {subprocess.py:88} INFO - Running command: ['/usr/bin/bash', '-c', 'cd /opt/***/dbt && dbt run --profiles-dir . --select avito_ads && dbt test --profiles-dir . --select avito_ads']
[2026-07-28T15:03:51.733+0000] {subprocess.py:99} INFO - Output:
[2026-07-28T15:03:52.697+0000] {subprocess.py:106} INFO - [0m15:03:52  Running with dbt=1.11.12
[2026-07-28T15:03:52.800+0000] {subprocess.py:106} INFO - [0m15:03:52  Registered adapter: postgres=1.9.0
[2026-07-28T15:03:53.014+0000] {subprocess.py:106} INFO - [0m15:03:53  Found 1 model, 4 data tests, 3 sources, 475 macros
[2026-07-28T15:03:53.015+0000] {subprocess.py:106} INFO - [0m15:03:53
[2026-07-28T15:03:53.015+0000] {subprocess.py:106} INFO - [0m15:03:53  Concurrency: 4 threads (target='dev')
[2026-07-28T15:03:53.015+0000] {subprocess.py:106} INFO - [0m15:03:53
[2026-07-28T15:03:53.071+0000] {subprocess.py:106} INFO - [0m15:03:53  1 of 1 START sql table model midraw.avito_ads .................................. [RUN]
[2026-07-28T15:03:53.146+0000] {subprocess.py:106} INFO - [0m15:03:53  1 of 1 OK created sql table model midraw.avito_ads ............................. [[32mSELECT 1082[0m in 0.07s]
[2026-07-28T15:03:53.154+0000] {subprocess.py:106} INFO - [0m15:03:53
[2026-07-28T15:03:53.154+0000] {subprocess.py:106} INFO - [0m15:03:53  Finished running 1 table model in 0 hours 0 minutes and 0.14 seconds (0.14s).
[2026-07-28T15:03:53.180+0000] {subprocess.py:106} INFO - [0m15:03:53
[2026-07-28T15:03:53.180+0000] {subprocess.py:106} INFO - [0m15:03:53  [32mCompleted successfully[0m
[2026-07-28T15:03:53.181+0000] {subprocess.py:106} INFO - [0m15:03:53
[2026-07-28T15:03:53.181+0000] {subprocess.py:106} INFO - [0m15:03:53  Done. PASS=1 WARN=0 ERROR=0 SKIP=0 NO-OP=0 TOTAL=1
[2026-07-28T15:03:54.806+0000] {subprocess.py:106} INFO - [0m15:03:54  Running with dbt=1.11.12
[2026-07-28T15:03:54.905+0000] {subprocess.py:106} INFO - [0m15:03:54  Registered adapter: postgres=1.9.0
[2026-07-28T15:03:55.122+0000] {subprocess.py:106} INFO - [0m15:03:55  Found 1 model, 4 data tests, 3 sources, 475 macros
[2026-07-28T15:03:55.123+0000] {subprocess.py:106} INFO - [0m15:03:55
[2026-07-28T15:03:55.124+0000] {subprocess.py:106} INFO - [0m15:03:55  Concurrency: 4 threads (target='dev')
[2026-07-28T15:03:55.124+0000] {subprocess.py:106} INFO - [0m15:03:55
[2026-07-28T15:03:55.167+0000] {subprocess.py:106} INFO - [0m15:03:55  1 of 4 START test accepted_values_avito_ads_source_system__avito__synthetic_avito  [RUN]
[2026-07-28T15:03:55.168+0000] {subprocess.py:106} INFO - [0m15:03:55  2 of 4 START test not_null_avito_ads_avito_id .................................. [RUN]
[2026-07-28T15:03:55.168+0000] {subprocess.py:106} INFO - [0m15:03:55  3 of 4 START test not_null_avito_ads_title ..................................... [RUN]
[2026-07-28T15:03:55.168+0000] {subprocess.py:106} INFO - [0m15:03:55  4 of 4 START test not_null_avito_ads_url ....................................... [RUN]
[2026-07-28T15:03:55.220+0000] {subprocess.py:106} INFO - [0m15:03:55  1 of 4 PASS accepted_values_avito_ads_source_system__avito__synthetic_avito .... [[32mPASS[0m in 0.05s]
[2026-07-28T15:03:55.222+0000] {subprocess.py:106} INFO - [0m15:03:55  4 of 4 PASS not_null_avito_ads_url ............................................. [[32mPASS[0m in 0.05s]
[2026-07-28T15:03:55.222+0000] {subprocess.py:106} INFO - [0m15:03:55  3 of 4 PASS not_null_avito_ads_title ........................................... [[32mPASS[0m in 0.05s]
[2026-07-28T15:03:55.222+0000] {subprocess.py:106} INFO - [0m15:03:55  2 of 4 PASS not_null_avito_ads_avito_id ........................................ [[32mPASS[0m in 0.05s]
[2026-07-28T15:03:55.232+0000] {subprocess.py:106} INFO - [0m15:03:55
[2026-07-28T15:03:55.233+0000] {subprocess.py:106} INFO - [0m15:03:55  Finished running 4 data tests in 0 hours 0 minutes and 0.11 seconds (0.11s).
[2026-07-28T15:03:55.258+0000] {subprocess.py:106} INFO - [0m15:03:55
[2026-07-28T15:03:55.258+0000] {subprocess.py:106} INFO - [0m15:03:55  [32mCompleted successfully[0m
[2026-07-28T15:03:55.258+0000] {subprocess.py:106} INFO - [0m15:03:55
[2026-07-28T15:03:55.259+0000] {subprocess.py:106} INFO - [0m15:03:55  Done. PASS=4 WARN=0 ERROR=0 SKIP=0 NO-OP=0 TOTAL=4
[2026-07-28T15:03:55.959+0000] {subprocess.py:110} INFO - Command exited with return code 0
[2026-07-28T15:03:55.978+0000] {taskinstance.py:341} INFO - ::group::Post task execution logs
[2026-07-28T15:03:55.979+0000] {taskinstance.py:353} INFO - Marking task as SUCCESS. dag_id=avito_to_raw_midraw, task_id=dbt_build_midraw, run_id=scheduled__2026-07-28T14:00:00+00:00, execution_date=20260728T140000, start_date=20260728T150351, end_date=20260728T150355
[2026-07-28T15:03:56.027+0000] {local_task_job_runner.py:266} INFO - Task exited with return code 0
[2026-07-28T15:03:56.038+0000] {taskinstance.py:3901} INFO - 0 downstream tasks scheduled from follow-on schedule check
[2026-07-28T15:03:56.039+0000] {local_task_job_runner.py:245} INFO - ::endgroup::
