[2026-07-22T23:20:10.178+0000] {local_task_job_runner.py:123} INFO - ::group::Pre task execution logs
[2026-07-22T23:20:10.187+0000] {taskinstance.py:2614} INFO - Dependencies all met for dep_context=non-requeueable deps ti=<TaskInstance: avito_to_raw_midraw.dbt_build_midraw scheduled__2026-07-22T22:00:00+00:00 [queued]>
[2026-07-22T23:20:10.191+0000] {taskinstance.py:2614} INFO - Dependencies all met for dep_context=requeueable deps ti=<TaskInstance: avito_to_raw_midraw.dbt_build_midraw scheduled__2026-07-22T22:00:00+00:00 [queued]>
[2026-07-22T23:20:10.191+0000] {taskinstance.py:2867} INFO - Starting attempt 1 of 2
[2026-07-22T23:20:10.196+0000] {taskinstance.py:2890} INFO - Executing <Task(BashOperator): dbt_build_midraw> on 2026-07-22 22:00:00+00:00
[2026-07-22T23:20:10.198+0000] {standard_task_runner.py:72} INFO - Started process 905 to run task
[2026-07-22T23:20:10.201+0000] {standard_task_runner.py:104} INFO - Running: ['***', 'tasks', 'run', 'avito_to_raw_midraw', 'dbt_build_midraw', 'scheduled__2026-07-22T22:00:00+00:00', '--job-id', '188', '--raw', '--subdir', 'DAGS_FOLDER/avito_to_raw_midraw.py', '--cfg-path', '/tmp/tmpuv17ine5']
[2026-07-22T23:20:10.202+0000] {standard_task_runner.py:105} INFO - Job 188: Subtask dbt_build_midraw
[2026-07-22T23:20:10.226+0000] {task_command.py:467} INFO - Running <TaskInstance: avito_to_raw_midraw.dbt_build_midraw scheduled__2026-07-22T22:00:00+00:00 [running]> on host 4c6dd7d943f5
[2026-07-22T23:20:10.356+0000] {taskinstance.py:3134} INFO - Exporting env vars: AIRFLOW_CTX_DAG_OWNER='data-eng' AIRFLOW_CTX_DAG_ID='avito_to_raw_midraw' AIRFLOW_CTX_TASK_ID='dbt_build_midraw' AIRFLOW_CTX_EXECUTION_DATE='2026-07-22T22:00:00+00:00' AIRFLOW_CTX_TRY_NUMBER='1' AIRFLOW_CTX_DAG_RUN_ID='scheduled__2026-07-22T22:00:00+00:00'
[2026-07-22T23:20:10.357+0000] {taskinstance.py:732} INFO - ::endgroup::
[2026-07-22T23:20:10.361+0000] {subprocess.py:78} INFO - Tmp dir root location: /tmp
[2026-07-22T23:20:10.362+0000] {subprocess.py:88} INFO - Running command: ['/usr/bin/bash', '-c', 'cd /opt/***/dbt && dbt run --profiles-dir . --select avito_ads && dbt test --profiles-dir . --select avito_ads']
[2026-07-22T23:20:10.366+0000] {subprocess.py:99} INFO - Output:
[2026-07-22T23:20:11.237+0000] {subprocess.py:106} INFO - [0m23:20:11  Running with dbt=1.11.12
[2026-07-22T23:20:11.333+0000] {subprocess.py:106} INFO - [0m23:20:11  Registered adapter: postgres=1.9.0
[2026-07-22T23:20:11.538+0000] {subprocess.py:106} INFO - [0m23:20:11  Found 1 model, 4 data tests, 3 sources, 475 macros
[2026-07-22T23:20:11.539+0000] {subprocess.py:106} INFO - [0m23:20:11
[2026-07-22T23:20:11.540+0000] {subprocess.py:106} INFO - [0m23:20:11  Concurrency: 4 threads (target='dev')
[2026-07-22T23:20:11.540+0000] {subprocess.py:106} INFO - [0m23:20:11
[2026-07-22T23:20:11.589+0000] {subprocess.py:106} INFO - [0m23:20:11  1 of 1 START sql table model midraw.avito_ads .................................. [RUN]
[2026-07-22T23:20:11.655+0000] {subprocess.py:106} INFO - [0m23:20:11  1 of 1 OK created sql table model midraw.avito_ads ............................. [[32mSELECT 1980[0m in 0.06s]
[2026-07-22T23:20:11.662+0000] {subprocess.py:106} INFO - [0m23:20:11
[2026-07-22T23:20:11.662+0000] {subprocess.py:106} INFO - [0m23:20:11  Finished running 1 table model in 0 hours 0 minutes and 0.12 seconds (0.12s).
[2026-07-22T23:20:11.687+0000] {subprocess.py:106} INFO - [0m23:20:11
[2026-07-22T23:20:11.688+0000] {subprocess.py:106} INFO - [0m23:20:11  [32mCompleted successfully[0m
[2026-07-22T23:20:11.688+0000] {subprocess.py:106} INFO - [0m23:20:11
[2026-07-22T23:20:11.688+0000] {subprocess.py:106} INFO - [0m23:20:11  Done. PASS=1 WARN=0 ERROR=0 SKIP=0 NO-OP=0 TOTAL=1
[2026-07-22T23:20:13.508+0000] {subprocess.py:106} INFO - [0m23:20:13  Running with dbt=1.11.12
[2026-07-22T23:20:13.605+0000] {subprocess.py:106} INFO - [0m23:20:13  Registered adapter: postgres=1.9.0
[2026-07-22T23:20:13.814+0000] {subprocess.py:106} INFO - [0m23:20:13  Found 1 model, 4 data tests, 3 sources, 475 macros
[2026-07-22T23:20:13.816+0000] {subprocess.py:106} INFO - [0m23:20:13
[2026-07-22T23:20:13.816+0000] {subprocess.py:106} INFO - [0m23:20:13  Concurrency: 4 threads (target='dev')
[2026-07-22T23:20:13.816+0000] {subprocess.py:106} INFO - [0m23:20:13
[2026-07-22T23:20:13.866+0000] {subprocess.py:106} INFO - [0m23:20:13  1 of 4 START test accepted_values_avito_ads_source_system__avito__synthetic_avito  [RUN]
[2026-07-22T23:20:13.867+0000] {subprocess.py:106} INFO - [0m23:20:13  2 of 4 START test not_null_avito_ads_avito_id .................................. [RUN]
[2026-07-22T23:20:13.867+0000] {subprocess.py:106} INFO - [0m23:20:13  3 of 4 START test not_null_avito_ads_title ..................................... [RUN]
[2026-07-22T23:20:13.867+0000] {subprocess.py:106} INFO - [0m23:20:13  4 of 4 START test not_null_avito_ads_url ....................................... [RUN]
[2026-07-22T23:20:13.929+0000] {subprocess.py:106} INFO - [0m23:20:13  2 of 4 PASS not_null_avito_ads_avito_id ........................................ [[32mPASS[0m in 0.06s]
[2026-07-22T23:20:13.930+0000] {subprocess.py:106} INFO - [0m23:20:13  3 of 4 PASS not_null_avito_ads_title ........................................... [[32mPASS[0m in 0.06s]
[2026-07-22T23:20:13.931+0000] {subprocess.py:106} INFO - [0m23:20:13  4 of 4 PASS not_null_avito_ads_url ............................................. [[32mPASS[0m in 0.06s]
[2026-07-22T23:20:13.931+0000] {subprocess.py:106} INFO - [0m23:20:13  1 of 4 PASS accepted_values_avito_ads_source_system__avito__synthetic_avito .... [[32mPASS[0m in 0.06s]
[2026-07-22T23:20:13.944+0000] {subprocess.py:106} INFO - [0m23:20:13
[2026-07-22T23:20:13.946+0000] {subprocess.py:106} INFO - [0m23:20:13  Finished running 4 data tests in 0 hours 0 minutes and 0.13 seconds (0.13s).
[2026-07-22T23:20:13.979+0000] {subprocess.py:106} INFO - [0m23:20:13
[2026-07-22T23:20:13.979+0000] {subprocess.py:106} INFO - [0m23:20:13  [32mCompleted successfully[0m
[2026-07-22T23:20:13.980+0000] {subprocess.py:106} INFO - [0m23:20:13
[2026-07-22T23:20:13.980+0000] {subprocess.py:106} INFO - [0m23:20:13  Done. PASS=4 WARN=0 ERROR=0 SKIP=0 NO-OP=0 TOTAL=4
[2026-07-22T23:20:14.851+0000] {subprocess.py:110} INFO - Command exited with return code 0
[2026-07-22T23:20:14.866+0000] {taskinstance.py:341} INFO - ::group::Post task execution logs
[2026-07-22T23:20:14.866+0000] {taskinstance.py:353} INFO - Marking task as SUCCESS. dag_id=avito_to_raw_midraw, task_id=dbt_build_midraw, run_id=scheduled__2026-07-22T22:00:00+00:00, execution_date=20260722T220000, start_date=20260722T232010, end_date=20260722T232014
[2026-07-22T23:20:14.915+0000] {local_task_job_runner.py:266} INFO - Task exited with return code 0
[2026-07-22T23:20:14.924+0000] {taskinstance.py:3901} INFO - 0 downstream tasks scheduled from follow-on schedule check
[2026-07-22T23:20:14.925+0000] {local_task_job_runner.py:245} INFO - ::endgroup::
