[2026-07-04T14:00:01.415+0000] {local_task_job_runner.py:123} INFO - ::group::Pre task execution logs
[2026-07-04T14:00:01.446+0000] {taskinstance.py:2614} INFO - Dependencies all met for dep_context=non-requeueable deps ti=<TaskInstance: ingest_avito_to_raw.ingest_to_raw scheduled__2026-07-04T13:00:00+00:00 [queued]>
[2026-07-04T14:00:01.463+0000] {taskinstance.py:2614} INFO - Dependencies all met for dep_context=requeueable deps ti=<TaskInstance: ingest_avito_to_raw.ingest_to_raw scheduled__2026-07-04T13:00:00+00:00 [queued]>
[2026-07-04T14:00:01.464+0000] {taskinstance.py:2867} INFO - Starting attempt 1 of 2
[2026-07-04T14:00:01.492+0000] {taskinstance.py:2890} INFO - Executing <Task(PythonOperator): ingest_to_raw> on 2026-07-04 13:00:00+00:00
[2026-07-04T14:00:01.504+0000] {standard_task_runner.py:72} INFO - Started process 45478 to run task
[2026-07-04T14:00:01.513+0000] {standard_task_runner.py:104} INFO - Running: ['***', 'tasks', 'run', 'ingest_avito_to_raw', 'ingest_to_raw', 'scheduled__2026-07-04T13:00:00+00:00', '--job-id', '195', '--raw', '--subdir', 'DAGS_FOLDER/ingest_avito_to_raw.py', '--cfg-path', '/tmp/tmp0moe_j4m']
[2026-07-04T14:00:01.526+0000] {standard_task_runner.py:105} INFO - Job 195: Subtask ingest_to_raw
[2026-07-04T14:00:01.648+0000] {task_command.py:467} INFO - Running <TaskInstance: ingest_avito_to_raw.ingest_to_raw scheduled__2026-07-04T13:00:00+00:00 [running]> on host a53ee8ab3337
[2026-07-04T14:00:01.914+0000] {taskinstance.py:3134} INFO - Exporting env vars: AIRFLOW_CTX_DAG_OWNER='avito' AIRFLOW_CTX_DAG_ID='ingest_avito_to_raw' AIRFLOW_CTX_TASK_ID='ingest_to_raw' AIRFLOW_CTX_EXECUTION_DATE='2026-07-04T13:00:00+00:00' AIRFLOW_CTX_TRY_NUMBER='1' AIRFLOW_CTX_DAG_RUN_ID='scheduled__2026-07-04T13:00:00+00:00'
[2026-07-04T14:00:01.918+0000] {taskinstance.py:732} INFO - ::endgroup::
[2026-07-04T14:00:02.004+0000] {base.py:84} INFO - Retrieving connection 'raw_dwh'
[2026-07-04T14:00:02.028+0000] {sql.py:511} INFO - Running statement: 
        CREATE TABLE IF NOT EXISTS raw.ads (
            avito_id BIGINT PRIMARY KEY,
            url TEXT,
            title TEXT,
            price INTEGER,
            category TEXT,
            seller TEXT,
            location TEXT,
            description TEXT,
            total_views INTEGER,
            today_views INTEGER,
            is_promoted BOOLEAN,
            phone TEXT,
            first_seen TIMESTAMP,
            last_seen TIMESTAMP,
            is_active BOOLEAN,
            ingested_at TIMESTAMP DEFAULT CURRENT_TIMESTAMP
        );
        , parameters: None
[2026-07-04T14:00:02.046+0000] {sql.py:511} INFO - Running statement: 
        CREATE TABLE IF NOT EXISTS raw.price_history (
            id SERIAL PRIMARY KEY,
            avito_id BIGINT,
            price INTEGER,
            detected_at TIMESTAMP
        );
        , parameters: None
[2026-07-04T14:00:02.065+0000] {sql.py:511} INFO - Running statement: TRUNCATE TABLE raw.ads, parameters: None
[2026-07-04T14:00:02.101+0000] {sql.py:511} INFO - Running statement: TRUNCATE TABLE raw.price_history, parameters: None
[2026-07-04T14:00:02.133+0000] {base.py:84} INFO - Retrieving connection 'avito_postgres'
[2026-07-04T14:00:02.146+0000] {sql.py:511} INFO - Running statement: SELECT column_name FROM information_schema.columns WHERE table_schema='public' AND table_name='ads' ORDER BY ordinal_position, parameters: None
[2026-07-04T14:00:02.165+0000] {sql.py:520} INFO - Rows affected: 16
[2026-07-04T14:00:02.179+0000] {logging_mixin.py:190} WARNING - /home/***/.local/lib/python3.11/site-packages/***/providers/common/sql/hooks/sql.py:470 DeprecationWarning: Import of fetch_all_handler from the '***.providers.common.sql.hooks' module is deprecated and will
be removed in the future. Please import it from '***.providers.common.sql.hooks.handlers'.
[2026-07-04T14:00:02.184+0000] {logging_mixin.py:190} WARNING - /home/***/.local/lib/python3.11/site-packages/***/providers/common/sql/hooks/sql.py:471 DeprecationWarning: Import of return_single_query_results from the '***.providers.common.sql.hooks' module is deprecated and will
be removed in the future. Please import it from '***.providers.common.sql.hooks.handlers'.
[2026-07-04T14:00:02.187+0000] {logging_mixin.py:190} WARNING - /home/***/.local/lib/python3.11/site-packages/***/providers/common/sql/hooks/sql.py:486 DeprecationWarning: Import of return_single_query_results from the '***.providers.common.sql.hooks' module is deprecated and will
be removed in the future. Please import it from '***.providers.common.sql.hooks.handlers'.
[2026-07-04T14:00:02.200+0000] {sql.py:511} INFO - Running statement: SELECT avito_id, url, title, price, category, seller, location, coords, description, total_views, today_views, is_promoted, phone, first_seen, last_seen, is_active FROM public.ads, parameters: None
[2026-07-04T14:00:02.205+0000] {sql.py:520} INFO - Rows affected: 110
[2026-07-04T14:00:02.240+0000] {logging_mixin.py:190} INFO -   ✅ ads: 110 строк перенесено
[2026-07-04T14:00:02.253+0000] {sql.py:511} INFO - Running statement: SELECT column_name FROM information_schema.columns WHERE table_schema='public' AND table_name='price_history' ORDER BY ordinal_position, parameters: None
[2026-07-04T14:00:02.291+0000] {sql.py:520} INFO - Rows affected: 4
[2026-07-04T14:00:02.308+0000] {sql.py:511} INFO - Running statement: SELECT id, avito_id, price, detected_at FROM public.price_history, parameters: None
[2026-07-04T14:00:02.312+0000] {sql.py:520} INFO - Rows affected: 113
[2026-07-04T14:00:02.330+0000] {logging_mixin.py:190} INFO -   ✅ price_history: 113 строк перенесено
[2026-07-04T14:00:02.331+0000] {python.py:240} INFO - Done. Returned value was: None
[2026-07-04T14:00:02.351+0000] {taskinstance.py:341} INFO - ::group::Post task execution logs
[2026-07-04T14:00:02.352+0000] {taskinstance.py:353} INFO - Marking task as SUCCESS. dag_id=ingest_avito_to_raw, task_id=ingest_to_raw, run_id=scheduled__2026-07-04T13:00:00+00:00, execution_date=20260704T130000, start_date=20260704T140001, end_date=20260704T140002
[2026-07-04T14:00:02.551+0000] {local_task_job_runner.py:266} INFO - Task exited with return code 0
[2026-07-04T14:00:02.592+0000] {taskinstance.py:3901} INFO - 0 downstream tasks scheduled from follow-on schedule check
[2026-07-04T14:00:02.596+0000] {local_task_job_runner.py:245} INFO - ::endgroup::
