[2026-07-30T08:14:27.136+0000] {local_task_job_runner.py:123} INFO - ::group::Pre task execution logs
[2026-07-30T08:14:27.145+0000] {taskinstance.py:2614} INFO - Dependencies all met for dep_context=non-requeueable deps ti=<TaskInstance: avito_to_raw_midraw.dbt_build_midraw scheduled__2026-07-30T07:00:00+00:00 [queued]>
[2026-07-30T08:14:27.149+0000] {taskinstance.py:2614} INFO - Dependencies all met for dep_context=requeueable deps ti=<TaskInstance: avito_to_raw_midraw.dbt_build_midraw scheduled__2026-07-30T07:00:00+00:00 [queued]>
[2026-07-30T08:14:27.149+0000] {taskinstance.py:2867} INFO - Starting attempt 1 of 2
[2026-07-30T08:14:27.153+0000] {taskinstance.py:2890} INFO - Executing <Task(BashOperator): dbt_build_midraw> on 2026-07-30 07:00:00+00:00
[2026-07-30T08:14:27.155+0000] {standard_task_runner.py:72} INFO - Started process 6071 to run task
[2026-07-30T08:14:27.157+0000] {standard_task_runner.py:104} INFO - Running: ['***', 'tasks', 'run', 'avito_to_raw_midraw', 'dbt_build_midraw', 'scheduled__2026-07-30T07:00:00+00:00', '--job-id', '543', '--raw', '--subdir', 'DAGS_FOLDER/avito_to_raw_midraw.py', '--cfg-path', '/tmp/tmp8q3ilpmh']
[2026-07-30T08:14:27.159+0000] {standard_task_runner.py:105} INFO - Job 543: Subtask dbt_build_midraw
[2026-07-30T08:14:27.182+0000] {task_command.py:467} INFO - Running <TaskInstance: avito_to_raw_midraw.dbt_build_midraw scheduled__2026-07-30T07:00:00+00:00 [running]> on host 4c6dd7d943f5
[2026-07-30T08:14:27.313+0000] {taskinstance.py:3134} INFO - Exporting env vars: AIRFLOW_CTX_DAG_OWNER='data-eng' AIRFLOW_CTX_DAG_ID='avito_to_raw_midraw' AIRFLOW_CTX_TASK_ID='dbt_build_midraw' AIRFLOW_CTX_EXECUTION_DATE='2026-07-30T07:00:00+00:00' AIRFLOW_CTX_TRY_NUMBER='1' AIRFLOW_CTX_DAG_RUN_ID='scheduled__2026-07-30T07:00:00+00:00'
[2026-07-30T08:14:27.314+0000] {taskinstance.py:732} INFO - ::endgroup::
[2026-07-30T08:14:27.318+0000] {subprocess.py:78} INFO - Tmp dir root location: /tmp
[2026-07-30T08:14:27.319+0000] {subprocess.py:88} INFO - Running command: ['/usr/bin/bash', '-c', 'cd /opt/***/dbt && dbt run --profiles-dir . --select avito_ads && dbt test --profiles-dir . --select avito_ads']
[2026-07-30T08:14:27.323+0000] {subprocess.py:99} INFO - Output:
[2026-07-30T08:14:28.273+0000] {subprocess.py:106} INFO - [0m08:14:28  Running with dbt=1.11.12
[2026-07-30T08:14:28.370+0000] {subprocess.py:106} INFO - [0m08:14:28  Registered adapter: postgres=1.9.0
[2026-07-30T08:14:28.572+0000] {subprocess.py:106} INFO - [0m08:14:28  Found 1 model, 4 data tests, 3 sources, 475 macros
[2026-07-30T08:14:28.573+0000] {subprocess.py:106} INFO - [0m08:14:28
[2026-07-30T08:14:28.573+0000] {subprocess.py:106} INFO - [0m08:14:28  Concurrency: 4 threads (target='dev')
[2026-07-30T08:14:28.574+0000] {subprocess.py:106} INFO - [0m08:14:28
[2026-07-30T08:14:28.627+0000] {subprocess.py:106} INFO - [0m08:14:28  1 of 1 START sql table model midraw.avito_ads .................................. [RUN]
[2026-07-30T08:14:28.692+0000] {subprocess.py:106} INFO - [0m08:14:28  1 of 1 OK created sql table model midraw.avito_ads ............................. [[32mSELECT 1428[0m in 0.06s]
[2026-07-30T08:14:28.699+0000] {subprocess.py:106} INFO - [0m08:14:28
[2026-07-30T08:14:28.700+0000] {subprocess.py:106} INFO - [0m08:14:28  Finished running 1 table model in 0 hours 0 minutes and 0.13 seconds (0.13s).
[2026-07-30T08:14:28.723+0000] {subprocess.py:106} INFO - [0m08:14:28
[2026-07-30T08:14:28.723+0000] {subprocess.py:106} INFO - [0m08:14:28  [32mCompleted successfully[0m
[2026-07-30T08:14:28.723+0000] {subprocess.py:106} INFO - [0m08:14:28
[2026-07-30T08:14:28.724+0000] {subprocess.py:106} INFO - [0m08:14:28  Done. PASS=1 WARN=0 ERROR=0 SKIP=0 NO-OP=0 TOTAL=1
[2026-07-30T08:14:30.368+0000] {subprocess.py:106} INFO - [0m08:14:30  Running with dbt=1.11.12
[2026-07-30T08:14:30.497+0000] {subprocess.py:106} INFO - [0m08:14:30  Registered adapter: postgres=1.9.0
[2026-07-30T08:14:30.734+0000] {subprocess.py:106} INFO - [0m08:14:30  Found 1 model, 4 data tests, 3 sources, 475 macros
[2026-07-30T08:14:30.736+0000] {subprocess.py:106} INFO - [0m08:14:30
[2026-07-30T08:14:30.736+0000] {subprocess.py:106} INFO - [0m08:14:30  Concurrency: 4 threads (target='dev')
[2026-07-30T08:14:30.736+0000] {subprocess.py:106} INFO - [0m08:14:30
[2026-07-30T08:14:30.791+0000] {subprocess.py:106} INFO - [0m08:14:30  1 of 4 START test accepted_values_avito_ads_source_system__avito__synthetic_avito  [RUN]
[2026-07-30T08:14:30.792+0000] {subprocess.py:106} INFO - [0m08:14:30  2 of 4 START test not_null_avito_ads_avito_id .................................. [RUN]
[2026-07-30T08:14:30.792+0000] {subprocess.py:106} INFO - [0m08:14:30  3 of 4 START test not_null_avito_ads_title ..................................... [RUN]
[2026-07-30T08:14:30.792+0000] {subprocess.py:106} INFO - [0m08:14:30  4 of 4 START test not_null_avito_ads_url ....................................... [RUN]
[2026-07-30T08:14:30.855+0000] {subprocess.py:106} INFO - [0m08:14:30  2 of 4 PASS not_null_avito_ads_avito_id ........................................ [[32mPASS[0m in 0.06s]
[2026-07-30T08:14:30.856+0000] {subprocess.py:106} INFO - [0m08:14:30  1 of 4 PASS accepted_values_avito_ads_source_system__avito__synthetic_avito .... [[32mPASS[0m in 0.06s]
[2026-07-30T08:14:30.857+0000] {subprocess.py:106} INFO - [0m08:14:30  4 of 4 PASS not_null_avito_ads_url ............................................. [[32mPASS[0m in 0.06s]
[2026-07-30T08:14:30.857+0000] {subprocess.py:106} INFO - [0m08:14:30  3 of 4 PASS not_null_avito_ads_title ........................................... [[32mPASS[0m in 0.06s]
[2026-07-30T08:14:30.867+0000] {subprocess.py:106} INFO - [0m08:14:30
[2026-07-30T08:14:30.867+0000] {subprocess.py:106} INFO - [0m08:14:30  Finished running 4 data tests in 0 hours 0 minutes and 0.13 seconds (0.13s).
[2026-07-30T08:14:30.892+0000] {subprocess.py:106} INFO - [0m08:14:30
[2026-07-30T08:14:30.892+0000] {subprocess.py:106} INFO - [0m08:14:30  [32mCompleted successfully[0m
[2026-07-30T08:14:30.892+0000] {subprocess.py:106} INFO - [0m08:14:30
[2026-07-30T08:14:30.893+0000] {subprocess.py:106} INFO - [0m08:14:30  Done. PASS=4 WARN=0 ERROR=0 SKIP=0 NO-OP=0 TOTAL=4
[2026-07-30T08:14:31.567+0000] {subprocess.py:110} INFO - Command exited with return code 0
[2026-07-30T08:14:31.583+0000] {taskinstance.py:341} INFO - ::group::Post task execution logs
[2026-07-30T08:14:31.584+0000] {taskinstance.py:353} INFO - Marking task as SUCCESS. dag_id=avito_to_raw_midraw, task_id=dbt_build_midraw, run_id=scheduled__2026-07-30T07:00:00+00:00, execution_date=20260730T070000, start_date=20260730T081427, end_date=20260730T081431
[2026-07-30T08:14:31.631+0000] {local_task_job_runner.py:266} INFO - Task exited with return code 0
[2026-07-30T08:14:31.642+0000] {taskinstance.py:3901} INFO - 0 downstream tasks scheduled from follow-on schedule check
[2026-07-30T08:14:31.643+0000] {local_task_job_runner.py:245} INFO - ::endgroup::
