[2026-07-28T04:08:46.085+0000] {local_task_job_runner.py:123} INFO - ::group::Pre task execution logs
[2026-07-28T04:08:46.096+0000] {taskinstance.py:2614} INFO - Dependencies all met for dep_context=non-requeueable deps ti=<TaskInstance: avito_to_raw_midraw.dbt_build_midraw scheduled__2026-07-28T03:00:00+00:00 [queued]>
[2026-07-28T04:08:46.100+0000] {taskinstance.py:2614} INFO - Dependencies all met for dep_context=requeueable deps ti=<TaskInstance: avito_to_raw_midraw.dbt_build_midraw scheduled__2026-07-28T03:00:00+00:00 [queued]>
[2026-07-28T04:08:46.100+0000] {taskinstance.py:2867} INFO - Starting attempt 1 of 2
[2026-07-28T04:08:46.105+0000] {taskinstance.py:2890} INFO - Executing <Task(BashOperator): dbt_build_midraw> on 2026-07-28 03:00:00+00:00
[2026-07-28T04:08:46.107+0000] {standard_task_runner.py:72} INFO - Started process 4544 to run task
[2026-07-28T04:08:46.109+0000] {standard_task_runner.py:104} INFO - Running: ['***', 'tasks', 'run', 'avito_to_raw_midraw', 'dbt_build_midraw', 'scheduled__2026-07-28T03:00:00+00:00', '--job-id', '438', '--raw', '--subdir', 'DAGS_FOLDER/avito_to_raw_midraw.py', '--cfg-path', '/tmp/tmpkgvxpll5']
[2026-07-28T04:08:46.111+0000] {standard_task_runner.py:105} INFO - Job 438: Subtask dbt_build_midraw
[2026-07-28T04:08:46.137+0000] {task_command.py:467} INFO - Running <TaskInstance: avito_to_raw_midraw.dbt_build_midraw scheduled__2026-07-28T03:00:00+00:00 [running]> on host 4c6dd7d943f5
[2026-07-28T04:08:46.340+0000] {taskinstance.py:3134} INFO - Exporting env vars: AIRFLOW_CTX_DAG_OWNER='data-eng' AIRFLOW_CTX_DAG_ID='avito_to_raw_midraw' AIRFLOW_CTX_TASK_ID='dbt_build_midraw' AIRFLOW_CTX_EXECUTION_DATE='2026-07-28T03:00:00+00:00' AIRFLOW_CTX_TRY_NUMBER='1' AIRFLOW_CTX_DAG_RUN_ID='scheduled__2026-07-28T03:00:00+00:00'
[2026-07-28T04:08:46.340+0000] {taskinstance.py:732} INFO - ::endgroup::
[2026-07-28T04:08:46.347+0000] {subprocess.py:78} INFO - Tmp dir root location: /tmp
[2026-07-28T04:08:46.348+0000] {subprocess.py:88} INFO - Running command: ['/usr/bin/bash', '-c', 'cd /opt/***/dbt && dbt run --profiles-dir . --select avito_ads && dbt test --profiles-dir . --select avito_ads']
[2026-07-28T04:08:46.353+0000] {subprocess.py:99} INFO - Output:
[2026-07-28T04:08:47.428+0000] {subprocess.py:106} INFO - [0m04:08:47  Running with dbt=1.11.12
[2026-07-28T04:08:47.536+0000] {subprocess.py:106} INFO - [0m04:08:47  Registered adapter: postgres=1.9.0
[2026-07-28T04:08:47.757+0000] {subprocess.py:106} INFO - [0m04:08:47  Found 1 model, 4 data tests, 3 sources, 475 macros
[2026-07-28T04:08:47.758+0000] {subprocess.py:106} INFO - [0m04:08:47
[2026-07-28T04:08:47.758+0000] {subprocess.py:106} INFO - [0m04:08:47  Concurrency: 4 threads (target='dev')
[2026-07-28T04:08:47.759+0000] {subprocess.py:106} INFO - [0m04:08:47
[2026-07-28T04:08:47.812+0000] {subprocess.py:106} INFO - [0m04:08:47  1 of 1 START sql table model midraw.avito_ads .................................. [RUN]
[2026-07-28T04:08:47.882+0000] {subprocess.py:106} INFO - [0m04:08:47  1 of 1 OK created sql table model midraw.avito_ads ............................. [[32mSELECT 1070[0m in 0.07s]
[2026-07-28T04:08:47.889+0000] {subprocess.py:106} INFO - [0m04:08:47
[2026-07-28T04:08:47.890+0000] {subprocess.py:106} INFO - [0m04:08:47  Finished running 1 table model in 0 hours 0 minutes and 0.13 seconds (0.13s).
[2026-07-28T04:08:47.916+0000] {subprocess.py:106} INFO - [0m04:08:47
[2026-07-28T04:08:47.916+0000] {subprocess.py:106} INFO - [0m04:08:47  [32mCompleted successfully[0m
[2026-07-28T04:08:47.916+0000] {subprocess.py:106} INFO - [0m04:08:47
[2026-07-28T04:08:47.917+0000] {subprocess.py:106} INFO - [0m04:08:47  Done. PASS=1 WARN=0 ERROR=0 SKIP=0 NO-OP=0 TOTAL=1
[2026-07-28T04:08:49.571+0000] {subprocess.py:106} INFO - [0m04:08:49  Running with dbt=1.11.12
[2026-07-28T04:08:49.666+0000] {subprocess.py:106} INFO - [0m04:08:49  Registered adapter: postgres=1.9.0
[2026-07-28T04:08:49.880+0000] {subprocess.py:106} INFO - [0m04:08:49  Found 1 model, 4 data tests, 3 sources, 475 macros
[2026-07-28T04:08:49.882+0000] {subprocess.py:106} INFO - [0m04:08:49
[2026-07-28T04:08:49.882+0000] {subprocess.py:106} INFO - [0m04:08:49  Concurrency: 4 threads (target='dev')
[2026-07-28T04:08:49.882+0000] {subprocess.py:106} INFO - [0m04:08:49
[2026-07-28T04:08:49.928+0000] {subprocess.py:106} INFO - [0m04:08:49  1 of 4 START test accepted_values_avito_ads_source_system__avito__synthetic_avito  [RUN]
[2026-07-28T04:08:49.928+0000] {subprocess.py:106} INFO - [0m04:08:49  2 of 4 START test not_null_avito_ads_avito_id .................................. [RUN]
[2026-07-28T04:08:49.929+0000] {subprocess.py:106} INFO - [0m04:08:49  3 of 4 START test not_null_avito_ads_title ..................................... [RUN]
[2026-07-28T04:08:49.929+0000] {subprocess.py:106} INFO - [0m04:08:49  4 of 4 START test not_null_avito_ads_url ....................................... [RUN]
[2026-07-28T04:08:49.984+0000] {subprocess.py:106} INFO - [0m04:08:49  3 of 4 PASS not_null_avito_ads_title ........................................... [[32mPASS[0m in 0.05s]
[2026-07-28T04:08:49.984+0000] {subprocess.py:106} INFO - [0m04:08:49  2 of 4 PASS not_null_avito_ads_avito_id ........................................ [[32mPASS[0m in 0.05s]
[2026-07-28T04:08:49.985+0000] {subprocess.py:106} INFO - [0m04:08:49  1 of 4 PASS accepted_values_avito_ads_source_system__avito__synthetic_avito .... [[32mPASS[0m in 0.06s]
[2026-07-28T04:08:49.985+0000] {subprocess.py:106} INFO - [0m04:08:49  4 of 4 PASS not_null_avito_ads_url ............................................. [[32mPASS[0m in 0.05s]
[2026-07-28T04:08:49.996+0000] {subprocess.py:106} INFO - [0m04:08:49
[2026-07-28T04:08:49.996+0000] {subprocess.py:106} INFO - [0m04:08:49  Finished running 4 data tests in 0 hours 0 minutes and 0.11 seconds (0.11s).
[2026-07-28T04:08:50.022+0000] {subprocess.py:106} INFO - [0m04:08:50
[2026-07-28T04:08:50.023+0000] {subprocess.py:106} INFO - [0m04:08:50  [32mCompleted successfully[0m
[2026-07-28T04:08:50.023+0000] {subprocess.py:106} INFO - [0m04:08:50
[2026-07-28T04:08:50.023+0000] {subprocess.py:106} INFO - [0m04:08:50  Done. PASS=4 WARN=0 ERROR=0 SKIP=0 NO-OP=0 TOTAL=4
[2026-07-28T04:08:50.664+0000] {subprocess.py:110} INFO - Command exited with return code 0
[2026-07-28T04:08:50.679+0000] {taskinstance.py:341} INFO - ::group::Post task execution logs
[2026-07-28T04:08:50.680+0000] {taskinstance.py:353} INFO - Marking task as SUCCESS. dag_id=avito_to_raw_midraw, task_id=dbt_build_midraw, run_id=scheduled__2026-07-28T03:00:00+00:00, execution_date=20260728T030000, start_date=20260728T040846, end_date=20260728T040850
[2026-07-28T04:08:50.724+0000] {local_task_job_runner.py:266} INFO - Task exited with return code 0
[2026-07-28T04:08:50.734+0000] {taskinstance.py:3901} INFO - 0 downstream tasks scheduled from follow-on schedule check
[2026-07-28T04:08:50.735+0000] {local_task_job_runner.py:245} INFO - ::endgroup::
