[2026-07-26T06:03:48.940+0000] {local_task_job_runner.py:123} INFO - ::group::Pre task execution logs
[2026-07-26T06:03:48.950+0000] {taskinstance.py:2614} INFO - Dependencies all met for dep_context=non-requeueable deps ti=<TaskInstance: avito_to_raw_midraw.dbt_build_midraw scheduled__2026-07-26T05:00:00+00:00 [queued]>
[2026-07-26T06:03:48.953+0000] {taskinstance.py:2614} INFO - Dependencies all met for dep_context=requeueable deps ti=<TaskInstance: avito_to_raw_midraw.dbt_build_midraw scheduled__2026-07-26T05:00:00+00:00 [queued]>
[2026-07-26T06:03:48.954+0000] {taskinstance.py:2867} INFO - Starting attempt 1 of 2
[2026-07-26T06:03:48.958+0000] {taskinstance.py:2890} INFO - Executing <Task(BashOperator): dbt_build_midraw> on 2026-07-26 05:00:00+00:00
[2026-07-26T06:03:48.960+0000] {standard_task_runner.py:72} INFO - Started process 3210 to run task
[2026-07-26T06:03:48.963+0000] {standard_task_runner.py:104} INFO - Running: ['***', 'tasks', 'run', 'avito_to_raw_midraw', 'dbt_build_midraw', 'scheduled__2026-07-26T05:00:00+00:00', '--job-id', '346', '--raw', '--subdir', 'DAGS_FOLDER/avito_to_raw_midraw.py', '--cfg-path', '/tmp/tmpwiknc69w']
[2026-07-26T06:03:48.964+0000] {standard_task_runner.py:105} INFO - Job 346: Subtask dbt_build_midraw
[2026-07-26T06:03:48.989+0000] {task_command.py:467} INFO - Running <TaskInstance: avito_to_raw_midraw.dbt_build_midraw scheduled__2026-07-26T05:00:00+00:00 [running]> on host 4c6dd7d943f5
[2026-07-26T06:03:49.130+0000] {taskinstance.py:3134} INFO - Exporting env vars: AIRFLOW_CTX_DAG_OWNER='data-eng' AIRFLOW_CTX_DAG_ID='avito_to_raw_midraw' AIRFLOW_CTX_TASK_ID='dbt_build_midraw' AIRFLOW_CTX_EXECUTION_DATE='2026-07-26T05:00:00+00:00' AIRFLOW_CTX_TRY_NUMBER='1' AIRFLOW_CTX_DAG_RUN_ID='scheduled__2026-07-26T05:00:00+00:00'
[2026-07-26T06:03:49.130+0000] {taskinstance.py:732} INFO - ::endgroup::
[2026-07-26T06:03:49.136+0000] {subprocess.py:78} INFO - Tmp dir root location: /tmp
[2026-07-26T06:03:49.137+0000] {subprocess.py:88} INFO - Running command: ['/usr/bin/bash', '-c', 'cd /opt/***/dbt && dbt run --profiles-dir . --select avito_ads && dbt test --profiles-dir . --select avito_ads']
[2026-07-26T06:03:49.144+0000] {subprocess.py:99} INFO - Output:
[2026-07-26T06:03:50.174+0000] {subprocess.py:106} INFO - [0m06:03:50  Running with dbt=1.11.12
[2026-07-26T06:03:50.283+0000] {subprocess.py:106} INFO - [0m06:03:50  Registered adapter: postgres=1.9.0
[2026-07-26T06:03:50.500+0000] {subprocess.py:106} INFO - [0m06:03:50  Found 1 model, 4 data tests, 3 sources, 475 macros
[2026-07-26T06:03:50.501+0000] {subprocess.py:106} INFO - [0m06:03:50
[2026-07-26T06:03:50.501+0000] {subprocess.py:106} INFO - [0m06:03:50  Concurrency: 4 threads (target='dev')
[2026-07-26T06:03:50.502+0000] {subprocess.py:106} INFO - [0m06:03:50
[2026-07-26T06:03:50.557+0000] {subprocess.py:106} INFO - [0m06:03:50  1 of 1 START sql table model midraw.avito_ads .................................. [RUN]
[2026-07-26T06:03:50.624+0000] {subprocess.py:106} INFO - [0m06:03:50  1 of 1 OK created sql table model midraw.avito_ads ............................. [[32mSELECT 563[0m in 0.07s]
[2026-07-26T06:03:50.632+0000] {subprocess.py:106} INFO - [0m06:03:50
[2026-07-26T06:03:50.632+0000] {subprocess.py:106} INFO - [0m06:03:50  Finished running 1 table model in 0 hours 0 minutes and 0.13 seconds (0.13s).
[2026-07-26T06:03:50.658+0000] {subprocess.py:106} INFO - [0m06:03:50
[2026-07-26T06:03:50.658+0000] {subprocess.py:106} INFO - [0m06:03:50  [32mCompleted successfully[0m
[2026-07-26T06:03:50.659+0000] {subprocess.py:106} INFO - [0m06:03:50
[2026-07-26T06:03:50.659+0000] {subprocess.py:106} INFO - [0m06:03:50  Done. PASS=1 WARN=0 ERROR=0 SKIP=0 NO-OP=0 TOTAL=1
[2026-07-26T06:03:54.157+0000] {subprocess.py:106} INFO - [0m06:03:54  Running with dbt=1.11.12
[2026-07-26T06:03:54.248+0000] {subprocess.py:106} INFO - [0m06:03:54  Registered adapter: postgres=1.9.0
[2026-07-26T06:03:54.446+0000] {subprocess.py:106} INFO - [0m06:03:54  Found 1 model, 4 data tests, 3 sources, 475 macros
[2026-07-26T06:03:54.448+0000] {subprocess.py:106} INFO - [0m06:03:54
[2026-07-26T06:03:54.448+0000] {subprocess.py:106} INFO - [0m06:03:54  Concurrency: 4 threads (target='dev')
[2026-07-26T06:03:54.448+0000] {subprocess.py:106} INFO - [0m06:03:54
[2026-07-26T06:03:54.488+0000] {subprocess.py:106} INFO - [0m06:03:54  1 of 4 START test accepted_values_avito_ads_source_system__avito__synthetic_avito  [RUN]
[2026-07-26T06:03:54.488+0000] {subprocess.py:106} INFO - [0m06:03:54  2 of 4 START test not_null_avito_ads_avito_id .................................. [RUN]
[2026-07-26T06:03:54.488+0000] {subprocess.py:106} INFO - [0m06:03:54  3 of 4 START test not_null_avito_ads_title ..................................... [RUN]
[2026-07-26T06:03:54.489+0000] {subprocess.py:106} INFO - [0m06:03:54  4 of 4 START test not_null_avito_ads_url ....................................... [RUN]
[2026-07-26T06:03:54.538+0000] {subprocess.py:106} INFO - [0m06:03:54  1 of 4 PASS accepted_values_avito_ads_source_system__avito__synthetic_avito .... [[32mPASS[0m in 0.05s]
[2026-07-26T06:03:54.538+0000] {subprocess.py:106} INFO - [0m06:03:54  3 of 4 PASS not_null_avito_ads_title ........................................... [[32mPASS[0m in 0.05s]
[2026-07-26T06:03:54.539+0000] {subprocess.py:106} INFO - [0m06:03:54  2 of 4 PASS not_null_avito_ads_avito_id ........................................ [[32mPASS[0m in 0.05s]
[2026-07-26T06:03:54.540+0000] {subprocess.py:106} INFO - [0m06:03:54  4 of 4 PASS not_null_avito_ads_url ............................................. [[32mPASS[0m in 0.05s]
[2026-07-26T06:03:54.549+0000] {subprocess.py:106} INFO - [0m06:03:54
[2026-07-26T06:03:54.550+0000] {subprocess.py:106} INFO - [0m06:03:54  Finished running 4 data tests in 0 hours 0 minutes and 0.10 seconds (0.10s).
[2026-07-26T06:03:54.575+0000] {subprocess.py:106} INFO - [0m06:03:54
[2026-07-26T06:03:54.575+0000] {subprocess.py:106} INFO - [0m06:03:54  [32mCompleted successfully[0m
[2026-07-26T06:03:54.575+0000] {subprocess.py:106} INFO - [0m06:03:54
[2026-07-26T06:03:54.575+0000] {subprocess.py:106} INFO - [0m06:03:54  Done. PASS=4 WARN=0 ERROR=0 SKIP=0 NO-OP=0 TOTAL=4
[2026-07-26T06:03:55.903+0000] {subprocess.py:110} INFO - Command exited with return code 0
[2026-07-26T06:03:55.922+0000] {taskinstance.py:341} INFO - ::group::Post task execution logs
[2026-07-26T06:03:55.922+0000] {taskinstance.py:353} INFO - Marking task as SUCCESS. dag_id=avito_to_raw_midraw, task_id=dbt_build_midraw, run_id=scheduled__2026-07-26T05:00:00+00:00, execution_date=20260726T050000, start_date=20260726T060348, end_date=20260726T060355
[2026-07-26T06:03:55.946+0000] {local_task_job_runner.py:266} INFO - Task exited with return code 0
[2026-07-26T06:03:55.957+0000] {taskinstance.py:3901} INFO - 0 downstream tasks scheduled from follow-on schedule check
[2026-07-26T06:03:55.958+0000] {local_task_job_runner.py:245} INFO - ::endgroup::
