[2026-07-22T03:01:42.125+0000] {local_task_job_runner.py:123} INFO - ::group::Pre task execution logs
[2026-07-22T03:01:42.136+0000] {taskinstance.py:2614} INFO - Dependencies all met for dep_context=non-requeueable deps ti=<TaskInstance: avito_to_raw_midraw.dbt_build_midraw scheduled__2026-07-22T02:00:00+00:00 [queued]>
[2026-07-22T03:01:42.140+0000] {taskinstance.py:2614} INFO - Dependencies all met for dep_context=requeueable deps ti=<TaskInstance: avito_to_raw_midraw.dbt_build_midraw scheduled__2026-07-22T02:00:00+00:00 [queued]>
[2026-07-22T03:01:42.141+0000] {taskinstance.py:2867} INFO - Starting attempt 1 of 2
[2026-07-22T03:01:42.146+0000] {taskinstance.py:2890} INFO - Executing <Task(BashOperator): dbt_build_midraw> on 2026-07-22 02:00:00+00:00
[2026-07-22T03:01:42.149+0000] {standard_task_runner.py:72} INFO - Started process 325 to run task
[2026-07-22T03:01:42.151+0000] {standard_task_runner.py:104} INFO - Running: ['***', 'tasks', 'run', 'avito_to_raw_midraw', 'dbt_build_midraw', 'scheduled__2026-07-22T02:00:00+00:00', '--job-id', '148', '--raw', '--subdir', 'DAGS_FOLDER/avito_to_raw_midraw.py', '--cfg-path', '/tmp/tmpkmcq0jyz']
[2026-07-22T03:01:42.153+0000] {standard_task_runner.py:105} INFO - Job 148: Subtask dbt_build_midraw
[2026-07-22T03:01:42.181+0000] {task_command.py:467} INFO - Running <TaskInstance: avito_to_raw_midraw.dbt_build_midraw scheduled__2026-07-22T02:00:00+00:00 [running]> on host 4c6dd7d943f5
[2026-07-22T03:01:42.341+0000] {taskinstance.py:3134} INFO - Exporting env vars: AIRFLOW_CTX_DAG_OWNER='data-eng' AIRFLOW_CTX_DAG_ID='avito_to_raw_midraw' AIRFLOW_CTX_TASK_ID='dbt_build_midraw' AIRFLOW_CTX_EXECUTION_DATE='2026-07-22T02:00:00+00:00' AIRFLOW_CTX_TRY_NUMBER='1' AIRFLOW_CTX_DAG_RUN_ID='scheduled__2026-07-22T02:00:00+00:00'
[2026-07-22T03:01:42.342+0000] {taskinstance.py:732} INFO - ::endgroup::
[2026-07-22T03:01:42.347+0000] {subprocess.py:78} INFO - Tmp dir root location: /tmp
[2026-07-22T03:01:42.348+0000] {subprocess.py:88} INFO - Running command: ['/usr/bin/bash', '-c', 'cd /opt/***/dbt && dbt run --profiles-dir . --select avito_ads && dbt test --profiles-dir . --select avito_ads']
[2026-07-22T03:01:42.352+0000] {subprocess.py:99} INFO - Output:
[2026-07-22T03:01:43.452+0000] {subprocess.py:106} INFO - [0m03:01:43  Running with dbt=1.11.12
[2026-07-22T03:01:43.566+0000] {subprocess.py:106} INFO - [0m03:01:43  Registered adapter: postgres=1.9.0
[2026-07-22T03:01:43.817+0000] {subprocess.py:106} INFO - [0m03:01:43  Found 1 model, 4 data tests, 3 sources, 475 macros
[2026-07-22T03:01:43.818+0000] {subprocess.py:106} INFO - [0m03:01:43
[2026-07-22T03:01:43.819+0000] {subprocess.py:106} INFO - [0m03:01:43  Concurrency: 4 threads (target='dev')
[2026-07-22T03:01:43.819+0000] {subprocess.py:106} INFO - [0m03:01:43
[2026-07-22T03:01:43.875+0000] {subprocess.py:106} INFO - [0m03:01:43  1 of 1 START sql table model midraw.avito_ads .................................. [RUN]
[2026-07-22T03:01:43.954+0000] {subprocess.py:106} INFO - [0m03:01:43  1 of 1 OK created sql table model midraw.avito_ads ............................. [[32mSELECT 1819[0m in 0.08s]
[2026-07-22T03:01:43.962+0000] {subprocess.py:106} INFO - [0m03:01:43
[2026-07-22T03:01:43.962+0000] {subprocess.py:106} INFO - [0m03:01:43  Finished running 1 table model in 0 hours 0 minutes and 0.14 seconds (0.14s).
[2026-07-22T03:01:43.989+0000] {subprocess.py:106} INFO - [0m03:01:43
[2026-07-22T03:01:43.989+0000] {subprocess.py:106} INFO - [0m03:01:43  [32mCompleted successfully[0m
[2026-07-22T03:01:43.989+0000] {subprocess.py:106} INFO - [0m03:01:43
[2026-07-22T03:01:43.990+0000] {subprocess.py:106} INFO - [0m03:01:43  Done. PASS=1 WARN=0 ERROR=0 SKIP=0 NO-OP=0 TOTAL=1
[2026-07-22T03:01:45.787+0000] {subprocess.py:106} INFO - [0m03:01:45  Running with dbt=1.11.12
[2026-07-22T03:01:45.880+0000] {subprocess.py:106} INFO - [0m03:01:45  Registered adapter: postgres=1.9.0
[2026-07-22T03:01:46.080+0000] {subprocess.py:106} INFO - [0m03:01:46  Found 1 model, 4 data tests, 3 sources, 475 macros
[2026-07-22T03:01:46.082+0000] {subprocess.py:106} INFO - [0m03:01:46
[2026-07-22T03:01:46.082+0000] {subprocess.py:106} INFO - [0m03:01:46  Concurrency: 4 threads (target='dev')
[2026-07-22T03:01:46.082+0000] {subprocess.py:106} INFO - [0m03:01:46
[2026-07-22T03:01:46.122+0000] {subprocess.py:106} INFO - [0m03:01:46  1 of 4 START test accepted_values_avito_ads_source_system__avito__synthetic_avito  [RUN]
[2026-07-22T03:01:46.122+0000] {subprocess.py:106} INFO - [0m03:01:46  2 of 4 START test not_null_avito_ads_avito_id .................................. [RUN]
[2026-07-22T03:01:46.123+0000] {subprocess.py:106} INFO - [0m03:01:46  3 of 4 START test not_null_avito_ads_title ..................................... [RUN]
[2026-07-22T03:01:46.123+0000] {subprocess.py:106} INFO - [0m03:01:46  4 of 4 START test not_null_avito_ads_url ....................................... [RUN]
[2026-07-22T03:01:46.172+0000] {subprocess.py:106} INFO - [0m03:01:46  3 of 4 PASS not_null_avito_ads_title ........................................... [[32mPASS[0m in 0.05s]
[2026-07-22T03:01:46.173+0000] {subprocess.py:106} INFO - [0m03:01:46  1 of 4 PASS accepted_values_avito_ads_source_system__avito__synthetic_avito .... [[32mPASS[0m in 0.05s]
[2026-07-22T03:01:46.173+0000] {subprocess.py:106} INFO - [0m03:01:46  4 of 4 PASS not_null_avito_ads_url ............................................. [[32mPASS[0m in 0.05s]
[2026-07-22T03:01:46.173+0000] {subprocess.py:106} INFO - [0m03:01:46  2 of 4 PASS not_null_avito_ads_avito_id ........................................ [[32mPASS[0m in 0.05s]
[2026-07-22T03:01:46.183+0000] {subprocess.py:106} INFO - [0m03:01:46
[2026-07-22T03:01:46.183+0000] {subprocess.py:106} INFO - [0m03:01:46  Finished running 4 data tests in 0 hours 0 minutes and 0.10 seconds (0.10s).
[2026-07-22T03:01:46.208+0000] {subprocess.py:106} INFO - [0m03:01:46
[2026-07-22T03:01:46.208+0000] {subprocess.py:106} INFO - [0m03:01:46  [32mCompleted successfully[0m
[2026-07-22T03:01:46.208+0000] {subprocess.py:106} INFO - [0m03:01:46
[2026-07-22T03:01:46.209+0000] {subprocess.py:106} INFO - [0m03:01:46  Done. PASS=4 WARN=0 ERROR=0 SKIP=0 NO-OP=0 TOTAL=4
[2026-07-22T03:01:47.055+0000] {subprocess.py:110} INFO - Command exited with return code 0
[2026-07-22T03:01:47.069+0000] {taskinstance.py:341} INFO - ::group::Post task execution logs
[2026-07-22T03:01:47.070+0000] {taskinstance.py:353} INFO - Marking task as SUCCESS. dag_id=avito_to_raw_midraw, task_id=dbt_build_midraw, run_id=scheduled__2026-07-22T02:00:00+00:00, execution_date=20260722T020000, start_date=20260722T030142, end_date=20260722T030147
[2026-07-22T03:01:47.109+0000] {local_task_job_runner.py:266} INFO - Task exited with return code 0
[2026-07-22T03:01:47.118+0000] {taskinstance.py:3901} INFO - 0 downstream tasks scheduled from follow-on schedule check
[2026-07-22T03:01:47.118+0000] {local_task_job_runner.py:245} INFO - ::endgroup::
