[2026-07-30T16:07:15.957+0000] {local_task_job_runner.py:123} INFO - ::group::Pre task execution logs
[2026-07-30T16:07:15.966+0000] {taskinstance.py:2614} INFO - Dependencies all met for dep_context=non-requeueable deps ti=<TaskInstance: avito_to_raw_midraw.dbt_build_midraw scheduled__2026-07-30T15:00:00+00:00 [queued]>
[2026-07-30T16:07:15.969+0000] {taskinstance.py:2614} INFO - Dependencies all met for dep_context=requeueable deps ti=<TaskInstance: avito_to_raw_midraw.dbt_build_midraw scheduled__2026-07-30T15:00:00+00:00 [queued]>
[2026-07-30T16:07:15.969+0000] {taskinstance.py:2867} INFO - Starting attempt 1 of 2
[2026-07-30T16:07:15.974+0000] {taskinstance.py:2890} INFO - Executing <Task(BashOperator): dbt_build_midraw> on 2026-07-30 15:00:00+00:00
[2026-07-30T16:07:15.976+0000] {standard_task_runner.py:72} INFO - Started process 6303 to run task
[2026-07-30T16:07:15.978+0000] {standard_task_runner.py:104} INFO - Running: ['***', 'tasks', 'run', 'avito_to_raw_midraw', 'dbt_build_midraw', 'scheduled__2026-07-30T15:00:00+00:00', '--job-id', '559', '--raw', '--subdir', 'DAGS_FOLDER/avito_to_raw_midraw.py', '--cfg-path', '/tmp/tmp3dolok6n']
[2026-07-30T16:07:15.979+0000] {standard_task_runner.py:105} INFO - Job 559: Subtask dbt_build_midraw
[2026-07-30T16:07:16.004+0000] {task_command.py:467} INFO - Running <TaskInstance: avito_to_raw_midraw.dbt_build_midraw scheduled__2026-07-30T15:00:00+00:00 [running]> on host 4c6dd7d943f5
[2026-07-30T16:07:16.136+0000] {taskinstance.py:3134} INFO - Exporting env vars: AIRFLOW_CTX_DAG_OWNER='data-eng' AIRFLOW_CTX_DAG_ID='avito_to_raw_midraw' AIRFLOW_CTX_TASK_ID='dbt_build_midraw' AIRFLOW_CTX_EXECUTION_DATE='2026-07-30T15:00:00+00:00' AIRFLOW_CTX_TRY_NUMBER='1' AIRFLOW_CTX_DAG_RUN_ID='scheduled__2026-07-30T15:00:00+00:00'
[2026-07-30T16:07:16.137+0000] {taskinstance.py:732} INFO - ::endgroup::
[2026-07-30T16:07:16.141+0000] {subprocess.py:78} INFO - Tmp dir root location: /tmp
[2026-07-30T16:07:16.142+0000] {subprocess.py:88} INFO - Running command: ['/usr/bin/bash', '-c', 'cd /opt/***/dbt && dbt run --profiles-dir . --select avito_ads && dbt test --profiles-dir . --select avito_ads']
[2026-07-30T16:07:16.146+0000] {subprocess.py:99} INFO - Output:
[2026-07-30T16:07:17.121+0000] {subprocess.py:106} INFO - [0m16:07:17  Running with dbt=1.11.12
[2026-07-30T16:07:17.223+0000] {subprocess.py:106} INFO - [0m16:07:17  Registered adapter: postgres=1.9.0
[2026-07-30T16:07:17.445+0000] {subprocess.py:106} INFO - [0m16:07:17  Found 1 model, 4 data tests, 3 sources, 475 macros
[2026-07-30T16:07:17.446+0000] {subprocess.py:106} INFO - [0m16:07:17
[2026-07-30T16:07:17.447+0000] {subprocess.py:106} INFO - [0m16:07:17  Concurrency: 4 threads (target='dev')
[2026-07-30T16:07:17.447+0000] {subprocess.py:106} INFO - [0m16:07:17
[2026-07-30T16:07:17.512+0000] {subprocess.py:106} INFO - [0m16:07:17  1 of 1 START sql table model midraw.avito_ads .................................. [RUN]
[2026-07-30T16:07:17.586+0000] {subprocess.py:106} INFO - [0m16:07:17  1 of 1 OK created sql table model midraw.avito_ads ............................. [[32mSELECT 1490[0m in 0.07s]
[2026-07-30T16:07:17.593+0000] {subprocess.py:106} INFO - [0m16:07:17
[2026-07-30T16:07:17.594+0000] {subprocess.py:106} INFO - [0m16:07:17  Finished running 1 table model in 0 hours 0 minutes and 0.15 seconds (0.15s).
[2026-07-30T16:07:17.620+0000] {subprocess.py:106} INFO - [0m16:07:17
[2026-07-30T16:07:17.620+0000] {subprocess.py:106} INFO - [0m16:07:17  [32mCompleted successfully[0m
[2026-07-30T16:07:17.621+0000] {subprocess.py:106} INFO - [0m16:07:17
[2026-07-30T16:07:17.621+0000] {subprocess.py:106} INFO - [0m16:07:17  Done. PASS=1 WARN=0 ERROR=0 SKIP=0 NO-OP=0 TOTAL=1
[2026-07-30T16:07:19.375+0000] {subprocess.py:106} INFO - [0m16:07:19  Running with dbt=1.11.12
[2026-07-30T16:07:19.481+0000] {subprocess.py:106} INFO - [0m16:07:19  Registered adapter: postgres=1.9.0
[2026-07-30T16:07:19.709+0000] {subprocess.py:106} INFO - [0m16:07:19  Found 1 model, 4 data tests, 3 sources, 475 macros
[2026-07-30T16:07:19.711+0000] {subprocess.py:106} INFO - [0m16:07:19
[2026-07-30T16:07:19.711+0000] {subprocess.py:106} INFO - [0m16:07:19  Concurrency: 4 threads (target='dev')
[2026-07-30T16:07:19.712+0000] {subprocess.py:106} INFO - [0m16:07:19
[2026-07-30T16:07:19.757+0000] {subprocess.py:106} INFO - [0m16:07:19  1 of 4 START test accepted_values_avito_ads_source_system__avito__synthetic_avito  [RUN]
[2026-07-30T16:07:19.757+0000] {subprocess.py:106} INFO - [0m16:07:19  2 of 4 START test not_null_avito_ads_avito_id .................................. [RUN]
[2026-07-30T16:07:19.758+0000] {subprocess.py:106} INFO - [0m16:07:19  3 of 4 START test not_null_avito_ads_title ..................................... [RUN]
[2026-07-30T16:07:19.758+0000] {subprocess.py:106} INFO - [0m16:07:19  4 of 4 START test not_null_avito_ads_url ....................................... [RUN]
[2026-07-30T16:07:19.813+0000] {subprocess.py:106} INFO - [0m16:07:19  3 of 4 PASS not_null_avito_ads_title ........................................... [[32mPASS[0m in 0.05s]
[2026-07-30T16:07:19.814+0000] {subprocess.py:106} INFO - [0m16:07:19  1 of 4 PASS accepted_values_avito_ads_source_system__avito__synthetic_avito .... [[32mPASS[0m in 0.06s]
[2026-07-30T16:07:19.815+0000] {subprocess.py:106} INFO - [0m16:07:19  4 of 4 PASS not_null_avito_ads_url ............................................. [[32mPASS[0m in 0.05s]
[2026-07-30T16:07:19.815+0000] {subprocess.py:106} INFO - [0m16:07:19  2 of 4 PASS not_null_avito_ads_avito_id ........................................ [[32mPASS[0m in 0.06s]
[2026-07-30T16:07:19.826+0000] {subprocess.py:106} INFO - [0m16:07:19
[2026-07-30T16:07:19.826+0000] {subprocess.py:106} INFO - [0m16:07:19  Finished running 4 data tests in 0 hours 0 minutes and 0.11 seconds (0.11s).
[2026-07-30T16:07:19.853+0000] {subprocess.py:106} INFO - [0m16:07:19
[2026-07-30T16:07:19.853+0000] {subprocess.py:106} INFO - [0m16:07:19  [32mCompleted successfully[0m
[2026-07-30T16:07:19.854+0000] {subprocess.py:106} INFO - [0m16:07:19
[2026-07-30T16:07:19.854+0000] {subprocess.py:106} INFO - [0m16:07:19  Done. PASS=4 WARN=0 ERROR=0 SKIP=0 NO-OP=0 TOTAL=4
[2026-07-30T16:07:20.716+0000] {subprocess.py:110} INFO - Command exited with return code 0
[2026-07-30T16:07:20.735+0000] {taskinstance.py:341} INFO - ::group::Post task execution logs
[2026-07-30T16:07:20.735+0000] {taskinstance.py:353} INFO - Marking task as SUCCESS. dag_id=avito_to_raw_midraw, task_id=dbt_build_midraw, run_id=scheduled__2026-07-30T15:00:00+00:00, execution_date=20260730T150000, start_date=20260730T160715, end_date=20260730T160720
[2026-07-30T16:07:20.764+0000] {local_task_job_runner.py:266} INFO - Task exited with return code 0
[2026-07-30T16:07:20.777+0000] {taskinstance.py:3901} INFO - 0 downstream tasks scheduled from follow-on schedule check
[2026-07-30T16:07:20.778+0000] {local_task_job_runner.py:245} INFO - ::endgroup::
