[2026-08-04T02:43:10.263+0000] {local_task_job_runner.py:123} INFO - ::group::Pre task execution logs
[2026-08-04T02:43:10.276+0000] {taskinstance.py:2614} INFO - Dependencies all met for dep_context=non-requeueable deps ti=<TaskInstance: midraw_to_details.ai_enrich_batch scheduled__2026-08-03T20:00:00+00:00 [queued]>
[2026-08-04T02:43:10.281+0000] {taskinstance.py:2614} INFO - Dependencies all met for dep_context=requeueable deps ti=<TaskInstance: midraw_to_details.ai_enrich_batch scheduled__2026-08-03T20:00:00+00:00 [queued]>
[2026-08-04T02:43:10.281+0000] {taskinstance.py:2867} INFO - Starting attempt 3 of 3
[2026-08-04T02:43:10.288+0000] {taskinstance.py:2890} INFO - Executing <Task(PythonOperator): ai_enrich_batch> on 2026-08-03 20:00:00+00:00
[2026-08-04T02:43:10.292+0000] {standard_task_runner.py:72} INFO - Started process 1694 to run task
[2026-08-04T02:43:10.295+0000] {standard_task_runner.py:104} INFO - Running: ['***', 'tasks', 'run', 'midraw_to_details', 'ai_enrich_batch', 'scheduled__2026-08-03T20:00:00+00:00', '--job-id', '749', '--raw', '--subdir', 'DAGS_FOLDER/midraw_to_details.py', '--cfg-path', '/tmp/tmpxd1sjhif']
[2026-08-04T02:43:10.299+0000] {standard_task_runner.py:105} INFO - Job 749: Subtask ai_enrich_batch
[2026-08-04T02:43:10.347+0000] {task_command.py:467} INFO - Running <TaskInstance: midraw_to_details.ai_enrich_batch scheduled__2026-08-03T20:00:00+00:00 [running]> on host 4c6dd7d943f5
[2026-08-04T02:43:10.628+0000] {taskinstance.py:3134} INFO - Exporting env vars: AIRFLOW_CTX_DAG_OWNER='data-eng' AIRFLOW_CTX_DAG_ID='midraw_to_details' AIRFLOW_CTX_TASK_ID='ai_enrich_batch' AIRFLOW_CTX_EXECUTION_DATE='2026-08-03T20:00:00+00:00' AIRFLOW_CTX_TRY_NUMBER='3' AIRFLOW_CTX_DAG_RUN_ID='scheduled__2026-08-03T20:00:00+00:00'
[2026-08-04T02:43:10.629+0000] {taskinstance.py:732} INFO - ::endgroup::
[2026-08-04T02:55:37.122+0000] {job.py:229} INFO - Heartbeat recovered after 721.27 seconds
[2026-08-04T03:13:14.177+0000] {job.py:229} INFO - Heartbeat recovered after 1001.51 seconds
[2026-08-04T04:30:32.301+0000] {job.py:229} INFO - Heartbeat recovered after 4612.51 seconds
[2026-08-04T05:14:53.443+0000] {job.py:229} INFO - Heartbeat recovered after 2635.75 seconds
[2026-08-04T06:30:50.539+0000] {job.py:229} INFO - Heartbeat recovered after 4531.52 seconds
[2026-08-04T07:15:46.752+0000] {job.py:229} INFO - Heartbeat recovered after 2675.91 seconds
[2026-08-04T08:33:04.232+0000] {job.py:229} INFO - Heartbeat recovered after 4611.95 seconds
[2026-08-04T09:49:52.050+0000] {job.py:229} INFO - Heartbeat recovered after 4582.43 seconds
[2026-08-04T11:03:37.090+0000] {job.py:229} INFO - Heartbeat recovered after 4399.60 seconds
[2026-08-04T12:04:42.540+0000] {job.py:229} INFO - Heartbeat recovered after 3639.95 seconds
[2026-08-04T12:21:00.076+0000] {job.py:229} INFO - Heartbeat recovered after 952.12 seconds
[2026-08-04T12:38:02.940+0000] {job.py:229} INFO - Heartbeat recovered after 967.36 seconds
[2026-08-04T12:51:28.342+0000] {job.py:229} INFO - Heartbeat recovered after 780.09 seconds
[2026-08-04T13:05:53.046+0000] {job.py:229} INFO - Heartbeat recovered after 839.40 seconds
[2026-08-04T13:05:58.148+0000] {local_task_job_runner.py:346} WARNING - State of this instance has been externally set to failed. Terminating instance.
[2026-08-04T13:05:58.160+0000] {local_task_job_runner.py:245} INFO - ::endgroup::
[2026-08-04T13:05:58.164+0000] {process_utils.py:132} INFO - Sending 15 to group 1694. PIDs of all processes in the group: [1694]
[2026-08-04T13:05:58.165+0000] {process_utils.py:87} INFO - Sending the signal 15 to group 1694
[2026-08-04T13:05:58.169+0000] {taskinstance.py:3094} ERROR - Received SIGTERM. Terminating subprocesses.
[2026-08-04T13:05:58.202+0000] {taskinstance.py:3095} ERROR - Stacktrace: 
  File "/home/***/.local/bin/celery", line 8, in <module>
    sys.exit(main())
  File "/home/***/.local/lib/python3.11/site-packages/celery/__main__.py", line 15, in main
    sys.exit(_main())
  File "/home/***/.local/lib/python3.11/site-packages/celery/bin/celery.py", line 236, in main
    return celery(auto_envvar_prefix="CELERY")
  File "/home/***/.local/lib/python3.11/site-packages/click/core.py", line 1569, in __call__
    return self.main(*args, **kwargs)
  File "/home/***/.local/lib/python3.11/site-packages/click/core.py", line 1490, in main
    rv = self.invoke(ctx)
  File "/home/***/.local/lib/python3.11/site-packages/click/core.py", line 1970, in invoke
    return _process_result(sub_ctx.command.invoke(sub_ctx))
  File "/home/***/.local/lib/python3.11/site-packages/click/core.py", line 1353, in invoke
    return ctx.invoke(self.callback, **ctx.params)
  File "/home/***/.local/lib/python3.11/site-packages/click/core.py", line 907, in invoke
    return callback(*args, **kwargs)
  File "/home/***/.local/lib/python3.11/site-packages/click/decorators.py", line 34, in new_func
    return f(get_current_context(), *args, **kwargs)
  File "/home/***/.local/lib/python3.11/site-packages/celery/bin/base.py", line 135, in caller
    return f(ctx, *args, **kwargs)
  File "/home/***/.local/lib/python3.11/site-packages/celery/bin/worker.py", line 356, in worker
    worker.start()
  File "/home/***/.local/lib/python3.11/site-packages/celery/worker/worker.py", line 202, in start
    self.blueprint.start(self)
  File "/home/***/.local/lib/python3.11/site-packages/celery/bootsteps.py", line 116, in start
    step.start(parent)
  File "/home/***/.local/lib/python3.11/site-packages/celery/bootsteps.py", line 365, in start
    return self.obj.start()
  File "/home/***/.local/lib/python3.11/site-packages/celery/concurrency/base.py", line 130, in start
    self.on_start()
  File "/home/***/.local/lib/python3.11/site-packages/celery/concurrency/prefork.py", line 109, in on_start
    P = self._pool = Pool(processes=self.limit,
  File "/home/***/.local/lib/python3.11/site-packages/celery/concurrency/asynpool.py", line 464, in __init__
    super().__init__(processes, *args, **kwargs)
  File "/home/***/.local/lib/python3.11/site-packages/billiard/pool.py", line 1046, in __init__
    self._create_worker_process(i)
  File "/home/***/.local/lib/python3.11/site-packages/celery/concurrency/asynpool.py", line 482, in _create_worker_process
    return super()._create_worker_process(i)
  File "/home/***/.local/lib/python3.11/site-packages/billiard/pool.py", line 1158, in _create_worker_process
    w.start()
  File "/home/***/.local/lib/python3.11/site-packages/billiard/process.py", line 120, in start
    self._popen = self._Popen(self)
  File "/home/***/.local/lib/python3.11/site-packages/billiard/context.py", line 331, in _Popen
    return Popen(process_obj)
  File "/home/***/.local/lib/python3.11/site-packages/billiard/popen_fork.py", line 22, in __init__
    self._launch(process_obj)
  File "/home/***/.local/lib/python3.11/site-packages/billiard/popen_fork.py", line 77, in _launch
    code = process_obj._bootstrap()
  File "/home/***/.local/lib/python3.11/site-packages/billiard/process.py", line 323, in _bootstrap
    self.run()
  File "/home/***/.local/lib/python3.11/site-packages/billiard/process.py", line 110, in run
    self._target(*self._args, **self._kwargs)
  File "/home/***/.local/lib/python3.11/site-packages/billiard/pool.py", line 292, in __call__
    sys.exit(self.workloop(pid=pid))
  File "/home/***/.local/lib/python3.11/site-packages/billiard/pool.py", line 362, in workloop
    result = (True, prepare_result(fun(*args, **kwargs)))
  File "/home/***/.local/lib/python3.11/site-packages/celery/app/trace.py", line 651, in fast_trace_task
    R, I, T, Rstr = tasks[task].__trace__(
  File "/home/***/.local/lib/python3.11/site-packages/celery/app/trace.py", line 453, in trace_task
    R = retval = fun(*args, **kwargs)
  File "/home/***/.local/lib/python3.11/site-packages/celery/app/trace.py", line 736, in __protected_call__
    return self.run(*args, **kwargs)
  File "/home/***/.local/lib/python3.11/site-packages/***/providers/celery/executors/celery_executor_utils.py", line 139, in execute_command
    _execute_in_fork(command_to_exec, celery_task_id)
  File "/home/***/.local/lib/python3.11/site-packages/***/providers/celery/executors/celery_executor_utils.py", line 171, in _execute_in_fork
    args.func(args)
  File "/home/***/.local/lib/python3.11/site-packages/***/cli/cli_config.py", line 49, in command
    return func(*args, **kwargs)
  File "/home/***/.local/lib/python3.11/site-packages/***/utils/cli.py", line 116, in wrapper
    return f(*args, **kwargs)
  File "/home/***/.local/lib/python3.11/site-packages/***/cli/commands/task_command.py", line 483, in task_run
    task_return_code = _run_task_by_selected_method(args, _dag, ti)
  File "/home/***/.local/lib/python3.11/site-packages/***/cli/commands/task_command.py", line 254, in _run_task_by_selected_method
    return _run_task_by_local_task_job(args, ti)
  File "/home/***/.local/lib/python3.11/site-packages/***/cli/commands/task_command.py", line 322, in _run_task_by_local_task_job
    ret = run_job(job=job_runner.job, execute_callable=job_runner._execute)
  File "/home/***/.local/lib/python3.11/site-packages/***/utils/session.py", line 97, in wrapper
    return func(*args, session=session, **kwargs)
  File "/home/***/.local/lib/python3.11/site-packages/***/jobs/job.py", line 421, in run_job
    return execute_job(job, execute_callable=execute_callable)
  File "/home/***/.local/lib/python3.11/site-packages/***/jobs/job.py", line 450, in execute_job
    ret = execute_callable()
  File "/home/***/.local/lib/python3.11/site-packages/***/jobs/local_task_job_runner.py", line 171, in _execute
    self.task_runner.start()
  File "/home/***/.local/lib/python3.11/site-packages/***/task/task_runner/standard_task_runner.py", line 55, in start
    self.process = self._start_by_fork()
  File "/home/***/.local/lib/python3.11/site-packages/***/task/task_runner/standard_task_runner.py", line 117, in _start_by_fork
    ret = args.func(args, dag=self.dag)
  File "/home/***/.local/lib/python3.11/site-packages/***/cli/cli_config.py", line 49, in command
    return func(*args, **kwargs)
  File "/home/***/.local/lib/python3.11/site-packages/***/utils/cli.py", line 116, in wrapper
    return f(*args, **kwargs)
  File "/home/***/.local/lib/python3.11/site-packages/***/cli/commands/task_command.py", line 483, in task_run
    task_return_code = _run_task_by_selected_method(args, _dag, ti)
  File "/home/***/.local/lib/python3.11/site-packages/***/cli/commands/task_command.py", line 256, in _run_task_by_selected_method
    return _run_raw_task(args, ti)
  File "/home/***/.local/lib/python3.11/site-packages/***/cli/commands/task_command.py", line 341, in _run_raw_task
    return ti._run_raw_task(
  File "/home/***/.local/lib/python3.11/site-packages/***/utils/session.py", line 97, in wrapper
    return func(*args, session=session, **kwargs)
  File "/home/***/.local/lib/python3.11/site-packages/***/models/taskinstance.py", line 3006, in _run_raw_task
    return _run_raw_task(
  File "/home/***/.local/lib/python3.11/site-packages/***/models/taskinstance.py", line 274, in _run_raw_task
    TaskInstance._execute_task_with_callbacks(
  File "/home/***/.local/lib/python3.11/site-packages/***/models/taskinstance.py", line 3161, in _execute_task_with_callbacks
    result = self._execute_task(context, task_orig)
  File "/home/***/.local/lib/python3.11/site-packages/***/models/taskinstance.py", line 3185, in _execute_task
    return _execute_task(self, context, task_orig)
  File "/home/***/.local/lib/python3.11/site-packages/***/models/taskinstance.py", line 768, in _execute_task
    result = _execute_callable(context=context, **execute_callable_kwargs)
  File "/home/***/.local/lib/python3.11/site-packages/***/models/taskinstance.py", line 734, in _execute_callable
    return ExecutionCallableRunner(
  File "/home/***/.local/lib/python3.11/site-packages/***/utils/operator_helpers.py", line 252, in run
    return self.func(*args, **kwargs)
  File "/home/***/.local/lib/python3.11/site-packages/***/models/baseoperator.py", line 424, in wrapper
    return func(self, *args, **kwargs)
  File "/home/***/.local/lib/python3.11/site-packages/***/operators/python.py", line 238, in execute
    return_value = self.execute_callable()
  File "/home/***/.local/lib/python3.11/site-packages/***/operators/python.py", line 256, in execute_callable
    return runner.run(*self.op_args, **self.op_kwargs)
  File "/home/***/.local/lib/python3.11/site-packages/***/utils/operator_helpers.py", line 252, in run
    return self.func(*args, **kwargs)
  File "/opt/***/dags/midraw_to_details.py", line 21, in call_ai_enrich_batch
    resp = requests.post(
  File "/home/***/.local/lib/python3.11/site-packages/requests/api.py", line 115, in post
    return request("post", url, data=data, json=json, **kwargs)
  File "/home/***/.local/lib/python3.11/site-packages/requests/api.py", line 59, in request
    return session.request(method=method, url=url, **kwargs)
  File "/home/***/.local/lib/python3.11/site-packages/requests/sessions.py", line 589, in request
    resp = self.send(prep, **send_kwargs)
  File "/home/***/.local/lib/python3.11/site-packages/requests/sessions.py", line 703, in send
    r = adapter.send(request, **kwargs)
  File "/home/***/.local/lib/python3.11/site-packages/requests/adapters.py", line 667, in send
    resp = conn.urlopen(
  File "/home/***/.local/lib/python3.11/site-packages/urllib3/connectionpool.py", line 787, in urlopen
    response = self._make_request(
  File "/home/***/.local/lib/python3.11/site-packages/urllib3/connectionpool.py", line 534, in _make_request
    response = conn.getresponse()
  File "/home/***/.local/lib/python3.11/site-packages/urllib3/connection.py", line 516, in getresponse
    httplib_response = super().getresponse()
  File "/usr/local/lib/python3.11/http/client.py", line 1395, in getresponse
    response.begin()
  File "/usr/local/lib/python3.11/http/client.py", line 325, in begin
    version, status, reason = self._read_status()
  File "/usr/local/lib/python3.11/http/client.py", line 286, in _read_status
    line = str(self.fp.readline(_MAXLINE + 1), "iso-8859-1")
  File "/usr/local/lib/python3.11/socket.py", line 718, in readinto
    return self._sock.recv_into(b)
  File "/home/***/.local/lib/python3.11/site-packages/***/models/taskinstance.py", line 3095, in signal_handler
    self.log.error("Stacktrace: \n%s", "".join(traceback.format_stack()))

[2026-08-04T13:05:58.350+0000] {taskinstance.py:341} INFO - ::group::Post task execution logs
[2026-08-04T13:05:58.388+0000] {process_utils.py:80} INFO - Process psutil.Process(pid=1694, status='terminated', exitcode=0, started='02:43:09') (1694) terminated with exit code 0
