[2026-07-28T11:42:03.861+0000] {local_task_job_runner.py:123} INFO - ::group::Pre task execution logs
[2026-07-28T11:42:03.870+0000] {taskinstance.py:2614} INFO - Dependencies all met for dep_context=non-requeueable deps ti=<TaskInstance: avito_to_raw_midraw.dbt_build_midraw scheduled__2026-07-28T10:00:00+00:00 [queued]>
[2026-07-28T11:42:03.874+0000] {taskinstance.py:2614} INFO - Dependencies all met for dep_context=requeueable deps ti=<TaskInstance: avito_to_raw_midraw.dbt_build_midraw scheduled__2026-07-28T10:00:00+00:00 [queued]>
[2026-07-28T11:42:03.874+0000] {taskinstance.py:2867} INFO - Starting attempt 1 of 2
[2026-07-28T11:42:03.879+0000] {taskinstance.py:2890} INFO - Executing <Task(BashOperator): dbt_build_midraw> on 2026-07-28 10:00:00+00:00
[2026-07-28T11:42:03.881+0000] {standard_task_runner.py:72} INFO - Started process 4747 to run task
[2026-07-28T11:42:03.883+0000] {standard_task_runner.py:104} INFO - Running: ['***', 'tasks', 'run', 'avito_to_raw_midraw', 'dbt_build_midraw', 'scheduled__2026-07-28T10:00:00+00:00', '--job-id', '452', '--raw', '--subdir', 'DAGS_FOLDER/avito_to_raw_midraw.py', '--cfg-path', '/tmp/tmpme29mug1']
[2026-07-28T11:42:03.885+0000] {standard_task_runner.py:105} INFO - Job 452: Subtask dbt_build_midraw
[2026-07-28T11:42:03.909+0000] {task_command.py:467} INFO - Running <TaskInstance: avito_to_raw_midraw.dbt_build_midraw scheduled__2026-07-28T10:00:00+00:00 [running]> on host 4c6dd7d943f5
[2026-07-28T11:42:04.043+0000] {taskinstance.py:3134} INFO - Exporting env vars: AIRFLOW_CTX_DAG_OWNER='data-eng' AIRFLOW_CTX_DAG_ID='avito_to_raw_midraw' AIRFLOW_CTX_TASK_ID='dbt_build_midraw' AIRFLOW_CTX_EXECUTION_DATE='2026-07-28T10:00:00+00:00' AIRFLOW_CTX_TRY_NUMBER='1' AIRFLOW_CTX_DAG_RUN_ID='scheduled__2026-07-28T10:00:00+00:00'
[2026-07-28T11:42:04.044+0000] {taskinstance.py:732} INFO - ::endgroup::
[2026-07-28T11:42:04.048+0000] {subprocess.py:78} INFO - Tmp dir root location: /tmp
[2026-07-28T11:42:04.049+0000] {subprocess.py:88} INFO - Running command: ['/usr/bin/bash', '-c', 'cd /opt/***/dbt && dbt run --profiles-dir . --select avito_ads && dbt test --profiles-dir . --select avito_ads']
[2026-07-28T11:42:04.054+0000] {subprocess.py:99} INFO - Output:
[2026-07-28T11:42:05.096+0000] {subprocess.py:106} INFO - [0m11:42:05  Running with dbt=1.11.12
[2026-07-28T11:42:05.213+0000] {subprocess.py:106} INFO - [0m11:42:05  Registered adapter: postgres=1.9.0
[2026-07-28T11:42:05.487+0000] {subprocess.py:106} INFO - [0m11:42:05  Found 1 model, 4 data tests, 3 sources, 475 macros
[2026-07-28T11:42:05.489+0000] {subprocess.py:106} INFO - [0m11:42:05
[2026-07-28T11:42:05.489+0000] {subprocess.py:106} INFO - [0m11:42:05  Concurrency: 4 threads (target='dev')
[2026-07-28T11:42:05.489+0000] {subprocess.py:106} INFO - [0m11:42:05
[2026-07-28T11:42:05.551+0000] {subprocess.py:106} INFO - [0m11:42:05  1 of 1 START sql table model midraw.avito_ads .................................. [RUN]
[2026-07-28T11:42:05.630+0000] {subprocess.py:106} INFO - [0m11:42:05  1 of 1 OK created sql table model midraw.avito_ads ............................. [[32mSELECT 1073[0m in 0.08s]
[2026-07-28T11:42:05.638+0000] {subprocess.py:106} INFO - [0m11:42:05
[2026-07-28T11:42:05.639+0000] {subprocess.py:106} INFO - [0m11:42:05  Finished running 1 table model in 0 hours 0 minutes and 0.15 seconds (0.15s).
[2026-07-28T11:42:05.670+0000] {subprocess.py:106} INFO - [0m11:42:05
[2026-07-28T11:42:05.670+0000] {subprocess.py:106} INFO - [0m11:42:05  [32mCompleted successfully[0m
[2026-07-28T11:42:05.671+0000] {subprocess.py:106} INFO - [0m11:42:05
[2026-07-28T11:42:05.671+0000] {subprocess.py:106} INFO - [0m11:42:05  Done. PASS=1 WARN=0 ERROR=0 SKIP=0 NO-OP=0 TOTAL=1
[2026-07-28T11:42:07.758+0000] {subprocess.py:106} INFO - [0m11:42:07  Running with dbt=1.11.12
[2026-07-28T11:42:07.880+0000] {subprocess.py:106} INFO - [0m11:42:07  Registered adapter: postgres=1.9.0
[2026-07-28T11:42:08.143+0000] {subprocess.py:106} INFO - [0m11:42:08  Found 1 model, 4 data tests, 3 sources, 475 macros
[2026-07-28T11:42:08.144+0000] {subprocess.py:106} INFO - [0m11:42:08
[2026-07-28T11:42:08.145+0000] {subprocess.py:106} INFO - [0m11:42:08  Concurrency: 4 threads (target='dev')
[2026-07-28T11:42:08.145+0000] {subprocess.py:106} INFO - [0m11:42:08
[2026-07-28T11:42:08.195+0000] {subprocess.py:106} INFO - [0m11:42:08  1 of 4 START test accepted_values_avito_ads_source_system__avito__synthetic_avito  [RUN]
[2026-07-28T11:42:08.195+0000] {subprocess.py:106} INFO - [0m11:42:08  2 of 4 START test not_null_avito_ads_avito_id .................................. [RUN]
[2026-07-28T11:42:08.196+0000] {subprocess.py:106} INFO - [0m11:42:08  3 of 4 START test not_null_avito_ads_title ..................................... [RUN]
[2026-07-28T11:42:08.196+0000] {subprocess.py:106} INFO - [0m11:42:08  4 of 4 START test not_null_avito_ads_url ....................................... [RUN]
[2026-07-28T11:42:08.262+0000] {subprocess.py:106} INFO - [0m11:42:08  2 of 4 PASS not_null_avito_ads_avito_id ........................................ [[32mPASS[0m in 0.06s]
[2026-07-28T11:42:08.263+0000] {subprocess.py:106} INFO - [0m11:42:08  4 of 4 PASS not_null_avito_ads_url ............................................. [[32mPASS[0m in 0.06s]
[2026-07-28T11:42:08.263+0000] {subprocess.py:106} INFO - [0m11:42:08  1 of 4 PASS accepted_values_avito_ads_source_system__avito__synthetic_avito .... [[32mPASS[0m in 0.07s]
[2026-07-28T11:42:08.264+0000] {subprocess.py:106} INFO - [0m11:42:08  3 of 4 PASS not_null_avito_ads_title ........................................... [[32mPASS[0m in 0.07s]
[2026-07-28T11:42:08.276+0000] {subprocess.py:106} INFO - [0m11:42:08
[2026-07-28T11:42:08.276+0000] {subprocess.py:106} INFO - [0m11:42:08  Finished running 4 data tests in 0 hours 0 minutes and 0.13 seconds (0.13s).
[2026-07-28T11:42:08.308+0000] {subprocess.py:106} INFO - [0m11:42:08
[2026-07-28T11:42:08.308+0000] {subprocess.py:106} INFO - [0m11:42:08  [32mCompleted successfully[0m
[2026-07-28T11:42:08.309+0000] {subprocess.py:106} INFO - [0m11:42:08
[2026-07-28T11:42:08.309+0000] {subprocess.py:106} INFO - [0m11:42:08  Done. PASS=4 WARN=0 ERROR=0 SKIP=0 NO-OP=0 TOTAL=4
[2026-07-28T11:42:09.145+0000] {subprocess.py:110} INFO - Command exited with return code 0
[2026-07-28T11:42:09.162+0000] {taskinstance.py:341} INFO - ::group::Post task execution logs
[2026-07-28T11:42:09.162+0000] {taskinstance.py:353} INFO - Marking task as SUCCESS. dag_id=avito_to_raw_midraw, task_id=dbt_build_midraw, run_id=scheduled__2026-07-28T10:00:00+00:00, execution_date=20260728T100000, start_date=20260728T114203, end_date=20260728T114209
[2026-07-28T11:42:09.182+0000] {local_task_job_runner.py:266} INFO - Task exited with return code 0
[2026-07-28T11:42:09.192+0000] {taskinstance.py:3901} INFO - 0 downstream tasks scheduled from follow-on schedule check
[2026-07-28T11:42:09.193+0000] {local_task_job_runner.py:245} INFO - ::endgroup::
