[2026-07-27T04:08:44.226+0000] {local_task_job_runner.py:123} INFO - ::group::Pre task execution logs
[2026-07-27T04:08:44.238+0000] {taskinstance.py:2614} INFO - Dependencies all met for dep_context=non-requeueable deps ti=<TaskInstance: avito_to_raw_midraw.dbt_build_midraw scheduled__2026-07-27T03:00:00+00:00 [queued]>
[2026-07-27T04:08:44.243+0000] {taskinstance.py:2614} INFO - Dependencies all met for dep_context=requeueable deps ti=<TaskInstance: avito_to_raw_midraw.dbt_build_midraw scheduled__2026-07-27T03:00:00+00:00 [queued]>
[2026-07-27T04:08:44.243+0000] {taskinstance.py:2867} INFO - Starting attempt 1 of 2
[2026-07-27T04:08:44.250+0000] {taskinstance.py:2890} INFO - Executing <Task(BashOperator): dbt_build_midraw> on 2026-07-27 03:00:00+00:00
[2026-07-27T04:08:44.252+0000] {standard_task_runner.py:72} INFO - Started process 3848 to run task
[2026-07-27T04:08:44.254+0000] {standard_task_runner.py:104} INFO - Running: ['***', 'tasks', 'run', 'avito_to_raw_midraw', 'dbt_build_midraw', 'scheduled__2026-07-27T03:00:00+00:00', '--job-id', '390', '--raw', '--subdir', 'DAGS_FOLDER/avito_to_raw_midraw.py', '--cfg-path', '/tmp/tmpb5mmy4z_']
[2026-07-27T04:08:44.256+0000] {standard_task_runner.py:105} INFO - Job 390: Subtask dbt_build_midraw
[2026-07-27T04:08:44.282+0000] {task_command.py:467} INFO - Running <TaskInstance: avito_to_raw_midraw.dbt_build_midraw scheduled__2026-07-27T03:00:00+00:00 [running]> on host 4c6dd7d943f5
[2026-07-27T04:08:44.429+0000] {taskinstance.py:3134} INFO - Exporting env vars: AIRFLOW_CTX_DAG_OWNER='data-eng' AIRFLOW_CTX_DAG_ID='avito_to_raw_midraw' AIRFLOW_CTX_TASK_ID='dbt_build_midraw' AIRFLOW_CTX_EXECUTION_DATE='2026-07-27T03:00:00+00:00' AIRFLOW_CTX_TRY_NUMBER='1' AIRFLOW_CTX_DAG_RUN_ID='scheduled__2026-07-27T03:00:00+00:00'
[2026-07-27T04:08:44.429+0000] {taskinstance.py:732} INFO - ::endgroup::
[2026-07-27T04:08:44.434+0000] {subprocess.py:78} INFO - Tmp dir root location: /tmp
[2026-07-27T04:08:44.434+0000] {subprocess.py:88} INFO - Running command: ['/usr/bin/bash', '-c', 'cd /opt/***/dbt && dbt run --profiles-dir . --select avito_ads && dbt test --profiles-dir . --select avito_ads']
[2026-07-27T04:08:44.439+0000] {subprocess.py:99} INFO - Output:
[2026-07-27T04:08:45.469+0000] {subprocess.py:106} INFO - [0m04:08:45  Running with dbt=1.11.12
[2026-07-27T04:08:45.573+0000] {subprocess.py:106} INFO - [0m04:08:45  Registered adapter: postgres=1.9.0
[2026-07-27T04:08:45.783+0000] {subprocess.py:106} INFO - [0m04:08:45  Found 1 model, 4 data tests, 3 sources, 475 macros
[2026-07-27T04:08:45.784+0000] {subprocess.py:106} INFO - [0m04:08:45
[2026-07-27T04:08:45.785+0000] {subprocess.py:106} INFO - [0m04:08:45  Concurrency: 4 threads (target='dev')
[2026-07-27T04:08:45.785+0000] {subprocess.py:106} INFO - [0m04:08:45
[2026-07-27T04:08:45.839+0000] {subprocess.py:106} INFO - [0m04:08:45  1 of 1 START sql table model midraw.avito_ads .................................. [RUN]
[2026-07-27T04:08:45.903+0000] {subprocess.py:106} INFO - [0m04:08:45  1 of 1 OK created sql table model midraw.avito_ads ............................. [[32mSELECT 837[0m in 0.06s]
[2026-07-27T04:08:45.910+0000] {subprocess.py:106} INFO - [0m04:08:45
[2026-07-27T04:08:45.911+0000] {subprocess.py:106} INFO - [0m04:08:45  Finished running 1 table model in 0 hours 0 minutes and 0.12 seconds (0.12s).
[2026-07-27T04:08:45.935+0000] {subprocess.py:106} INFO - [0m04:08:45
[2026-07-27T04:08:45.935+0000] {subprocess.py:106} INFO - [0m04:08:45  [32mCompleted successfully[0m
[2026-07-27T04:08:45.936+0000] {subprocess.py:106} INFO - [0m04:08:45
[2026-07-27T04:08:45.936+0000] {subprocess.py:106} INFO - [0m04:08:45  Done. PASS=1 WARN=0 ERROR=0 SKIP=0 NO-OP=0 TOTAL=1
[2026-07-27T04:08:51.034+0000] {subprocess.py:106} INFO - [0m04:08:51  Running with dbt=1.11.12
[2026-07-27T04:08:51.140+0000] {subprocess.py:106} INFO - [0m04:08:51  Registered adapter: postgres=1.9.0
[2026-07-27T04:08:51.368+0000] {subprocess.py:106} INFO - [0m04:08:51  Found 1 model, 4 data tests, 3 sources, 475 macros
[2026-07-27T04:08:51.370+0000] {subprocess.py:106} INFO - [0m04:08:51
[2026-07-27T04:08:51.384+0000] {subprocess.py:106} INFO - [0m04:08:51  Concurrency: 4 threads (target='dev')
[2026-07-27T04:08:51.391+0000] {subprocess.py:106} INFO - [0m04:08:51
[2026-07-27T04:08:51.489+0000] {subprocess.py:106} INFO - [0m04:08:51  1 of 4 START test accepted_values_avito_ads_source_system__avito__synthetic_avito  [RUN]
[2026-07-27T04:08:51.489+0000] {subprocess.py:106} INFO - [0m04:08:51  2 of 4 START test not_null_avito_ads_avito_id .................................. [RUN]
[2026-07-27T04:08:51.490+0000] {subprocess.py:106} INFO - [0m04:08:51  3 of 4 START test not_null_avito_ads_title ..................................... [RUN]
[2026-07-27T04:08:51.491+0000] {subprocess.py:106} INFO - [0m04:08:51  4 of 4 START test not_null_avito_ads_url ....................................... [RUN]
[2026-07-27T04:08:51.554+0000] {subprocess.py:106} INFO - [0m04:08:51  2 of 4 PASS not_null_avito_ads_avito_id ........................................ [[32mPASS[0m in 0.06s]
[2026-07-27T04:08:51.554+0000] {subprocess.py:106} INFO - [0m04:08:51  3 of 4 PASS not_null_avito_ads_title ........................................... [[32mPASS[0m in 0.06s]
[2026-07-27T04:08:51.555+0000] {subprocess.py:106} INFO - [0m04:08:51  1 of 4 PASS accepted_values_avito_ads_source_system__avito__synthetic_avito .... [[32mPASS[0m in 0.06s]
[2026-07-27T04:08:51.555+0000] {subprocess.py:106} INFO - [0m04:08:51  4 of 4 PASS not_null_avito_ads_url ............................................. [[32mPASS[0m in 0.06s]
[2026-07-27T04:08:51.566+0000] {subprocess.py:106} INFO - [0m04:08:51
[2026-07-27T04:08:51.566+0000] {subprocess.py:106} INFO - [0m04:08:51  Finished running 4 data tests in 0 hours 0 minutes and 0.17 seconds (0.17s).
[2026-07-27T04:08:51.593+0000] {subprocess.py:106} INFO - [0m04:08:51
[2026-07-27T04:08:51.594+0000] {subprocess.py:106} INFO - [0m04:08:51  [32mCompleted successfully[0m
[2026-07-27T04:08:51.594+0000] {subprocess.py:106} INFO - [0m04:08:51
[2026-07-27T04:08:51.594+0000] {subprocess.py:106} INFO - [0m04:08:51  Done. PASS=4 WARN=0 ERROR=0 SKIP=0 NO-OP=0 TOTAL=4
[2026-07-27T04:08:55.812+0000] {subprocess.py:110} INFO - Command exited with return code 0
[2026-07-27T04:08:55.825+0000] {taskinstance.py:341} INFO - ::group::Post task execution logs
[2026-07-27T04:08:55.825+0000] {taskinstance.py:353} INFO - Marking task as SUCCESS. dag_id=avito_to_raw_midraw, task_id=dbt_build_midraw, run_id=scheduled__2026-07-27T03:00:00+00:00, execution_date=20260727T030000, start_date=20260727T040844, end_date=20260727T040855
[2026-07-27T04:08:55.844+0000] {local_task_job_runner.py:266} INFO - Task exited with return code 0
[2026-07-27T04:08:55.852+0000] {taskinstance.py:3901} INFO - 0 downstream tasks scheduled from follow-on schedule check
[2026-07-27T04:08:55.853+0000] {local_task_job_runner.py:245} INFO - ::endgroup::
