[2026-08-01T19:28:22.607+0000] {local_task_job_runner.py:123} INFO - ::group::Pre task execution logs
[2026-08-01T19:28:22.614+0000] {taskinstance.py:2614} INFO - Dependencies all met for dep_context=non-requeueable deps ti=<TaskInstance: avito_to_raw_midraw.dbt_build_midraw scheduled__2026-07-30T19:00:00+00:00 [queued]>
[2026-08-01T19:28:22.618+0000] {taskinstance.py:2614} INFO - Dependencies all met for dep_context=requeueable deps ti=<TaskInstance: avito_to_raw_midraw.dbt_build_midraw scheduled__2026-07-30T19:00:00+00:00 [queued]>
[2026-08-01T19:28:22.618+0000] {taskinstance.py:2867} INFO - Starting attempt 1 of 2
[2026-08-01T19:28:22.622+0000] {taskinstance.py:2890} INFO - Executing <Task(BashOperator): dbt_build_midraw> on 2026-07-30 19:00:00+00:00
[2026-08-01T19:28:22.624+0000] {standard_task_runner.py:72} INFO - Started process 36 to run task
[2026-08-01T19:28:22.626+0000] {standard_task_runner.py:104} INFO - Running: ['***', 'tasks', 'run', 'avito_to_raw_midraw', 'dbt_build_midraw', 'scheduled__2026-07-30T19:00:00+00:00', '--job-id', '568', '--raw', '--subdir', 'DAGS_FOLDER/avito_to_raw_midraw.py', '--cfg-path', '/tmp/tmp_xb16tx6']
[2026-08-01T19:28:22.627+0000] {standard_task_runner.py:105} INFO - Job 568: Subtask dbt_build_midraw
[2026-08-01T19:28:22.653+0000] {task_command.py:467} INFO - Running <TaskInstance: avito_to_raw_midraw.dbt_build_midraw scheduled__2026-07-30T19:00:00+00:00 [running]> on host 4c6dd7d943f5
[2026-08-01T19:28:22.795+0000] {taskinstance.py:3134} INFO - Exporting env vars: AIRFLOW_CTX_DAG_OWNER='data-eng' AIRFLOW_CTX_DAG_ID='avito_to_raw_midraw' AIRFLOW_CTX_TASK_ID='dbt_build_midraw' AIRFLOW_CTX_EXECUTION_DATE='2026-07-30T19:00:00+00:00' AIRFLOW_CTX_TRY_NUMBER='1' AIRFLOW_CTX_DAG_RUN_ID='scheduled__2026-07-30T19:00:00+00:00'
[2026-08-01T19:28:22.795+0000] {taskinstance.py:732} INFO - ::endgroup::
[2026-08-01T19:28:22.799+0000] {subprocess.py:78} INFO - Tmp dir root location: /tmp
[2026-08-01T19:28:22.800+0000] {subprocess.py:88} INFO - Running command: ['/usr/bin/bash', '-c', 'cd /opt/***/dbt && dbt run --profiles-dir . --select avito_ads && dbt test --profiles-dir . --select avito_ads']
[2026-08-01T19:28:22.804+0000] {subprocess.py:99} INFO - Output:
[2026-08-01T19:28:23.978+0000] {subprocess.py:106} INFO - [0m19:28:23  Running with dbt=1.11.12
[2026-08-01T19:28:24.109+0000] {subprocess.py:106} INFO - [0m19:28:24  Registered adapter: postgres=1.9.0
[2026-08-01T19:28:24.355+0000] {subprocess.py:106} INFO - [0m19:28:24  Found 1 model, 4 data tests, 3 sources, 475 macros
[2026-08-01T19:28:24.356+0000] {subprocess.py:106} INFO - [0m19:28:24
[2026-08-01T19:28:24.356+0000] {subprocess.py:106} INFO - [0m19:28:24  Concurrency: 4 threads (target='dev')
[2026-08-01T19:28:24.357+0000] {subprocess.py:106} INFO - [0m19:28:24
[2026-08-01T19:28:24.411+0000] {subprocess.py:106} INFO - [0m19:28:24  1 of 1 START sql table model midraw.avito_ads .................................. [RUN]
[2026-08-01T19:28:24.486+0000] {subprocess.py:106} INFO - [0m19:28:24  1 of 1 OK created sql table model midraw.avito_ads ............................. [[32mSELECT 1581[0m in 0.07s]
[2026-08-01T19:28:24.493+0000] {subprocess.py:106} INFO - [0m19:28:24
[2026-08-01T19:28:24.493+0000] {subprocess.py:106} INFO - [0m19:28:24  Finished running 1 table model in 0 hours 0 minutes and 0.14 seconds (0.14s).
[2026-08-01T19:28:24.517+0000] {subprocess.py:106} INFO - [0m19:28:24
[2026-08-01T19:28:24.517+0000] {subprocess.py:106} INFO - [0m19:28:24  [32mCompleted successfully[0m
[2026-08-01T19:28:24.517+0000] {subprocess.py:106} INFO - [0m19:28:24
[2026-08-01T19:28:24.518+0000] {subprocess.py:106} INFO - [0m19:28:24  Done. PASS=1 WARN=0 ERROR=0 SKIP=0 NO-OP=0 TOTAL=1
[2026-08-01T19:28:26.284+0000] {subprocess.py:106} INFO - [0m19:28:26  Running with dbt=1.11.12
[2026-08-01T19:28:26.374+0000] {subprocess.py:106} INFO - [0m19:28:26  Registered adapter: postgres=1.9.0
[2026-08-01T19:28:26.561+0000] {subprocess.py:106} INFO - [0m19:28:26  Found 1 model, 4 data tests, 3 sources, 475 macros
[2026-08-01T19:28:26.562+0000] {subprocess.py:106} INFO - [0m19:28:26
[2026-08-01T19:28:26.563+0000] {subprocess.py:106} INFO - [0m19:28:26  Concurrency: 4 threads (target='dev')
[2026-08-01T19:28:26.563+0000] {subprocess.py:106} INFO - [0m19:28:26
[2026-08-01T19:28:26.609+0000] {subprocess.py:106} INFO - [0m19:28:26  1 of 4 START test accepted_values_avito_ads_source_system__avito__synthetic_avito  [RUN]
[2026-08-01T19:28:26.610+0000] {subprocess.py:106} INFO - [0m19:28:26  2 of 4 START test not_null_avito_ads_avito_id .................................. [RUN]
[2026-08-01T19:28:26.610+0000] {subprocess.py:106} INFO - [0m19:28:26  3 of 4 START test not_null_avito_ads_title ..................................... [RUN]
[2026-08-01T19:28:26.610+0000] {subprocess.py:106} INFO - [0m19:28:26  4 of 4 START test not_null_avito_ads_url ....................................... [RUN]
[2026-08-01T19:28:26.665+0000] {subprocess.py:106} INFO - [0m19:28:26  1 of 4 PASS accepted_values_avito_ads_source_system__avito__synthetic_avito .... [[32mPASS[0m in 0.05s]
[2026-08-01T19:28:26.665+0000] {subprocess.py:106} INFO - [0m19:28:26  3 of 4 PASS not_null_avito_ads_title ........................................... [[32mPASS[0m in 0.05s]
[2026-08-01T19:28:26.666+0000] {subprocess.py:106} INFO - [0m19:28:26  4 of 4 PASS not_null_avito_ads_url ............................................. [[32mPASS[0m in 0.05s]
[2026-08-01T19:28:26.669+0000] {subprocess.py:106} INFO - [0m19:28:26  2 of 4 PASS not_null_avito_ads_avito_id ........................................ [[32mPASS[0m in 0.06s]
[2026-08-01T19:28:26.676+0000] {subprocess.py:106} INFO - [0m19:28:26
[2026-08-01T19:28:26.676+0000] {subprocess.py:106} INFO - [0m19:28:26  Finished running 4 data tests in 0 hours 0 minutes and 0.11 seconds (0.11s).
[2026-08-01T19:28:26.696+0000] {subprocess.py:106} INFO - [0m19:28:26
[2026-08-01T19:28:26.696+0000] {subprocess.py:106} INFO - [0m19:28:26  [32mCompleted successfully[0m
[2026-08-01T19:28:26.697+0000] {subprocess.py:106} INFO - [0m19:28:26
[2026-08-01T19:28:26.697+0000] {subprocess.py:106} INFO - [0m19:28:26  Done. PASS=4 WARN=0 ERROR=0 SKIP=0 NO-OP=0 TOTAL=4
[2026-08-01T19:28:27.348+0000] {subprocess.py:110} INFO - Command exited with return code 0
[2026-08-01T19:28:27.365+0000] {taskinstance.py:341} INFO - ::group::Post task execution logs
[2026-08-01T19:28:27.366+0000] {taskinstance.py:353} INFO - Marking task as SUCCESS. dag_id=avito_to_raw_midraw, task_id=dbt_build_midraw, run_id=scheduled__2026-07-30T19:00:00+00:00, execution_date=20260730T190000, start_date=20260801T192822, end_date=20260801T192827
[2026-08-01T19:28:27.405+0000] {local_task_job_runner.py:266} INFO - Task exited with return code 0
[2026-08-01T19:28:27.417+0000] {taskinstance.py:3901} INFO - 0 downstream tasks scheduled from follow-on schedule check
[2026-08-01T19:28:27.418+0000] {local_task_job_runner.py:245} INFO - ::endgroup::
