[2026-07-23T10:10:44.758+0000] {local_task_job_runner.py:123} INFO - ::group::Pre task execution logs
[2026-07-23T10:10:44.769+0000] {taskinstance.py:2614} INFO - Dependencies all met for dep_context=non-requeueable deps ti=<TaskInstance: avito_to_raw_midraw.dbt_build_midraw scheduled__2026-07-23T09:00:00+00:00 [queued]>
[2026-07-23T10:10:44.773+0000] {taskinstance.py:2614} INFO - Dependencies all met for dep_context=requeueable deps ti=<TaskInstance: avito_to_raw_midraw.dbt_build_midraw scheduled__2026-07-23T09:00:00+00:00 [queued]>
[2026-07-23T10:10:44.774+0000] {taskinstance.py:2867} INFO - Starting attempt 1 of 2
[2026-07-23T10:10:44.779+0000] {taskinstance.py:2890} INFO - Executing <Task(BashOperator): dbt_build_midraw> on 2026-07-23 09:00:00+00:00
[2026-07-23T10:10:44.781+0000] {standard_task_runner.py:72} INFO - Started process 1224 to run task
[2026-07-23T10:10:44.783+0000] {standard_task_runner.py:104} INFO - Running: ['***', 'tasks', 'run', 'avito_to_raw_midraw', 'dbt_build_midraw', 'scheduled__2026-07-23T09:00:00+00:00', '--job-id', '210', '--raw', '--subdir', 'DAGS_FOLDER/avito_to_raw_midraw.py', '--cfg-path', '/tmp/tmpsksakw7l']
[2026-07-23T10:10:44.785+0000] {standard_task_runner.py:105} INFO - Job 210: Subtask dbt_build_midraw
[2026-07-23T10:10:44.810+0000] {task_command.py:467} INFO - Running <TaskInstance: avito_to_raw_midraw.dbt_build_midraw scheduled__2026-07-23T09:00:00+00:00 [running]> on host 4c6dd7d943f5
[2026-07-23T10:10:44.951+0000] {taskinstance.py:3134} INFO - Exporting env vars: AIRFLOW_CTX_DAG_OWNER='data-eng' AIRFLOW_CTX_DAG_ID='avito_to_raw_midraw' AIRFLOW_CTX_TASK_ID='dbt_build_midraw' AIRFLOW_CTX_EXECUTION_DATE='2026-07-23T09:00:00+00:00' AIRFLOW_CTX_TRY_NUMBER='1' AIRFLOW_CTX_DAG_RUN_ID='scheduled__2026-07-23T09:00:00+00:00'
[2026-07-23T10:10:44.951+0000] {taskinstance.py:732} INFO - ::endgroup::
[2026-07-23T10:10:44.956+0000] {subprocess.py:78} INFO - Tmp dir root location: /tmp
[2026-07-23T10:10:44.956+0000] {subprocess.py:88} INFO - Running command: ['/usr/bin/bash', '-c', 'cd /opt/***/dbt && dbt run --profiles-dir . --select avito_ads && dbt test --profiles-dir . --select avito_ads']
[2026-07-23T10:10:44.961+0000] {subprocess.py:99} INFO - Output:
[2026-07-23T10:10:45.956+0000] {subprocess.py:106} INFO - [0m10:10:45  Running with dbt=1.11.12
[2026-07-23T10:10:46.057+0000] {subprocess.py:106} INFO - [0m10:10:46  Registered adapter: postgres=1.9.0
[2026-07-23T10:10:46.271+0000] {subprocess.py:106} INFO - [0m10:10:46  Found 1 model, 4 data tests, 3 sources, 475 macros
[2026-07-23T10:10:46.272+0000] {subprocess.py:106} INFO - [0m10:10:46
[2026-07-23T10:10:46.272+0000] {subprocess.py:106} INFO - [0m10:10:46  Concurrency: 4 threads (target='dev')
[2026-07-23T10:10:46.273+0000] {subprocess.py:106} INFO - [0m10:10:46
[2026-07-23T10:10:46.324+0000] {subprocess.py:106} INFO - [0m10:10:46  1 of 1 START sql table model midraw.avito_ads .................................. [RUN]
[2026-07-23T10:10:46.390+0000] {subprocess.py:106} INFO - [0m10:10:46  1 of 1 OK created sql table model midraw.avito_ads ............................. [[32mSELECT 2026[0m in 0.07s]
[2026-07-23T10:10:46.398+0000] {subprocess.py:106} INFO - [0m10:10:46
[2026-07-23T10:10:46.398+0000] {subprocess.py:106} INFO - [0m10:10:46  Finished running 1 table model in 0 hours 0 minutes and 0.13 seconds (0.13s).
[2026-07-23T10:10:46.424+0000] {subprocess.py:106} INFO - [0m10:10:46
[2026-07-23T10:10:46.424+0000] {subprocess.py:106} INFO - [0m10:10:46  [32mCompleted successfully[0m
[2026-07-23T10:10:46.424+0000] {subprocess.py:106} INFO - [0m10:10:46
[2026-07-23T10:10:46.425+0000] {subprocess.py:106} INFO - [0m10:10:46  Done. PASS=1 WARN=0 ERROR=0 SKIP=0 NO-OP=0 TOTAL=1
[2026-07-23T10:10:49.940+0000] {subprocess.py:106} INFO - [0m10:10:49  Running with dbt=1.11.12
[2026-07-23T10:10:50.048+0000] {subprocess.py:106} INFO - [0m10:10:50  Registered adapter: postgres=1.9.0
[2026-07-23T10:10:50.297+0000] {subprocess.py:106} INFO - [0m10:10:50  Found 1 model, 4 data tests, 3 sources, 475 macros
[2026-07-23T10:10:50.298+0000] {subprocess.py:106} INFO - [0m10:10:50
[2026-07-23T10:10:50.298+0000] {subprocess.py:106} INFO - [0m10:10:50  Concurrency: 4 threads (target='dev')
[2026-07-23T10:10:50.299+0000] {subprocess.py:106} INFO - [0m10:10:50
[2026-07-23T10:10:50.347+0000] {subprocess.py:106} INFO - [0m10:10:50  1 of 4 START test accepted_values_avito_ads_source_system__avito__synthetic_avito  [RUN]
[2026-07-23T10:10:50.347+0000] {subprocess.py:106} INFO - [0m10:10:50  2 of 4 START test not_null_avito_ads_avito_id .................................. [RUN]
[2026-07-23T10:10:50.348+0000] {subprocess.py:106} INFO - [0m10:10:50  3 of 4 START test not_null_avito_ads_title ..................................... [RUN]
[2026-07-23T10:10:50.348+0000] {subprocess.py:106} INFO - [0m10:10:50  4 of 4 START test not_null_avito_ads_url ....................................... [RUN]
[2026-07-23T10:10:50.410+0000] {subprocess.py:106} INFO - [0m10:10:50  2 of 4 PASS not_null_avito_ads_avito_id ........................................ [[32mPASS[0m in 0.06s]
[2026-07-23T10:10:50.411+0000] {subprocess.py:106} INFO - [0m10:10:50  3 of 4 PASS not_null_avito_ads_title ........................................... [[32mPASS[0m in 0.06s]
[2026-07-23T10:10:50.411+0000] {subprocess.py:106} INFO - [0m10:10:50  1 of 4 PASS accepted_values_avito_ads_source_system__avito__synthetic_avito .... [[32mPASS[0m in 0.06s]
[2026-07-23T10:10:50.412+0000] {subprocess.py:106} INFO - [0m10:10:50  4 of 4 PASS not_null_avito_ads_url ............................................. [[32mPASS[0m in 0.06s]
[2026-07-23T10:10:50.423+0000] {subprocess.py:106} INFO - [0m10:10:50
[2026-07-23T10:10:50.424+0000] {subprocess.py:106} INFO - [0m10:10:50  Finished running 4 data tests in 0 hours 0 minutes and 0.12 seconds (0.12s).
[2026-07-23T10:10:50.454+0000] {subprocess.py:106} INFO - [0m10:10:50
[2026-07-23T10:10:50.455+0000] {subprocess.py:106} INFO - [0m10:10:50  [32mCompleted successfully[0m
[2026-07-23T10:10:50.455+0000] {subprocess.py:106} INFO - [0m10:10:50
[2026-07-23T10:10:50.455+0000] {subprocess.py:106} INFO - [0m10:10:50  Done. PASS=4 WARN=0 ERROR=0 SKIP=0 NO-OP=0 TOTAL=4
[2026-07-23T10:10:51.418+0000] {subprocess.py:110} INFO - Command exited with return code 0
[2026-07-23T10:10:51.437+0000] {taskinstance.py:341} INFO - ::group::Post task execution logs
[2026-07-23T10:10:51.438+0000] {taskinstance.py:353} INFO - Marking task as SUCCESS. dag_id=avito_to_raw_midraw, task_id=dbt_build_midraw, run_id=scheduled__2026-07-23T09:00:00+00:00, execution_date=20260723T090000, start_date=20260723T101044, end_date=20260723T101051
[2026-07-23T10:10:51.473+0000] {local_task_job_runner.py:266} INFO - Task exited with return code 0
[2026-07-23T10:10:51.484+0000] {taskinstance.py:3901} INFO - 0 downstream tasks scheduled from follow-on schedule check
[2026-07-23T10:10:51.485+0000] {local_task_job_runner.py:245} INFO - ::endgroup::
