[2026-07-27T10:12:21.776+0000] {local_task_job_runner.py:123} INFO - ::group::Pre task execution logs
[2026-07-27T10:12:21.785+0000] {taskinstance.py:2614} INFO - Dependencies all met for dep_context=non-requeueable deps ti=<TaskInstance: avito_to_raw_midraw.dbt_build_midraw scheduled__2026-07-27T09:00:00+00:00 [queued]>
[2026-07-27T10:12:21.789+0000] {taskinstance.py:2614} INFO - Dependencies all met for dep_context=requeueable deps ti=<TaskInstance: avito_to_raw_midraw.dbt_build_midraw scheduled__2026-07-27T09:00:00+00:00 [queued]>
[2026-07-27T10:12:21.789+0000] {taskinstance.py:2867} INFO - Starting attempt 1 of 2
[2026-07-27T10:12:21.793+0000] {taskinstance.py:2890} INFO - Executing <Task(BashOperator): dbt_build_midraw> on 2026-07-27 09:00:00+00:00
[2026-07-27T10:12:21.796+0000] {standard_task_runner.py:72} INFO - Started process 4022 to run task
[2026-07-27T10:12:21.798+0000] {standard_task_runner.py:104} INFO - Running: ['***', 'tasks', 'run', 'avito_to_raw_midraw', 'dbt_build_midraw', 'scheduled__2026-07-27T09:00:00+00:00', '--job-id', '402', '--raw', '--subdir', 'DAGS_FOLDER/avito_to_raw_midraw.py', '--cfg-path', '/tmp/tmpc9a6ooqe']
[2026-07-27T10:12:21.799+0000] {standard_task_runner.py:105} INFO - Job 402: Subtask dbt_build_midraw
[2026-07-27T10:12:21.824+0000] {task_command.py:467} INFO - Running <TaskInstance: avito_to_raw_midraw.dbt_build_midraw scheduled__2026-07-27T09:00:00+00:00 [running]> on host 4c6dd7d943f5
[2026-07-27T10:12:21.959+0000] {taskinstance.py:3134} INFO - Exporting env vars: AIRFLOW_CTX_DAG_OWNER='data-eng' AIRFLOW_CTX_DAG_ID='avito_to_raw_midraw' AIRFLOW_CTX_TASK_ID='dbt_build_midraw' AIRFLOW_CTX_EXECUTION_DATE='2026-07-27T09:00:00+00:00' AIRFLOW_CTX_TRY_NUMBER='1' AIRFLOW_CTX_DAG_RUN_ID='scheduled__2026-07-27T09:00:00+00:00'
[2026-07-27T10:12:21.959+0000] {taskinstance.py:732} INFO - ::endgroup::
[2026-07-27T10:12:21.964+0000] {subprocess.py:78} INFO - Tmp dir root location: /tmp
[2026-07-27T10:12:21.965+0000] {subprocess.py:88} INFO - Running command: ['/usr/bin/bash', '-c', 'cd /opt/***/dbt && dbt run --profiles-dir . --select avito_ads && dbt test --profiles-dir . --select avito_ads']
[2026-07-27T10:12:21.970+0000] {subprocess.py:99} INFO - Output:
[2026-07-27T10:12:22.983+0000] {subprocess.py:106} INFO - [0m10:12:22  Running with dbt=1.11.12
[2026-07-27T10:12:23.089+0000] {subprocess.py:106} INFO - [0m10:12:23  Registered adapter: postgres=1.9.0
[2026-07-27T10:12:23.309+0000] {subprocess.py:106} INFO - [0m10:12:23  Found 1 model, 4 data tests, 3 sources, 475 macros
[2026-07-27T10:12:23.311+0000] {subprocess.py:106} INFO - [0m10:12:23
[2026-07-27T10:12:23.311+0000] {subprocess.py:106} INFO - [0m10:12:23  Concurrency: 4 threads (target='dev')
[2026-07-27T10:12:23.312+0000] {subprocess.py:106} INFO - [0m10:12:23
[2026-07-27T10:12:23.365+0000] {subprocess.py:106} INFO - [0m10:12:23  1 of 1 START sql table model midraw.avito_ads .................................. [RUN]
[2026-07-27T10:12:23.432+0000] {subprocess.py:106} INFO - [0m10:12:23  1 of 1 OK created sql table model midraw.avito_ads ............................. [[32mSELECT 860[0m in 0.07s]
[2026-07-27T10:12:23.439+0000] {subprocess.py:106} INFO - [0m10:12:23
[2026-07-27T10:12:23.439+0000] {subprocess.py:106} INFO - [0m10:12:23  Finished running 1 table model in 0 hours 0 minutes and 0.13 seconds (0.13s).
[2026-07-27T10:12:23.465+0000] {subprocess.py:106} INFO - [0m10:12:23
[2026-07-27T10:12:23.465+0000] {subprocess.py:106} INFO - [0m10:12:23  [32mCompleted successfully[0m
[2026-07-27T10:12:23.465+0000] {subprocess.py:106} INFO - [0m10:12:23
[2026-07-27T10:12:23.466+0000] {subprocess.py:106} INFO - [0m10:12:23  Done. PASS=1 WARN=0 ERROR=0 SKIP=0 NO-OP=0 TOTAL=1
[2026-07-27T10:12:25.493+0000] {subprocess.py:106} INFO - [0m10:12:25  Running with dbt=1.11.12
[2026-07-27T10:12:25.596+0000] {subprocess.py:106} INFO - [0m10:12:25  Registered adapter: postgres=1.9.0
[2026-07-27T10:12:25.828+0000] {subprocess.py:106} INFO - [0m10:12:25  Found 1 model, 4 data tests, 3 sources, 475 macros
[2026-07-27T10:12:25.830+0000] {subprocess.py:106} INFO - [0m10:12:25
[2026-07-27T10:12:25.830+0000] {subprocess.py:106} INFO - [0m10:12:25  Concurrency: 4 threads (target='dev')
[2026-07-27T10:12:25.831+0000] {subprocess.py:106} INFO - [0m10:12:25
[2026-07-27T10:12:25.876+0000] {subprocess.py:106} INFO - [0m10:12:25  1 of 4 START test accepted_values_avito_ads_source_system__avito__synthetic_avito  [RUN]
[2026-07-27T10:12:25.876+0000] {subprocess.py:106} INFO - [0m10:12:25  2 of 4 START test not_null_avito_ads_avito_id .................................. [RUN]
[2026-07-27T10:12:25.876+0000] {subprocess.py:106} INFO - [0m10:12:25  3 of 4 START test not_null_avito_ads_title ..................................... [RUN]
[2026-07-27T10:12:25.877+0000] {subprocess.py:106} INFO - [0m10:12:25  4 of 4 START test not_null_avito_ads_url ....................................... [RUN]
[2026-07-27T10:12:25.933+0000] {subprocess.py:106} INFO - [0m10:12:25  2 of 4 PASS not_null_avito_ads_avito_id ........................................ [[32mPASS[0m in 0.06s]
[2026-07-27T10:12:25.933+0000] {subprocess.py:106} INFO - [0m10:12:25  4 of 4 PASS not_null_avito_ads_url ............................................. [[32mPASS[0m in 0.05s]
[2026-07-27T10:12:25.934+0000] {subprocess.py:106} INFO - [0m10:12:25  3 of 4 PASS not_null_avito_ads_title ........................................... [[32mPASS[0m in 0.06s]
[2026-07-27T10:12:25.934+0000] {subprocess.py:106} INFO - [0m10:12:25  1 of 4 PASS accepted_values_avito_ads_source_system__avito__synthetic_avito .... [[32mPASS[0m in 0.06s]
[2026-07-27T10:12:25.945+0000] {subprocess.py:106} INFO - [0m10:12:25
[2026-07-27T10:12:25.945+0000] {subprocess.py:106} INFO - [0m10:12:25  Finished running 4 data tests in 0 hours 0 minutes and 0.11 seconds (0.11s).
[2026-07-27T10:12:25.974+0000] {subprocess.py:106} INFO - [0m10:12:25
[2026-07-27T10:12:25.975+0000] {subprocess.py:106} INFO - [0m10:12:25  [32mCompleted successfully[0m
[2026-07-27T10:12:25.975+0000] {subprocess.py:106} INFO - [0m10:12:25
[2026-07-27T10:12:25.975+0000] {subprocess.py:106} INFO - [0m10:12:25  Done. PASS=4 WARN=0 ERROR=0 SKIP=0 NO-OP=0 TOTAL=4
[2026-07-27T10:12:26.696+0000] {subprocess.py:110} INFO - Command exited with return code 0
[2026-07-27T10:12:26.713+0000] {taskinstance.py:341} INFO - ::group::Post task execution logs
[2026-07-27T10:12:26.713+0000] {taskinstance.py:353} INFO - Marking task as SUCCESS. dag_id=avito_to_raw_midraw, task_id=dbt_build_midraw, run_id=scheduled__2026-07-27T09:00:00+00:00, execution_date=20260727T090000, start_date=20260727T101221, end_date=20260727T101226
[2026-07-27T10:12:26.742+0000] {local_task_job_runner.py:266} INFO - Task exited with return code 0
[2026-07-27T10:12:26.752+0000] {taskinstance.py:3901} INFO - 0 downstream tasks scheduled from follow-on schedule check
[2026-07-27T10:12:26.753+0000] {local_task_job_runner.py:245} INFO - ::endgroup::
