[2026-07-23T23:08:33.789+0000] {local_task_job_runner.py:123} INFO - ::group::Pre task execution logs
[2026-07-23T23:08:33.799+0000] {taskinstance.py:2614} INFO - Dependencies all met for dep_context=non-requeueable deps ti=<TaskInstance: avito_to_raw_midraw.dbt_build_midraw scheduled__2026-07-23T22:00:00+00:00 [queued]>
[2026-07-23T23:08:33.803+0000] {taskinstance.py:2614} INFO - Dependencies all met for dep_context=requeueable deps ti=<TaskInstance: avito_to_raw_midraw.dbt_build_midraw scheduled__2026-07-23T22:00:00+00:00 [queued]>
[2026-07-23T23:08:33.803+0000] {taskinstance.py:2867} INFO - Starting attempt 1 of 2
[2026-07-23T23:08:33.807+0000] {taskinstance.py:2890} INFO - Executing <Task(BashOperator): dbt_build_midraw> on 2026-07-23 22:00:00+00:00
[2026-07-23T23:08:33.809+0000] {standard_task_runner.py:72} INFO - Started process 1601 to run task
[2026-07-23T23:08:33.811+0000] {standard_task_runner.py:104} INFO - Running: ['***', 'tasks', 'run', 'avito_to_raw_midraw', 'dbt_build_midraw', 'scheduled__2026-07-23T22:00:00+00:00', '--job-id', '236', '--raw', '--subdir', 'DAGS_FOLDER/avito_to_raw_midraw.py', '--cfg-path', '/tmp/tmppdvrvx1r']
[2026-07-23T23:08:33.813+0000] {standard_task_runner.py:105} INFO - Job 236: Subtask dbt_build_midraw
[2026-07-23T23:08:33.837+0000] {task_command.py:467} INFO - Running <TaskInstance: avito_to_raw_midraw.dbt_build_midraw scheduled__2026-07-23T22:00:00+00:00 [running]> on host 4c6dd7d943f5
[2026-07-23T23:08:33.971+0000] {taskinstance.py:3134} INFO - Exporting env vars: AIRFLOW_CTX_DAG_OWNER='data-eng' AIRFLOW_CTX_DAG_ID='avito_to_raw_midraw' AIRFLOW_CTX_TASK_ID='dbt_build_midraw' AIRFLOW_CTX_EXECUTION_DATE='2026-07-23T22:00:00+00:00' AIRFLOW_CTX_TRY_NUMBER='1' AIRFLOW_CTX_DAG_RUN_ID='scheduled__2026-07-23T22:00:00+00:00'
[2026-07-23T23:08:33.972+0000] {taskinstance.py:732} INFO - ::endgroup::
[2026-07-23T23:08:33.976+0000] {subprocess.py:78} INFO - Tmp dir root location: /tmp
[2026-07-23T23:08:33.977+0000] {subprocess.py:88} INFO - Running command: ['/usr/bin/bash', '-c', 'cd /opt/***/dbt && dbt run --profiles-dir . --select avito_ads && dbt test --profiles-dir . --select avito_ads']
[2026-07-23T23:08:33.981+0000] {subprocess.py:99} INFO - Output:
[2026-07-23T23:08:34.959+0000] {subprocess.py:106} INFO - [0m23:08:34  Running with dbt=1.11.12
[2026-07-23T23:08:35.062+0000] {subprocess.py:106} INFO - [0m23:08:35  Registered adapter: postgres=1.9.0
[2026-07-23T23:08:35.281+0000] {subprocess.py:106} INFO - [0m23:08:35  Found 1 model, 4 data tests, 3 sources, 475 macros
[2026-07-23T23:08:35.283+0000] {subprocess.py:106} INFO - [0m23:08:35
[2026-07-23T23:08:35.283+0000] {subprocess.py:106} INFO - [0m23:08:35  Concurrency: 4 threads (target='dev')
[2026-07-23T23:08:35.283+0000] {subprocess.py:106} INFO - [0m23:08:35
[2026-07-23T23:08:35.337+0000] {subprocess.py:106} INFO - [0m23:08:35  1 of 1 START sql table model midraw.avito_ads .................................. [RUN]
[2026-07-23T23:08:35.407+0000] {subprocess.py:106} INFO - [0m23:08:35  1 of 1 OK created sql table model midraw.avito_ads ............................. [[32mSELECT 2186[0m in 0.07s]
[2026-07-23T23:08:35.414+0000] {subprocess.py:106} INFO - [0m23:08:35
[2026-07-23T23:08:35.414+0000] {subprocess.py:106} INFO - [0m23:08:35  Finished running 1 table model in 0 hours 0 minutes and 0.13 seconds (0.13s).
[2026-07-23T23:08:35.439+0000] {subprocess.py:106} INFO - [0m23:08:35
[2026-07-23T23:08:35.440+0000] {subprocess.py:106} INFO - [0m23:08:35  [32mCompleted successfully[0m
[2026-07-23T23:08:35.440+0000] {subprocess.py:106} INFO - [0m23:08:35
[2026-07-23T23:08:35.440+0000] {subprocess.py:106} INFO - [0m23:08:35  Done. PASS=1 WARN=0 ERROR=0 SKIP=0 NO-OP=0 TOTAL=1
[2026-07-23T23:08:37.261+0000] {subprocess.py:106} INFO - [0m23:08:37  Running with dbt=1.11.12
[2026-07-23T23:08:37.363+0000] {subprocess.py:106} INFO - [0m23:08:37  Registered adapter: postgres=1.9.0
[2026-07-23T23:08:37.596+0000] {subprocess.py:106} INFO - [0m23:08:37  Found 1 model, 4 data tests, 3 sources, 475 macros
[2026-07-23T23:08:37.598+0000] {subprocess.py:106} INFO - [0m23:08:37
[2026-07-23T23:08:37.599+0000] {subprocess.py:106} INFO - [0m23:08:37  Concurrency: 4 threads (target='dev')
[2026-07-23T23:08:37.599+0000] {subprocess.py:106} INFO - [0m23:08:37
[2026-07-23T23:08:37.645+0000] {subprocess.py:106} INFO - [0m23:08:37  1 of 4 START test accepted_values_avito_ads_source_system__avito__synthetic_avito  [RUN]
[2026-07-23T23:08:37.645+0000] {subprocess.py:106} INFO - [0m23:08:37  2 of 4 START test not_null_avito_ads_avito_id .................................. [RUN]
[2026-07-23T23:08:37.646+0000] {subprocess.py:106} INFO - [0m23:08:37  3 of 4 START test not_null_avito_ads_title ..................................... [RUN]
[2026-07-23T23:08:37.646+0000] {subprocess.py:106} INFO - [0m23:08:37  4 of 4 START test not_null_avito_ads_url ....................................... [RUN]
[2026-07-23T23:08:37.718+0000] {subprocess.py:106} INFO - [0m23:08:37  1 of 4 PASS accepted_values_avito_ads_source_system__avito__synthetic_avito .... [[32mPASS[0m in 0.07s]
[2026-07-23T23:08:37.724+0000] {subprocess.py:106} INFO - [0m23:08:37  4 of 4 PASS not_null_avito_ads_url ............................................. [[32mPASS[0m in 0.08s]
[2026-07-23T23:08:37.725+0000] {subprocess.py:106} INFO - [0m23:08:37  2 of 4 PASS not_null_avito_ads_avito_id ........................................ [[32mPASS[0m in 0.08s]
[2026-07-23T23:08:37.725+0000] {subprocess.py:106} INFO - [0m23:08:37  3 of 4 PASS not_null_avito_ads_title ........................................... [[32mPASS[0m in 0.08s]
[2026-07-23T23:08:37.736+0000] {subprocess.py:106} INFO - [0m23:08:37
[2026-07-23T23:08:37.736+0000] {subprocess.py:106} INFO - [0m23:08:37  Finished running 4 data tests in 0 hours 0 minutes and 0.14 seconds (0.14s).
[2026-07-23T23:08:37.762+0000] {subprocess.py:106} INFO - [0m23:08:37
[2026-07-23T23:08:37.762+0000] {subprocess.py:106} INFO - [0m23:08:37  [32mCompleted successfully[0m
[2026-07-23T23:08:37.763+0000] {subprocess.py:106} INFO - [0m23:08:37
[2026-07-23T23:08:37.763+0000] {subprocess.py:106} INFO - [0m23:08:37  Done. PASS=4 WARN=0 ERROR=0 SKIP=0 NO-OP=0 TOTAL=4
[2026-07-23T23:08:39.309+0000] {subprocess.py:110} INFO - Command exited with return code 0
[2026-07-23T23:08:39.326+0000] {taskinstance.py:341} INFO - ::group::Post task execution logs
[2026-07-23T23:08:39.327+0000] {taskinstance.py:353} INFO - Marking task as SUCCESS. dag_id=avito_to_raw_midraw, task_id=dbt_build_midraw, run_id=scheduled__2026-07-23T22:00:00+00:00, execution_date=20260723T220000, start_date=20260723T230833, end_date=20260723T230839
[2026-07-23T23:08:39.390+0000] {local_task_job_runner.py:266} INFO - Task exited with return code 0
[2026-07-23T23:08:39.399+0000] {taskinstance.py:3901} INFO - 0 downstream tasks scheduled from follow-on schedule check
[2026-07-23T23:08:39.400+0000] {local_task_job_runner.py:245} INFO - ::endgroup::
