[2026-07-26T11:18:31.240+0000] {local_task_job_runner.py:123} INFO - ::group::Pre task execution logs
[2026-07-26T11:18:31.250+0000] {taskinstance.py:2614} INFO - Dependencies all met for dep_context=non-requeueable deps ti=<TaskInstance: avito_to_raw_midraw.dbt_build_midraw scheduled__2026-07-26T10:00:00+00:00 [queued]>
[2026-07-26T11:18:31.253+0000] {taskinstance.py:2614} INFO - Dependencies all met for dep_context=requeueable deps ti=<TaskInstance: avito_to_raw_midraw.dbt_build_midraw scheduled__2026-07-26T10:00:00+00:00 [queued]>
[2026-07-26T11:18:31.254+0000] {taskinstance.py:2867} INFO - Starting attempt 1 of 2
[2026-07-26T11:18:31.259+0000] {taskinstance.py:2890} INFO - Executing <Task(BashOperator): dbt_build_midraw> on 2026-07-26 10:00:00+00:00
[2026-07-26T11:18:31.261+0000] {standard_task_runner.py:72} INFO - Started process 3355 to run task
[2026-07-26T11:18:31.264+0000] {standard_task_runner.py:104} INFO - Running: ['***', 'tasks', 'run', 'avito_to_raw_midraw', 'dbt_build_midraw', 'scheduled__2026-07-26T10:00:00+00:00', '--job-id', '356', '--raw', '--subdir', 'DAGS_FOLDER/avito_to_raw_midraw.py', '--cfg-path', '/tmp/tmprw59yz__']
[2026-07-26T11:18:31.266+0000] {standard_task_runner.py:105} INFO - Job 356: Subtask dbt_build_midraw
[2026-07-26T11:18:31.296+0000] {task_command.py:467} INFO - Running <TaskInstance: avito_to_raw_midraw.dbt_build_midraw scheduled__2026-07-26T10:00:00+00:00 [running]> on host 4c6dd7d943f5
[2026-07-26T11:18:31.443+0000] {taskinstance.py:3134} INFO - Exporting env vars: AIRFLOW_CTX_DAG_OWNER='data-eng' AIRFLOW_CTX_DAG_ID='avito_to_raw_midraw' AIRFLOW_CTX_TASK_ID='dbt_build_midraw' AIRFLOW_CTX_EXECUTION_DATE='2026-07-26T10:00:00+00:00' AIRFLOW_CTX_TRY_NUMBER='1' AIRFLOW_CTX_DAG_RUN_ID='scheduled__2026-07-26T10:00:00+00:00'
[2026-07-26T11:18:31.443+0000] {taskinstance.py:732} INFO - ::endgroup::
[2026-07-26T11:18:31.448+0000] {subprocess.py:78} INFO - Tmp dir root location: /tmp
[2026-07-26T11:18:31.449+0000] {subprocess.py:88} INFO - Running command: ['/usr/bin/bash', '-c', 'cd /opt/***/dbt && dbt run --profiles-dir . --select avito_ads && dbt test --profiles-dir . --select avito_ads']
[2026-07-26T11:18:31.454+0000] {subprocess.py:99} INFO - Output:
[2026-07-26T11:18:33.457+0000] {subprocess.py:106} INFO - [0m11:18:33  Running with dbt=1.11.12
[2026-07-26T11:18:33.584+0000] {subprocess.py:106} INFO - [0m11:18:33  Registered adapter: postgres=1.9.0
[2026-07-26T11:18:33.832+0000] {subprocess.py:106} INFO - [0m11:18:33  Found 1 model, 4 data tests, 3 sources, 475 macros
[2026-07-26T11:18:33.834+0000] {subprocess.py:106} INFO - [0m11:18:33
[2026-07-26T11:18:33.834+0000] {subprocess.py:106} INFO - [0m11:18:33  Concurrency: 4 threads (target='dev')
[2026-07-26T11:18:33.835+0000] {subprocess.py:106} INFO - [0m11:18:33
[2026-07-26T11:18:33.895+0000] {subprocess.py:106} INFO - [0m11:18:33  1 of 1 START sql table model midraw.avito_ads .................................. [RUN]
[2026-07-26T11:18:33.967+0000] {subprocess.py:106} INFO - [0m11:18:33  1 of 1 OK created sql table model midraw.avito_ads ............................. [[32mSELECT 606[0m in 0.07s]
[2026-07-26T11:18:33.975+0000] {subprocess.py:106} INFO - [0m11:18:33
[2026-07-26T11:18:33.975+0000] {subprocess.py:106} INFO - [0m11:18:33  Finished running 1 table model in 0 hours 0 minutes and 0.14 seconds (0.14s).
[2026-07-26T11:18:34.006+0000] {subprocess.py:106} INFO - [0m11:18:34
[2026-07-26T11:18:34.007+0000] {subprocess.py:106} INFO - [0m11:18:34  [32mCompleted successfully[0m
[2026-07-26T11:18:34.007+0000] {subprocess.py:106} INFO - [0m11:18:34
[2026-07-26T11:18:34.007+0000] {subprocess.py:106} INFO - [0m11:18:34  Done. PASS=1 WARN=0 ERROR=0 SKIP=0 NO-OP=0 TOTAL=1
[2026-07-26T11:18:40.424+0000] {subprocess.py:106} INFO - [0m11:18:40  Running with dbt=1.11.12
[2026-07-26T11:18:40.550+0000] {subprocess.py:106} INFO - [0m11:18:40  Registered adapter: postgres=1.9.0
[2026-07-26T11:18:40.816+0000] {subprocess.py:106} INFO - [0m11:18:40  Found 1 model, 4 data tests, 3 sources, 475 macros
[2026-07-26T11:18:40.818+0000] {subprocess.py:106} INFO - [0m11:18:40
[2026-07-26T11:18:40.819+0000] {subprocess.py:106} INFO - [0m11:18:40  Concurrency: 4 threads (target='dev')
[2026-07-26T11:18:40.819+0000] {subprocess.py:106} INFO - [0m11:18:40
[2026-07-26T11:18:40.900+0000] {subprocess.py:106} INFO - [0m11:18:40  1 of 4 START test accepted_values_avito_ads_source_system__avito__synthetic_avito  [RUN]
[2026-07-26T11:18:40.901+0000] {subprocess.py:106} INFO - [0m11:18:40  2 of 4 START test not_null_avito_ads_avito_id .................................. [RUN]
[2026-07-26T11:18:40.901+0000] {subprocess.py:106} INFO - [0m11:18:40  3 of 4 START test not_null_avito_ads_title ..................................... [RUN]
[2026-07-26T11:18:40.902+0000] {subprocess.py:106} INFO - [0m11:18:40  4 of 4 START test not_null_avito_ads_url ....................................... [RUN]
[2026-07-26T11:18:40.966+0000] {subprocess.py:106} INFO - [0m11:18:40  1 of 4 PASS accepted_values_avito_ads_source_system__avito__synthetic_avito .... [[32mPASS[0m in 0.06s]
[2026-07-26T11:18:40.966+0000] {subprocess.py:106} INFO - [0m11:18:40  2 of 4 PASS not_null_avito_ads_avito_id ........................................ [[32mPASS[0m in 0.06s]
[2026-07-26T11:18:40.967+0000] {subprocess.py:106} INFO - [0m11:18:40  4 of 4 PASS not_null_avito_ads_url ............................................. [[32mPASS[0m in 0.06s]
[2026-07-26T11:18:40.968+0000] {subprocess.py:106} INFO - [0m11:18:40  3 of 4 PASS not_null_avito_ads_title ........................................... [[32mPASS[0m in 0.06s]
[2026-07-26T11:18:40.980+0000] {subprocess.py:106} INFO - [0m11:18:40
[2026-07-26T11:18:40.980+0000] {subprocess.py:106} INFO - [0m11:18:40  Finished running 4 data tests in 0 hours 0 minutes and 0.16 seconds (0.16s).
[2026-07-26T11:18:41.014+0000] {subprocess.py:106} INFO - [0m11:18:41
[2026-07-26T11:18:41.014+0000] {subprocess.py:106} INFO - [0m11:18:41  [32mCompleted successfully[0m
[2026-07-26T11:18:41.015+0000] {subprocess.py:106} INFO - [0m11:18:41
[2026-07-26T11:18:41.015+0000] {subprocess.py:106} INFO - [0m11:18:41  Done. PASS=4 WARN=0 ERROR=0 SKIP=0 NO-OP=0 TOTAL=4
[2026-07-26T11:18:43.054+0000] {subprocess.py:110} INFO - Command exited with return code 0
[2026-07-26T11:18:43.112+0000] {taskinstance.py:341} INFO - ::group::Post task execution logs
[2026-07-26T11:18:43.113+0000] {taskinstance.py:353} INFO - Marking task as SUCCESS. dag_id=avito_to_raw_midraw, task_id=dbt_build_midraw, run_id=scheduled__2026-07-26T10:00:00+00:00, execution_date=20260726T100000, start_date=20260726T111831, end_date=20260726T111843
[2026-07-26T11:18:43.178+0000] {local_task_job_runner.py:266} INFO - Task exited with return code 0
[2026-07-26T11:18:43.213+0000] {taskinstance.py:3901} INFO - 0 downstream tasks scheduled from follow-on schedule check
[2026-07-26T11:18:43.214+0000] {local_task_job_runner.py:245} INFO - ::endgroup::
