[2026-07-29T23:06:57.129+0000] {local_task_job_runner.py:123} INFO - ::group::Pre task execution logs
[2026-07-29T23:06:57.139+0000] {taskinstance.py:2614} INFO - Dependencies all met for dep_context=non-requeueable deps ti=<TaskInstance: avito_to_raw_midraw.dbt_build_midraw scheduled__2026-07-29T22:00:00+00:00 [queued]>
[2026-07-29T23:06:57.143+0000] {taskinstance.py:2614} INFO - Dependencies all met for dep_context=requeueable deps ti=<TaskInstance: avito_to_raw_midraw.dbt_build_midraw scheduled__2026-07-29T22:00:00+00:00 [queued]>
[2026-07-29T23:06:57.143+0000] {taskinstance.py:2867} INFO - Starting attempt 1 of 2
[2026-07-29T23:06:57.147+0000] {taskinstance.py:2890} INFO - Executing <Task(BashOperator): dbt_build_midraw> on 2026-07-29 22:00:00+00:00
[2026-07-29T23:06:57.150+0000] {standard_task_runner.py:72} INFO - Started process 5810 to run task
[2026-07-29T23:06:57.152+0000] {standard_task_runner.py:104} INFO - Running: ['***', 'tasks', 'run', 'avito_to_raw_midraw', 'dbt_build_midraw', 'scheduled__2026-07-29T22:00:00+00:00', '--job-id', '525', '--raw', '--subdir', 'DAGS_FOLDER/avito_to_raw_midraw.py', '--cfg-path', '/tmp/tmp72chnmwt']
[2026-07-29T23:06:57.153+0000] {standard_task_runner.py:105} INFO - Job 525: Subtask dbt_build_midraw
[2026-07-29T23:06:57.177+0000] {task_command.py:467} INFO - Running <TaskInstance: avito_to_raw_midraw.dbt_build_midraw scheduled__2026-07-29T22:00:00+00:00 [running]> on host 4c6dd7d943f5
[2026-07-29T23:06:57.319+0000] {taskinstance.py:3134} INFO - Exporting env vars: AIRFLOW_CTX_DAG_OWNER='data-eng' AIRFLOW_CTX_DAG_ID='avito_to_raw_midraw' AIRFLOW_CTX_TASK_ID='dbt_build_midraw' AIRFLOW_CTX_EXECUTION_DATE='2026-07-29T22:00:00+00:00' AIRFLOW_CTX_TRY_NUMBER='1' AIRFLOW_CTX_DAG_RUN_ID='scheduled__2026-07-29T22:00:00+00:00'
[2026-07-29T23:06:57.320+0000] {taskinstance.py:732} INFO - ::endgroup::
[2026-07-29T23:06:57.325+0000] {subprocess.py:78} INFO - Tmp dir root location: /tmp
[2026-07-29T23:06:57.325+0000] {subprocess.py:88} INFO - Running command: ['/usr/bin/bash', '-c', 'cd /opt/***/dbt && dbt run --profiles-dir . --select avito_ads && dbt test --profiles-dir . --select avito_ads']
[2026-07-29T23:06:57.330+0000] {subprocess.py:99} INFO - Output:
[2026-07-29T23:06:58.365+0000] {subprocess.py:106} INFO - [0m23:06:58  Running with dbt=1.11.12
[2026-07-29T23:06:58.476+0000] {subprocess.py:106} INFO - [0m23:06:58  Registered adapter: postgres=1.9.0
[2026-07-29T23:06:58.699+0000] {subprocess.py:106} INFO - [0m23:06:58  Found 1 model, 4 data tests, 3 sources, 475 macros
[2026-07-29T23:06:58.700+0000] {subprocess.py:106} INFO - [0m23:06:58
[2026-07-29T23:06:58.701+0000] {subprocess.py:106} INFO - [0m23:06:58  Concurrency: 4 threads (target='dev')
[2026-07-29T23:06:58.701+0000] {subprocess.py:106} INFO - [0m23:06:58
[2026-07-29T23:06:58.895+0000] {subprocess.py:106} INFO - [0m23:06:58  1 of 1 START sql table model midraw.avito_ads .................................. [RUN]
[2026-07-29T23:06:59.023+0000] {subprocess.py:106} INFO - [0m23:06:59  1 of 1 OK created sql table model midraw.avito_ads ............................. [[32mSELECT 1401[0m in 0.13s]
[2026-07-29T23:06:59.049+0000] {subprocess.py:106} INFO - [0m23:06:59
[2026-07-29T23:06:59.050+0000] {subprocess.py:106} INFO - [0m23:06:59  Finished running 1 table model in 0 hours 0 minutes and 0.35 seconds (0.35s).
[2026-07-29T23:06:59.094+0000] {subprocess.py:106} INFO - [0m23:06:59
[2026-07-29T23:06:59.094+0000] {subprocess.py:106} INFO - [0m23:06:59  [32mCompleted successfully[0m
[2026-07-29T23:06:59.095+0000] {subprocess.py:106} INFO - [0m23:06:59
[2026-07-29T23:06:59.095+0000] {subprocess.py:106} INFO - [0m23:06:59  Done. PASS=1 WARN=0 ERROR=0 SKIP=0 NO-OP=0 TOTAL=1
[2026-07-29T23:07:01.043+0000] {subprocess.py:106} INFO - [0m23:07:01  Running with dbt=1.11.12
[2026-07-29T23:07:01.144+0000] {subprocess.py:106} INFO - [0m23:07:01  Registered adapter: postgres=1.9.0
[2026-07-29T23:07:01.366+0000] {subprocess.py:106} INFO - [0m23:07:01  Found 1 model, 4 data tests, 3 sources, 475 macros
[2026-07-29T23:07:01.367+0000] {subprocess.py:106} INFO - [0m23:07:01
[2026-07-29T23:07:01.367+0000] {subprocess.py:106} INFO - [0m23:07:01  Concurrency: 4 threads (target='dev')
[2026-07-29T23:07:01.368+0000] {subprocess.py:106} INFO - [0m23:07:01
[2026-07-29T23:07:01.409+0000] {subprocess.py:106} INFO - [0m23:07:01  1 of 4 START test accepted_values_avito_ads_source_system__avito__synthetic_avito  [RUN]
[2026-07-29T23:07:01.409+0000] {subprocess.py:106} INFO - [0m23:07:01  2 of 4 START test not_null_avito_ads_avito_id .................................. [RUN]
[2026-07-29T23:07:01.410+0000] {subprocess.py:106} INFO - [0m23:07:01  3 of 4 START test not_null_avito_ads_title ..................................... [RUN]
[2026-07-29T23:07:01.410+0000] {subprocess.py:106} INFO - [0m23:07:01  4 of 4 START test not_null_avito_ads_url ....................................... [RUN]
[2026-07-29T23:07:01.463+0000] {subprocess.py:106} INFO - [0m23:07:01  2 of 4 PASS not_null_avito_ads_avito_id ........................................ [[32mPASS[0m in 0.05s]
[2026-07-29T23:07:01.464+0000] {subprocess.py:106} INFO - [0m23:07:01  1 of 4 PASS accepted_values_avito_ads_source_system__avito__synthetic_avito .... [[32mPASS[0m in 0.05s]
[2026-07-29T23:07:01.464+0000] {subprocess.py:106} INFO - [0m23:07:01  3 of 4 PASS not_null_avito_ads_title ........................................... [[32mPASS[0m in 0.05s]
[2026-07-29T23:07:01.465+0000] {subprocess.py:106} INFO - [0m23:07:01  4 of 4 PASS not_null_avito_ads_url ............................................. [[32mPASS[0m in 0.05s]
[2026-07-29T23:07:01.475+0000] {subprocess.py:106} INFO - [0m23:07:01
[2026-07-29T23:07:01.475+0000] {subprocess.py:106} INFO - [0m23:07:01  Finished running 4 data tests in 0 hours 0 minutes and 0.11 seconds (0.11s).
[2026-07-29T23:07:01.501+0000] {subprocess.py:106} INFO - [0m23:07:01
[2026-07-29T23:07:01.502+0000] {subprocess.py:106} INFO - [0m23:07:01  [32mCompleted successfully[0m
[2026-07-29T23:07:01.502+0000] {subprocess.py:106} INFO - [0m23:07:01
[2026-07-29T23:07:01.502+0000] {subprocess.py:106} INFO - [0m23:07:01  Done. PASS=4 WARN=0 ERROR=0 SKIP=0 NO-OP=0 TOTAL=4
[2026-07-29T23:07:02.224+0000] {subprocess.py:110} INFO - Command exited with return code 0
[2026-07-29T23:07:02.240+0000] {taskinstance.py:341} INFO - ::group::Post task execution logs
[2026-07-29T23:07:02.241+0000] {taskinstance.py:353} INFO - Marking task as SUCCESS. dag_id=avito_to_raw_midraw, task_id=dbt_build_midraw, run_id=scheduled__2026-07-29T22:00:00+00:00, execution_date=20260729T220000, start_date=20260729T230657, end_date=20260729T230702
[2026-07-29T23:07:02.262+0000] {local_task_job_runner.py:266} INFO - Task exited with return code 0
[2026-07-29T23:07:02.272+0000] {taskinstance.py:3901} INFO - 0 downstream tasks scheduled from follow-on schedule check
[2026-07-29T23:07:02.273+0000] {local_task_job_runner.py:245} INFO - ::endgroup::
