[2026-07-12T11:05:56.728+0000] {local_task_job_runner.py:123} INFO - ::group::Pre task execution logs
[2026-07-12T11:05:56.739+0000] {taskinstance.py:2614} INFO - Dependencies all met for dep_context=non-requeueable deps ti=<TaskInstance: avito_to_raw_midraw.dbt_build_midraw scheduled__2026-07-12T10:00:00+00:00 [queued]>
[2026-07-12T11:05:56.742+0000] {taskinstance.py:2614} INFO - Dependencies all met for dep_context=requeueable deps ti=<TaskInstance: avito_to_raw_midraw.dbt_build_midraw scheduled__2026-07-12T10:00:00+00:00 [queued]>
[2026-07-12T11:05:56.742+0000] {taskinstance.py:2867} INFO - Starting attempt 1 of 2
[2026-07-12T11:05:56.748+0000] {taskinstance.py:2890} INFO - Executing <Task(BashOperator): dbt_build_midraw> on 2026-07-12 10:00:00+00:00
[2026-07-12T11:05:56.751+0000] {standard_task_runner.py:72} INFO - Started process 71 to run task
[2026-07-12T11:05:56.753+0000] {standard_task_runner.py:104} INFO - Running: ['***', 'tasks', 'run', 'avito_to_raw_midraw', 'dbt_build_midraw', 'scheduled__2026-07-12T10:00:00+00:00', '--job-id', '87', '--raw', '--subdir', 'DAGS_FOLDER/avito_to_raw_midraw.py', '--cfg-path', '/tmp/tmpknck0van']
[2026-07-12T11:05:56.757+0000] {standard_task_runner.py:105} INFO - Job 87: Subtask dbt_build_midraw
[2026-07-12T11:05:56.838+0000] {task_command.py:467} INFO - Running <TaskInstance: avito_to_raw_midraw.dbt_build_midraw scheduled__2026-07-12T10:00:00+00:00 [running]> on host 4c6dd7d943f5
[2026-07-12T11:05:57.192+0000] {taskinstance.py:3134} INFO - Exporting env vars: AIRFLOW_CTX_DAG_OWNER='data-eng' AIRFLOW_CTX_DAG_ID='avito_to_raw_midraw' AIRFLOW_CTX_TASK_ID='dbt_build_midraw' AIRFLOW_CTX_EXECUTION_DATE='2026-07-12T10:00:00+00:00' AIRFLOW_CTX_TRY_NUMBER='1' AIRFLOW_CTX_DAG_RUN_ID='scheduled__2026-07-12T10:00:00+00:00'
[2026-07-12T11:05:57.193+0000] {taskinstance.py:732} INFO - ::endgroup::
[2026-07-12T11:05:57.203+0000] {subprocess.py:78} INFO - Tmp dir root location: /tmp
[2026-07-12T11:05:57.204+0000] {subprocess.py:88} INFO - Running command: ['/usr/bin/bash', '-c', 'cd /opt/***/dbt && dbt run --profiles-dir . --select avito_ads && dbt test --profiles-dir . --select avito_ads']
[2026-07-12T11:05:57.216+0000] {subprocess.py:99} INFO - Output:
[2026-07-12T11:05:58.491+0000] {subprocess.py:106} INFO - [0m11:05:58  Running with dbt=1.11.12
[2026-07-12T11:05:58.619+0000] {subprocess.py:106} INFO - [0m11:05:58  Registered adapter: postgres=1.9.0
[2026-07-12T11:05:58.846+0000] {subprocess.py:106} INFO - [0m11:05:58  Found 1 model, 6 data tests, 1 source, 475 macros
[2026-07-12T11:05:58.847+0000] {subprocess.py:106} INFO - [0m11:05:58
[2026-07-12T11:05:58.848+0000] {subprocess.py:106} INFO - [0m11:05:58  Concurrency: 4 threads (target='dev')
[2026-07-12T11:05:58.848+0000] {subprocess.py:106} INFO - [0m11:05:58
[2026-07-12T11:05:58.920+0000] {subprocess.py:106} INFO - [0m11:05:58  1 of 1 START sql table model midraw.avito_ads .................................. [RUN]
[2026-07-12T11:06:17.508+0000] {subprocess.py:106} INFO - [0m11:06:17  1 of 1 OK created sql table model midraw.avito_ads ............................. [[32mSELECT 36288[0m in 18.58s]
[2026-07-12T11:06:17.521+0000] {subprocess.py:106} INFO - [0m11:06:17
[2026-07-12T11:06:17.522+0000] {subprocess.py:106} INFO - [0m11:06:17  Finished running 1 table model in 0 hours 0 minutes and 18.67 seconds (18.67s).
[2026-07-12T11:06:17.570+0000] {subprocess.py:106} INFO - [0m11:06:17
[2026-07-12T11:06:17.570+0000] {subprocess.py:106} INFO - [0m11:06:17  [32mCompleted successfully[0m
[2026-07-12T11:06:17.571+0000] {subprocess.py:106} INFO - [0m11:06:17
[2026-07-12T11:06:17.571+0000] {subprocess.py:106} INFO - [0m11:06:17  Done. PASS=1 WARN=0 ERROR=0 SKIP=0 NO-OP=0 TOTAL=1
[2026-07-12T11:06:19.724+0000] {subprocess.py:106} INFO - [0m11:06:19  Running with dbt=1.11.12
[2026-07-12T11:06:19.827+0000] {subprocess.py:106} INFO - [0m11:06:19  Registered adapter: postgres=1.9.0
[2026-07-12T11:06:20.080+0000] {subprocess.py:106} INFO - [0m11:06:20  Found 1 model, 6 data tests, 1 source, 475 macros
[2026-07-12T11:06:20.081+0000] {subprocess.py:106} INFO - [0m11:06:20
[2026-07-12T11:06:20.082+0000] {subprocess.py:106} INFO - [0m11:06:20  Concurrency: 4 threads (target='dev')
[2026-07-12T11:06:20.082+0000] {subprocess.py:106} INFO - [0m11:06:20
[2026-07-12T11:06:20.141+0000] {subprocess.py:106} INFO - [0m11:06:20  1 of 6 START test accepted_values_avito_ads_source_system__avito__synthetic_avito  [RUN]
[2026-07-12T11:06:20.141+0000] {subprocess.py:106} INFO - [0m11:06:20  2 of 6 START test not_null_avito_ads_avito_id .................................. [RUN]
[2026-07-12T11:06:20.142+0000] {subprocess.py:106} INFO - [0m11:06:20  3 of 6 START test not_null_avito_ads_row_number ................................ [RUN]
[2026-07-12T11:06:20.142+0000] {subprocess.py:106} INFO - [0m11:06:20  4 of 6 START test not_null_avito_ads_run_id .................................... [RUN]
[2026-07-12T11:06:20.255+0000] {subprocess.py:106} INFO - [0m11:06:20  1 of 6 PASS accepted_values_avito_ads_source_system__avito__synthetic_avito .... [[32mPASS[0m in 0.11s]
[2026-07-12T11:06:20.255+0000] {subprocess.py:106} INFO - [0m11:06:20  3 of 6 PASS not_null_avito_ads_row_number ...................................... [[32mPASS[0m in 0.11s]
[2026-07-12T11:06:20.256+0000] {subprocess.py:106} INFO - [0m11:06:20  4 of 6 PASS not_null_avito_ads_run_id .......................................... [[32mPASS[0m in 0.11s]
[2026-07-12T11:06:20.256+0000] {subprocess.py:106} INFO - [0m11:06:20  2 of 6 PASS not_null_avito_ads_avito_id ........................................ [[32mPASS[0m in 0.11s]
[2026-07-12T11:06:20.259+0000] {subprocess.py:106} INFO - [0m11:06:20  5 of 6 START test not_null_avito_ads_title ..................................... [RUN]
[2026-07-12T11:06:20.259+0000] {subprocess.py:106} INFO - [0m11:06:20  6 of 6 START test not_null_avito_ads_url ....................................... [RUN]
[2026-07-12T11:06:20.287+0000] {subprocess.py:106} INFO - [0m11:06:20  6 of 6 PASS not_null_avito_ads_url ............................................. [[32mPASS[0m in 0.03s]
[2026-07-12T11:06:20.288+0000] {subprocess.py:106} INFO - [0m11:06:20  5 of 6 PASS not_null_avito_ads_title ........................................... [[32mPASS[0m in 0.03s]
[2026-07-12T11:06:20.299+0000] {subprocess.py:106} INFO - [0m11:06:20
[2026-07-12T11:06:20.299+0000] {subprocess.py:106} INFO - [0m11:06:20  Finished running 6 data tests in 0 hours 0 minutes and 0.22 seconds (0.22s).
[2026-07-12T11:06:20.325+0000] {subprocess.py:106} INFO - [0m11:06:20
[2026-07-12T11:06:20.325+0000] {subprocess.py:106} INFO - [0m11:06:20  [32mCompleted successfully[0m
[2026-07-12T11:06:20.325+0000] {subprocess.py:106} INFO - [0m11:06:20
[2026-07-12T11:06:20.326+0000] {subprocess.py:106} INFO - [0m11:06:20  Done. PASS=6 WARN=0 ERROR=0 SKIP=0 NO-OP=0 TOTAL=6
[2026-07-12T11:06:21.115+0000] {subprocess.py:110} INFO - Command exited with return code 0
[2026-07-12T11:06:21.153+0000] {taskinstance.py:341} INFO - ::group::Post task execution logs
[2026-07-12T11:06:21.154+0000] {taskinstance.py:353} INFO - Marking task as SUCCESS. dag_id=avito_to_raw_midraw, task_id=dbt_build_midraw, run_id=scheduled__2026-07-12T10:00:00+00:00, execution_date=20260712T100000, start_date=20260712T110556, end_date=20260712T110621
[2026-07-12T11:06:21.190+0000] {local_task_job_runner.py:266} INFO - Task exited with return code 0
[2026-07-12T11:06:21.210+0000] {taskinstance.py:3901} INFO - 0 downstream tasks scheduled from follow-on schedule check
[2026-07-12T11:06:21.210+0000] {local_task_job_runner.py:245} INFO - ::endgroup::
