[2026-07-12T10:00:15.202+0000] {local_task_job_runner.py:123} INFO - ::group::Pre task execution logs
[2026-07-12T10:00:15.215+0000] {taskinstance.py:2614} INFO - Dependencies all met for dep_context=non-requeueable deps ti=<TaskInstance: avito_to_raw_midraw.dbt_build_midraw scheduled__2026-07-12T09:00:00+00:00 [queued]>
[2026-07-12T10:00:15.219+0000] {taskinstance.py:2614} INFO - Dependencies all met for dep_context=requeueable deps ti=<TaskInstance: avito_to_raw_midraw.dbt_build_midraw scheduled__2026-07-12T09:00:00+00:00 [queued]>
[2026-07-12T10:00:15.220+0000] {taskinstance.py:2867} INFO - Starting attempt 1 of 2
[2026-07-12T10:00:15.225+0000] {taskinstance.py:2890} INFO - Executing <Task(BashOperator): dbt_build_midraw> on 2026-07-12 09:00:00+00:00
[2026-07-12T10:00:15.227+0000] {standard_task_runner.py:72} INFO - Started process 39 to run task
[2026-07-12T10:00:15.230+0000] {standard_task_runner.py:104} INFO - Running: ['***', 'tasks', 'run', 'avito_to_raw_midraw', 'dbt_build_midraw', 'scheduled__2026-07-12T09:00:00+00:00', '--job-id', '84', '--raw', '--subdir', 'DAGS_FOLDER/avito_to_raw_midraw.py', '--cfg-path', '/tmp/tmpy68xxhj9']
[2026-07-12T10:00:15.232+0000] {standard_task_runner.py:105} INFO - Job 84: Subtask dbt_build_midraw
[2026-07-12T10:00:15.264+0000] {task_command.py:467} INFO - Running <TaskInstance: avito_to_raw_midraw.dbt_build_midraw scheduled__2026-07-12T09:00:00+00:00 [running]> on host 4c6dd7d943f5
[2026-07-12T10:00:15.454+0000] {taskinstance.py:3134} INFO - Exporting env vars: AIRFLOW_CTX_DAG_OWNER='data-eng' AIRFLOW_CTX_DAG_ID='avito_to_raw_midraw' AIRFLOW_CTX_TASK_ID='dbt_build_midraw' AIRFLOW_CTX_EXECUTION_DATE='2026-07-12T09:00:00+00:00' AIRFLOW_CTX_TRY_NUMBER='1' AIRFLOW_CTX_DAG_RUN_ID='scheduled__2026-07-12T09:00:00+00:00'
[2026-07-12T10:00:15.455+0000] {taskinstance.py:732} INFO - ::endgroup::
[2026-07-12T10:00:15.461+0000] {subprocess.py:78} INFO - Tmp dir root location: /tmp
[2026-07-12T10:00:15.461+0000] {subprocess.py:88} INFO - Running command: ['/usr/bin/bash', '-c', 'cd /opt/***/dbt && dbt run --profiles-dir . --select avito_ads && dbt test --profiles-dir . --select avito_ads']
[2026-07-12T10:00:15.467+0000] {subprocess.py:99} INFO - Output:
[2026-07-12T10:00:16.909+0000] {subprocess.py:106} INFO - [0m10:00:16  Running with dbt=1.11.12
[2026-07-12T10:00:17.101+0000] {subprocess.py:106} INFO - [0m10:00:17  Registered adapter: postgres=1.9.0
[2026-07-12T10:00:17.352+0000] {subprocess.py:106} INFO - [0m10:00:17  Found 1 model, 6 data tests, 1 source, 475 macros
[2026-07-12T10:00:17.353+0000] {subprocess.py:106} INFO - [0m10:00:17
[2026-07-12T10:00:17.353+0000] {subprocess.py:106} INFO - [0m10:00:17  Concurrency: 4 threads (target='dev')
[2026-07-12T10:00:17.353+0000] {subprocess.py:106} INFO - [0m10:00:17
[2026-07-12T10:00:17.429+0000] {subprocess.py:106} INFO - [0m10:00:17  1 of 1 START sql table model midraw.avito_ads .................................. [RUN]
[2026-07-12T10:00:31.983+0000] {subprocess.py:106} INFO - [0m10:00:31  1 of 1 OK created sql table model midraw.avito_ads ............................. [[32mSELECT 33559[0m in 14.55s]
[2026-07-12T10:00:31.995+0000] {subprocess.py:106} INFO - [0m10:00:31
[2026-07-12T10:00:31.995+0000] {subprocess.py:106} INFO - [0m10:00:31  Finished running 1 table model in 0 hours 0 minutes and 14.64 seconds (14.64s).
[2026-07-12T10:00:32.028+0000] {subprocess.py:106} INFO - [0m10:00:32
[2026-07-12T10:00:32.028+0000] {subprocess.py:106} INFO - [0m10:00:32  [32mCompleted successfully[0m
[2026-07-12T10:00:32.029+0000] {subprocess.py:106} INFO - [0m10:00:32
[2026-07-12T10:00:32.029+0000] {subprocess.py:106} INFO - [0m10:00:32  Done. PASS=1 WARN=0 ERROR=0 SKIP=0 NO-OP=0 TOTAL=1
[2026-07-12T10:00:33.948+0000] {subprocess.py:106} INFO - [0m10:00:33  Running with dbt=1.11.12
[2026-07-12T10:00:34.064+0000] {subprocess.py:106} INFO - [0m10:00:34  Registered adapter: postgres=1.9.0
[2026-07-12T10:00:34.275+0000] {subprocess.py:106} INFO - [0m10:00:34  Found 1 model, 6 data tests, 1 source, 475 macros
[2026-07-12T10:00:34.276+0000] {subprocess.py:106} INFO - [0m10:00:34
[2026-07-12T10:00:34.277+0000] {subprocess.py:106} INFO - [0m10:00:34  Concurrency: 4 threads (target='dev')
[2026-07-12T10:00:34.277+0000] {subprocess.py:106} INFO - [0m10:00:34
[2026-07-12T10:00:34.331+0000] {subprocess.py:106} INFO - [0m10:00:34  1 of 6 START test accepted_values_avito_ads_source_system__avito__synthetic_avito  [RUN]
[2026-07-12T10:00:34.331+0000] {subprocess.py:106} INFO - [0m10:00:34  2 of 6 START test not_null_avito_ads_avito_id .................................. [RUN]
[2026-07-12T10:00:34.332+0000] {subprocess.py:106} INFO - [0m10:00:34  3 of 6 START test not_null_avito_ads_row_number ................................ [RUN]
[2026-07-12T10:00:34.332+0000] {subprocess.py:106} INFO - [0m10:00:34  4 of 6 START test not_null_avito_ads_run_id .................................... [RUN]
[2026-07-12T10:00:34.409+0000] {subprocess.py:106} INFO - [0m10:00:34  4 of 6 PASS not_null_avito_ads_run_id .......................................... [[32mPASS[0m in 0.08s]
[2026-07-12T10:00:34.410+0000] {subprocess.py:106} INFO - [0m10:00:34  2 of 6 PASS not_null_avito_ads_avito_id ........................................ [[32mPASS[0m in 0.08s]
[2026-07-12T10:00:34.410+0000] {subprocess.py:106} INFO - [0m10:00:34  3 of 6 PASS not_null_avito_ads_row_number ...................................... [[32mPASS[0m in 0.08s]
[2026-07-12T10:00:34.410+0000] {subprocess.py:106} INFO - [0m10:00:34  1 of 6 PASS accepted_values_avito_ads_source_system__avito__synthetic_avito .... [[32mPASS[0m in 0.08s]
[2026-07-12T10:00:34.413+0000] {subprocess.py:106} INFO - [0m10:00:34  5 of 6 START test not_null_avito_ads_title ..................................... [RUN]
[2026-07-12T10:00:34.413+0000] {subprocess.py:106} INFO - [0m10:00:34  6 of 6 START test not_null_avito_ads_url ....................................... [RUN]
[2026-07-12T10:00:34.437+0000] {subprocess.py:106} INFO - [0m10:00:34  5 of 6 PASS not_null_avito_ads_title ........................................... [[32mPASS[0m in 0.02s]
[2026-07-12T10:00:34.438+0000] {subprocess.py:106} INFO - [0m10:00:34  6 of 6 PASS not_null_avito_ads_url ............................................. [[32mPASS[0m in 0.02s]
[2026-07-12T10:00:34.446+0000] {subprocess.py:106} INFO - [0m10:00:34
[2026-07-12T10:00:34.446+0000] {subprocess.py:106} INFO - [0m10:00:34  Finished running 6 data tests in 0 hours 0 minutes and 0.17 seconds (0.17s).
[2026-07-12T10:00:34.471+0000] {subprocess.py:106} INFO - [0m10:00:34
[2026-07-12T10:00:34.471+0000] {subprocess.py:106} INFO - [0m10:00:34  [32mCompleted successfully[0m
[2026-07-12T10:00:34.471+0000] {subprocess.py:106} INFO - [0m10:00:34
[2026-07-12T10:00:34.472+0000] {subprocess.py:106} INFO - [0m10:00:34  Done. PASS=6 WARN=0 ERROR=0 SKIP=0 NO-OP=0 TOTAL=6
[2026-07-12T10:00:35.170+0000] {subprocess.py:110} INFO - Command exited with return code 0
[2026-07-12T10:00:35.268+0000] {taskinstance.py:341} INFO - ::group::Post task execution logs
[2026-07-12T10:00:35.269+0000] {taskinstance.py:353} INFO - Marking task as SUCCESS. dag_id=avito_to_raw_midraw, task_id=dbt_build_midraw, run_id=scheduled__2026-07-12T09:00:00+00:00, execution_date=20260712T090000, start_date=20260712T100015, end_date=20260712T100035
[2026-07-12T10:00:35.328+0000] {local_task_job_runner.py:266} INFO - Task exited with return code 0
[2026-07-12T10:00:35.344+0000] {taskinstance.py:3901} INFO - 0 downstream tasks scheduled from follow-on schedule check
[2026-07-12T10:00:35.345+0000] {local_task_job_runner.py:245} INFO - ::endgroup::
