[2026-07-12T01:00:16.625+0000] {local_task_job_runner.py:123} INFO - ::group::Pre task execution logs
[2026-07-12T01:00:16.640+0000] {taskinstance.py:2614} INFO - Dependencies all met for dep_context=non-requeueable deps ti=<TaskInstance: avito_to_raw_midraw.dbt_build_midraw scheduled__2026-07-12T00:00:00+00:00 [queued]>
[2026-07-12T01:00:16.646+0000] {taskinstance.py:2614} INFO - Dependencies all met for dep_context=requeueable deps ti=<TaskInstance: avito_to_raw_midraw.dbt_build_midraw scheduled__2026-07-12T00:00:00+00:00 [queued]>
[2026-07-12T01:00:16.646+0000] {taskinstance.py:2867} INFO - Starting attempt 1 of 2
[2026-07-12T01:00:16.653+0000] {taskinstance.py:2890} INFO - Executing <Task(BashOperator): dbt_build_midraw> on 2026-07-12 00:00:00+00:00
[2026-07-12T01:00:16.656+0000] {standard_task_runner.py:72} INFO - Started process 426 to run task
[2026-07-12T01:00:16.658+0000] {standard_task_runner.py:104} INFO - Running: ['***', 'tasks', 'run', 'avito_to_raw_midraw', 'dbt_build_midraw', 'scheduled__2026-07-12T00:00:00+00:00', '--job-id', '55', '--raw', '--subdir', 'DAGS_FOLDER/avito_to_raw_midraw.py', '--cfg-path', '/tmp/tmpp04r726g']
[2026-07-12T01:00:16.660+0000] {standard_task_runner.py:105} INFO - Job 55: Subtask dbt_build_midraw
[2026-07-12T01:00:16.693+0000] {task_command.py:467} INFO - Running <TaskInstance: avito_to_raw_midraw.dbt_build_midraw scheduled__2026-07-12T00:00:00+00:00 [running]> on host 5f8cb7b7a9c9
[2026-07-12T01:00:16.873+0000] {taskinstance.py:3134} INFO - Exporting env vars: AIRFLOW_CTX_DAG_OWNER='data-eng' AIRFLOW_CTX_DAG_ID='avito_to_raw_midraw' AIRFLOW_CTX_TASK_ID='dbt_build_midraw' AIRFLOW_CTX_EXECUTION_DATE='2026-07-12T00:00:00+00:00' AIRFLOW_CTX_TRY_NUMBER='1' AIRFLOW_CTX_DAG_RUN_ID='scheduled__2026-07-12T00:00:00+00:00'
[2026-07-12T01:00:16.873+0000] {taskinstance.py:732} INFO - ::endgroup::
[2026-07-12T01:00:16.880+0000] {subprocess.py:78} INFO - Tmp dir root location: /tmp
[2026-07-12T01:00:16.881+0000] {subprocess.py:88} INFO - Running command: ['/usr/bin/bash', '-c', 'cd /opt/***/dbt && dbt run --profiles-dir . --select avito_ads && dbt test --profiles-dir . --select avito_ads']
[2026-07-12T01:00:16.886+0000] {subprocess.py:99} INFO - Output:
[2026-07-12T01:00:18.420+0000] {subprocess.py:106} INFO - [0m01:00:18  Running with dbt=1.11.12
[2026-07-12T01:00:18.622+0000] {subprocess.py:106} INFO - [0m01:00:18  Registered adapter: postgres=1.9.0
[2026-07-12T01:00:19.008+0000] {subprocess.py:106} INFO - [0m01:00:19  Found 1 model, 6 data tests, 1 source, 475 macros
[2026-07-12T01:00:19.010+0000] {subprocess.py:106} INFO - [0m01:00:19
[2026-07-12T01:00:19.011+0000] {subprocess.py:106} INFO - [0m01:00:19  Concurrency: 4 threads (target='dev')
[2026-07-12T01:00:19.011+0000] {subprocess.py:106} INFO - [0m01:00:19
[2026-07-12T01:00:19.105+0000] {subprocess.py:106} INFO - [0m01:00:19  1 of 1 START sql table model midraw.avito_ads .................................. [RUN]
[2026-07-12T01:00:26.143+0000] {subprocess.py:106} INFO - [0m01:00:26  1 of 1 OK created sql table model midraw.avito_ads ............................. [[32mSELECT 13454[0m in 7.03s]
[2026-07-12T01:00:26.159+0000] {subprocess.py:106} INFO - [0m01:00:26
[2026-07-12T01:00:26.159+0000] {subprocess.py:106} INFO - [0m01:00:26  Finished running 1 table model in 0 hours 0 minutes and 7.15 seconds (7.15s).
[2026-07-12T01:00:26.205+0000] {subprocess.py:106} INFO - [0m01:00:26
[2026-07-12T01:00:26.206+0000] {subprocess.py:106} INFO - [0m01:00:26  [32mCompleted successfully[0m
[2026-07-12T01:00:26.206+0000] {subprocess.py:106} INFO - [0m01:00:26
[2026-07-12T01:00:26.207+0000] {subprocess.py:106} INFO - [0m01:00:26  Done. PASS=1 WARN=0 ERROR=0 SKIP=0 NO-OP=0 TOTAL=1
[2026-07-12T01:00:34.661+0000] {subprocess.py:106} INFO - [0m01:00:34  Running with dbt=1.11.12
[2026-07-12T01:00:34.870+0000] {subprocess.py:106} INFO - [0m01:00:34  Registered adapter: postgres=1.9.0
[2026-07-12T01:00:35.281+0000] {subprocess.py:106} INFO - [0m01:00:35  Found 1 model, 6 data tests, 1 source, 475 macros
[2026-07-12T01:00:35.284+0000] {subprocess.py:106} INFO - [0m01:00:35
[2026-07-12T01:00:35.285+0000] {subprocess.py:106} INFO - [0m01:00:35  Concurrency: 4 threads (target='dev')
[2026-07-12T01:00:35.285+0000] {subprocess.py:106} INFO - [0m01:00:35
[2026-07-12T01:00:35.379+0000] {subprocess.py:106} INFO - [0m01:00:35  1 of 6 START test accepted_values_avito_ads_source_system__avito__synthetic_avito  [RUN]
[2026-07-12T01:00:35.379+0000] {subprocess.py:106} INFO - [0m01:00:35  2 of 6 START test not_null_avito_ads_avito_id .................................. [RUN]
[2026-07-12T01:00:35.380+0000] {subprocess.py:106} INFO - [0m01:00:35  3 of 6 START test not_null_avito_ads_row_number ................................ [RUN]
[2026-07-12T01:00:35.381+0000] {subprocess.py:106} INFO - [0m01:00:35  4 of 6 START test not_null_avito_ads_run_id .................................... [RUN]
[2026-07-12T01:00:35.501+0000] {subprocess.py:106} INFO - [0m01:00:35  2 of 6 PASS not_null_avito_ads_avito_id ........................................ [[32mPASS[0m in 0.12s]
[2026-07-12T01:00:35.502+0000] {subprocess.py:106} INFO - [0m01:00:35  4 of 6 PASS not_null_avito_ads_run_id .......................................... [[32mPASS[0m in 0.12s]
[2026-07-12T01:00:35.503+0000] {subprocess.py:106} INFO - [0m01:00:35  3 of 6 PASS not_null_avito_ads_row_number ...................................... [[32mPASS[0m in 0.12s]
[2026-07-12T01:00:35.504+0000] {subprocess.py:106} INFO - [0m01:00:35  1 of 6 PASS accepted_values_avito_ads_source_system__avito__synthetic_avito .... [[32mPASS[0m in 0.12s]
[2026-07-12T01:00:35.510+0000] {subprocess.py:106} INFO - [0m01:00:35  5 of 6 START test not_null_avito_ads_title ..................................... [RUN]
[2026-07-12T01:00:35.511+0000] {subprocess.py:106} INFO - [0m01:00:35  6 of 6 START test not_null_avito_ads_url ....................................... [RUN]
[2026-07-12T01:00:35.551+0000] {subprocess.py:106} INFO - [0m01:00:35  5 of 6 PASS not_null_avito_ads_title ........................................... [[32mPASS[0m in 0.04s]
[2026-07-12T01:00:35.553+0000] {subprocess.py:106} INFO - [0m01:00:35  6 of 6 PASS not_null_avito_ads_url ............................................. [[32mPASS[0m in 0.04s]
[2026-07-12T01:00:35.568+0000] {subprocess.py:106} INFO - [0m01:00:35
[2026-07-12T01:00:35.569+0000] {subprocess.py:106} INFO - [0m01:00:35  Finished running 6 data tests in 0 hours 0 minutes and 0.28 seconds (0.28s).
[2026-07-12T01:00:35.622+0000] {subprocess.py:106} INFO - [0m01:00:35
[2026-07-12T01:00:35.623+0000] {subprocess.py:106} INFO - [0m01:00:35  [32mCompleted successfully[0m
[2026-07-12T01:00:35.623+0000] {subprocess.py:106} INFO - [0m01:00:35
[2026-07-12T01:00:35.624+0000] {subprocess.py:106} INFO - [0m01:00:35  Done. PASS=6 WARN=0 ERROR=0 SKIP=0 NO-OP=0 TOTAL=6
[2026-07-12T01:00:39.548+0000] {subprocess.py:110} INFO - Command exited with return code 0
[2026-07-12T01:00:39.568+0000] {taskinstance.py:341} INFO - ::group::Post task execution logs
[2026-07-12T01:00:39.568+0000] {taskinstance.py:353} INFO - Marking task as SUCCESS. dag_id=avito_to_raw_midraw, task_id=dbt_build_midraw, run_id=scheduled__2026-07-12T00:00:00+00:00, execution_date=20260712T000000, start_date=20260712T010016, end_date=20260712T010039
[2026-07-12T01:00:39.619+0000] {local_task_job_runner.py:266} INFO - Task exited with return code 0
[2026-07-12T01:00:39.630+0000] {taskinstance.py:3901} INFO - 0 downstream tasks scheduled from follow-on schedule check
[2026-07-12T01:00:39.631+0000] {local_task_job_runner.py:245} INFO - ::endgroup::
