[2026-08-03T05:03:33.514+0000] {local_task_job_runner.py:123} INFO - ::group::Pre task execution logs
[2026-08-03T05:03:33.527+0000] {taskinstance.py:2614} INFO - Dependencies all met for dep_context=non-requeueable deps ti=<TaskInstance: avito_to_raw_midraw.dbt_build_midraw scheduled__2026-08-03T04:00:00+00:00 [queued]>
[2026-08-03T05:03:33.532+0000] {taskinstance.py:2614} INFO - Dependencies all met for dep_context=requeueable deps ti=<TaskInstance: avito_to_raw_midraw.dbt_build_midraw scheduled__2026-08-03T04:00:00+00:00 [queued]>
[2026-08-03T05:03:33.532+0000] {taskinstance.py:2867} INFO - Starting attempt 1 of 2
[2026-08-03T05:03:33.542+0000] {taskinstance.py:2890} INFO - Executing <Task(BashOperator): dbt_build_midraw> on 2026-08-03 04:00:00+00:00
[2026-08-03T05:03:33.545+0000] {standard_task_runner.py:72} INFO - Started process 1117 to run task
[2026-08-03T05:03:33.549+0000] {standard_task_runner.py:104} INFO - Running: ['***', 'tasks', 'run', 'avito_to_raw_midraw', 'dbt_build_midraw', 'scheduled__2026-08-03T04:00:00+00:00', '--job-id', '667', '--raw', '--subdir', 'DAGS_FOLDER/avito_to_raw_midraw.py', '--cfg-path', '/tmp/tmpevb86alz']
[2026-08-03T05:03:33.551+0000] {standard_task_runner.py:105} INFO - Job 667: Subtask dbt_build_midraw
[2026-08-03T05:03:33.587+0000] {task_command.py:467} INFO - Running <TaskInstance: avito_to_raw_midraw.dbt_build_midraw scheduled__2026-08-03T04:00:00+00:00 [running]> on host 4c6dd7d943f5
[2026-08-03T05:03:33.784+0000] {taskinstance.py:3134} INFO - Exporting env vars: AIRFLOW_CTX_DAG_OWNER='data-eng' AIRFLOW_CTX_DAG_ID='avito_to_raw_midraw' AIRFLOW_CTX_TASK_ID='dbt_build_midraw' AIRFLOW_CTX_EXECUTION_DATE='2026-08-03T04:00:00+00:00' AIRFLOW_CTX_TRY_NUMBER='1' AIRFLOW_CTX_DAG_RUN_ID='scheduled__2026-08-03T04:00:00+00:00'
[2026-08-03T05:03:33.785+0000] {taskinstance.py:732} INFO - ::endgroup::
[2026-08-03T05:03:33.792+0000] {subprocess.py:78} INFO - Tmp dir root location: /tmp
[2026-08-03T05:03:33.793+0000] {subprocess.py:88} INFO - Running command: ['/usr/bin/bash', '-c', 'cd /opt/***/dbt && dbt run --profiles-dir . --select avito_ads && dbt test --profiles-dir . --select avito_ads']
[2026-08-03T05:03:33.799+0000] {subprocess.py:99} INFO - Output:
[2026-08-03T05:03:35.128+0000] {subprocess.py:106} INFO - [0m05:03:35  Running with dbt=1.11.12
[2026-08-03T05:03:35.241+0000] {subprocess.py:106} INFO - [0m05:03:35  Registered adapter: postgres=1.9.0
[2026-08-03T05:03:35.484+0000] {subprocess.py:106} INFO - [0m05:03:35  Found 1 model, 4 data tests, 3 sources, 475 macros
[2026-08-03T05:03:35.485+0000] {subprocess.py:106} INFO - [0m05:03:35
[2026-08-03T05:03:35.485+0000] {subprocess.py:106} INFO - [0m05:03:35  Concurrency: 4 threads (target='dev')
[2026-08-03T05:03:35.486+0000] {subprocess.py:106} INFO - [0m05:03:35
[2026-08-03T05:03:35.548+0000] {subprocess.py:106} INFO - [0m05:03:35  1 of 1 START sql table model midraw.avito_ads .................................. [RUN]
[2026-08-03T05:03:35.645+0000] {subprocess.py:106} INFO - [0m05:03:35  1 of 1 OK created sql table model midraw.avito_ads ............................. [[32mSELECT 1963[0m in 0.10s]
[2026-08-03T05:03:35.655+0000] {subprocess.py:106} INFO - [0m05:03:35
[2026-08-03T05:03:35.655+0000] {subprocess.py:106} INFO - [0m05:03:35  Finished running 1 table model in 0 hours 0 minutes and 0.17 seconds (0.17s).
[2026-08-03T05:03:35.686+0000] {subprocess.py:106} INFO - [0m05:03:35
[2026-08-03T05:03:35.687+0000] {subprocess.py:106} INFO - [0m05:03:35  [32mCompleted successfully[0m
[2026-08-03T05:03:35.687+0000] {subprocess.py:106} INFO - [0m05:03:35
[2026-08-03T05:03:35.687+0000] {subprocess.py:106} INFO - [0m05:03:35  Done. PASS=1 WARN=0 ERROR=0 SKIP=0 NO-OP=0 TOTAL=1
[2026-08-03T05:03:40.875+0000] {subprocess.py:106} INFO - [0m05:03:40  Running with dbt=1.11.12
[2026-08-03T05:03:40.981+0000] {subprocess.py:106} INFO - [0m05:03:40  Registered adapter: postgres=1.9.0
[2026-08-03T05:03:41.216+0000] {subprocess.py:106} INFO - [0m05:03:41  Found 1 model, 4 data tests, 3 sources, 475 macros
[2026-08-03T05:03:41.218+0000] {subprocess.py:106} INFO - [0m05:03:41
[2026-08-03T05:03:41.218+0000] {subprocess.py:106} INFO - [0m05:03:41  Concurrency: 4 threads (target='dev')
[2026-08-03T05:03:41.218+0000] {subprocess.py:106} INFO - [0m05:03:41
[2026-08-03T05:03:41.265+0000] {subprocess.py:106} INFO - [0m05:03:41  1 of 4 START test accepted_values_avito_ads_source_system__avito__synthetic_avito  [RUN]
[2026-08-03T05:03:41.265+0000] {subprocess.py:106} INFO - [0m05:03:41  2 of 4 START test not_null_avito_ads_avito_id .................................. [RUN]
[2026-08-03T05:03:41.266+0000] {subprocess.py:106} INFO - [0m05:03:41  3 of 4 START test not_null_avito_ads_title ..................................... [RUN]
[2026-08-03T05:03:41.266+0000] {subprocess.py:106} INFO - [0m05:03:41  4 of 4 START test not_null_avito_ads_url ....................................... [RUN]
[2026-08-03T05:03:41.324+0000] {subprocess.py:106} INFO - [0m05:03:41  1 of 4 PASS accepted_values_avito_ads_source_system__avito__synthetic_avito .... [[32mPASS[0m in 0.06s]
[2026-08-03T05:03:41.324+0000] {subprocess.py:106} INFO - [0m05:03:41  3 of 4 PASS not_null_avito_ads_title ........................................... [[32mPASS[0m in 0.06s]
[2026-08-03T05:03:41.325+0000] {subprocess.py:106} INFO - [0m05:03:41  4 of 4 PASS not_null_avito_ads_url ............................................. [[32mPASS[0m in 0.06s]
[2026-08-03T05:03:41.325+0000] {subprocess.py:106} INFO - [0m05:03:41  2 of 4 PASS not_null_avito_ads_avito_id ........................................ [[32mPASS[0m in 0.06s]
[2026-08-03T05:03:41.336+0000] {subprocess.py:106} INFO - [0m05:03:41
[2026-08-03T05:03:41.337+0000] {subprocess.py:106} INFO - [0m05:03:41  Finished running 4 data tests in 0 hours 0 minutes and 0.12 seconds (0.12s).
[2026-08-03T05:03:41.363+0000] {subprocess.py:106} INFO - [0m05:03:41
[2026-08-03T05:03:41.363+0000] {subprocess.py:106} INFO - [0m05:03:41  [32mCompleted successfully[0m
[2026-08-03T05:03:41.363+0000] {subprocess.py:106} INFO - [0m05:03:41
[2026-08-03T05:03:41.364+0000] {subprocess.py:106} INFO - [0m05:03:41  Done. PASS=4 WARN=0 ERROR=0 SKIP=0 NO-OP=0 TOTAL=4
[2026-08-03T05:03:45.581+0000] {subprocess.py:110} INFO - Command exited with return code 0
[2026-08-03T05:03:45.617+0000] {taskinstance.py:341} INFO - ::group::Post task execution logs
[2026-08-03T05:03:45.618+0000] {taskinstance.py:353} INFO - Marking task as SUCCESS. dag_id=avito_to_raw_midraw, task_id=dbt_build_midraw, run_id=scheduled__2026-08-03T04:00:00+00:00, execution_date=20260803T040000, start_date=20260803T050333, end_date=20260803T050345
[2026-08-03T05:03:45.660+0000] {local_task_job_runner.py:266} INFO - Task exited with return code 0
[2026-08-03T05:03:45.676+0000] {taskinstance.py:3901} INFO - 0 downstream tasks scheduled from follow-on schedule check
[2026-08-03T05:03:45.677+0000] {local_task_job_runner.py:245} INFO - ::endgroup::
