[2026-07-29T13:02:37.265+0000] {local_task_job_runner.py:123} INFO - ::group::Pre task execution logs
[2026-07-29T13:02:37.275+0000] {taskinstance.py:2614} INFO - Dependencies all met for dep_context=non-requeueable deps ti=<TaskInstance: avito_to_raw_midraw.dbt_build_midraw scheduled__2026-07-29T12:00:00+00:00 [queued]>
[2026-07-29T13:02:37.279+0000] {taskinstance.py:2614} INFO - Dependencies all met for dep_context=requeueable deps ti=<TaskInstance: avito_to_raw_midraw.dbt_build_midraw scheduled__2026-07-29T12:00:00+00:00 [queued]>
[2026-07-29T13:02:37.280+0000] {taskinstance.py:2867} INFO - Starting attempt 1 of 2
[2026-07-29T13:02:37.284+0000] {taskinstance.py:2890} INFO - Executing <Task(BashOperator): dbt_build_midraw> on 2026-07-29 12:00:00+00:00
[2026-07-29T13:02:37.287+0000] {standard_task_runner.py:72} INFO - Started process 5520 to run task
[2026-07-29T13:02:37.289+0000] {standard_task_runner.py:104} INFO - Running: ['***', 'tasks', 'run', 'avito_to_raw_midraw', 'dbt_build_midraw', 'scheduled__2026-07-29T12:00:00+00:00', '--job-id', '505', '--raw', '--subdir', 'DAGS_FOLDER/avito_to_raw_midraw.py', '--cfg-path', '/tmp/tmptjt8p_qp']
[2026-07-29T13:02:37.291+0000] {standard_task_runner.py:105} INFO - Job 505: Subtask dbt_build_midraw
[2026-07-29T13:02:37.316+0000] {task_command.py:467} INFO - Running <TaskInstance: avito_to_raw_midraw.dbt_build_midraw scheduled__2026-07-29T12:00:00+00:00 [running]> on host 4c6dd7d943f5
[2026-07-29T13:02:37.461+0000] {taskinstance.py:3134} INFO - Exporting env vars: AIRFLOW_CTX_DAG_OWNER='data-eng' AIRFLOW_CTX_DAG_ID='avito_to_raw_midraw' AIRFLOW_CTX_TASK_ID='dbt_build_midraw' AIRFLOW_CTX_EXECUTION_DATE='2026-07-29T12:00:00+00:00' AIRFLOW_CTX_TRY_NUMBER='1' AIRFLOW_CTX_DAG_RUN_ID='scheduled__2026-07-29T12:00:00+00:00'
[2026-07-29T13:02:37.462+0000] {taskinstance.py:732} INFO - ::endgroup::
[2026-07-29T13:02:37.467+0000] {subprocess.py:78} INFO - Tmp dir root location: /tmp
[2026-07-29T13:02:37.467+0000] {subprocess.py:88} INFO - Running command: ['/usr/bin/bash', '-c', 'cd /opt/***/dbt && dbt run --profiles-dir . --select avito_ads && dbt test --profiles-dir . --select avito_ads']
[2026-07-29T13:02:37.471+0000] {subprocess.py:99} INFO - Output:
[2026-07-29T13:02:38.504+0000] {subprocess.py:106} INFO - [0m13:02:38  Running with dbt=1.11.12
[2026-07-29T13:02:38.612+0000] {subprocess.py:106} INFO - [0m13:02:38  Registered adapter: postgres=1.9.0
[2026-07-29T13:02:38.842+0000] {subprocess.py:106} INFO - [0m13:02:38  Found 1 model, 4 data tests, 3 sources, 475 macros
[2026-07-29T13:02:38.844+0000] {subprocess.py:106} INFO - [0m13:02:38
[2026-07-29T13:02:38.844+0000] {subprocess.py:106} INFO - [0m13:02:38  Concurrency: 4 threads (target='dev')
[2026-07-29T13:02:38.844+0000] {subprocess.py:106} INFO - [0m13:02:38
[2026-07-29T13:02:38.902+0000] {subprocess.py:106} INFO - [0m13:02:38  1 of 1 START sql table model midraw.avito_ads .................................. [RUN]
[2026-07-29T13:02:38.976+0000] {subprocess.py:106} INFO - [0m13:02:38  1 of 1 OK created sql table model midraw.avito_ads ............................. [[32mSELECT 1260[0m in 0.07s]
[2026-07-29T13:02:38.983+0000] {subprocess.py:106} INFO - [0m13:02:38
[2026-07-29T13:02:38.984+0000] {subprocess.py:106} INFO - [0m13:02:38  Finished running 1 table model in 0 hours 0 minutes and 0.14 seconds (0.14s).
[2026-07-29T13:02:39.011+0000] {subprocess.py:106} INFO - [0m13:02:39
[2026-07-29T13:02:39.011+0000] {subprocess.py:106} INFO - [0m13:02:39  [32mCompleted successfully[0m
[2026-07-29T13:02:39.011+0000] {subprocess.py:106} INFO - [0m13:02:39
[2026-07-29T13:02:39.012+0000] {subprocess.py:106} INFO - [0m13:02:39  Done. PASS=1 WARN=0 ERROR=0 SKIP=0 NO-OP=0 TOTAL=1
[2026-07-29T13:02:40.862+0000] {subprocess.py:106} INFO - [0m13:02:40  Running with dbt=1.11.12
[2026-07-29T13:02:40.976+0000] {subprocess.py:106} INFO - [0m13:02:40  Registered adapter: postgres=1.9.0
[2026-07-29T13:02:41.222+0000] {subprocess.py:106} INFO - [0m13:02:41  Found 1 model, 4 data tests, 3 sources, 475 macros
[2026-07-29T13:02:41.223+0000] {subprocess.py:106} INFO - [0m13:02:41
[2026-07-29T13:02:41.223+0000] {subprocess.py:106} INFO - [0m13:02:41  Concurrency: 4 threads (target='dev')
[2026-07-29T13:02:41.224+0000] {subprocess.py:106} INFO - [0m13:02:41
[2026-07-29T13:02:41.270+0000] {subprocess.py:106} INFO - [0m13:02:41  1 of 4 START test accepted_values_avito_ads_source_system__avito__synthetic_avito  [RUN]
[2026-07-29T13:02:41.271+0000] {subprocess.py:106} INFO - [0m13:02:41  2 of 4 START test not_null_avito_ads_avito_id .................................. [RUN]
[2026-07-29T13:02:41.271+0000] {subprocess.py:106} INFO - [0m13:02:41  3 of 4 START test not_null_avito_ads_title ..................................... [RUN]
[2026-07-29T13:02:41.271+0000] {subprocess.py:106} INFO - [0m13:02:41  4 of 4 START test not_null_avito_ads_url ....................................... [RUN]
[2026-07-29T13:02:41.330+0000] {subprocess.py:106} INFO - [0m13:02:41  1 of 4 PASS accepted_values_avito_ads_source_system__avito__synthetic_avito .... [[32mPASS[0m in 0.06s]
[2026-07-29T13:02:41.331+0000] {subprocess.py:106} INFO - [0m13:02:41  4 of 4 PASS not_null_avito_ads_url ............................................. [[32mPASS[0m in 0.06s]
[2026-07-29T13:02:41.331+0000] {subprocess.py:106} INFO - [0m13:02:41  2 of 4 PASS not_null_avito_ads_avito_id ........................................ [[32mPASS[0m in 0.06s]
[2026-07-29T13:02:41.332+0000] {subprocess.py:106} INFO - [0m13:02:41  3 of 4 PASS not_null_avito_ads_title ........................................... [[32mPASS[0m in 0.06s]
[2026-07-29T13:02:41.343+0000] {subprocess.py:106} INFO - [0m13:02:41
[2026-07-29T13:02:41.343+0000] {subprocess.py:106} INFO - [0m13:02:41  Finished running 4 data tests in 0 hours 0 minutes and 0.12 seconds (0.12s).
[2026-07-29T13:02:41.370+0000] {subprocess.py:106} INFO - [0m13:02:41
[2026-07-29T13:02:41.370+0000] {subprocess.py:106} INFO - [0m13:02:41  [32mCompleted successfully[0m
[2026-07-29T13:02:41.371+0000] {subprocess.py:106} INFO - [0m13:02:41
[2026-07-29T13:02:41.371+0000] {subprocess.py:106} INFO - [0m13:02:41  Done. PASS=4 WARN=0 ERROR=0 SKIP=0 NO-OP=0 TOTAL=4
[2026-07-29T13:02:42.118+0000] {subprocess.py:110} INFO - Command exited with return code 0
[2026-07-29T13:02:42.134+0000] {taskinstance.py:341} INFO - ::group::Post task execution logs
[2026-07-29T13:02:42.134+0000] {taskinstance.py:353} INFO - Marking task as SUCCESS. dag_id=avito_to_raw_midraw, task_id=dbt_build_midraw, run_id=scheduled__2026-07-29T12:00:00+00:00, execution_date=20260729T120000, start_date=20260729T130237, end_date=20260729T130242
[2026-07-29T13:02:42.179+0000] {local_task_job_runner.py:266} INFO - Task exited with return code 0
[2026-07-29T13:02:42.189+0000] {taskinstance.py:3901} INFO - 0 downstream tasks scheduled from follow-on schedule check
[2026-07-29T13:02:42.190+0000] {local_task_job_runner.py:245} INFO - ::endgroup::
