[2026-07-23T20:06:30.151+0000] {local_task_job_runner.py:123} INFO - ::group::Pre task execution logs
[2026-07-23T20:06:30.163+0000] {taskinstance.py:2614} INFO - Dependencies all met for dep_context=non-requeueable deps ti=<TaskInstance: avito_to_raw_midraw.dbt_build_midraw scheduled__2026-07-23T19:00:00+00:00 [queued]>
[2026-07-23T20:06:30.168+0000] {taskinstance.py:2614} INFO - Dependencies all met for dep_context=requeueable deps ti=<TaskInstance: avito_to_raw_midraw.dbt_build_midraw scheduled__2026-07-23T19:00:00+00:00 [queued]>
[2026-07-23T20:06:30.168+0000] {taskinstance.py:2867} INFO - Starting attempt 1 of 2
[2026-07-23T20:06:30.176+0000] {taskinstance.py:2890} INFO - Executing <Task(BashOperator): dbt_build_midraw> on 2026-07-23 19:00:00+00:00
[2026-07-23T20:06:30.182+0000] {standard_task_runner.py:72} INFO - Started process 1514 to run task
[2026-07-23T20:06:30.185+0000] {standard_task_runner.py:104} INFO - Running: ['***', 'tasks', 'run', 'avito_to_raw_midraw', 'dbt_build_midraw', 'scheduled__2026-07-23T19:00:00+00:00', '--job-id', '230', '--raw', '--subdir', 'DAGS_FOLDER/avito_to_raw_midraw.py', '--cfg-path', '/tmp/tmpdmwbaz13']
[2026-07-23T20:06:30.188+0000] {standard_task_runner.py:105} INFO - Job 230: Subtask dbt_build_midraw
[2026-07-23T20:06:30.217+0000] {task_command.py:467} INFO - Running <TaskInstance: avito_to_raw_midraw.dbt_build_midraw scheduled__2026-07-23T19:00:00+00:00 [running]> on host 4c6dd7d943f5
[2026-07-23T20:06:30.371+0000] {taskinstance.py:3134} INFO - Exporting env vars: AIRFLOW_CTX_DAG_OWNER='data-eng' AIRFLOW_CTX_DAG_ID='avito_to_raw_midraw' AIRFLOW_CTX_TASK_ID='dbt_build_midraw' AIRFLOW_CTX_EXECUTION_DATE='2026-07-23T19:00:00+00:00' AIRFLOW_CTX_TRY_NUMBER='1' AIRFLOW_CTX_DAG_RUN_ID='scheduled__2026-07-23T19:00:00+00:00'
[2026-07-23T20:06:30.371+0000] {taskinstance.py:732} INFO - ::endgroup::
[2026-07-23T20:06:30.376+0000] {subprocess.py:78} INFO - Tmp dir root location: /tmp
[2026-07-23T20:06:30.377+0000] {subprocess.py:88} INFO - Running command: ['/usr/bin/bash', '-c', 'cd /opt/***/dbt && dbt run --profiles-dir . --select avito_ads && dbt test --profiles-dir . --select avito_ads']
[2026-07-23T20:06:30.382+0000] {subprocess.py:99} INFO - Output:
[2026-07-23T20:06:31.762+0000] {subprocess.py:106} INFO - [0m20:06:31  Running with dbt=1.11.12
[2026-07-23T20:06:31.903+0000] {subprocess.py:106} INFO - [0m20:06:31  Registered adapter: postgres=1.9.0
[2026-07-23T20:06:32.199+0000] {subprocess.py:106} INFO - [0m20:06:32  Found 1 model, 4 data tests, 3 sources, 475 macros
[2026-07-23T20:06:32.200+0000] {subprocess.py:106} INFO - [0m20:06:32
[2026-07-23T20:06:32.201+0000] {subprocess.py:106} INFO - [0m20:06:32  Concurrency: 4 threads (target='dev')
[2026-07-23T20:06:32.201+0000] {subprocess.py:106} INFO - [0m20:06:32
[2026-07-23T20:06:32.271+0000] {subprocess.py:106} INFO - [0m20:06:32  1 of 1 START sql table model midraw.avito_ads .................................. [RUN]
[2026-07-23T20:06:32.367+0000] {subprocess.py:106} INFO - [0m20:06:32  1 of 1 OK created sql table model midraw.avito_ads ............................. [[32mSELECT 2171[0m in 0.09s]
[2026-07-23T20:06:32.377+0000] {subprocess.py:106} INFO - [0m20:06:32
[2026-07-23T20:06:32.378+0000] {subprocess.py:106} INFO - [0m20:06:32  Finished running 1 table model in 0 hours 0 minutes and 0.18 seconds (0.18s).
[2026-07-23T20:06:32.418+0000] {subprocess.py:106} INFO - [0m20:06:32
[2026-07-23T20:06:32.418+0000] {subprocess.py:106} INFO - [0m20:06:32  [32mCompleted successfully[0m
[2026-07-23T20:06:32.418+0000] {subprocess.py:106} INFO - [0m20:06:32
[2026-07-23T20:06:32.419+0000] {subprocess.py:106} INFO - [0m20:06:32  Done. PASS=1 WARN=0 ERROR=0 SKIP=0 NO-OP=0 TOTAL=1
[2026-07-23T20:06:34.383+0000] {subprocess.py:106} INFO - [0m20:06:34  Running with dbt=1.11.12
[2026-07-23T20:06:34.492+0000] {subprocess.py:106} INFO - [0m20:06:34  Registered adapter: postgres=1.9.0
[2026-07-23T20:06:34.720+0000] {subprocess.py:106} INFO - [0m20:06:34  Found 1 model, 4 data tests, 3 sources, 475 macros
[2026-07-23T20:06:34.722+0000] {subprocess.py:106} INFO - [0m20:06:34
[2026-07-23T20:06:34.722+0000] {subprocess.py:106} INFO - [0m20:06:34  Concurrency: 4 threads (target='dev')
[2026-07-23T20:06:34.722+0000] {subprocess.py:106} INFO - [0m20:06:34
[2026-07-23T20:06:34.768+0000] {subprocess.py:106} INFO - [0m20:06:34  1 of 4 START test accepted_values_avito_ads_source_system__avito__synthetic_avito  [RUN]
[2026-07-23T20:06:34.768+0000] {subprocess.py:106} INFO - [0m20:06:34  2 of 4 START test not_null_avito_ads_avito_id .................................. [RUN]
[2026-07-23T20:06:34.768+0000] {subprocess.py:106} INFO - [0m20:06:34  3 of 4 START test not_null_avito_ads_title ..................................... [RUN]
[2026-07-23T20:06:34.769+0000] {subprocess.py:106} INFO - [0m20:06:34  4 of 4 START test not_null_avito_ads_url ....................................... [RUN]
[2026-07-23T20:06:34.821+0000] {subprocess.py:106} INFO - [0m20:06:34  2 of 4 PASS not_null_avito_ads_avito_id ........................................ [[32mPASS[0m in 0.05s]
[2026-07-23T20:06:34.822+0000] {subprocess.py:106} INFO - [0m20:06:34  3 of 4 PASS not_null_avito_ads_title ........................................... [[32mPASS[0m in 0.05s]
[2026-07-23T20:06:34.823+0000] {subprocess.py:106} INFO - [0m20:06:34  1 of 4 PASS accepted_values_avito_ads_source_system__avito__synthetic_avito .... [[32mPASS[0m in 0.05s]
[2026-07-23T20:06:34.824+0000] {subprocess.py:106} INFO - [0m20:06:34  4 of 4 PASS not_null_avito_ads_url ............................................. [[32mPASS[0m in 0.05s]
[2026-07-23T20:06:34.834+0000] {subprocess.py:106} INFO - [0m20:06:34
[2026-07-23T20:06:34.835+0000] {subprocess.py:106} INFO - [0m20:06:34  Finished running 4 data tests in 0 hours 0 minutes and 0.11 seconds (0.11s).
[2026-07-23T20:06:34.861+0000] {subprocess.py:106} INFO - [0m20:06:34
[2026-07-23T20:06:34.862+0000] {subprocess.py:106} INFO - [0m20:06:34  [32mCompleted successfully[0m
[2026-07-23T20:06:34.862+0000] {subprocess.py:106} INFO - [0m20:06:34
[2026-07-23T20:06:34.862+0000] {subprocess.py:106} INFO - [0m20:06:34  Done. PASS=4 WARN=0 ERROR=0 SKIP=0 NO-OP=0 TOTAL=4
[2026-07-23T20:06:35.536+0000] {subprocess.py:110} INFO - Command exited with return code 0
[2026-07-23T20:06:35.555+0000] {taskinstance.py:341} INFO - ::group::Post task execution logs
[2026-07-23T20:06:35.555+0000] {taskinstance.py:353} INFO - Marking task as SUCCESS. dag_id=avito_to_raw_midraw, task_id=dbt_build_midraw, run_id=scheduled__2026-07-23T19:00:00+00:00, execution_date=20260723T190000, start_date=20260723T200630, end_date=20260723T200635
[2026-07-23T20:06:35.604+0000] {local_task_job_runner.py:266} INFO - Task exited with return code 0
[2026-07-23T20:06:35.613+0000] {taskinstance.py:3901} INFO - 0 downstream tasks scheduled from follow-on schedule check
[2026-07-23T20:06:35.614+0000] {local_task_job_runner.py:245} INFO - ::endgroup::
