[2026-07-28T09:33:43.293+0000] {local_task_job_runner.py:123} INFO - ::group::Pre task execution logs
[2026-07-28T09:33:43.303+0000] {taskinstance.py:2614} INFO - Dependencies all met for dep_context=non-requeueable deps ti=<TaskInstance: avito_to_raw_midraw.dbt_build_midraw scheduled__2026-07-28T08:00:00+00:00 [queued]>
[2026-07-28T09:33:43.306+0000] {taskinstance.py:2614} INFO - Dependencies all met for dep_context=requeueable deps ti=<TaskInstance: avito_to_raw_midraw.dbt_build_midraw scheduled__2026-07-28T08:00:00+00:00 [queued]>
[2026-07-28T09:33:43.306+0000] {taskinstance.py:2867} INFO - Starting attempt 1 of 2
[2026-07-28T09:33:43.311+0000] {taskinstance.py:2890} INFO - Executing <Task(BashOperator): dbt_build_midraw> on 2026-07-28 08:00:00+00:00
[2026-07-28T09:33:43.313+0000] {standard_task_runner.py:72} INFO - Started process 4689 to run task
[2026-07-28T09:33:43.315+0000] {standard_task_runner.py:104} INFO - Running: ['***', 'tasks', 'run', 'avito_to_raw_midraw', 'dbt_build_midraw', 'scheduled__2026-07-28T08:00:00+00:00', '--job-id', '448', '--raw', '--subdir', 'DAGS_FOLDER/avito_to_raw_midraw.py', '--cfg-path', '/tmp/tmpbxebady2']
[2026-07-28T09:33:43.317+0000] {standard_task_runner.py:105} INFO - Job 448: Subtask dbt_build_midraw
[2026-07-28T09:33:43.341+0000] {task_command.py:467} INFO - Running <TaskInstance: avito_to_raw_midraw.dbt_build_midraw scheduled__2026-07-28T08:00:00+00:00 [running]> on host 4c6dd7d943f5
[2026-07-28T09:33:43.488+0000] {taskinstance.py:3134} INFO - Exporting env vars: AIRFLOW_CTX_DAG_OWNER='data-eng' AIRFLOW_CTX_DAG_ID='avito_to_raw_midraw' AIRFLOW_CTX_TASK_ID='dbt_build_midraw' AIRFLOW_CTX_EXECUTION_DATE='2026-07-28T08:00:00+00:00' AIRFLOW_CTX_TRY_NUMBER='1' AIRFLOW_CTX_DAG_RUN_ID='scheduled__2026-07-28T08:00:00+00:00'
[2026-07-28T09:33:43.488+0000] {taskinstance.py:732} INFO - ::endgroup::
[2026-07-28T09:33:43.493+0000] {subprocess.py:78} INFO - Tmp dir root location: /tmp
[2026-07-28T09:33:43.494+0000] {subprocess.py:88} INFO - Running command: ['/usr/bin/bash', '-c', 'cd /opt/***/dbt && dbt run --profiles-dir . --select avito_ads && dbt test --profiles-dir . --select avito_ads']
[2026-07-28T09:33:43.500+0000] {subprocess.py:99} INFO - Output:
[2026-07-28T09:33:44.603+0000] {subprocess.py:106} INFO - [0m09:33:44  Running with dbt=1.11.12
[2026-07-28T09:33:44.711+0000] {subprocess.py:106} INFO - [0m09:33:44  Registered adapter: postgres=1.9.0
[2026-07-28T09:33:44.947+0000] {subprocess.py:106} INFO - [0m09:33:44  Found 1 model, 4 data tests, 3 sources, 475 macros
[2026-07-28T09:33:44.949+0000] {subprocess.py:106} INFO - [0m09:33:44
[2026-07-28T09:33:44.949+0000] {subprocess.py:106} INFO - [0m09:33:44  Concurrency: 4 threads (target='dev')
[2026-07-28T09:33:44.950+0000] {subprocess.py:106} INFO - [0m09:33:44
[2026-07-28T09:33:45.010+0000] {subprocess.py:106} INFO - [0m09:33:45  1 of 1 START sql table model midraw.avito_ads .................................. [RUN]
[2026-07-28T09:33:45.085+0000] {subprocess.py:106} INFO - [0m09:33:45  1 of 1 OK created sql table model midraw.avito_ads ............................. [[32mSELECT 1073[0m in 0.07s]
[2026-07-28T09:33:45.093+0000] {subprocess.py:106} INFO - [0m09:33:45
[2026-07-28T09:33:45.094+0000] {subprocess.py:106} INFO - [0m09:33:45  Finished running 1 table model in 0 hours 0 minutes and 0.14 seconds (0.14s).
[2026-07-28T09:33:45.122+0000] {subprocess.py:106} INFO - [0m09:33:45
[2026-07-28T09:33:45.122+0000] {subprocess.py:106} INFO - [0m09:33:45  [32mCompleted successfully[0m
[2026-07-28T09:33:45.122+0000] {subprocess.py:106} INFO - [0m09:33:45
[2026-07-28T09:33:45.123+0000] {subprocess.py:106} INFO - [0m09:33:45  Done. PASS=1 WARN=0 ERROR=0 SKIP=0 NO-OP=0 TOTAL=1
[2026-07-28T09:33:46.982+0000] {subprocess.py:106} INFO - [0m09:33:46  Running with dbt=1.11.12
[2026-07-28T09:33:47.088+0000] {subprocess.py:106} INFO - [0m09:33:47  Registered adapter: postgres=1.9.0
[2026-07-28T09:33:47.327+0000] {subprocess.py:106} INFO - [0m09:33:47  Found 1 model, 4 data tests, 3 sources, 475 macros
[2026-07-28T09:33:47.328+0000] {subprocess.py:106} INFO - [0m09:33:47
[2026-07-28T09:33:47.329+0000] {subprocess.py:106} INFO - [0m09:33:47  Concurrency: 4 threads (target='dev')
[2026-07-28T09:33:47.329+0000] {subprocess.py:106} INFO - [0m09:33:47
[2026-07-28T09:33:47.374+0000] {subprocess.py:106} INFO - [0m09:33:47  1 of 4 START test accepted_values_avito_ads_source_system__avito__synthetic_avito  [RUN]
[2026-07-28T09:33:47.375+0000] {subprocess.py:106} INFO - [0m09:33:47  2 of 4 START test not_null_avito_ads_avito_id .................................. [RUN]
[2026-07-28T09:33:47.375+0000] {subprocess.py:106} INFO - [0m09:33:47  3 of 4 START test not_null_avito_ads_title ..................................... [RUN]
[2026-07-28T09:33:47.376+0000] {subprocess.py:106} INFO - [0m09:33:47  4 of 4 START test not_null_avito_ads_url ....................................... [RUN]
[2026-07-28T09:33:47.432+0000] {subprocess.py:106} INFO - [0m09:33:47  4 of 4 PASS not_null_avito_ads_url ............................................. [[32mPASS[0m in 0.06s]
[2026-07-28T09:33:47.433+0000] {subprocess.py:106} INFO - [0m09:33:47  2 of 4 PASS not_null_avito_ads_avito_id ........................................ [[32mPASS[0m in 0.06s]
[2026-07-28T09:33:47.433+0000] {subprocess.py:106} INFO - [0m09:33:47  3 of 4 PASS not_null_avito_ads_title ........................................... [[32mPASS[0m in 0.06s]
[2026-07-28T09:33:47.434+0000] {subprocess.py:106} INFO - [0m09:33:47  1 of 4 PASS accepted_values_avito_ads_source_system__avito__synthetic_avito .... [[32mPASS[0m in 0.06s]
[2026-07-28T09:33:47.445+0000] {subprocess.py:106} INFO - [0m09:33:47
[2026-07-28T09:33:47.445+0000] {subprocess.py:106} INFO - [0m09:33:47  Finished running 4 data tests in 0 hours 0 minutes and 0.12 seconds (0.12s).
[2026-07-28T09:33:47.472+0000] {subprocess.py:106} INFO - [0m09:33:47
[2026-07-28T09:33:47.472+0000] {subprocess.py:106} INFO - [0m09:33:47  [32mCompleted successfully[0m
[2026-07-28T09:33:47.473+0000] {subprocess.py:106} INFO - [0m09:33:47
[2026-07-28T09:33:47.473+0000] {subprocess.py:106} INFO - [0m09:33:47  Done. PASS=4 WARN=0 ERROR=0 SKIP=0 NO-OP=0 TOTAL=4
[2026-07-28T09:33:52.748+0000] {subprocess.py:110} INFO - Command exited with return code 0
[2026-07-28T09:33:52.771+0000] {taskinstance.py:341} INFO - ::group::Post task execution logs
[2026-07-28T09:33:52.771+0000] {taskinstance.py:353} INFO - Marking task as SUCCESS. dag_id=avito_to_raw_midraw, task_id=dbt_build_midraw, run_id=scheduled__2026-07-28T08:00:00+00:00, execution_date=20260728T080000, start_date=20260728T093343, end_date=20260728T093352
[2026-07-28T09:33:52.813+0000] {local_task_job_runner.py:266} INFO - Task exited with return code 0
[2026-07-28T09:33:52.825+0000] {taskinstance.py:3901} INFO - 0 downstream tasks scheduled from follow-on schedule check
[2026-07-28T09:33:52.826+0000] {local_task_job_runner.py:245} INFO - ::endgroup::
