[2026-07-11T17:12:56.090+0000] {local_task_job_runner.py:123} INFO - ::group::Pre task execution logs
[2026-07-11T17:12:56.098+0000] {taskinstance.py:2614} INFO - Dependencies all met for dep_context=non-requeueable deps ti=<TaskInstance: avito_to_raw_midraw.dbt_build_midraw real_data_1 [queued]>
[2026-07-11T17:12:56.101+0000] {taskinstance.py:2614} INFO - Dependencies all met for dep_context=requeueable deps ti=<TaskInstance: avito_to_raw_midraw.dbt_build_midraw real_data_1 [queued]>
[2026-07-11T17:12:56.101+0000] {taskinstance.py:2867} INFO - Starting attempt 1 of 2
[2026-07-11T17:12:56.104+0000] {taskinstance.py:2890} INFO - Executing <Task(BashOperator): dbt_build_midraw> on 2026-07-11 17:12:53+00:00
[2026-07-11T17:12:56.106+0000] {standard_task_runner.py:72} INFO - Started process 135 to run task
[2026-07-11T17:12:56.108+0000] {standard_task_runner.py:104} INFO - Running: ['***', 'tasks', 'run', 'avito_to_raw_midraw', 'dbt_build_midraw', 'real_data_1', '--job-id', '27', '--raw', '--subdir', 'DAGS_FOLDER/avito_to_raw_midraw.py', '--cfg-path', '/tmp/tmp4dyhr10y']
[2026-07-11T17:12:56.110+0000] {standard_task_runner.py:105} INFO - Job 27: Subtask dbt_build_midraw
[2026-07-11T17:12:56.127+0000] {task_command.py:467} INFO - Running <TaskInstance: avito_to_raw_midraw.dbt_build_midraw real_data_1 [running]> on host 5f8cb7b7a9c9
[2026-07-11T17:12:56.225+0000] {taskinstance.py:3134} INFO - Exporting env vars: AIRFLOW_CTX_DAG_OWNER='data-eng' AIRFLOW_CTX_DAG_ID='avito_to_raw_midraw' AIRFLOW_CTX_TASK_ID='dbt_build_midraw' AIRFLOW_CTX_EXECUTION_DATE='2026-07-11T17:12:53+00:00' AIRFLOW_CTX_TRY_NUMBER='1' AIRFLOW_CTX_DAG_RUN_ID='real_data_1'
[2026-07-11T17:12:56.225+0000] {taskinstance.py:732} INFO - ::endgroup::
[2026-07-11T17:12:56.229+0000] {subprocess.py:78} INFO - Tmp dir root location: /tmp
[2026-07-11T17:12:56.229+0000] {subprocess.py:88} INFO - Running command: ['/usr/bin/bash', '-c', 'cd /opt/***/dbt && dbt run --profiles-dir . --select avito_ads && dbt test --profiles-dir . --select avito_ads']
[2026-07-11T17:12:56.232+0000] {subprocess.py:99} INFO - Output:
[2026-07-11T17:12:56.980+0000] {subprocess.py:106} INFO - [0m17:12:56  Running with dbt=1.11.12
[2026-07-11T17:12:57.059+0000] {subprocess.py:106} INFO - [0m17:12:57  Registered adapter: postgres=1.9.0
[2026-07-11T17:12:57.245+0000] {subprocess.py:106} INFO - [0m17:12:57  Found 1 model, 6 data tests, 1 source, 475 macros
[2026-07-11T17:12:57.246+0000] {subprocess.py:106} INFO - [0m17:12:57
[2026-07-11T17:12:57.246+0000] {subprocess.py:106} INFO - [0m17:12:57  Concurrency: 4 threads (target='dev')
[2026-07-11T17:12:57.246+0000] {subprocess.py:106} INFO - [0m17:12:57
[2026-07-11T17:12:57.290+0000] {subprocess.py:106} INFO - [0m17:12:57  1 of 1 START sql table model midraw.avito_ads .................................. [RUN]
[2026-07-11T17:12:57.361+0000] {subprocess.py:106} INFO - [0m17:12:57  1 of 1 OK created sql table model midraw.avito_ads ............................. [[32mSELECT 346[0m in 0.07s]
[2026-07-11T17:12:57.367+0000] {subprocess.py:106} INFO - [0m17:12:57
[2026-07-11T17:12:57.368+0000] {subprocess.py:106} INFO - [0m17:12:57  Finished running 1 table model in 0 hours 0 minutes and 0.12 seconds (0.12s).
[2026-07-11T17:12:57.390+0000] {subprocess.py:106} INFO - [0m17:12:57
[2026-07-11T17:12:57.390+0000] {subprocess.py:106} INFO - [0m17:12:57  [32mCompleted successfully[0m
[2026-07-11T17:12:57.390+0000] {subprocess.py:106} INFO - [0m17:12:57
[2026-07-11T17:12:57.390+0000] {subprocess.py:106} INFO - [0m17:12:57  Done. PASS=1 WARN=0 ERROR=0 SKIP=0 NO-OP=0 TOTAL=1
[2026-07-11T17:12:59.422+0000] {subprocess.py:106} INFO - [0m17:12:59  Running with dbt=1.11.12
[2026-07-11T17:12:59.498+0000] {subprocess.py:106} INFO - [0m17:12:59  Registered adapter: postgres=1.9.0
[2026-07-11T17:12:59.668+0000] {subprocess.py:106} INFO - [0m17:12:59  Found 1 model, 6 data tests, 1 source, 475 macros
[2026-07-11T17:12:59.669+0000] {subprocess.py:106} INFO - [0m17:12:59
[2026-07-11T17:12:59.669+0000] {subprocess.py:106} INFO - [0m17:12:59  Concurrency: 4 threads (target='dev')
[2026-07-11T17:12:59.669+0000] {subprocess.py:106} INFO - [0m17:12:59
[2026-07-11T17:12:59.701+0000] {subprocess.py:106} INFO - [0m17:12:59  1 of 6 START test accepted_values_avito_ads_source_system__avito__synthetic_avito  [RUN]
[2026-07-11T17:12:59.702+0000] {subprocess.py:106} INFO - [0m17:12:59  2 of 6 START test not_null_avito_ads_avito_id .................................. [RUN]
[2026-07-11T17:12:59.702+0000] {subprocess.py:106} INFO - [0m17:12:59  3 of 6 START test not_null_avito_ads_row_number ................................ [RUN]
[2026-07-11T17:12:59.702+0000] {subprocess.py:106} INFO - [0m17:12:59  4 of 6 START test not_null_avito_ads_run_id .................................... [RUN]
[2026-07-11T17:12:59.742+0000] {subprocess.py:106} INFO - [0m17:12:59  2 of 6 PASS not_null_avito_ads_avito_id ........................................ [[32mPASS[0m in 0.04s]
[2026-07-11T17:12:59.743+0000] {subprocess.py:106} INFO - [0m17:12:59  3 of 6 PASS not_null_avito_ads_row_number ...................................... [[32mPASS[0m in 0.04s]
[2026-07-11T17:12:59.744+0000] {subprocess.py:106} INFO - [0m17:12:59  1 of 6 PASS accepted_values_avito_ads_source_system__avito__synthetic_avito .... [[32mPASS[0m in 0.04s]
[2026-07-11T17:12:59.744+0000] {subprocess.py:106} INFO - [0m17:12:59  4 of 6 PASS not_null_avito_ads_run_id .......................................... [[32mPASS[0m in 0.04s]
[2026-07-11T17:12:59.746+0000] {subprocess.py:106} INFO - [0m17:12:59  5 of 6 START test not_null_avito_ads_title ..................................... [RUN]
[2026-07-11T17:12:59.747+0000] {subprocess.py:106} INFO - [0m17:12:59  6 of 6 START test not_null_avito_ads_url ....................................... [RUN]
[2026-07-11T17:12:59.761+0000] {subprocess.py:106} INFO - [0m17:12:59  5 of 6 PASS not_null_avito_ads_title ........................................... [[32mPASS[0m in 0.01s]
[2026-07-11T17:12:59.762+0000] {subprocess.py:106} INFO - [0m17:12:59  6 of 6 PASS not_null_avito_ads_url ............................................. [[32mPASS[0m in 0.01s]
[2026-07-11T17:12:59.769+0000] {subprocess.py:106} INFO - [0m17:12:59
[2026-07-11T17:12:59.769+0000] {subprocess.py:106} INFO - [0m17:12:59  Finished running 6 data tests in 0 hours 0 minutes and 0.10 seconds (0.10s).
[2026-07-11T17:12:59.789+0000] {subprocess.py:106} INFO - [0m17:12:59
[2026-07-11T17:12:59.789+0000] {subprocess.py:106} INFO - [0m17:12:59  [32mCompleted successfully[0m
[2026-07-11T17:12:59.789+0000] {subprocess.py:106} INFO - [0m17:12:59
[2026-07-11T17:12:59.789+0000] {subprocess.py:106} INFO - [0m17:12:59  Done. PASS=6 WARN=0 ERROR=0 SKIP=0 NO-OP=0 TOTAL=6
[2026-07-11T17:13:00.704+0000] {subprocess.py:110} INFO - Command exited with return code 0
[2026-07-11T17:13:00.715+0000] {taskinstance.py:341} INFO - ::group::Post task execution logs
[2026-07-11T17:13:00.715+0000] {taskinstance.py:353} INFO - Marking task as SUCCESS. dag_id=avito_to_raw_midraw, task_id=dbt_build_midraw, run_id=real_data_1, execution_date=20260711T171253, start_date=20260711T171256, end_date=20260711T171300
[2026-07-11T17:13:00.763+0000] {local_task_job_runner.py:266} INFO - Task exited with return code 0
[2026-07-11T17:13:00.772+0000] {taskinstance.py:3901} INFO - 0 downstream tasks scheduled from follow-on schedule check
[2026-07-11T17:13:00.773+0000] {local_task_job_runner.py:245} INFO - ::endgroup::
