[2026-07-22T14:09:41.383+0000] {local_task_job_runner.py:123} INFO - ::group::Pre task execution logs
[2026-07-22T14:09:41.392+0000] {taskinstance.py:2614} INFO - Dependencies all met for dep_context=non-requeueable deps ti=<TaskInstance: avito_to_raw_midraw.dbt_build_midraw scheduled__2026-07-22T13:00:00+00:00 [queued]>
[2026-07-22T14:09:41.395+0000] {taskinstance.py:2614} INFO - Dependencies all met for dep_context=requeueable deps ti=<TaskInstance: avito_to_raw_midraw.dbt_build_midraw scheduled__2026-07-22T13:00:00+00:00 [queued]>
[2026-07-22T14:09:41.395+0000] {taskinstance.py:2867} INFO - Starting attempt 1 of 2
[2026-07-22T14:09:41.399+0000] {taskinstance.py:2890} INFO - Executing <Task(BashOperator): dbt_build_midraw> on 2026-07-22 13:00:00+00:00
[2026-07-22T14:09:41.401+0000] {standard_task_runner.py:72} INFO - Started process 644 to run task
[2026-07-22T14:09:41.403+0000] {standard_task_runner.py:104} INFO - Running: ['***', 'tasks', 'run', 'avito_to_raw_midraw', 'dbt_build_midraw', 'scheduled__2026-07-22T13:00:00+00:00', '--job-id', '170', '--raw', '--subdir', 'DAGS_FOLDER/avito_to_raw_midraw.py', '--cfg-path', '/tmp/tmp44eouotp']
[2026-07-22T14:09:41.405+0000] {standard_task_runner.py:105} INFO - Job 170: Subtask dbt_build_midraw
[2026-07-22T14:09:41.428+0000] {task_command.py:467} INFO - Running <TaskInstance: avito_to_raw_midraw.dbt_build_midraw scheduled__2026-07-22T13:00:00+00:00 [running]> on host 4c6dd7d943f5
[2026-07-22T14:09:41.561+0000] {taskinstance.py:3134} INFO - Exporting env vars: AIRFLOW_CTX_DAG_OWNER='data-eng' AIRFLOW_CTX_DAG_ID='avito_to_raw_midraw' AIRFLOW_CTX_TASK_ID='dbt_build_midraw' AIRFLOW_CTX_EXECUTION_DATE='2026-07-22T13:00:00+00:00' AIRFLOW_CTX_TRY_NUMBER='1' AIRFLOW_CTX_DAG_RUN_ID='scheduled__2026-07-22T13:00:00+00:00'
[2026-07-22T14:09:41.562+0000] {taskinstance.py:732} INFO - ::endgroup::
[2026-07-22T14:09:41.567+0000] {subprocess.py:78} INFO - Tmp dir root location: /tmp
[2026-07-22T14:09:41.567+0000] {subprocess.py:88} INFO - Running command: ['/usr/bin/bash', '-c', 'cd /opt/***/dbt && dbt run --profiles-dir . --select avito_ads && dbt test --profiles-dir . --select avito_ads']
[2026-07-22T14:09:41.571+0000] {subprocess.py:99} INFO - Output:
[2026-07-22T14:09:42.524+0000] {subprocess.py:106} INFO - [0m14:09:42  Running with dbt=1.11.12
[2026-07-22T14:09:42.628+0000] {subprocess.py:106} INFO - [0m14:09:42  Registered adapter: postgres=1.9.0
[2026-07-22T14:09:42.849+0000] {subprocess.py:106} INFO - [0m14:09:42  Found 1 model, 4 data tests, 3 sources, 475 macros
[2026-07-22T14:09:42.850+0000] {subprocess.py:106} INFO - [0m14:09:42
[2026-07-22T14:09:42.851+0000] {subprocess.py:106} INFO - [0m14:09:42  Concurrency: 4 threads (target='dev')
[2026-07-22T14:09:42.851+0000] {subprocess.py:106} INFO - [0m14:09:42
[2026-07-22T14:09:42.903+0000] {subprocess.py:106} INFO - [0m14:09:42  1 of 1 START sql table model midraw.avito_ads .................................. [RUN]
[2026-07-22T14:09:42.971+0000] {subprocess.py:106} INFO - [0m14:09:42  1 of 1 OK created sql table model midraw.avito_ads ............................. [[32mSELECT 1877[0m in 0.07s]
[2026-07-22T14:09:42.979+0000] {subprocess.py:106} INFO - [0m14:09:42
[2026-07-22T14:09:42.979+0000] {subprocess.py:106} INFO - [0m14:09:42  Finished running 1 table model in 0 hours 0 minutes and 0.13 seconds (0.13s).
[2026-07-22T14:09:43.005+0000] {subprocess.py:106} INFO - [0m14:09:43
[2026-07-22T14:09:43.006+0000] {subprocess.py:106} INFO - [0m14:09:43  [32mCompleted successfully[0m
[2026-07-22T14:09:43.006+0000] {subprocess.py:106} INFO - [0m14:09:43
[2026-07-22T14:09:43.006+0000] {subprocess.py:106} INFO - [0m14:09:43  Done. PASS=1 WARN=0 ERROR=0 SKIP=0 NO-OP=0 TOTAL=1
[2026-07-22T14:09:44.802+0000] {subprocess.py:106} INFO - [0m14:09:44  Running with dbt=1.11.12
[2026-07-22T14:09:44.900+0000] {subprocess.py:106} INFO - [0m14:09:44  Registered adapter: postgres=1.9.0
[2026-07-22T14:09:45.117+0000] {subprocess.py:106} INFO - [0m14:09:45  Found 1 model, 4 data tests, 3 sources, 475 macros
[2026-07-22T14:09:45.119+0000] {subprocess.py:106} INFO - [0m14:09:45
[2026-07-22T14:09:45.119+0000] {subprocess.py:106} INFO - [0m14:09:45  Concurrency: 4 threads (target='dev')
[2026-07-22T14:09:45.119+0000] {subprocess.py:106} INFO - [0m14:09:45
[2026-07-22T14:09:45.160+0000] {subprocess.py:106} INFO - [0m14:09:45  1 of 4 START test accepted_values_avito_ads_source_system__avito__synthetic_avito  [RUN]
[2026-07-22T14:09:45.160+0000] {subprocess.py:106} INFO - [0m14:09:45  2 of 4 START test not_null_avito_ads_avito_id .................................. [RUN]
[2026-07-22T14:09:45.160+0000] {subprocess.py:106} INFO - [0m14:09:45  3 of 4 START test not_null_avito_ads_title ..................................... [RUN]
[2026-07-22T14:09:45.161+0000] {subprocess.py:106} INFO - [0m14:09:45  4 of 4 START test not_null_avito_ads_url ....................................... [RUN]
[2026-07-22T14:09:45.212+0000] {subprocess.py:106} INFO - [0m14:09:45  4 of 4 PASS not_null_avito_ads_url ............................................. [[32mPASS[0m in 0.05s]
[2026-07-22T14:09:45.212+0000] {subprocess.py:106} INFO - [0m14:09:45  3 of 4 PASS not_null_avito_ads_title ........................................... [[32mPASS[0m in 0.05s]
[2026-07-22T14:09:45.213+0000] {subprocess.py:106} INFO - [0m14:09:45  1 of 4 PASS accepted_values_avito_ads_source_system__avito__synthetic_avito .... [[32mPASS[0m in 0.05s]
[2026-07-22T14:09:45.213+0000] {subprocess.py:106} INFO - [0m14:09:45  2 of 4 PASS not_null_avito_ads_avito_id ........................................ [[32mPASS[0m in 0.05s]
[2026-07-22T14:09:45.223+0000] {subprocess.py:106} INFO - [0m14:09:45
[2026-07-22T14:09:45.224+0000] {subprocess.py:106} INFO - [0m14:09:45  Finished running 4 data tests in 0 hours 0 minutes and 0.10 seconds (0.10s).
[2026-07-22T14:09:45.250+0000] {subprocess.py:106} INFO - [0m14:09:45
[2026-07-22T14:09:45.250+0000] {subprocess.py:106} INFO - [0m14:09:45  [32mCompleted successfully[0m
[2026-07-22T14:09:45.250+0000] {subprocess.py:106} INFO - [0m14:09:45
[2026-07-22T14:09:45.250+0000] {subprocess.py:106} INFO - [0m14:09:45  Done. PASS=4 WARN=0 ERROR=0 SKIP=0 NO-OP=0 TOTAL=4
[2026-07-22T14:09:46.108+0000] {subprocess.py:110} INFO - Command exited with return code 0
[2026-07-22T14:09:46.122+0000] {taskinstance.py:341} INFO - ::group::Post task execution logs
[2026-07-22T14:09:46.122+0000] {taskinstance.py:353} INFO - Marking task as SUCCESS. dag_id=avito_to_raw_midraw, task_id=dbt_build_midraw, run_id=scheduled__2026-07-22T13:00:00+00:00, execution_date=20260722T130000, start_date=20260722T140941, end_date=20260722T140946
[2026-07-22T14:09:46.149+0000] {local_task_job_runner.py:266} INFO - Task exited with return code 0
[2026-07-22T14:09:46.158+0000] {taskinstance.py:3901} INFO - 0 downstream tasks scheduled from follow-on schedule check
[2026-07-22T14:09:46.159+0000] {local_task_job_runner.py:245} INFO - ::endgroup::
