[2026-07-22T11:03:38.737+0000] {local_task_job_runner.py:123} INFO - ::group::Pre task execution logs
[2026-07-22T11:03:38.749+0000] {taskinstance.py:2614} INFO - Dependencies all met for dep_context=non-requeueable deps ti=<TaskInstance: avito_to_raw_midraw.dbt_build_midraw scheduled__2026-07-22T10:00:00+00:00 [queued]>
[2026-07-22T11:03:38.754+0000] {taskinstance.py:2614} INFO - Dependencies all met for dep_context=requeueable deps ti=<TaskInstance: avito_to_raw_midraw.dbt_build_midraw scheduled__2026-07-22T10:00:00+00:00 [queued]>
[2026-07-22T11:03:38.755+0000] {taskinstance.py:2867} INFO - Starting attempt 1 of 2
[2026-07-22T11:03:38.760+0000] {taskinstance.py:2890} INFO - Executing <Task(BashOperator): dbt_build_midraw> on 2026-07-22 10:00:00+00:00
[2026-07-22T11:03:38.762+0000] {standard_task_runner.py:72} INFO - Started process 557 to run task
[2026-07-22T11:03:38.764+0000] {standard_task_runner.py:104} INFO - Running: ['***', 'tasks', 'run', 'avito_to_raw_midraw', 'dbt_build_midraw', 'scheduled__2026-07-22T10:00:00+00:00', '--job-id', '164', '--raw', '--subdir', 'DAGS_FOLDER/avito_to_raw_midraw.py', '--cfg-path', '/tmp/tmpo8omez8j']
[2026-07-22T11:03:38.766+0000] {standard_task_runner.py:105} INFO - Job 164: Subtask dbt_build_midraw
[2026-07-22T11:03:38.798+0000] {task_command.py:467} INFO - Running <TaskInstance: avito_to_raw_midraw.dbt_build_midraw scheduled__2026-07-22T10:00:00+00:00 [running]> on host 4c6dd7d943f5
[2026-07-22T11:03:38.962+0000] {taskinstance.py:3134} INFO - Exporting env vars: AIRFLOW_CTX_DAG_OWNER='data-eng' AIRFLOW_CTX_DAG_ID='avito_to_raw_midraw' AIRFLOW_CTX_TASK_ID='dbt_build_midraw' AIRFLOW_CTX_EXECUTION_DATE='2026-07-22T10:00:00+00:00' AIRFLOW_CTX_TRY_NUMBER='1' AIRFLOW_CTX_DAG_RUN_ID='scheduled__2026-07-22T10:00:00+00:00'
[2026-07-22T11:03:38.962+0000] {taskinstance.py:732} INFO - ::endgroup::
[2026-07-22T11:03:38.968+0000] {subprocess.py:78} INFO - Tmp dir root location: /tmp
[2026-07-22T11:03:38.969+0000] {subprocess.py:88} INFO - Running command: ['/usr/bin/bash', '-c', 'cd /opt/***/dbt && dbt run --profiles-dir . --select avito_ads && dbt test --profiles-dir . --select avito_ads']
[2026-07-22T11:03:38.974+0000] {subprocess.py:99} INFO - Output:
[2026-07-22T11:03:40.217+0000] {subprocess.py:106} INFO - [0m11:03:40  Running with dbt=1.11.12
[2026-07-22T11:03:40.348+0000] {subprocess.py:106} INFO - [0m11:03:40  Registered adapter: postgres=1.9.0
[2026-07-22T11:03:40.615+0000] {subprocess.py:106} INFO - [0m11:03:40  Found 1 model, 4 data tests, 3 sources, 475 macros
[2026-07-22T11:03:40.616+0000] {subprocess.py:106} INFO - [0m11:03:40
[2026-07-22T11:03:40.617+0000] {subprocess.py:106} INFO - [0m11:03:40  Concurrency: 4 threads (target='dev')
[2026-07-22T11:03:40.617+0000] {subprocess.py:106} INFO - [0m11:03:40
[2026-07-22T11:03:40.681+0000] {subprocess.py:106} INFO - [0m11:03:40  1 of 1 START sql table model midraw.avito_ads .................................. [RUN]
[2026-07-22T11:03:40.762+0000] {subprocess.py:106} INFO - [0m11:03:40  1 of 1 OK created sql table model midraw.avito_ads ............................. [[32mSELECT 1838[0m in 0.08s]
[2026-07-22T11:03:40.771+0000] {subprocess.py:106} INFO - [0m11:03:40
[2026-07-22T11:03:40.771+0000] {subprocess.py:106} INFO - [0m11:03:40  Finished running 1 table model in 0 hours 0 minutes and 0.15 seconds (0.15s).
[2026-07-22T11:03:40.802+0000] {subprocess.py:106} INFO - [0m11:03:40
[2026-07-22T11:03:40.802+0000] {subprocess.py:106} INFO - [0m11:03:40  [32mCompleted successfully[0m
[2026-07-22T11:03:40.803+0000] {subprocess.py:106} INFO - [0m11:03:40
[2026-07-22T11:03:40.803+0000] {subprocess.py:106} INFO - [0m11:03:40  Done. PASS=1 WARN=0 ERROR=0 SKIP=0 NO-OP=0 TOTAL=1
[2026-07-22T11:03:42.765+0000] {subprocess.py:106} INFO - [0m11:03:42  Running with dbt=1.11.12
[2026-07-22T11:03:42.867+0000] {subprocess.py:106} INFO - [0m11:03:42  Registered adapter: postgres=1.9.0
[2026-07-22T11:03:43.092+0000] {subprocess.py:106} INFO - [0m11:03:43  Found 1 model, 4 data tests, 3 sources, 475 macros
[2026-07-22T11:03:43.094+0000] {subprocess.py:106} INFO - [0m11:03:43
[2026-07-22T11:03:43.094+0000] {subprocess.py:106} INFO - [0m11:03:43  Concurrency: 4 threads (target='dev')
[2026-07-22T11:03:43.094+0000] {subprocess.py:106} INFO - [0m11:03:43
[2026-07-22T11:03:43.138+0000] {subprocess.py:106} INFO - [0m11:03:43  1 of 4 START test accepted_values_avito_ads_source_system__avito__synthetic_avito  [RUN]
[2026-07-22T11:03:43.138+0000] {subprocess.py:106} INFO - [0m11:03:43  2 of 4 START test not_null_avito_ads_avito_id .................................. [RUN]
[2026-07-22T11:03:43.138+0000] {subprocess.py:106} INFO - [0m11:03:43  3 of 4 START test not_null_avito_ads_title ..................................... [RUN]
[2026-07-22T11:03:43.139+0000] {subprocess.py:106} INFO - [0m11:03:43  4 of 4 START test not_null_avito_ads_url ....................................... [RUN]
[2026-07-22T11:03:43.191+0000] {subprocess.py:106} INFO - [0m11:03:43  1 of 4 PASS accepted_values_avito_ads_source_system__avito__synthetic_avito .... [[32mPASS[0m in 0.05s]
[2026-07-22T11:03:43.192+0000] {subprocess.py:106} INFO - [0m11:03:43  2 of 4 PASS not_null_avito_ads_avito_id ........................................ [[32mPASS[0m in 0.05s]
[2026-07-22T11:03:43.192+0000] {subprocess.py:106} INFO - [0m11:03:43  3 of 4 PASS not_null_avito_ads_title ........................................... [[32mPASS[0m in 0.05s]
[2026-07-22T11:03:43.193+0000] {subprocess.py:106} INFO - [0m11:03:43  4 of 4 PASS not_null_avito_ads_url ............................................. [[32mPASS[0m in 0.05s]
[2026-07-22T11:03:43.203+0000] {subprocess.py:106} INFO - [0m11:03:43
[2026-07-22T11:03:43.204+0000] {subprocess.py:106} INFO - [0m11:03:43  Finished running 4 data tests in 0 hours 0 minutes and 0.11 seconds (0.11s).
[2026-07-22T11:03:43.229+0000] {subprocess.py:106} INFO - [0m11:03:43
[2026-07-22T11:03:43.230+0000] {subprocess.py:106} INFO - [0m11:03:43  [32mCompleted successfully[0m
[2026-07-22T11:03:43.230+0000] {subprocess.py:106} INFO - [0m11:03:43
[2026-07-22T11:03:43.230+0000] {subprocess.py:106} INFO - [0m11:03:43  Done. PASS=4 WARN=0 ERROR=0 SKIP=0 NO-OP=0 TOTAL=4
[2026-07-22T11:03:44.253+0000] {subprocess.py:110} INFO - Command exited with return code 0
[2026-07-22T11:03:44.267+0000] {taskinstance.py:341} INFO - ::group::Post task execution logs
[2026-07-22T11:03:44.268+0000] {taskinstance.py:353} INFO - Marking task as SUCCESS. dag_id=avito_to_raw_midraw, task_id=dbt_build_midraw, run_id=scheduled__2026-07-22T10:00:00+00:00, execution_date=20260722T100000, start_date=20260722T110338, end_date=20260722T110344
[2026-07-22T11:03:44.320+0000] {local_task_job_runner.py:266} INFO - Task exited with return code 0
[2026-07-22T11:03:44.328+0000] {taskinstance.py:3901} INFO - 0 downstream tasks scheduled from follow-on schedule check
[2026-07-22T11:03:44.329+0000] {local_task_job_runner.py:245} INFO - ::endgroup::
