[2026-07-27T17:03:21.472+0000] {local_task_job_runner.py:123} INFO - ::group::Pre task execution logs
[2026-07-27T17:03:21.547+0000] {taskinstance.py:2614} INFO - Dependencies all met for dep_context=non-requeueable deps ti=<TaskInstance: avito_to_raw_midraw.dbt_build_midraw scheduled__2026-07-27T16:00:00+00:00 [queued]>
[2026-07-27T17:03:21.575+0000] {taskinstance.py:2614} INFO - Dependencies all met for dep_context=requeueable deps ti=<TaskInstance: avito_to_raw_midraw.dbt_build_midraw scheduled__2026-07-27T16:00:00+00:00 [queued]>
[2026-07-27T17:03:21.577+0000] {taskinstance.py:2867} INFO - Starting attempt 1 of 2
[2026-07-27T17:03:21.620+0000] {taskinstance.py:2890} INFO - Executing <Task(BashOperator): dbt_build_midraw> on 2026-07-27 16:00:00+00:00
[2026-07-27T17:03:21.682+0000] {standard_task_runner.py:72} INFO - Started process 4225 to run task
[2026-07-27T17:03:21.691+0000] {standard_task_runner.py:104} INFO - Running: ['***', 'tasks', 'run', 'avito_to_raw_midraw', 'dbt_build_midraw', 'scheduled__2026-07-27T16:00:00+00:00', '--job-id', '416', '--raw', '--subdir', 'DAGS_FOLDER/avito_to_raw_midraw.py', '--cfg-path', '/tmp/tmpgrucyllu']
[2026-07-27T17:03:21.706+0000] {standard_task_runner.py:105} INFO - Job 416: Subtask dbt_build_midraw
[2026-07-27T17:03:21.850+0000] {task_command.py:467} INFO - Running <TaskInstance: avito_to_raw_midraw.dbt_build_midraw scheduled__2026-07-27T16:00:00+00:00 [running]> on host 4c6dd7d943f5
[2026-07-27T17:03:24.239+0000] {taskinstance.py:3134} INFO - Exporting env vars: AIRFLOW_CTX_DAG_OWNER='data-eng' AIRFLOW_CTX_DAG_ID='avito_to_raw_midraw' AIRFLOW_CTX_TASK_ID='dbt_build_midraw' AIRFLOW_CTX_EXECUTION_DATE='2026-07-27T16:00:00+00:00' AIRFLOW_CTX_TRY_NUMBER='1' AIRFLOW_CTX_DAG_RUN_ID='scheduled__2026-07-27T16:00:00+00:00'
[2026-07-27T17:03:24.253+0000] {taskinstance.py:732} INFO - ::endgroup::
[2026-07-27T17:03:24.450+0000] {subprocess.py:78} INFO - Tmp dir root location: /tmp
[2026-07-27T17:03:24.476+0000] {subprocess.py:88} INFO - Running command: ['/usr/bin/bash', '-c', 'cd /opt/***/dbt && dbt run --profiles-dir . --select avito_ads && dbt test --profiles-dir . --select avito_ads']
[2026-07-27T17:03:24.686+0000] {subprocess.py:99} INFO - Output:
[2026-07-27T17:03:54.210+0000] {subprocess.py:106} INFO - [0m17:03:54  Running with dbt=1.11.12
[2026-07-27T17:03:58.716+0000] {subprocess.py:106} INFO - [0m17:03:58  Registered adapter: postgres=1.9.0
[2026-07-27T17:04:23.673+0000] {job.py:229} INFO - Heartbeat recovered after 28.15 seconds
[2026-07-27T17:04:30.438+0000] {job.py:229} INFO - Heartbeat recovered after 27.93 seconds
[2026-07-27T17:04:32.024+0000] {subprocess.py:106} INFO - [0m17:04:32  Found 1 model, 4 data tests, 3 sources, 475 macros
[2026-07-27T17:04:32.112+0000] {subprocess.py:106} INFO - [0m17:04:32
[2026-07-27T17:04:32.134+0000] {subprocess.py:106} INFO - [0m17:04:32  Concurrency: 4 threads (target='dev')
[2026-07-27T17:04:32.140+0000] {subprocess.py:106} INFO - [0m17:04:32
[2026-07-27T17:04:33.565+0000] {subprocess.py:106} INFO - [0m17:04:33  1 of 1 START sql table model midraw.avito_ads .................................. [RUN]
[2026-07-27T17:04:35.186+0000] {subprocess.py:106} INFO - [0m17:04:35  1 of 1 OK created sql table model midraw.avito_ads ............................. [[32mSELECT 931[0m in 1.58s]
[2026-07-27T17:04:35.520+0000] {subprocess.py:106} INFO - [0m17:04:35
[2026-07-27T17:04:35.551+0000] {subprocess.py:106} INFO - [0m17:04:35  Finished running 1 table model in 0 hours 0 minutes and 3.37 seconds (3.37s).
[2026-07-27T17:05:31.794+0000] {job.py:229} INFO - Heartbeat recovered after 61.52 seconds
[2026-07-27T17:05:37.880+0000] {subprocess.py:106} INFO - [0m17:05:37
[2026-07-27T17:05:38.336+0000] {subprocess.py:106} INFO - [0m17:05:37  [32mCompleted successfully[0m
[2026-07-27T17:05:38.368+0000] {subprocess.py:106} INFO - [0m17:05:37
[2026-07-27T17:05:38.387+0000] {subprocess.py:106} INFO - [0m17:05:37  Done. PASS=1 WARN=0 ERROR=0 SKIP=0 NO-OP=0 TOTAL=1
[2026-07-27T17:05:43.303+0000] {job.py:229} INFO - Heartbeat recovered after 65.68 seconds
[2026-07-27T17:06:35.435+0000] {job.py:229} INFO - Heartbeat recovered after 16.44 seconds
[2026-07-27T17:06:44.202+0000] {job.py:229} INFO - Heartbeat recovered after 17.67 seconds
[2026-07-27T17:07:00.231+0000] {subprocess.py:106} INFO - [0m17:07:00  Running with dbt=1.11.12
[2026-07-27T17:07:03.243+0000] {subprocess.py:106} INFO - [0m17:07:03  Registered adapter: postgres=1.9.0
[2026-07-27T17:07:25.673+0000] {subprocess.py:106} INFO - [0m17:07:25  Found 1 model, 4 data tests, 3 sources, 475 macros
[2026-07-27T17:07:25.689+0000] {subprocess.py:106} INFO - [0m17:07:25
[2026-07-27T17:07:25.693+0000] {subprocess.py:106} INFO - [0m17:07:25  Concurrency: 4 threads (target='dev')
[2026-07-27T17:07:25.694+0000] {subprocess.py:106} INFO - [0m17:07:25
[2026-07-27T17:07:26.918+0000] {subprocess.py:106} INFO - [0m17:07:26  2 of 4 START test not_null_avito_ads_avito_id .................................. [RUN]
[2026-07-27T17:07:26.926+0000] {subprocess.py:106} INFO - [0m17:07:26  1 of 4 START test accepted_values_avito_ads_source_system__avito__synthetic_avito  [RUN]
[2026-07-27T17:07:26.929+0000] {subprocess.py:106} INFO - [0m17:07:26  4 of 4 START test not_null_avito_ads_url ....................................... [RUN]
[2026-07-27T17:07:26.934+0000] {subprocess.py:106} INFO - [0m17:07:26  3 of 4 START test not_null_avito_ads_title ..................................... [RUN]
[2026-07-27T17:07:27.634+0000] {subprocess.py:106} INFO - [0m17:07:27  4 of 4 PASS not_null_avito_ads_url ............................................. [[32mPASS[0m in 0.54s]
[2026-07-27T17:07:27.663+0000] {subprocess.py:106} INFO - [0m17:07:27  3 of 4 PASS not_null_avito_ads_title ........................................... [[32mPASS[0m in 0.56s]
[2026-07-27T17:07:27.667+0000] {subprocess.py:106} INFO - [0m17:07:27  1 of 4 PASS accepted_values_avito_ads_source_system__avito__synthetic_avito .... [[32mPASS[0m in 0.74s]
[2026-07-27T17:07:27.669+0000] {subprocess.py:106} INFO - [0m17:07:27  2 of 4 PASS not_null_avito_ads_avito_id ........................................ [[32mPASS[0m in 0.73s]
[2026-07-27T17:07:27.763+0000] {subprocess.py:106} INFO - [0m17:07:27
[2026-07-27T17:07:27.771+0000] {subprocess.py:106} INFO - [0m17:07:27  Finished running 4 data tests in 0 hours 0 minutes and 2.07 seconds (2.07s).
[2026-07-27T17:07:28.077+0000] {subprocess.py:106} INFO - [0m17:07:28
[2026-07-27T17:07:28.080+0000] {subprocess.py:106} INFO - [0m17:07:28  [32mCompleted successfully[0m
[2026-07-27T17:07:28.094+0000] {subprocess.py:106} INFO - [0m17:07:28
[2026-07-27T17:07:28.098+0000] {subprocess.py:106} INFO - [0m17:07:28  Done. PASS=4 WARN=0 ERROR=0 SKIP=0 NO-OP=0 TOTAL=4
[2026-07-27T17:07:45.275+0000] {job.py:229} INFO - Heartbeat recovered after 10.91 seconds
[2026-07-27T17:07:50.432+0000] {subprocess.py:110} INFO - Command exited with return code 0
[2026-07-27T17:07:51.105+0000] {taskinstance.py:341} INFO - ::group::Post task execution logs
[2026-07-27T17:07:51.110+0000] {taskinstance.py:353} INFO - Marking task as SUCCESS. dag_id=avito_to_raw_midraw, task_id=dbt_build_midraw, run_id=scheduled__2026-07-27T16:00:00+00:00, execution_date=20260727T160000, start_date=20260727T170321, end_date=20260727T170751
[2026-07-27T17:07:51.515+0000] {local_task_job_runner.py:266} INFO - Task exited with return code 0
[2026-07-27T17:07:51.688+0000] {standard_task_runner.py:217} INFO - Process not found (most likely exited), stop collecting metrics
[2026-07-27T17:07:51.925+0000] {taskinstance.py:3901} INFO - 0 downstream tasks scheduled from follow-on schedule check
[2026-07-27T17:07:51.959+0000] {local_task_job_runner.py:245} INFO - ::endgroup::
