[2026-08-03T22:50:17.130+0000] {local_task_job_runner.py:123} INFO - ::group::Pre task execution logs
[2026-08-03T22:50:17.146+0000] {taskinstance.py:2614} INFO - Dependencies all met for dep_context=non-requeueable deps ti=<TaskInstance: avito_to_raw_midraw.dbt_build_midraw scheduled__2026-08-03T20:00:00+00:00 [queued]>
[2026-08-03T22:50:17.153+0000] {taskinstance.py:2614} INFO - Dependencies all met for dep_context=requeueable deps ti=<TaskInstance: avito_to_raw_midraw.dbt_build_midraw scheduled__2026-08-03T20:00:00+00:00 [queued]>
[2026-08-03T22:50:17.153+0000] {taskinstance.py:2867} INFO - Starting attempt 2 of 2
[2026-08-03T22:50:17.163+0000] {taskinstance.py:2890} INFO - Executing <Task(BashOperator): dbt_build_midraw> on 2026-08-03 20:00:00+00:00
[2026-08-03T22:50:17.170+0000] {standard_task_runner.py:72} INFO - Started process 1610 to run task
[2026-08-03T22:50:17.177+0000] {standard_task_runner.py:104} INFO - Running: ['***', 'tasks', 'run', 'avito_to_raw_midraw', 'dbt_build_midraw', 'scheduled__2026-08-03T20:00:00+00:00', '--job-id', '744', '--raw', '--subdir', 'DAGS_FOLDER/avito_to_raw_midraw.py', '--cfg-path', '/tmp/tmp7ayohovr']
[2026-08-03T22:50:17.181+0000] {standard_task_runner.py:105} INFO - Job 744: Subtask dbt_build_midraw
[2026-08-03T22:50:17.827+0000] {task_command.py:467} INFO - Running <TaskInstance: avito_to_raw_midraw.dbt_build_midraw scheduled__2026-08-03T20:00:00+00:00 [running]> on host 4c6dd7d943f5
[2026-08-03T22:50:18.146+0000] {taskinstance.py:3134} INFO - Exporting env vars: AIRFLOW_CTX_DAG_OWNER='data-eng' AIRFLOW_CTX_DAG_ID='avito_to_raw_midraw' AIRFLOW_CTX_TASK_ID='dbt_build_midraw' AIRFLOW_CTX_EXECUTION_DATE='2026-08-03T20:00:00+00:00' AIRFLOW_CTX_TRY_NUMBER='2' AIRFLOW_CTX_DAG_RUN_ID='scheduled__2026-08-03T20:00:00+00:00'
[2026-08-03T22:50:18.151+0000] {taskinstance.py:732} INFO - ::endgroup::
[2026-08-03T22:50:18.176+0000] {subprocess.py:78} INFO - Tmp dir root location: /tmp
[2026-08-03T22:50:18.182+0000] {subprocess.py:88} INFO - Running command: ['/usr/bin/bash', '-c', 'cd /opt/***/dbt && dbt run --profiles-dir . --select avito_ads && dbt test --profiles-dir . --select avito_ads']
[2026-08-03T22:50:18.212+0000] {subprocess.py:99} INFO - Output:
[2026-08-03T22:50:20.168+0000] {subprocess.py:106} INFO - [0m22:50:20  Running with dbt=1.11.12
[2026-08-03T22:50:20.312+0000] {subprocess.py:106} INFO - [0m22:50:20  Registered adapter: postgres=1.9.0
[2026-08-03T22:50:20.585+0000] {subprocess.py:106} INFO - [0m22:50:20  Found 1 model, 4 data tests, 3 sources, 475 macros
[2026-08-03T22:50:20.586+0000] {subprocess.py:106} INFO - [0m22:50:20
[2026-08-03T22:50:20.587+0000] {subprocess.py:106} INFO - [0m22:50:20  Concurrency: 4 threads (target='dev')
[2026-08-03T22:50:20.587+0000] {subprocess.py:106} INFO - [0m22:50:20
[2026-08-03T22:50:20.662+0000] {subprocess.py:106} INFO - [0m22:50:20  1 of 1 START sql table model midraw.avito_ads .................................. [RUN]
[2026-08-03T23:09:08.602+0000] {job.py:229} INFO - Heartbeat recovered after 1105.87 seconds
[2026-08-03T23:24:55.776+0000] {job.py:229} INFO - Heartbeat recovered after 921.94 seconds
[2026-08-03T23:52:29.239+0000] {job.py:229} INFO - Heartbeat recovered after 1597.91 seconds
[2026-08-04T00:27:28.044+0000] {job.py:229} INFO - Heartbeat recovered after 2043.19 seconds
[2026-08-04T00:44:38.338+0000] {job.py:229} INFO - Heartbeat recovered after 1005.03 seconds
[2026-08-04T00:53:46.569+0000] {job.py:229} INFO - Heartbeat recovered after 522.98 seconds
[2026-08-04T01:28:35.147+0000] {job.py:229} INFO - Heartbeat recovered after 2063.30 seconds
[2026-08-04T01:46:48.893+0000] {job.py:229} INFO - Heartbeat recovered after 1068.45 seconds
[2026-08-04T01:54:43.475+0000] {job.py:229} INFO - Heartbeat recovered after 454.35 seconds
[2026-08-04T01:55:15.965+0000] {subprocess.py:106} INFO - [0m01:55:15  1 of 1 OK created sql table model midraw.avito_ads ............................. [[32mSELECT 2008[0m in 11095.29s]
[2026-08-04T01:55:16.010+0000] {subprocess.py:106} INFO - [0m01:55:16
[2026-08-04T01:55:16.011+0000] {subprocess.py:106} INFO - [0m01:55:16  Finished running 1 table model in 3 hours 4 minutes and 55.42 seconds (11095.42s).
[2026-08-04T01:55:16.163+0000] {subprocess.py:106} INFO - [0m01:55:16
[2026-08-04T01:55:16.166+0000] {subprocess.py:106} INFO - [0m01:55:16  [32mCompleted successfully[0m
[2026-08-04T01:55:16.167+0000] {subprocess.py:106} INFO - [0m01:55:16
[2026-08-04T01:55:16.168+0000] {subprocess.py:106} INFO - [0m01:55:16  Done. PASS=1 WARN=0 ERROR=0 SKIP=0 NO-OP=0 TOTAL=1
[2026-08-04T01:55:19.444+0000] {subprocess.py:106} INFO - [0m01:55:19  Running with dbt=1.11.12
[2026-08-04T01:55:19.633+0000] {subprocess.py:106} INFO - [0m01:55:19  Registered adapter: postgres=1.9.0
[2026-08-04T01:55:20.039+0000] {subprocess.py:106} INFO - [0m01:55:20  Found 1 model, 4 data tests, 3 sources, 475 macros
[2026-08-04T01:55:20.041+0000] {subprocess.py:106} INFO - [0m01:55:20
[2026-08-04T01:55:20.042+0000] {subprocess.py:106} INFO - [0m01:55:20  Concurrency: 4 threads (target='dev')
[2026-08-04T01:55:20.042+0000] {subprocess.py:106} INFO - [0m01:55:20
[2026-08-04T01:55:20.159+0000] {subprocess.py:106} INFO - [0m01:55:20  1 of 4 START test accepted_values_avito_ads_source_system__avito__synthetic_avito  [RUN]
[2026-08-04T01:55:20.160+0000] {subprocess.py:106} INFO - [0m01:55:20  2 of 4 START test not_null_avito_ads_avito_id .................................. [RUN]
[2026-08-04T01:55:20.160+0000] {subprocess.py:106} INFO - [0m01:55:20  3 of 4 START test not_null_avito_ads_title ..................................... [RUN]
[2026-08-04T01:55:20.161+0000] {subprocess.py:106} INFO - [0m01:55:20  4 of 4 START test not_null_avito_ads_url ....................................... [RUN]
[2026-08-04T01:55:20.279+0000] {subprocess.py:106} INFO - [0m01:55:20  2 of 4 PASS not_null_avito_ads_avito_id ........................................ [[32mPASS[0m in 0.12s]
[2026-08-04T01:55:20.280+0000] {subprocess.py:106} INFO - [0m01:55:20  1 of 4 PASS accepted_values_avito_ads_source_system__avito__synthetic_avito .... [[32mPASS[0m in 0.12s]
[2026-08-04T01:55:20.281+0000] {subprocess.py:106} INFO - [0m01:55:20  3 of 4 PASS not_null_avito_ads_title ........................................... [[32mPASS[0m in 0.12s]
[2026-08-04T01:55:20.282+0000] {subprocess.py:106} INFO - [0m01:55:20  4 of 4 PASS not_null_avito_ads_url ............................................. [[32mPASS[0m in 0.12s]
[2026-08-04T01:55:20.304+0000] {subprocess.py:106} INFO - [0m01:55:20
[2026-08-04T01:55:20.304+0000] {subprocess.py:106} INFO - [0m01:55:20  Finished running 4 data tests in 0 hours 0 minutes and 0.26 seconds (0.26s).
[2026-08-04T01:55:20.348+0000] {subprocess.py:106} INFO - [0m01:55:20
[2026-08-04T01:55:20.348+0000] {subprocess.py:106} INFO - [0m01:55:20  [32mCompleted successfully[0m
[2026-08-04T01:55:20.349+0000] {subprocess.py:106} INFO - [0m01:55:20
[2026-08-04T01:55:20.349+0000] {subprocess.py:106} INFO - [0m01:55:20  Done. PASS=4 WARN=0 ERROR=0 SKIP=0 NO-OP=0 TOTAL=4
[2026-08-04T01:55:21.149+0000] {subprocess.py:110} INFO - Command exited with return code 0
[2026-08-04T01:55:21.204+0000] {taskinstance.py:341} INFO - ::group::Post task execution logs
[2026-08-04T01:55:21.205+0000] {taskinstance.py:353} INFO - Marking task as SUCCESS. dag_id=avito_to_raw_midraw, task_id=dbt_build_midraw, run_id=scheduled__2026-08-03T20:00:00+00:00, execution_date=20260803T200000, start_date=20260803T225017, end_date=20260804T015521
[2026-08-04T01:55:21.262+0000] {local_task_job_runner.py:266} INFO - Task exited with return code 0
[2026-08-04T01:55:21.291+0000] {taskinstance.py:3901} INFO - 0 downstream tasks scheduled from follow-on schedule check
[2026-08-04T01:55:21.292+0000] {local_task_job_runner.py:245} INFO - ::endgroup::
