[2026-07-29T06:10:54.524+0000] {local_task_job_runner.py:123} INFO - ::group::Pre task execution logs
[2026-07-29T06:10:54.533+0000] {taskinstance.py:2614} INFO - Dependencies all met for dep_context=non-requeueable deps ti=<TaskInstance: avito_to_raw_midraw.dbt_build_midraw scheduled__2026-07-29T05:00:00+00:00 [queued]>
[2026-07-29T06:10:54.536+0000] {taskinstance.py:2614} INFO - Dependencies all met for dep_context=requeueable deps ti=<TaskInstance: avito_to_raw_midraw.dbt_build_midraw scheduled__2026-07-29T05:00:00+00:00 [queued]>
[2026-07-29T06:10:54.536+0000] {taskinstance.py:2867} INFO - Starting attempt 1 of 2
[2026-07-29T06:10:54.540+0000] {taskinstance.py:2890} INFO - Executing <Task(BashOperator): dbt_build_midraw> on 2026-07-29 05:00:00+00:00
[2026-07-29T06:10:54.542+0000] {standard_task_runner.py:72} INFO - Started process 5317 to run task
[2026-07-29T06:10:54.544+0000] {standard_task_runner.py:104} INFO - Running: ['***', 'tasks', 'run', 'avito_to_raw_midraw', 'dbt_build_midraw', 'scheduled__2026-07-29T05:00:00+00:00', '--job-id', '491', '--raw', '--subdir', 'DAGS_FOLDER/avito_to_raw_midraw.py', '--cfg-path', '/tmp/tmpny_x_z58']
[2026-07-29T06:10:54.546+0000] {standard_task_runner.py:105} INFO - Job 491: Subtask dbt_build_midraw
[2026-07-29T06:10:54.569+0000] {task_command.py:467} INFO - Running <TaskInstance: avito_to_raw_midraw.dbt_build_midraw scheduled__2026-07-29T05:00:00+00:00 [running]> on host 4c6dd7d943f5
[2026-07-29T06:10:54.699+0000] {taskinstance.py:3134} INFO - Exporting env vars: AIRFLOW_CTX_DAG_OWNER='data-eng' AIRFLOW_CTX_DAG_ID='avito_to_raw_midraw' AIRFLOW_CTX_TASK_ID='dbt_build_midraw' AIRFLOW_CTX_EXECUTION_DATE='2026-07-29T05:00:00+00:00' AIRFLOW_CTX_TRY_NUMBER='1' AIRFLOW_CTX_DAG_RUN_ID='scheduled__2026-07-29T05:00:00+00:00'
[2026-07-29T06:10:54.700+0000] {taskinstance.py:732} INFO - ::endgroup::
[2026-07-29T06:10:54.704+0000] {subprocess.py:78} INFO - Tmp dir root location: /tmp
[2026-07-29T06:10:54.705+0000] {subprocess.py:88} INFO - Running command: ['/usr/bin/bash', '-c', 'cd /opt/***/dbt && dbt run --profiles-dir . --select avito_ads && dbt test --profiles-dir . --select avito_ads']
[2026-07-29T06:10:54.708+0000] {subprocess.py:99} INFO - Output:
[2026-07-29T06:10:55.565+0000] {subprocess.py:106} INFO - [0m06:10:55  Running with dbt=1.11.12
[2026-07-29T06:10:55.656+0000] {subprocess.py:106} INFO - [0m06:10:55  Registered adapter: postgres=1.9.0
[2026-07-29T06:10:55.859+0000] {subprocess.py:106} INFO - [0m06:10:55  Found 1 model, 4 data tests, 3 sources, 475 macros
[2026-07-29T06:10:55.860+0000] {subprocess.py:106} INFO - [0m06:10:55
[2026-07-29T06:10:55.861+0000] {subprocess.py:106} INFO - [0m06:10:55  Concurrency: 4 threads (target='dev')
[2026-07-29T06:10:55.861+0000] {subprocess.py:106} INFO - [0m06:10:55
[2026-07-29T06:10:55.909+0000] {subprocess.py:106} INFO - [0m06:10:55  1 of 1 START sql table model midraw.avito_ads .................................. [RUN]
[2026-07-29T06:10:55.974+0000] {subprocess.py:106} INFO - [0m06:10:55  1 of 1 OK created sql table model midraw.avito_ads ............................. [[32mSELECT 1221[0m in 0.06s]
[2026-07-29T06:10:55.981+0000] {subprocess.py:106} INFO - [0m06:10:55
[2026-07-29T06:10:55.981+0000] {subprocess.py:106} INFO - [0m06:10:55  Finished running 1 table model in 0 hours 0 minutes and 0.12 seconds (0.12s).
[2026-07-29T06:10:56.005+0000] {subprocess.py:106} INFO - [0m06:10:56
[2026-07-29T06:10:56.006+0000] {subprocess.py:106} INFO - [0m06:10:56  [32mCompleted successfully[0m
[2026-07-29T06:10:56.006+0000] {subprocess.py:106} INFO - [0m06:10:56
[2026-07-29T06:10:56.006+0000] {subprocess.py:106} INFO - [0m06:10:56  Done. PASS=1 WARN=0 ERROR=0 SKIP=0 NO-OP=0 TOTAL=1
[2026-07-29T06:10:57.648+0000] {subprocess.py:106} INFO - [0m06:10:57  Running with dbt=1.11.12
[2026-07-29T06:10:57.748+0000] {subprocess.py:106} INFO - [0m06:10:57  Registered adapter: postgres=1.9.0
[2026-07-29T06:10:57.968+0000] {subprocess.py:106} INFO - [0m06:10:57  Found 1 model, 4 data tests, 3 sources, 475 macros
[2026-07-29T06:10:57.970+0000] {subprocess.py:106} INFO - [0m06:10:57
[2026-07-29T06:10:57.970+0000] {subprocess.py:106} INFO - [0m06:10:57  Concurrency: 4 threads (target='dev')
[2026-07-29T06:10:57.970+0000] {subprocess.py:106} INFO - [0m06:10:57
[2026-07-29T06:10:58.012+0000] {subprocess.py:106} INFO - [0m06:10:58  1 of 4 START test accepted_values_avito_ads_source_system__avito__synthetic_avito  [RUN]
[2026-07-29T06:10:58.012+0000] {subprocess.py:106} INFO - [0m06:10:58  2 of 4 START test not_null_avito_ads_avito_id .................................. [RUN]
[2026-07-29T06:10:58.013+0000] {subprocess.py:106} INFO - [0m06:10:58  3 of 4 START test not_null_avito_ads_title ..................................... [RUN]
[2026-07-29T06:10:58.013+0000] {subprocess.py:106} INFO - [0m06:10:58  4 of 4 START test not_null_avito_ads_url ....................................... [RUN]
[2026-07-29T06:10:58.072+0000] {subprocess.py:106} INFO - [0m06:10:58  4 of 4 PASS not_null_avito_ads_url ............................................. [[32mPASS[0m in 0.06s]
[2026-07-29T06:10:58.073+0000] {subprocess.py:106} INFO - [0m06:10:58  3 of 4 PASS not_null_avito_ads_title ........................................... [[32mPASS[0m in 0.06s]
[2026-07-29T06:10:58.073+0000] {subprocess.py:106} INFO - [0m06:10:58  1 of 4 PASS accepted_values_avito_ads_source_system__avito__synthetic_avito .... [[32mPASS[0m in 0.06s]
[2026-07-29T06:10:58.074+0000] {subprocess.py:106} INFO - [0m06:10:58  2 of 4 PASS not_null_avito_ads_avito_id ........................................ [[32mPASS[0m in 0.06s]
[2026-07-29T06:10:58.085+0000] {subprocess.py:106} INFO - [0m06:10:58
[2026-07-29T06:10:58.085+0000] {subprocess.py:106} INFO - [0m06:10:58  Finished running 4 data tests in 0 hours 0 minutes and 0.11 seconds (0.11s).
[2026-07-29T06:10:58.111+0000] {subprocess.py:106} INFO - [0m06:10:58
[2026-07-29T06:10:58.112+0000] {subprocess.py:106} INFO - [0m06:10:58  [32mCompleted successfully[0m
[2026-07-29T06:10:58.112+0000] {subprocess.py:106} INFO - [0m06:10:58
[2026-07-29T06:10:58.112+0000] {subprocess.py:106} INFO - [0m06:10:58  Done. PASS=4 WARN=0 ERROR=0 SKIP=0 NO-OP=0 TOTAL=4
[2026-07-29T06:10:58.843+0000] {subprocess.py:110} INFO - Command exited with return code 0
[2026-07-29T06:10:58.857+0000] {taskinstance.py:341} INFO - ::group::Post task execution logs
[2026-07-29T06:10:58.858+0000] {taskinstance.py:353} INFO - Marking task as SUCCESS. dag_id=avito_to_raw_midraw, task_id=dbt_build_midraw, run_id=scheduled__2026-07-29T05:00:00+00:00, execution_date=20260729T050000, start_date=20260729T061054, end_date=20260729T061058
[2026-07-29T06:10:58.905+0000] {local_task_job_runner.py:266} INFO - Task exited with return code 0
[2026-07-29T06:10:58.914+0000] {taskinstance.py:3901} INFO - 0 downstream tasks scheduled from follow-on schedule check
[2026-07-29T06:10:58.915+0000] {local_task_job_runner.py:245} INFO - ::endgroup::
