[2026-08-02T16:00:02.014+0000] {local_task_job_runner.py:123} INFO - ::group::Pre task execution logs
[2026-08-02T16:00:02.024+0000] {taskinstance.py:2614} INFO - Dependencies all met for dep_context=non-requeueable deps ti=<TaskInstance: avito_to_raw_midraw.dbt_build_midraw scheduled__2026-08-02T15:00:00+00:00 [queued]>
[2026-08-02T16:00:02.027+0000] {taskinstance.py:2614} INFO - Dependencies all met for dep_context=requeueable deps ti=<TaskInstance: avito_to_raw_midraw.dbt_build_midraw scheduled__2026-08-02T15:00:00+00:00 [queued]>
[2026-08-02T16:00:02.027+0000] {taskinstance.py:2867} INFO - Starting attempt 1 of 2
[2026-08-02T16:00:02.032+0000] {taskinstance.py:2890} INFO - Executing <Task(BashOperator): dbt_build_midraw> on 2026-08-02 15:00:00+00:00
[2026-08-02T16:00:02.034+0000] {standard_task_runner.py:72} INFO - Started process 755 to run task
[2026-08-02T16:00:02.036+0000] {standard_task_runner.py:104} INFO - Running: ['***', 'tasks', 'run', 'avito_to_raw_midraw', 'dbt_build_midraw', 'scheduled__2026-08-02T15:00:00+00:00', '--job-id', '625', '--raw', '--subdir', 'DAGS_FOLDER/avito_to_raw_midraw.py', '--cfg-path', '/tmp/tmplvyqudby']
[2026-08-02T16:00:02.038+0000] {standard_task_runner.py:105} INFO - Job 625: Subtask dbt_build_midraw
[2026-08-02T16:00:02.165+0000] {task_command.py:467} INFO - Running <TaskInstance: avito_to_raw_midraw.dbt_build_midraw scheduled__2026-08-02T15:00:00+00:00 [running]> on host 4c6dd7d943f5
[2026-08-02T16:00:02.201+0000] {taskinstance.py:3134} INFO - Exporting env vars: AIRFLOW_CTX_DAG_OWNER='data-eng' AIRFLOW_CTX_DAG_ID='avito_to_raw_midraw' AIRFLOW_CTX_TASK_ID='dbt_build_midraw' AIRFLOW_CTX_EXECUTION_DATE='2026-08-02T15:00:00+00:00' AIRFLOW_CTX_TRY_NUMBER='1' AIRFLOW_CTX_DAG_RUN_ID='scheduled__2026-08-02T15:00:00+00:00'
[2026-08-02T16:00:02.201+0000] {taskinstance.py:732} INFO - ::endgroup::
[2026-08-02T16:00:02.206+0000] {subprocess.py:78} INFO - Tmp dir root location: /tmp
[2026-08-02T16:00:02.207+0000] {subprocess.py:88} INFO - Running command: ['/usr/bin/bash', '-c', 'cd /opt/***/dbt && dbt run --profiles-dir . --select avito_ads && dbt test --profiles-dir . --select avito_ads']
[2026-08-02T16:00:02.212+0000] {subprocess.py:99} INFO - Output:
[2026-08-02T16:00:03.337+0000] {subprocess.py:106} INFO - [0m16:00:03  Running with dbt=1.11.12
[2026-08-02T16:00:03.436+0000] {subprocess.py:106} INFO - [0m16:00:03  Registered adapter: postgres=1.9.0
[2026-08-02T16:00:03.662+0000] {subprocess.py:106} INFO - [0m16:00:03  Found 1 model, 4 data tests, 3 sources, 475 macros
[2026-08-02T16:00:03.663+0000] {subprocess.py:106} INFO - [0m16:00:03
[2026-08-02T16:00:03.664+0000] {subprocess.py:106} INFO - [0m16:00:03  Concurrency: 4 threads (target='dev')
[2026-08-02T16:00:03.664+0000] {subprocess.py:106} INFO - [0m16:00:03
[2026-08-02T16:00:03.718+0000] {subprocess.py:106} INFO - [0m16:00:03  1 of 1 START sql table model midraw.avito_ads .................................. [RUN]
[2026-08-02T16:00:03.801+0000] {subprocess.py:106} INFO - [0m16:00:03  1 of 1 OK created sql table model midraw.avito_ads ............................. [[32mSELECT 1923[0m in 0.08s]
[2026-08-02T16:00:03.810+0000] {subprocess.py:106} INFO - [0m16:00:03
[2026-08-02T16:00:03.810+0000] {subprocess.py:106} INFO - [0m16:00:03  Finished running 1 table model in 0 hours 0 minutes and 0.15 seconds (0.15s).
[2026-08-02T16:00:03.835+0000] {subprocess.py:106} INFO - [0m16:00:03
[2026-08-02T16:00:03.835+0000] {subprocess.py:106} INFO - [0m16:00:03  [32mCompleted successfully[0m
[2026-08-02T16:00:03.835+0000] {subprocess.py:106} INFO - [0m16:00:03
[2026-08-02T16:00:03.835+0000] {subprocess.py:106} INFO - [0m16:00:03  Done. PASS=1 WARN=0 ERROR=0 SKIP=0 NO-OP=0 TOTAL=1
[2026-08-02T16:00:05.592+0000] {subprocess.py:106} INFO - [0m16:00:05  Running with dbt=1.11.12
[2026-08-02T16:00:05.684+0000] {subprocess.py:106} INFO - [0m16:00:05  Registered adapter: postgres=1.9.0
[2026-08-02T16:00:05.891+0000] {subprocess.py:106} INFO - [0m16:00:05  Found 1 model, 4 data tests, 3 sources, 475 macros
[2026-08-02T16:00:05.893+0000] {subprocess.py:106} INFO - [0m16:00:05
[2026-08-02T16:00:05.893+0000] {subprocess.py:106} INFO - [0m16:00:05  Concurrency: 4 threads (target='dev')
[2026-08-02T16:00:05.893+0000] {subprocess.py:106} INFO - [0m16:00:05
[2026-08-02T16:00:05.933+0000] {subprocess.py:106} INFO - [0m16:00:05  1 of 4 START test accepted_values_avito_ads_source_system__avito__synthetic_avito  [RUN]
[2026-08-02T16:00:05.933+0000] {subprocess.py:106} INFO - [0m16:00:05  2 of 4 START test not_null_avito_ads_avito_id .................................. [RUN]
[2026-08-02T16:00:05.933+0000] {subprocess.py:106} INFO - [0m16:00:05  3 of 4 START test not_null_avito_ads_title ..................................... [RUN]
[2026-08-02T16:00:05.934+0000] {subprocess.py:106} INFO - [0m16:00:05  4 of 4 START test not_null_avito_ads_url ....................................... [RUN]
[2026-08-02T16:00:05.988+0000] {subprocess.py:106} INFO - [0m16:00:05  3 of 4 PASS not_null_avito_ads_title ........................................... [[32mPASS[0m in 0.05s]
[2026-08-02T16:00:05.988+0000] {subprocess.py:106} INFO - [0m16:00:05  1 of 4 PASS accepted_values_avito_ads_source_system__avito__synthetic_avito .... [[32mPASS[0m in 0.05s]
[2026-08-02T16:00:05.989+0000] {subprocess.py:106} INFO - [0m16:00:05  2 of 4 PASS not_null_avito_ads_avito_id ........................................ [[32mPASS[0m in 0.05s]
[2026-08-02T16:00:05.989+0000] {subprocess.py:106} INFO - [0m16:00:05  4 of 4 PASS not_null_avito_ads_url ............................................. [[32mPASS[0m in 0.05s]
[2026-08-02T16:00:05.998+0000] {subprocess.py:106} INFO - [0m16:00:05
[2026-08-02T16:00:05.998+0000] {subprocess.py:106} INFO - [0m16:00:05  Finished running 4 data tests in 0 hours 0 minutes and 0.10 seconds (0.10s).
[2026-08-02T16:00:06.019+0000] {subprocess.py:106} INFO - [0m16:00:06
[2026-08-02T16:00:06.020+0000] {subprocess.py:106} INFO - [0m16:00:06  [32mCompleted successfully[0m
[2026-08-02T16:00:06.020+0000] {subprocess.py:106} INFO - [0m16:00:06
[2026-08-02T16:00:06.020+0000] {subprocess.py:106} INFO - [0m16:00:06  Done. PASS=4 WARN=0 ERROR=0 SKIP=0 NO-OP=0 TOTAL=4
[2026-08-02T16:00:06.692+0000] {subprocess.py:110} INFO - Command exited with return code 0
[2026-08-02T16:00:06.723+0000] {taskinstance.py:341} INFO - ::group::Post task execution logs
[2026-08-02T16:00:06.723+0000] {taskinstance.py:353} INFO - Marking task as SUCCESS. dag_id=avito_to_raw_midraw, task_id=dbt_build_midraw, run_id=scheduled__2026-08-02T15:00:00+00:00, execution_date=20260802T150000, start_date=20260802T160002, end_date=20260802T160006
[2026-08-02T16:00:06.772+0000] {local_task_job_runner.py:266} INFO - Task exited with return code 0
[2026-08-02T16:00:06.799+0000] {taskinstance.py:3901} INFO - 0 downstream tasks scheduled from follow-on schedule check
[2026-08-02T16:00:06.800+0000] {local_task_job_runner.py:245} INFO - ::endgroup::
