[2026-07-25T14:00:02.056+0000] {local_task_job_runner.py:123} INFO - ::group::Pre task execution logs
[2026-07-25T14:00:02.063+0000] {taskinstance.py:2614} INFO - Dependencies all met for dep_context=non-requeueable deps ti=<TaskInstance: avito_to_raw_midraw.dbt_build_midraw scheduled__2026-07-25T13:00:00+00:00 [queued]>
[2026-07-25T14:00:02.066+0000] {taskinstance.py:2614} INFO - Dependencies all met for dep_context=requeueable deps ti=<TaskInstance: avito_to_raw_midraw.dbt_build_midraw scheduled__2026-07-25T13:00:00+00:00 [queued]>
[2026-07-25T14:00:02.066+0000] {taskinstance.py:2867} INFO - Starting attempt 1 of 2
[2026-07-25T14:00:02.070+0000] {taskinstance.py:2890} INFO - Executing <Task(BashOperator): dbt_build_midraw> on 2026-07-25 13:00:00+00:00
[2026-07-25T14:00:02.072+0000] {standard_task_runner.py:72} INFO - Started process 2732 to run task
[2026-07-25T14:00:02.073+0000] {standard_task_runner.py:104} INFO - Running: ['***', 'tasks', 'run', 'avito_to_raw_midraw', 'dbt_build_midraw', 'scheduled__2026-07-25T13:00:00+00:00', '--job-id', '314', '--raw', '--subdir', 'DAGS_FOLDER/avito_to_raw_midraw.py', '--cfg-path', '/tmp/tmpwh8oddve']
[2026-07-25T14:00:02.075+0000] {standard_task_runner.py:105} INFO - Job 314: Subtask dbt_build_midraw
[2026-07-25T14:00:02.093+0000] {task_command.py:467} INFO - Running <TaskInstance: avito_to_raw_midraw.dbt_build_midraw scheduled__2026-07-25T13:00:00+00:00 [running]> on host 4c6dd7d943f5
[2026-07-25T14:00:02.190+0000] {taskinstance.py:3134} INFO - Exporting env vars: AIRFLOW_CTX_DAG_OWNER='data-eng' AIRFLOW_CTX_DAG_ID='avito_to_raw_midraw' AIRFLOW_CTX_TASK_ID='dbt_build_midraw' AIRFLOW_CTX_EXECUTION_DATE='2026-07-25T13:00:00+00:00' AIRFLOW_CTX_TRY_NUMBER='1' AIRFLOW_CTX_DAG_RUN_ID='scheduled__2026-07-25T13:00:00+00:00'
[2026-07-25T14:00:02.190+0000] {taskinstance.py:732} INFO - ::endgroup::
[2026-07-25T14:00:02.194+0000] {subprocess.py:78} INFO - Tmp dir root location: /tmp
[2026-07-25T14:00:02.194+0000] {subprocess.py:88} INFO - Running command: ['/usr/bin/bash', '-c', 'cd /opt/***/dbt && dbt run --profiles-dir . --select avito_ads && dbt test --profiles-dir . --select avito_ads']
[2026-07-25T14:00:02.198+0000] {subprocess.py:99} INFO - Output:
[2026-07-25T14:00:02.956+0000] {subprocess.py:106} INFO - [0m14:00:02  Running with dbt=1.11.12
[2026-07-25T14:00:03.034+0000] {subprocess.py:106} INFO - [0m14:00:03  Registered adapter: postgres=1.9.0
[2026-07-25T14:00:03.192+0000] {subprocess.py:106} INFO - [0m14:00:03  Found 1 model, 4 data tests, 3 sources, 475 macros
[2026-07-25T14:00:03.193+0000] {subprocess.py:106} INFO - [0m14:00:03
[2026-07-25T14:00:03.193+0000] {subprocess.py:106} INFO - [0m14:00:03  Concurrency: 4 threads (target='dev')
[2026-07-25T14:00:03.193+0000] {subprocess.py:106} INFO - [0m14:00:03
[2026-07-25T14:00:03.235+0000] {subprocess.py:106} INFO - [0m14:00:03  1 of 1 START sql table model midraw.avito_ads .................................. [RUN]
[2026-07-25T14:00:03.289+0000] {subprocess.py:106} INFO - [0m14:00:03  1 of 1 OK created sql table model midraw.avito_ads ............................. [[32mSELECT 2475[0m in 0.05s]
[2026-07-25T14:00:03.297+0000] {subprocess.py:106} INFO - [0m14:00:03
[2026-07-25T14:00:03.297+0000] {subprocess.py:106} INFO - [0m14:00:03  Finished running 1 table model in 0 hours 0 minutes and 0.10 seconds (0.10s).
[2026-07-25T14:00:03.315+0000] {subprocess.py:106} INFO - [0m14:00:03
[2026-07-25T14:00:03.316+0000] {subprocess.py:106} INFO - [0m14:00:03  [32mCompleted successfully[0m
[2026-07-25T14:00:03.316+0000] {subprocess.py:106} INFO - [0m14:00:03
[2026-07-25T14:00:03.316+0000] {subprocess.py:106} INFO - [0m14:00:03  Done. PASS=1 WARN=0 ERROR=0 SKIP=0 NO-OP=0 TOTAL=1
[2026-07-25T14:07:49.939+0000] {job.py:229} INFO - Heartbeat recovered after 467.90 seconds
[2026-07-25T14:07:51.010+0000] {subprocess.py:106} INFO - [0m14:07:51  Running with dbt=1.11.12
[2026-07-25T14:07:51.088+0000] {subprocess.py:106} INFO - [0m14:07:51  Registered adapter: postgres=1.9.0
[2026-07-25T14:07:51.247+0000] {subprocess.py:106} INFO - [0m14:07:51  Found 1 model, 4 data tests, 3 sources, 475 macros
[2026-07-25T14:07:51.248+0000] {subprocess.py:106} INFO - [0m14:07:51
[2026-07-25T14:07:51.249+0000] {subprocess.py:106} INFO - [0m14:07:51  Concurrency: 4 threads (target='dev')
[2026-07-25T14:07:51.249+0000] {subprocess.py:106} INFO - [0m14:07:51
[2026-07-25T14:07:51.281+0000] {subprocess.py:106} INFO - [0m14:07:51  1 of 4 START test accepted_values_avito_ads_source_system__avito__synthetic_avito  [RUN]
[2026-07-25T14:07:51.281+0000] {subprocess.py:106} INFO - [0m14:07:51  2 of 4 START test not_null_avito_ads_avito_id .................................. [RUN]
[2026-07-25T14:07:51.282+0000] {subprocess.py:106} INFO - [0m14:07:51  3 of 4 START test not_null_avito_ads_title ..................................... [RUN]
[2026-07-25T14:07:51.282+0000] {subprocess.py:106} INFO - [0m14:07:51  4 of 4 START test not_null_avito_ads_url ....................................... [RUN]
[2026-07-25T14:07:51.322+0000] {subprocess.py:106} INFO - [0m14:07:51  2 of 4 PASS not_null_avito_ads_avito_id ........................................ [[32mPASS[0m in 0.04s]
[2026-07-25T14:07:51.322+0000] {subprocess.py:106} INFO - [0m14:07:51  3 of 4 PASS not_null_avito_ads_title ........................................... [[32mPASS[0m in 0.04s]
[2026-07-25T14:07:51.323+0000] {subprocess.py:106} INFO - [0m14:07:51  4 of 4 PASS not_null_avito_ads_url ............................................. [[32mPASS[0m in 0.04s]
[2026-07-25T14:07:51.324+0000] {subprocess.py:106} INFO - [0m14:07:51  1 of 4 PASS accepted_values_avito_ads_source_system__avito__synthetic_avito .... [[32mPASS[0m in 0.04s]
[2026-07-25T14:07:51.331+0000] {subprocess.py:106} INFO - [0m14:07:51
[2026-07-25T14:07:51.331+0000] {subprocess.py:106} INFO - [0m14:07:51  Finished running 4 data tests in 0 hours 0 minutes and 0.08 seconds (0.08s).
[2026-07-25T14:07:51.351+0000] {subprocess.py:106} INFO - [0m14:07:51
[2026-07-25T14:07:51.352+0000] {subprocess.py:106} INFO - [0m14:07:51  [32mCompleted successfully[0m
[2026-07-25T14:07:51.352+0000] {subprocess.py:106} INFO - [0m14:07:51
[2026-07-25T14:07:51.352+0000] {subprocess.py:106} INFO - [0m14:07:51  Done. PASS=4 WARN=0 ERROR=0 SKIP=0 NO-OP=0 TOTAL=4
[2026-07-25T14:07:55.489+0000] {subprocess.py:110} INFO - Command exited with return code 0
[2026-07-25T14:07:55.503+0000] {taskinstance.py:341} INFO - ::group::Post task execution logs
[2026-07-25T14:07:55.503+0000] {taskinstance.py:353} INFO - Marking task as SUCCESS. dag_id=avito_to_raw_midraw, task_id=dbt_build_midraw, run_id=scheduled__2026-07-25T13:00:00+00:00, execution_date=20260725T130000, start_date=20260725T140002, end_date=20260725T140755
[2026-07-25T14:07:55.523+0000] {local_task_job_runner.py:266} INFO - Task exited with return code 0
[2026-07-25T14:07:55.530+0000] {taskinstance.py:3901} INFO - 0 downstream tasks scheduled from follow-on schedule check
[2026-07-25T14:07:55.531+0000] {local_task_job_runner.py:245} INFO - ::endgroup::
