[2026-06-27T08:54:14.900+0000] {local_task_job_runner.py:123} INFO - ::group::Pre task execution logs
[2026-06-27T08:54:14.905+0000] {taskinstance.py:2614} INFO - Dependencies all met for dep_context=non-requeueable deps ti=<TaskInstance: ingest_avito_to_raw.ingest_to_raw manual__2026-06-27T08:53:14.132621+00:00 [queued]>
[2026-06-27T08:54:14.908+0000] {taskinstance.py:2614} INFO - Dependencies all met for dep_context=requeueable deps ti=<TaskInstance: ingest_avito_to_raw.ingest_to_raw manual__2026-06-27T08:53:14.132621+00:00 [queued]>
[2026-06-27T08:54:14.908+0000] {taskinstance.py:2867} INFO - Starting attempt 2 of 2
[2026-06-27T08:54:14.912+0000] {taskinstance.py:2890} INFO - Executing <Task(PythonOperator): ingest_to_raw> on 2026-06-27 08:53:14.132621+00:00
[2026-06-27T08:54:14.914+0000] {standard_task_runner.py:72} INFO - Started process 4581 to run task
[2026-06-27T08:54:14.916+0000] {standard_task_runner.py:104} INFO - Running: ['***', 'tasks', 'run', 'ingest_avito_to_raw', 'ingest_to_raw', 'manual__2026-06-27T08:53:14.132621+00:00', '--job-id', '15', '--raw', '--subdir', 'DAGS_FOLDER/ingest_avito_to_raw.py', '--cfg-path', '/tmp/tmp4cz0p3fi']
[2026-06-27T08:54:14.917+0000] {standard_task_runner.py:105} INFO - Job 15: Subtask ingest_to_raw
[2026-06-27T08:54:14.932+0000] {task_command.py:467} INFO - Running <TaskInstance: ingest_avito_to_raw.ingest_to_raw manual__2026-06-27T08:53:14.132621+00:00 [running]> on host a53ee8ab3337
[2026-06-27T08:54:14.961+0000] {taskinstance.py:3134} INFO - Exporting env vars: AIRFLOW_CTX_DAG_OWNER='avito' AIRFLOW_CTX_DAG_ID='ingest_avito_to_raw' AIRFLOW_CTX_TASK_ID='ingest_to_raw' AIRFLOW_CTX_EXECUTION_DATE='2026-06-27T08:53:14.132621+00:00' AIRFLOW_CTX_TRY_NUMBER='2' AIRFLOW_CTX_DAG_RUN_ID='manual__2026-06-27T08:53:14.132621+00:00'
[2026-06-27T08:54:14.962+0000] {taskinstance.py:732} INFO - ::endgroup::
[2026-06-27T08:54:14.971+0000] {base.py:84} INFO - Retrieving connection 'raw_dwh'
[2026-06-27T08:54:14.974+0000] {sql.py:511} INFO - Running statement: 
        CREATE TABLE IF NOT EXISTS raw.ads (
            avito_id BIGINT PRIMARY KEY,
            url TEXT,
            title TEXT,
            price INTEGER,
            category TEXT,
            seller TEXT,
            location TEXT,
            description TEXT,
            total_views INTEGER,
            today_views INTEGER,
            is_promoted BOOLEAN,
            phone TEXT,
            first_seen TIMESTAMP,
            last_seen TIMESTAMP,
            is_active BOOLEAN,
            ingested_at TIMESTAMP DEFAULT CURRENT_TIMESTAMP
        );
        , parameters: None
[2026-06-27T08:54:14.976+0000] {sql.py:511} INFO - Running statement: 
        CREATE TABLE IF NOT EXISTS raw.price_history (
            id SERIAL PRIMARY KEY,
            avito_id BIGINT,
            price INTEGER,
            detected_at TIMESTAMP
        );
        , parameters: None
[2026-06-27T08:54:14.979+0000] {sql.py:511} INFO - Running statement: TRUNCATE TABLE raw.ads, parameters: None
[2026-06-27T08:54:14.984+0000] {sql.py:511} INFO - Running statement: TRUNCATE TABLE raw.price_history, parameters: None
[2026-06-27T08:54:14.988+0000] {base.py:84} INFO - Retrieving connection 'avito_postgres'
[2026-06-27T08:54:14.990+0000] {sql.py:511} INFO - Running statement: SELECT column_name FROM information_schema.columns WHERE table_schema='public' AND table_name='ads' ORDER BY ordinal_position, parameters: None
[2026-06-27T08:54:14.992+0000] {sql.py:520} INFO - Rows affected: 16
[2026-06-27T08:54:14.994+0000] {logging_mixin.py:190} WARNING - /home/***/.local/lib/python3.11/site-packages/***/providers/common/sql/hooks/sql.py:470 DeprecationWarning: Import of fetch_all_handler from the '***.providers.common.sql.hooks' module is deprecated and will
be removed in the future. Please import it from '***.providers.common.sql.hooks.handlers'.
[2026-06-27T08:54:14.995+0000] {logging_mixin.py:190} WARNING - /home/***/.local/lib/python3.11/site-packages/***/providers/common/sql/hooks/sql.py:471 DeprecationWarning: Import of return_single_query_results from the '***.providers.common.sql.hooks' module is deprecated and will
be removed in the future. Please import it from '***.providers.common.sql.hooks.handlers'.
[2026-06-27T08:54:14.996+0000] {logging_mixin.py:190} WARNING - /home/***/.local/lib/python3.11/site-packages/***/providers/common/sql/hooks/sql.py:486 DeprecationWarning: Import of return_single_query_results from the '***.providers.common.sql.hooks' module is deprecated and will
be removed in the future. Please import it from '***.providers.common.sql.hooks.handlers'.
[2026-06-27T08:54:14.998+0000] {sql.py:511} INFO - Running statement: SELECT avito_id, url, title, price, category, seller, location, coords, description, total_views, today_views, is_promoted, phone, first_seen, last_seen, is_active FROM public.ads, parameters: None
[2026-06-27T08:54:14.999+0000] {sql.py:520} INFO - Rows affected: 110
[2026-06-27T08:54:15.006+0000] {taskinstance.py:3313} ERROR - Task failed with exception
Traceback (most recent call last):
  File "/home/airflow/.local/lib/python3.11/site-packages/airflow/models/taskinstance.py", line 768, in _execute_task
    result = _execute_callable(context=context, **execute_callable_kwargs)
             ^^^^^^^^^^^^^^^^^^^^^^^^^^^^^^^^^^^^^^^^^^^^^^^^^^^^^^^^^^^^^
  File "/home/airflow/.local/lib/python3.11/site-packages/airflow/models/taskinstance.py", line 734, in _execute_callable
    return ExecutionCallableRunner(
           ^^^^^^^^^^^^^^^^^^^^^^^^
  File "/home/airflow/.local/lib/python3.11/site-packages/airflow/utils/operator_helpers.py", line 252, in run
    return self.func(*args, **kwargs)
           ^^^^^^^^^^^^^^^^^^^^^^^^^^
  File "/home/airflow/.local/lib/python3.11/site-packages/airflow/models/baseoperator.py", line 424, in wrapper
    return func(self, *args, **kwargs)
           ^^^^^^^^^^^^^^^^^^^^^^^^^^^
  File "/home/airflow/.local/lib/python3.11/site-packages/airflow/operators/python.py", line 238, in execute
    return_value = self.execute_callable()
                   ^^^^^^^^^^^^^^^^^^^^^^^
  File "/home/airflow/.local/lib/python3.11/site-packages/airflow/operators/python.py", line 256, in execute_callable
    return runner.run(*self.op_args, **self.op_kwargs)
           ^^^^^^^^^^^^^^^^^^^^^^^^^^^^^^^^^^^^^^^^^^^
  File "/home/airflow/.local/lib/python3.11/site-packages/airflow/utils/operator_helpers.py", line 252, in run
    return self.func(*args, **kwargs)
           ^^^^^^^^^^^^^^^^^^^^^^^^^^
  File "/opt/airflow/dags/ingest_avito_to_raw.py", line 80, in ingest
    psycopg2.extras.execute_values(
  File "/home/airflow/.local/lib/python3.11/site-packages/psycopg2/extras.py", line 1299, in execute_values
    cur.execute(b''.join(parts))
psycopg2.errors.UndefinedColumn: column "coords" of relation "ads" does not exist
LINE 1: ...d, url, title, price, category, seller, location, coords, de...
                                                             ^

[2026-06-27T08:54:15.014+0000] {taskinstance.py:1226} INFO - Marking task as FAILED. dag_id=ingest_avito_to_raw, task_id=ingest_to_raw, run_id=manual__2026-06-27T08:53:14.132621+00:00, execution_date=20260627T085314, start_date=20260627T085414, end_date=20260627T085415
[2026-06-27T08:54:15.021+0000] {taskinstance.py:341} INFO - ::group::Post task execution logs
[2026-06-27T08:54:15.021+0000] {standard_task_runner.py:124} ERROR - Failed to execute job 15 for task ingest_to_raw (column "coords" of relation "ads" does not exist
LINE 1: ...d, url, title, price, category, seller, location, coords, de...
                                                             ^
; 4581)
Traceback (most recent call last):
  File "/home/airflow/.local/lib/python3.11/site-packages/airflow/task/task_runner/standard_task_runner.py", line 117, in _start_by_fork
    ret = args.func(args, dag=self.dag)
          ^^^^^^^^^^^^^^^^^^^^^^^^^^^^^
  File "/home/airflow/.local/lib/python3.11/site-packages/airflow/cli/cli_config.py", line 49, in command
    return func(*args, **kwargs)
           ^^^^^^^^^^^^^^^^^^^^^
  File "/home/airflow/.local/lib/python3.11/site-packages/airflow/utils/cli.py", line 116, in wrapper
    return f(*args, **kwargs)
           ^^^^^^^^^^^^^^^^^^
  File "/home/airflow/.local/lib/python3.11/site-packages/airflow/cli/commands/task_command.py", line 483, in task_run
    task_return_code = _run_task_by_selected_method(args, _dag, ti)
                       ^^^^^^^^^^^^^^^^^^^^^^^^^^^^^^^^^^^^^^^^^^^^
  File "/home/airflow/.local/lib/python3.11/site-packages/airflow/cli/commands/task_command.py", line 256, in _run_task_by_selected_method
    return _run_raw_task(args, ti)
           ^^^^^^^^^^^^^^^^^^^^^^^
  File "/home/airflow/.local/lib/python3.11/site-packages/airflow/cli/commands/task_command.py", line 341, in _run_raw_task
    return ti._run_raw_task(
           ^^^^^^^^^^^^^^^^^
  File "/home/airflow/.local/lib/python3.11/site-packages/airflow/utils/session.py", line 97, in wrapper
    return func(*args, session=session, **kwargs)
           ^^^^^^^^^^^^^^^^^^^^^^^^^^^^^^^^^^^^^^
  File "/home/airflow/.local/lib/python3.11/site-packages/airflow/models/taskinstance.py", line 3006, in _run_raw_task
    return _run_raw_task(
           ^^^^^^^^^^^^^^
  File "/home/airflow/.local/lib/python3.11/site-packages/airflow/models/taskinstance.py", line 274, in _run_raw_task
    TaskInstance._execute_task_with_callbacks(
  File "/home/airflow/.local/lib/python3.11/site-packages/airflow/models/taskinstance.py", line 3161, in _execute_task_with_callbacks
    result = self._execute_task(context, task_orig)
             ^^^^^^^^^^^^^^^^^^^^^^^^^^^^^^^^^^^^^^
  File "/home/airflow/.local/lib/python3.11/site-packages/airflow/models/taskinstance.py", line 3185, in _execute_task
    return _execute_task(self, context, task_orig)
           ^^^^^^^^^^^^^^^^^^^^^^^^^^^^^^^^^^^^^^^
  File "/home/airflow/.local/lib/python3.11/site-packages/airflow/models/taskinstance.py", line 768, in _execute_task
    result = _execute_callable(context=context, **execute_callable_kwargs)
             ^^^^^^^^^^^^^^^^^^^^^^^^^^^^^^^^^^^^^^^^^^^^^^^^^^^^^^^^^^^^^
  File "/home/airflow/.local/lib/python3.11/site-packages/airflow/models/taskinstance.py", line 734, in _execute_callable
    return ExecutionCallableRunner(
           ^^^^^^^^^^^^^^^^^^^^^^^^
  File "/home/airflow/.local/lib/python3.11/site-packages/airflow/utils/operator_helpers.py", line 252, in run
    return self.func(*args, **kwargs)
           ^^^^^^^^^^^^^^^^^^^^^^^^^^
  File "/home/airflow/.local/lib/python3.11/site-packages/airflow/models/baseoperator.py", line 424, in wrapper
    return func(self, *args, **kwargs)
           ^^^^^^^^^^^^^^^^^^^^^^^^^^^
  File "/home/airflow/.local/lib/python3.11/site-packages/airflow/operators/python.py", line 238, in execute
    return_value = self.execute_callable()
                   ^^^^^^^^^^^^^^^^^^^^^^^
  File "/home/airflow/.local/lib/python3.11/site-packages/airflow/operators/python.py", line 256, in execute_callable
    return runner.run(*self.op_args, **self.op_kwargs)
           ^^^^^^^^^^^^^^^^^^^^^^^^^^^^^^^^^^^^^^^^^^^
  File "/home/airflow/.local/lib/python3.11/site-packages/airflow/utils/operator_helpers.py", line 252, in run
    return self.func(*args, **kwargs)
           ^^^^^^^^^^^^^^^^^^^^^^^^^^
  File "/opt/airflow/dags/ingest_avito_to_raw.py", line 80, in ingest
    psycopg2.extras.execute_values(
  File "/home/airflow/.local/lib/python3.11/site-packages/psycopg2/extras.py", line 1299, in execute_values
    cur.execute(b''.join(parts))
psycopg2.errors.UndefinedColumn: column "coords" of relation "ads" does not exist
LINE 1: ...d, url, title, price, category, seller, location, coords, de...
                                                             ^

[2026-06-27T08:54:15.053+0000] {local_task_job_runner.py:266} INFO - Task exited with return code 1
[2026-06-27T08:54:15.059+0000] {taskinstance.py:3901} INFO - 0 downstream tasks scheduled from follow-on schedule check
[2026-06-27T08:54:15.060+0000] {local_task_job_runner.py:245} INFO - ::endgroup::
