[2026-07-19T14:09:55.826+0000] {local_task_job_runner.py:123} INFO - ::group::Pre task execution logs
[2026-07-19T14:09:55.837+0000] {taskinstance.py:2614} INFO - Dependencies all met for dep_context=non-requeueable deps ti=<TaskInstance: avito_to_raw_midraw.dbt_build_midraw manual__2026-07-19T14:09:53+00:00 [queued]>
[2026-07-19T14:09:55.840+0000] {taskinstance.py:2614} INFO - Dependencies all met for dep_context=requeueable deps ti=<TaskInstance: avito_to_raw_midraw.dbt_build_midraw manual__2026-07-19T14:09:53+00:00 [queued]>
[2026-07-19T14:09:55.841+0000] {taskinstance.py:2867} INFO - Starting attempt 1 of 2
[2026-07-19T14:09:55.845+0000] {taskinstance.py:2890} INFO - Executing <Task(BashOperator): dbt_build_midraw> on 2026-07-19 14:09:53+00:00
[2026-07-19T14:09:55.848+0000] {standard_task_runner.py:72} INFO - Started process 110 to run task
[2026-07-19T14:09:55.850+0000] {standard_task_runner.py:104} INFO - Running: ['***', 'tasks', 'run', 'avito_to_raw_midraw', 'dbt_build_midraw', 'manual__2026-07-19T14:09:53+00:00', '--job-id', '111', '--raw', '--subdir', 'DAGS_FOLDER/avito_to_raw_midraw.py', '--cfg-path', '/tmp/tmpsz733cbm']
[2026-07-19T14:09:55.852+0000] {standard_task_runner.py:105} INFO - Job 111: Subtask dbt_build_midraw
[2026-07-19T14:09:55.876+0000] {task_command.py:467} INFO - Running <TaskInstance: avito_to_raw_midraw.dbt_build_midraw manual__2026-07-19T14:09:53+00:00 [running]> on host 4c6dd7d943f5
[2026-07-19T14:09:56.018+0000] {taskinstance.py:3134} INFO - Exporting env vars: AIRFLOW_CTX_DAG_OWNER='data-eng' AIRFLOW_CTX_DAG_ID='avito_to_raw_midraw' AIRFLOW_CTX_TASK_ID='dbt_build_midraw' AIRFLOW_CTX_EXECUTION_DATE='2026-07-19T14:09:53+00:00' AIRFLOW_CTX_TRY_NUMBER='1' AIRFLOW_CTX_DAG_RUN_ID='manual__2026-07-19T14:09:53+00:00'
[2026-07-19T14:09:56.019+0000] {taskinstance.py:732} INFO - ::endgroup::
[2026-07-19T14:09:56.025+0000] {subprocess.py:78} INFO - Tmp dir root location: /tmp
[2026-07-19T14:09:56.025+0000] {subprocess.py:88} INFO - Running command: ['/usr/bin/bash', '-c', 'cd /opt/***/dbt && dbt run --profiles-dir . --select avito_ads && dbt test --profiles-dir . --select avito_ads']
[2026-07-19T14:09:56.030+0000] {subprocess.py:99} INFO - Output:
[2026-07-19T14:09:57.124+0000] {subprocess.py:106} INFO - [0m14:09:57  Running with dbt=1.11.12
[2026-07-19T14:09:57.263+0000] {subprocess.py:106} INFO - [0m14:09:57  Registered adapter: postgres=1.9.0
[2026-07-19T14:09:57.485+0000] {subprocess.py:106} INFO - [0m14:09:57  Found 2 models, 8 data tests, 1 source, 475 macros
[2026-07-19T14:09:57.486+0000] {subprocess.py:106} INFO - [0m14:09:57
[2026-07-19T14:09:57.487+0000] {subprocess.py:106} INFO - [0m14:09:57  Concurrency: 4 threads (target='dev')
[2026-07-19T14:09:57.487+0000] {subprocess.py:106} INFO - [0m14:09:57
[2026-07-19T14:09:57.543+0000] {subprocess.py:106} INFO - [0m14:09:57  1 of 1 START sql view model midraw.avito_ads ................................... [RUN]
[2026-07-19T14:09:57.596+0000] {subprocess.py:106} INFO - [0m14:09:57  1 of 1 OK created sql view model midraw.avito_ads .............................. [[32mCREATE VIEW[0m in 0.05s]
[2026-07-19T14:09:57.602+0000] {subprocess.py:106} INFO - [0m14:09:57
[2026-07-19T14:09:57.602+0000] {subprocess.py:106} INFO - [0m14:09:57  Finished running 1 view model in 0 hours 0 minutes and 0.11 seconds (0.11s).
[2026-07-19T14:09:57.625+0000] {subprocess.py:106} INFO - [0m14:09:57
[2026-07-19T14:09:57.625+0000] {subprocess.py:106} INFO - [0m14:09:57  [32mCompleted successfully[0m
[2026-07-19T14:09:57.625+0000] {subprocess.py:106} INFO - [0m14:09:57
[2026-07-19T14:09:57.626+0000] {subprocess.py:106} INFO - [0m14:09:57  Done. PASS=1 WARN=0 ERROR=0 SKIP=0 NO-OP=0 TOTAL=1
[2026-07-19T14:09:59.302+0000] {subprocess.py:106} INFO - [0m14:09:59  Running with dbt=1.11.12
[2026-07-19T14:09:59.397+0000] {subprocess.py:106} INFO - [0m14:09:59  Registered adapter: postgres=1.9.0
[2026-07-19T14:09:59.609+0000] {subprocess.py:106} INFO - [0m14:09:59  Found 2 models, 8 data tests, 1 source, 475 macros
[2026-07-19T14:09:59.610+0000] {subprocess.py:106} INFO - [0m14:09:59
[2026-07-19T14:09:59.611+0000] {subprocess.py:106} INFO - [0m14:09:59  Concurrency: 4 threads (target='dev')
[2026-07-19T14:09:59.611+0000] {subprocess.py:106} INFO - [0m14:09:59
[2026-07-19T14:09:59.652+0000] {subprocess.py:106} INFO - [0m14:09:59  1 of 4 START test accepted_values_avito_ads_source_system__avito__synthetic_avito  [RUN]
[2026-07-19T14:09:59.652+0000] {subprocess.py:106} INFO - [0m14:09:59  2 of 4 START test not_null_avito_ads_avito_id .................................. [RUN]
[2026-07-19T14:09:59.653+0000] {subprocess.py:106} INFO - [0m14:09:59  3 of 4 START test not_null_avito_ads_title ..................................... [RUN]
[2026-07-19T14:09:59.653+0000] {subprocess.py:106} INFO - [0m14:09:59  4 of 4 START test not_null_avito_ads_url ....................................... [RUN]
[2026-07-19T14:09:59.703+0000] {subprocess.py:106} INFO - [0m14:09:59  2 of 4 PASS not_null_avito_ads_avito_id ........................................ [[32mPASS[0m in 0.05s]
[2026-07-19T14:09:59.704+0000] {subprocess.py:106} INFO - [0m14:09:59  1 of 4 PASS accepted_values_avito_ads_source_system__avito__synthetic_avito .... [[32mPASS[0m in 0.05s]
[2026-07-19T14:09:59.704+0000] {subprocess.py:106} INFO - [0m14:09:59  3 of 4 PASS not_null_avito_ads_title ........................................... [[32mPASS[0m in 0.05s]
[2026-07-19T14:09:59.704+0000] {subprocess.py:106} INFO - [0m14:09:59  4 of 4 PASS not_null_avito_ads_url ............................................. [[32mPASS[0m in 0.05s]
[2026-07-19T14:09:59.714+0000] {subprocess.py:106} INFO - [0m14:09:59
[2026-07-19T14:09:59.715+0000] {subprocess.py:106} INFO - [0m14:09:59  Finished running 4 data tests in 0 hours 0 minutes and 0.10 seconds (0.10s).
[2026-07-19T14:09:59.738+0000] {subprocess.py:106} INFO - [0m14:09:59
[2026-07-19T14:09:59.739+0000] {subprocess.py:106} INFO - [0m14:09:59  [32mCompleted successfully[0m
[2026-07-19T14:09:59.739+0000] {subprocess.py:106} INFO - [0m14:09:59
[2026-07-19T14:09:59.739+0000] {subprocess.py:106} INFO - [0m14:09:59  Done. PASS=4 WARN=0 ERROR=0 SKIP=0 NO-OP=0 TOTAL=4
[2026-07-19T14:10:00.456+0000] {subprocess.py:110} INFO - Command exited with return code 0
[2026-07-19T14:10:00.472+0000] {taskinstance.py:341} INFO - ::group::Post task execution logs
[2026-07-19T14:10:00.473+0000] {taskinstance.py:353} INFO - Marking task as SUCCESS. dag_id=avito_to_raw_midraw, task_id=dbt_build_midraw, run_id=manual__2026-07-19T14:09:53+00:00, execution_date=20260719T140953, start_date=20260719T140955, end_date=20260719T141000
[2026-07-19T14:10:00.517+0000] {local_task_job_runner.py:266} INFO - Task exited with return code 0
[2026-07-19T14:10:00.527+0000] {taskinstance.py:3901} INFO - 0 downstream tasks scheduled from follow-on schedule check
[2026-07-19T14:10:00.527+0000] {local_task_job_runner.py:245} INFO - ::endgroup::
