[2026-07-27T16:02:23.289+0000] {local_task_job_runner.py:123} INFO - ::group::Pre task execution logs
[2026-07-27T16:02:23.298+0000] {taskinstance.py:2614} INFO - Dependencies all met for dep_context=non-requeueable deps ti=<TaskInstance: avito_to_raw_midraw.dbt_build_midraw scheduled__2026-07-27T15:00:00+00:00 [queued]>
[2026-07-27T16:02:23.301+0000] {taskinstance.py:2614} INFO - Dependencies all met for dep_context=requeueable deps ti=<TaskInstance: avito_to_raw_midraw.dbt_build_midraw scheduled__2026-07-27T15:00:00+00:00 [queued]>
[2026-07-27T16:02:23.301+0000] {taskinstance.py:2867} INFO - Starting attempt 1 of 2
[2026-07-27T16:02:23.305+0000] {taskinstance.py:2890} INFO - Executing <Task(BashOperator): dbt_build_midraw> on 2026-07-27 15:00:00+00:00
[2026-07-27T16:02:23.307+0000] {standard_task_runner.py:72} INFO - Started process 4196 to run task
[2026-07-27T16:02:23.309+0000] {standard_task_runner.py:104} INFO - Running: ['***', 'tasks', 'run', 'avito_to_raw_midraw', 'dbt_build_midraw', 'scheduled__2026-07-27T15:00:00+00:00', '--job-id', '414', '--raw', '--subdir', 'DAGS_FOLDER/avito_to_raw_midraw.py', '--cfg-path', '/tmp/tmpaig4zohc']
[2026-07-27T16:02:23.311+0000] {standard_task_runner.py:105} INFO - Job 414: Subtask dbt_build_midraw
[2026-07-27T16:02:23.334+0000] {task_command.py:467} INFO - Running <TaskInstance: avito_to_raw_midraw.dbt_build_midraw scheduled__2026-07-27T15:00:00+00:00 [running]> on host 4c6dd7d943f5
[2026-07-27T16:02:23.463+0000] {taskinstance.py:3134} INFO - Exporting env vars: AIRFLOW_CTX_DAG_OWNER='data-eng' AIRFLOW_CTX_DAG_ID='avito_to_raw_midraw' AIRFLOW_CTX_TASK_ID='dbt_build_midraw' AIRFLOW_CTX_EXECUTION_DATE='2026-07-27T15:00:00+00:00' AIRFLOW_CTX_TRY_NUMBER='1' AIRFLOW_CTX_DAG_RUN_ID='scheduled__2026-07-27T15:00:00+00:00'
[2026-07-27T16:02:23.464+0000] {taskinstance.py:732} INFO - ::endgroup::
[2026-07-27T16:02:23.468+0000] {subprocess.py:78} INFO - Tmp dir root location: /tmp
[2026-07-27T16:02:23.469+0000] {subprocess.py:88} INFO - Running command: ['/usr/bin/bash', '-c', 'cd /opt/***/dbt && dbt run --profiles-dir . --select avito_ads && dbt test --profiles-dir . --select avito_ads']
[2026-07-27T16:02:23.473+0000] {subprocess.py:99} INFO - Output:
[2026-07-27T16:02:24.361+0000] {subprocess.py:106} INFO - [0m16:02:24  Running with dbt=1.11.12
[2026-07-27T16:02:24.456+0000] {subprocess.py:106} INFO - [0m16:02:24  Registered adapter: postgres=1.9.0
[2026-07-27T16:02:24.665+0000] {subprocess.py:106} INFO - [0m16:02:24  Found 1 model, 4 data tests, 3 sources, 475 macros
[2026-07-27T16:02:24.666+0000] {subprocess.py:106} INFO - [0m16:02:24
[2026-07-27T16:02:24.666+0000] {subprocess.py:106} INFO - [0m16:02:24  Concurrency: 4 threads (target='dev')
[2026-07-27T16:02:24.666+0000] {subprocess.py:106} INFO - [0m16:02:24
[2026-07-27T16:02:24.719+0000] {subprocess.py:106} INFO - [0m16:02:24  1 of 1 START sql table model midraw.avito_ads .................................. [RUN]
[2026-07-27T16:02:24.785+0000] {subprocess.py:106} INFO - [0m16:02:24  1 of 1 OK created sql table model midraw.avito_ads ............................. [[32mSELECT 895[0m in 0.06s]
[2026-07-27T16:02:24.792+0000] {subprocess.py:106} INFO - [0m16:02:24
[2026-07-27T16:02:24.792+0000] {subprocess.py:106} INFO - [0m16:02:24  Finished running 1 table model in 0 hours 0 minutes and 0.12 seconds (0.12s).
[2026-07-27T16:02:24.816+0000] {subprocess.py:106} INFO - [0m16:02:24
[2026-07-27T16:02:24.817+0000] {subprocess.py:106} INFO - [0m16:02:24  [32mCompleted successfully[0m
[2026-07-27T16:02:24.817+0000] {subprocess.py:106} INFO - [0m16:02:24
[2026-07-27T16:02:24.817+0000] {subprocess.py:106} INFO - [0m16:02:24  Done. PASS=1 WARN=0 ERROR=0 SKIP=0 NO-OP=0 TOTAL=1
[2026-07-27T16:02:29.932+0000] {subprocess.py:106} INFO - [0m16:02:29  Running with dbt=1.11.12
[2026-07-27T16:02:30.029+0000] {subprocess.py:106} INFO - [0m16:02:30  Registered adapter: postgres=1.9.0
[2026-07-27T16:02:30.243+0000] {subprocess.py:106} INFO - [0m16:02:30  Found 1 model, 4 data tests, 3 sources, 475 macros
[2026-07-27T16:02:30.245+0000] {subprocess.py:106} INFO - [0m16:02:30
[2026-07-27T16:02:30.245+0000] {subprocess.py:106} INFO - [0m16:02:30  Concurrency: 4 threads (target='dev')
[2026-07-27T16:02:30.245+0000] {subprocess.py:106} INFO - [0m16:02:30
[2026-07-27T16:02:30.288+0000] {subprocess.py:106} INFO - [0m16:02:30  1 of 4 START test accepted_values_avito_ads_source_system__avito__synthetic_avito  [RUN]
[2026-07-27T16:02:30.288+0000] {subprocess.py:106} INFO - [0m16:02:30  2 of 4 START test not_null_avito_ads_avito_id .................................. [RUN]
[2026-07-27T16:02:30.289+0000] {subprocess.py:106} INFO - [0m16:02:30  3 of 4 START test not_null_avito_ads_title ..................................... [RUN]
[2026-07-27T16:02:30.289+0000] {subprocess.py:106} INFO - [0m16:02:30  4 of 4 START test not_null_avito_ads_url ....................................... [RUN]
[2026-07-27T16:02:30.342+0000] {subprocess.py:106} INFO - [0m16:02:30  3 of 4 PASS not_null_avito_ads_title ........................................... [[32mPASS[0m in 0.05s]
[2026-07-27T16:02:30.342+0000] {subprocess.py:106} INFO - [0m16:02:30  2 of 4 PASS not_null_avito_ads_avito_id ........................................ [[32mPASS[0m in 0.05s]
[2026-07-27T16:02:30.343+0000] {subprocess.py:106} INFO - [0m16:02:30  4 of 4 PASS not_null_avito_ads_url ............................................. [[32mPASS[0m in 0.05s]
[2026-07-27T16:02:30.343+0000] {subprocess.py:106} INFO - [0m16:02:30  1 of 4 PASS accepted_values_avito_ads_source_system__avito__synthetic_avito .... [[32mPASS[0m in 0.05s]
[2026-07-27T16:02:30.354+0000] {subprocess.py:106} INFO - [0m16:02:30
[2026-07-27T16:02:30.354+0000] {subprocess.py:106} INFO - [0m16:02:30  Finished running 4 data tests in 0 hours 0 minutes and 0.11 seconds (0.11s).
[2026-07-27T16:02:30.380+0000] {subprocess.py:106} INFO - [0m16:02:30
[2026-07-27T16:02:30.381+0000] {subprocess.py:106} INFO - [0m16:02:30  [32mCompleted successfully[0m
[2026-07-27T16:02:30.381+0000] {subprocess.py:106} INFO - [0m16:02:30
[2026-07-27T16:02:30.381+0000] {subprocess.py:106} INFO - [0m16:02:30  Done. PASS=4 WARN=0 ERROR=0 SKIP=0 NO-OP=0 TOTAL=4
[2026-07-27T16:02:34.605+0000] {subprocess.py:110} INFO - Command exited with return code 0
[2026-07-27T16:02:34.619+0000] {taskinstance.py:341} INFO - ::group::Post task execution logs
[2026-07-27T16:02:34.619+0000] {taskinstance.py:353} INFO - Marking task as SUCCESS. dag_id=avito_to_raw_midraw, task_id=dbt_build_midraw, run_id=scheduled__2026-07-27T15:00:00+00:00, execution_date=20260727T150000, start_date=20260727T160223, end_date=20260727T160234
[2026-07-27T16:02:34.643+0000] {local_task_job_runner.py:266} INFO - Task exited with return code 0
[2026-07-27T16:02:34.651+0000] {taskinstance.py:3901} INFO - 0 downstream tasks scheduled from follow-on schedule check
[2026-07-27T16:02:34.652+0000] {local_task_job_runner.py:245} INFO - ::endgroup::
