[2026-08-04T02:10:58.029+0000] {local_task_job_runner.py:123} INFO - ::group::Pre task execution logs
[2026-08-04T02:10:58.043+0000] {taskinstance.py:2614} INFO - Dependencies all met for dep_context=non-requeueable deps ti=<TaskInstance: avito_to_raw_midraw.dbt_build_midraw scheduled__2026-08-04T01:00:00+00:00 [queued]>
[2026-08-04T02:10:58.051+0000] {taskinstance.py:2614} INFO - Dependencies all met for dep_context=requeueable deps ti=<TaskInstance: avito_to_raw_midraw.dbt_build_midraw scheduled__2026-08-04T01:00:00+00:00 [queued]>
[2026-08-04T02:10:58.052+0000] {taskinstance.py:2867} INFO - Starting attempt 1 of 2
[2026-08-04T02:10:58.062+0000] {taskinstance.py:2890} INFO - Executing <Task(BashOperator): dbt_build_midraw> on 2026-08-04 01:00:00+00:00
[2026-08-04T02:10:58.066+0000] {standard_task_runner.py:72} INFO - Started process 1668 to run task
[2026-08-04T02:10:58.069+0000] {standard_task_runner.py:104} INFO - Running: ['***', 'tasks', 'run', 'avito_to_raw_midraw', 'dbt_build_midraw', 'scheduled__2026-08-04T01:00:00+00:00', '--job-id', '748', '--raw', '--subdir', 'DAGS_FOLDER/avito_to_raw_midraw.py', '--cfg-path', '/tmp/tmpq5bre2b2']
[2026-08-04T02:10:58.072+0000] {standard_task_runner.py:105} INFO - Job 748: Subtask dbt_build_midraw
[2026-08-04T02:10:58.241+0000] {task_command.py:467} INFO - Running <TaskInstance: avito_to_raw_midraw.dbt_build_midraw scheduled__2026-08-04T01:00:00+00:00 [running]> on host 4c6dd7d943f5
[2026-08-04T02:10:58.289+0000] {taskinstance.py:3134} INFO - Exporting env vars: AIRFLOW_CTX_DAG_OWNER='data-eng' AIRFLOW_CTX_DAG_ID='avito_to_raw_midraw' AIRFLOW_CTX_TASK_ID='dbt_build_midraw' AIRFLOW_CTX_EXECUTION_DATE='2026-08-04T01:00:00+00:00' AIRFLOW_CTX_TRY_NUMBER='1' AIRFLOW_CTX_DAG_RUN_ID='scheduled__2026-08-04T01:00:00+00:00'
[2026-08-04T02:10:58.289+0000] {taskinstance.py:732} INFO - ::endgroup::
[2026-08-04T02:10:58.296+0000] {subprocess.py:78} INFO - Tmp dir root location: /tmp
[2026-08-04T02:10:58.298+0000] {subprocess.py:88} INFO - Running command: ['/usr/bin/bash', '-c', 'cd /opt/***/dbt && dbt run --profiles-dir . --select avito_ads && dbt test --profiles-dir . --select avito_ads']
[2026-08-04T02:10:58.306+0000] {subprocess.py:99} INFO - Output:
[2026-08-04T02:10:59.875+0000] {subprocess.py:106} INFO - [0m02:10:59  Running with dbt=1.11.12
[2026-08-04T02:11:00.044+0000] {subprocess.py:106} INFO - [0m02:11:00  Registered adapter: postgres=1.9.0
[2026-08-04T02:11:00.375+0000] {subprocess.py:106} INFO - [0m02:11:00  Found 1 model, 4 data tests, 3 sources, 475 macros
[2026-08-04T02:11:00.378+0000] {subprocess.py:106} INFO - [0m02:11:00
[2026-08-04T02:11:00.379+0000] {subprocess.py:106} INFO - [0m02:11:00  Concurrency: 4 threads (target='dev')
[2026-08-04T02:11:00.380+0000] {subprocess.py:106} INFO - [0m02:11:00
[2026-08-04T02:11:00.504+0000] {subprocess.py:106} INFO - [0m02:11:00  1 of 1 START sql table model midraw.avito_ads .................................. [RUN]
[2026-08-04T02:11:00.650+0000] {subprocess.py:106} INFO - [0m02:11:00  1 of 1 OK created sql table model midraw.avito_ads ............................. [[32mSELECT 2008[0m in 0.14s]
[2026-08-04T02:11:00.665+0000] {subprocess.py:106} INFO - [0m02:11:00
[2026-08-04T02:11:00.665+0000] {subprocess.py:106} INFO - [0m02:11:00  Finished running 1 table model in 0 hours 0 minutes and 0.28 seconds (0.28s).
[2026-08-04T02:11:00.744+0000] {subprocess.py:106} INFO - [0m02:11:00
[2026-08-04T02:11:00.745+0000] {subprocess.py:106} INFO - [0m02:11:00  [32mCompleted successfully[0m
[2026-08-04T02:11:00.746+0000] {subprocess.py:106} INFO - [0m02:11:00
[2026-08-04T02:11:00.746+0000] {subprocess.py:106} INFO - [0m02:11:00  Done. PASS=1 WARN=0 ERROR=0 SKIP=0 NO-OP=0 TOTAL=1
[2026-08-04T02:11:03.010+0000] {subprocess.py:106} INFO - [0m02:11:03  Running with dbt=1.11.12
[2026-08-04T02:11:03.181+0000] {subprocess.py:106} INFO - [0m02:11:03  Registered adapter: postgres=1.9.0
[2026-08-04T02:11:03.606+0000] {subprocess.py:106} INFO - [0m02:11:03  Found 1 model, 4 data tests, 3 sources, 475 macros
[2026-08-04T02:11:03.609+0000] {subprocess.py:106} INFO - [0m02:11:03
[2026-08-04T02:11:03.610+0000] {subprocess.py:106} INFO - [0m02:11:03  Concurrency: 4 threads (target='dev')
[2026-08-04T02:11:03.610+0000] {subprocess.py:106} INFO - [0m02:11:03
[2026-08-04T02:11:03.686+0000] {subprocess.py:106} INFO - [0m02:11:03  1 of 4 START test accepted_values_avito_ads_source_system__avito__synthetic_avito  [RUN]
[2026-08-04T02:11:03.686+0000] {subprocess.py:106} INFO - [0m02:11:03  2 of 4 START test not_null_avito_ads_avito_id .................................. [RUN]
[2026-08-04T02:11:03.687+0000] {subprocess.py:106} INFO - [0m02:11:03  3 of 4 START test not_null_avito_ads_title ..................................... [RUN]
[2026-08-04T02:11:03.687+0000] {subprocess.py:106} INFO - [0m02:11:03  4 of 4 START test not_null_avito_ads_url ....................................... [RUN]
[2026-08-04T02:11:03.765+0000] {subprocess.py:106} INFO - [0m02:11:03  3 of 4 PASS not_null_avito_ads_title ........................................... [[32mPASS[0m in 0.08s]
[2026-08-04T02:11:03.771+0000] {subprocess.py:106} INFO - [0m02:11:03  1 of 4 PASS accepted_values_avito_ads_source_system__avito__synthetic_avito .... [[32mPASS[0m in 0.08s]
[2026-08-04T02:11:03.773+0000] {subprocess.py:106} INFO - [0m02:11:03  2 of 4 PASS not_null_avito_ads_avito_id ........................................ [[32mPASS[0m in 0.08s]
[2026-08-04T02:11:03.775+0000] {subprocess.py:106} INFO - [0m02:11:03  4 of 4 PASS not_null_avito_ads_url ............................................. [[32mPASS[0m in 0.09s]
[2026-08-04T02:11:03.791+0000] {subprocess.py:106} INFO - [0m02:11:03
[2026-08-04T02:11:03.792+0000] {subprocess.py:106} INFO - [0m02:11:03  Finished running 4 data tests in 0 hours 0 minutes and 0.18 seconds (0.18s).
[2026-08-04T02:11:03.842+0000] {subprocess.py:106} INFO - [0m02:11:03
[2026-08-04T02:11:03.842+0000] {subprocess.py:106} INFO - [0m02:11:03  [32mCompleted successfully[0m
[2026-08-04T02:11:03.843+0000] {subprocess.py:106} INFO - [0m02:11:03
[2026-08-04T02:11:03.843+0000] {subprocess.py:106} INFO - [0m02:11:03  Done. PASS=4 WARN=0 ERROR=0 SKIP=0 NO-OP=0 TOTAL=4
[2026-08-04T02:11:04.577+0000] {subprocess.py:110} INFO - Command exited with return code 0
[2026-08-04T02:11:04.642+0000] {taskinstance.py:341} INFO - ::group::Post task execution logs
[2026-08-04T02:11:04.643+0000] {taskinstance.py:353} INFO - Marking task as SUCCESS. dag_id=avito_to_raw_midraw, task_id=dbt_build_midraw, run_id=scheduled__2026-08-04T01:00:00+00:00, execution_date=20260804T010000, start_date=20260804T021058, end_date=20260804T021104
[2026-08-04T02:11:04.737+0000] {local_task_job_runner.py:266} INFO - Task exited with return code 0
[2026-08-04T02:11:04.753+0000] {taskinstance.py:3901} INFO - 0 downstream tasks scheduled from follow-on schedule check
[2026-08-04T02:11:04.755+0000] {local_task_job_runner.py:245} INFO - ::endgroup::
