[2026-07-28T03:24:15.478+0000] {local_task_job_runner.py:123} INFO - ::group::Pre task execution logs
[2026-07-28T03:24:15.487+0000] {taskinstance.py:2614} INFO - Dependencies all met for dep_context=non-requeueable deps ti=<TaskInstance: avito_to_raw_midraw.dbt_build_midraw scheduled__2026-07-28T02:00:00+00:00 [queued]>
[2026-07-28T03:24:15.490+0000] {taskinstance.py:2614} INFO - Dependencies all met for dep_context=requeueable deps ti=<TaskInstance: avito_to_raw_midraw.dbt_build_midraw scheduled__2026-07-28T02:00:00+00:00 [queued]>
[2026-07-28T03:24:15.491+0000] {taskinstance.py:2867} INFO - Starting attempt 1 of 2
[2026-07-28T03:24:15.495+0000] {taskinstance.py:2890} INFO - Executing <Task(BashOperator): dbt_build_midraw> on 2026-07-28 02:00:00+00:00
[2026-07-28T03:24:15.497+0000] {standard_task_runner.py:72} INFO - Started process 4515 to run task
[2026-07-28T03:24:15.499+0000] {standard_task_runner.py:104} INFO - Running: ['***', 'tasks', 'run', 'avito_to_raw_midraw', 'dbt_build_midraw', 'scheduled__2026-07-28T02:00:00+00:00', '--job-id', '436', '--raw', '--subdir', 'DAGS_FOLDER/avito_to_raw_midraw.py', '--cfg-path', '/tmp/tmp7om6byoa']
[2026-07-28T03:24:15.500+0000] {standard_task_runner.py:105} INFO - Job 436: Subtask dbt_build_midraw
[2026-07-28T03:24:15.524+0000] {task_command.py:467} INFO - Running <TaskInstance: avito_to_raw_midraw.dbt_build_midraw scheduled__2026-07-28T02:00:00+00:00 [running]> on host 4c6dd7d943f5
[2026-07-28T03:24:15.654+0000] {taskinstance.py:3134} INFO - Exporting env vars: AIRFLOW_CTX_DAG_OWNER='data-eng' AIRFLOW_CTX_DAG_ID='avito_to_raw_midraw' AIRFLOW_CTX_TASK_ID='dbt_build_midraw' AIRFLOW_CTX_EXECUTION_DATE='2026-07-28T02:00:00+00:00' AIRFLOW_CTX_TRY_NUMBER='1' AIRFLOW_CTX_DAG_RUN_ID='scheduled__2026-07-28T02:00:00+00:00'
[2026-07-28T03:24:15.654+0000] {taskinstance.py:732} INFO - ::endgroup::
[2026-07-28T03:24:15.659+0000] {subprocess.py:78} INFO - Tmp dir root location: /tmp
[2026-07-28T03:24:15.659+0000] {subprocess.py:88} INFO - Running command: ['/usr/bin/bash', '-c', 'cd /opt/***/dbt && dbt run --profiles-dir . --select avito_ads && dbt test --profiles-dir . --select avito_ads']
[2026-07-28T03:24:15.664+0000] {subprocess.py:99} INFO - Output:
[2026-07-28T03:24:16.613+0000] {subprocess.py:106} INFO - [0m03:24:16  Running with dbt=1.11.12
[2026-07-28T03:24:16.715+0000] {subprocess.py:106} INFO - [0m03:24:16  Registered adapter: postgres=1.9.0
[2026-07-28T03:24:16.930+0000] {subprocess.py:106} INFO - [0m03:24:16  Found 1 model, 4 data tests, 3 sources, 475 macros
[2026-07-28T03:24:16.931+0000] {subprocess.py:106} INFO - [0m03:24:16
[2026-07-28T03:24:16.931+0000] {subprocess.py:106} INFO - [0m03:24:16  Concurrency: 4 threads (target='dev')
[2026-07-28T03:24:16.931+0000] {subprocess.py:106} INFO - [0m03:24:16
[2026-07-28T03:24:16.992+0000] {subprocess.py:106} INFO - [0m03:24:16  1 of 1 START sql table model midraw.avito_ads .................................. [RUN]
[2026-07-28T03:24:17.082+0000] {subprocess.py:106} INFO - [0m03:24:17  1 of 1 OK created sql table model midraw.avito_ads ............................. [[32mSELECT 1070[0m in 0.09s]
[2026-07-28T03:24:17.095+0000] {subprocess.py:106} INFO - [0m03:24:17
[2026-07-28T03:24:17.095+0000] {subprocess.py:106} INFO - [0m03:24:17  Finished running 1 table model in 0 hours 0 minutes and 0.16 seconds (0.16s).
[2026-07-28T03:24:17.131+0000] {subprocess.py:106} INFO - [0m03:24:17
[2026-07-28T03:24:17.131+0000] {subprocess.py:106} INFO - [0m03:24:17  [32mCompleted successfully[0m
[2026-07-28T03:24:17.131+0000] {subprocess.py:106} INFO - [0m03:24:17
[2026-07-28T03:24:17.132+0000] {subprocess.py:106} INFO - [0m03:24:17  Done. PASS=1 WARN=0 ERROR=0 SKIP=0 NO-OP=0 TOTAL=1
[2026-07-28T03:24:18.978+0000] {subprocess.py:106} INFO - [0m03:24:18  Running with dbt=1.11.12
[2026-07-28T03:24:19.079+0000] {subprocess.py:106} INFO - [0m03:24:19  Registered adapter: postgres=1.9.0
[2026-07-28T03:24:19.305+0000] {subprocess.py:106} INFO - [0m03:24:19  Found 1 model, 4 data tests, 3 sources, 475 macros
[2026-07-28T03:24:19.306+0000] {subprocess.py:106} INFO - [0m03:24:19
[2026-07-28T03:24:19.306+0000] {subprocess.py:106} INFO - [0m03:24:19  Concurrency: 4 threads (target='dev')
[2026-07-28T03:24:19.307+0000] {subprocess.py:106} INFO - [0m03:24:19
[2026-07-28T03:24:19.349+0000] {subprocess.py:106} INFO - [0m03:24:19  1 of 4 START test accepted_values_avito_ads_source_system__avito__synthetic_avito  [RUN]
[2026-07-28T03:24:19.349+0000] {subprocess.py:106} INFO - [0m03:24:19  2 of 4 START test not_null_avito_ads_avito_id .................................. [RUN]
[2026-07-28T03:24:19.349+0000] {subprocess.py:106} INFO - [0m03:24:19  3 of 4 START test not_null_avito_ads_title ..................................... [RUN]
[2026-07-28T03:24:19.350+0000] {subprocess.py:106} INFO - [0m03:24:19  4 of 4 START test not_null_avito_ads_url ....................................... [RUN]
[2026-07-28T03:24:19.403+0000] {subprocess.py:106} INFO - [0m03:24:19  3 of 4 PASS not_null_avito_ads_title ........................................... [[32mPASS[0m in 0.05s]
[2026-07-28T03:24:19.403+0000] {subprocess.py:106} INFO - [0m03:24:19  4 of 4 PASS not_null_avito_ads_url ............................................. [[32mPASS[0m in 0.05s]
[2026-07-28T03:24:19.404+0000] {subprocess.py:106} INFO - [0m03:24:19  1 of 4 PASS accepted_values_avito_ads_source_system__avito__synthetic_avito .... [[32mPASS[0m in 0.05s]
[2026-07-28T03:24:19.404+0000] {subprocess.py:106} INFO - [0m03:24:19  2 of 4 PASS not_null_avito_ads_avito_id ........................................ [[32mPASS[0m in 0.05s]
[2026-07-28T03:24:19.415+0000] {subprocess.py:106} INFO - [0m03:24:19
[2026-07-28T03:24:19.415+0000] {subprocess.py:106} INFO - [0m03:24:19  Finished running 4 data tests in 0 hours 0 minutes and 0.11 seconds (0.11s).
[2026-07-28T03:24:19.442+0000] {subprocess.py:106} INFO - [0m03:24:19
[2026-07-28T03:24:19.442+0000] {subprocess.py:106} INFO - [0m03:24:19  [32mCompleted successfully[0m
[2026-07-28T03:24:19.442+0000] {subprocess.py:106} INFO - [0m03:24:19
[2026-07-28T03:24:19.442+0000] {subprocess.py:106} INFO - [0m03:24:19  Done. PASS=4 WARN=0 ERROR=0 SKIP=0 NO-OP=0 TOTAL=4
[2026-07-28T03:24:20.108+0000] {subprocess.py:110} INFO - Command exited with return code 0
[2026-07-28T03:24:20.125+0000] {taskinstance.py:341} INFO - ::group::Post task execution logs
[2026-07-28T03:24:20.126+0000] {taskinstance.py:353} INFO - Marking task as SUCCESS. dag_id=avito_to_raw_midraw, task_id=dbt_build_midraw, run_id=scheduled__2026-07-28T02:00:00+00:00, execution_date=20260728T020000, start_date=20260728T032415, end_date=20260728T032420
[2026-07-28T03:24:20.147+0000] {local_task_job_runner.py:266} INFO - Task exited with return code 0
[2026-07-28T03:24:20.160+0000] {taskinstance.py:3901} INFO - 0 downstream tasks scheduled from follow-on schedule check
[2026-07-28T03:24:20.161+0000] {local_task_job_runner.py:245} INFO - ::endgroup::
