[2026-07-21T20:06:09.572+0000] {local_task_job_runner.py:123} INFO - ::group::Pre task execution logs
[2026-07-21T20:06:09.584+0000] {taskinstance.py:2614} INFO - Dependencies all met for dep_context=non-requeueable deps ti=<TaskInstance: avito_to_raw_midraw.dbt_build_midraw scheduled__2026-07-21T19:00:00+00:00 [queued]>
[2026-07-21T20:06:09.588+0000] {taskinstance.py:2614} INFO - Dependencies all met for dep_context=requeueable deps ti=<TaskInstance: avito_to_raw_midraw.dbt_build_midraw scheduled__2026-07-21T19:00:00+00:00 [queued]>
[2026-07-21T20:06:09.588+0000] {taskinstance.py:2867} INFO - Starting attempt 1 of 2
[2026-07-21T20:06:09.593+0000] {taskinstance.py:2890} INFO - Executing <Task(BashOperator): dbt_build_midraw> on 2026-07-21 19:00:00+00:00
[2026-07-21T20:06:09.596+0000] {standard_task_runner.py:72} INFO - Started process 122 to run task
[2026-07-21T20:06:09.598+0000] {standard_task_runner.py:104} INFO - Running: ['***', 'tasks', 'run', 'avito_to_raw_midraw', 'dbt_build_midraw', 'scheduled__2026-07-21T19:00:00+00:00', '--job-id', '134', '--raw', '--subdir', 'DAGS_FOLDER/avito_to_raw_midraw.py', '--cfg-path', '/tmp/tmpkb54mww6']
[2026-07-21T20:06:09.600+0000] {standard_task_runner.py:105} INFO - Job 134: Subtask dbt_build_midraw
[2026-07-21T20:06:09.626+0000] {task_command.py:467} INFO - Running <TaskInstance: avito_to_raw_midraw.dbt_build_midraw scheduled__2026-07-21T19:00:00+00:00 [running]> on host 4c6dd7d943f5
[2026-07-21T20:06:09.787+0000] {taskinstance.py:3134} INFO - Exporting env vars: AIRFLOW_CTX_DAG_OWNER='data-eng' AIRFLOW_CTX_DAG_ID='avito_to_raw_midraw' AIRFLOW_CTX_TASK_ID='dbt_build_midraw' AIRFLOW_CTX_EXECUTION_DATE='2026-07-21T19:00:00+00:00' AIRFLOW_CTX_TRY_NUMBER='1' AIRFLOW_CTX_DAG_RUN_ID='scheduled__2026-07-21T19:00:00+00:00'
[2026-07-21T20:06:09.788+0000] {taskinstance.py:732} INFO - ::endgroup::
[2026-07-21T20:06:09.793+0000] {subprocess.py:78} INFO - Tmp dir root location: /tmp
[2026-07-21T20:06:09.794+0000] {subprocess.py:88} INFO - Running command: ['/usr/bin/bash', '-c', 'cd /opt/***/dbt && dbt run --profiles-dir . --select avito_ads && dbt test --profiles-dir . --select avito_ads']
[2026-07-21T20:06:09.799+0000] {subprocess.py:99} INFO - Output:
[2026-07-21T20:06:10.894+0000] {subprocess.py:106} INFO - [0m20:06:10  Running with dbt=1.11.12
[2026-07-21T20:06:11.018+0000] {subprocess.py:106} INFO - [0m20:06:11  Registered adapter: postgres=1.9.0
[2026-07-21T20:06:11.232+0000] {subprocess.py:106} INFO - [0m20:06:11  Found 1 model, 4 data tests, 3 sources, 475 macros
[2026-07-21T20:06:11.233+0000] {subprocess.py:106} INFO - [0m20:06:11
[2026-07-21T20:06:11.234+0000] {subprocess.py:106} INFO - [0m20:06:11  Concurrency: 4 threads (target='dev')
[2026-07-21T20:06:11.234+0000] {subprocess.py:106} INFO - [0m20:06:11
[2026-07-21T20:06:11.293+0000] {subprocess.py:106} INFO - [0m20:06:11  1 of 1 START sql table model midraw.avito_ads .................................. [RUN]
[2026-07-21T20:06:11.359+0000] {subprocess.py:106} INFO - [0m20:06:11  1 of 1 OK created sql table model midraw.avito_ads ............................. [[32mSELECT 1781[0m in 0.06s]
[2026-07-21T20:06:11.366+0000] {subprocess.py:106} INFO - [0m20:06:11
[2026-07-21T20:06:11.367+0000] {subprocess.py:106} INFO - [0m20:06:11  Finished running 1 table model in 0 hours 0 minutes and 0.13 seconds (0.13s).
[2026-07-21T20:06:11.389+0000] {subprocess.py:106} INFO - [0m20:06:11
[2026-07-21T20:06:11.389+0000] {subprocess.py:106} INFO - [0m20:06:11  [32mCompleted successfully[0m
[2026-07-21T20:06:11.389+0000] {subprocess.py:106} INFO - [0m20:06:11
[2026-07-21T20:06:11.390+0000] {subprocess.py:106} INFO - [0m20:06:11  Done. PASS=1 WARN=0 ERROR=0 SKIP=0 NO-OP=0 TOTAL=1
[2026-07-21T20:06:13.763+0000] {subprocess.py:106} INFO - [0m20:06:13  Running with dbt=1.11.12
[2026-07-21T20:06:13.885+0000] {subprocess.py:106} INFO - [0m20:06:13  Registered adapter: postgres=1.9.0
[2026-07-21T20:06:14.111+0000] {subprocess.py:106} INFO - [0m20:06:14  Found 1 model, 4 data tests, 3 sources, 475 macros
[2026-07-21T20:06:14.112+0000] {subprocess.py:106} INFO - [0m20:06:14
[2026-07-21T20:06:14.112+0000] {subprocess.py:106} INFO - [0m20:06:14  Concurrency: 4 threads (target='dev')
[2026-07-21T20:06:14.113+0000] {subprocess.py:106} INFO - [0m20:06:14
[2026-07-21T20:06:14.167+0000] {subprocess.py:106} INFO - [0m20:06:14  1 of 4 START test accepted_values_avito_ads_source_system__avito__synthetic_avito  [RUN]
[2026-07-21T20:06:14.168+0000] {subprocess.py:106} INFO - [0m20:06:14  2 of 4 START test not_null_avito_ads_avito_id .................................. [RUN]
[2026-07-21T20:06:14.168+0000] {subprocess.py:106} INFO - [0m20:06:14  3 of 4 START test not_null_avito_ads_title ..................................... [RUN]
[2026-07-21T20:06:14.169+0000] {subprocess.py:106} INFO - [0m20:06:14  4 of 4 START test not_null_avito_ads_url ....................................... [RUN]
[2026-07-21T20:06:14.235+0000] {subprocess.py:106} INFO - [0m20:06:14  1 of 4 PASS accepted_values_avito_ads_source_system__avito__synthetic_avito .... [[32mPASS[0m in 0.07s]
[2026-07-21T20:06:14.236+0000] {subprocess.py:106} INFO - [0m20:06:14  2 of 4 PASS not_null_avito_ads_avito_id ........................................ [[32mPASS[0m in 0.07s]
[2026-07-21T20:06:14.236+0000] {subprocess.py:106} INFO - [0m20:06:14  3 of 4 PASS not_null_avito_ads_title ........................................... [[32mPASS[0m in 0.07s]
[2026-07-21T20:06:14.237+0000] {subprocess.py:106} INFO - [0m20:06:14  4 of 4 PASS not_null_avito_ads_url ............................................. [[32mPASS[0m in 0.07s]
[2026-07-21T20:06:14.249+0000] {subprocess.py:106} INFO - [0m20:06:14
[2026-07-21T20:06:14.250+0000] {subprocess.py:106} INFO - [0m20:06:14  Finished running 4 data tests in 0 hours 0 minutes and 0.14 seconds (0.14s).
[2026-07-21T20:06:14.275+0000] {subprocess.py:106} INFO - [0m20:06:14
[2026-07-21T20:06:14.275+0000] {subprocess.py:106} INFO - [0m20:06:14  [32mCompleted successfully[0m
[2026-07-21T20:06:14.275+0000] {subprocess.py:106} INFO - [0m20:06:14
[2026-07-21T20:06:14.276+0000] {subprocess.py:106} INFO - [0m20:06:14  Done. PASS=4 WARN=0 ERROR=0 SKIP=0 NO-OP=0 TOTAL=4
[2026-07-21T20:06:15.177+0000] {subprocess.py:110} INFO - Command exited with return code 0
[2026-07-21T20:06:15.225+0000] {taskinstance.py:341} INFO - ::group::Post task execution logs
[2026-07-21T20:06:15.226+0000] {taskinstance.py:353} INFO - Marking task as SUCCESS. dag_id=avito_to_raw_midraw, task_id=dbt_build_midraw, run_id=scheduled__2026-07-21T19:00:00+00:00, execution_date=20260721T190000, start_date=20260721T200609, end_date=20260721T200615
[2026-07-21T20:06:15.284+0000] {local_task_job_runner.py:266} INFO - Task exited with return code 0
[2026-07-21T20:06:15.303+0000] {taskinstance.py:3901} INFO - 0 downstream tasks scheduled from follow-on schedule check
[2026-07-21T20:06:15.305+0000] {local_task_job_runner.py:245} INFO - ::endgroup::
