[2026-07-11T19:00:07.605+0000] {local_task_job_runner.py:123} INFO - ::group::Pre task execution logs
[2026-07-11T19:00:07.619+0000] {taskinstance.py:2614} INFO - Dependencies all met for dep_context=non-requeueable deps ti=<TaskInstance: avito_to_raw_midraw.dbt_build_midraw scheduled__2026-07-11T18:00:00+00:00 [queued]>
[2026-07-11T19:00:07.625+0000] {taskinstance.py:2614} INFO - Dependencies all met for dep_context=requeueable deps ti=<TaskInstance: avito_to_raw_midraw.dbt_build_midraw scheduled__2026-07-11T18:00:00+00:00 [queued]>
[2026-07-11T19:00:07.626+0000] {taskinstance.py:2867} INFO - Starting attempt 1 of 2
[2026-07-11T19:00:07.630+0000] {taskinstance.py:2890} INFO - Executing <Task(BashOperator): dbt_build_midraw> on 2026-07-11 18:00:00+00:00
[2026-07-11T19:00:07.633+0000] {standard_task_runner.py:72} INFO - Started process 234 to run task
[2026-07-11T19:00:07.635+0000] {standard_task_runner.py:104} INFO - Running: ['***', 'tasks', 'run', 'avito_to_raw_midraw', 'dbt_build_midraw', 'scheduled__2026-07-11T18:00:00+00:00', '--job-id', '37', '--raw', '--subdir', 'DAGS_FOLDER/avito_to_raw_midraw.py', '--cfg-path', '/tmp/tmp20b8ha2a']
[2026-07-11T19:00:07.637+0000] {standard_task_runner.py:105} INFO - Job 37: Subtask dbt_build_midraw
[2026-07-11T19:00:07.663+0000] {task_command.py:467} INFO - Running <TaskInstance: avito_to_raw_midraw.dbt_build_midraw scheduled__2026-07-11T18:00:00+00:00 [running]> on host 5f8cb7b7a9c9
[2026-07-11T19:00:07.803+0000] {taskinstance.py:3134} INFO - Exporting env vars: AIRFLOW_CTX_DAG_OWNER='data-eng' AIRFLOW_CTX_DAG_ID='avito_to_raw_midraw' AIRFLOW_CTX_TASK_ID='dbt_build_midraw' AIRFLOW_CTX_EXECUTION_DATE='2026-07-11T18:00:00+00:00' AIRFLOW_CTX_TRY_NUMBER='1' AIRFLOW_CTX_DAG_RUN_ID='scheduled__2026-07-11T18:00:00+00:00'
[2026-07-11T19:00:07.804+0000] {taskinstance.py:732} INFO - ::endgroup::
[2026-07-11T19:00:07.809+0000] {subprocess.py:78} INFO - Tmp dir root location: /tmp
[2026-07-11T19:00:07.810+0000] {subprocess.py:88} INFO - Running command: ['/usr/bin/bash', '-c', 'cd /opt/***/dbt && dbt run --profiles-dir . --select avito_ads && dbt test --profiles-dir . --select avito_ads']
[2026-07-11T19:00:07.814+0000] {subprocess.py:99} INFO - Output:
[2026-07-11T19:00:08.773+0000] {subprocess.py:106} INFO - [0m19:00:08  Running with dbt=1.11.12
[2026-07-11T19:00:08.868+0000] {subprocess.py:106} INFO - [0m19:00:08  Registered adapter: postgres=1.9.0
[2026-07-11T19:00:09.066+0000] {subprocess.py:106} INFO - [0m19:00:09  Found 1 model, 6 data tests, 1 source, 475 macros
[2026-07-11T19:00:09.067+0000] {subprocess.py:106} INFO - [0m19:00:09
[2026-07-11T19:00:09.068+0000] {subprocess.py:106} INFO - [0m19:00:09  Concurrency: 4 threads (target='dev')
[2026-07-11T19:00:09.068+0000] {subprocess.py:106} INFO - [0m19:00:09
[2026-07-11T19:00:09.119+0000] {subprocess.py:106} INFO - [0m19:00:09  1 of 1 START sql table model midraw.avito_ads .................................. [RUN]
[2026-07-11T19:00:09.335+0000] {subprocess.py:106} INFO - [0m19:00:09  1 of 1 OK created sql table model midraw.avito_ads ............................. [[32mSELECT 2018[0m in 0.21s]
[2026-07-11T19:00:09.344+0000] {subprocess.py:106} INFO - [0m19:00:09
[2026-07-11T19:00:09.344+0000] {subprocess.py:106} INFO - [0m19:00:09  Finished running 1 table model in 0 hours 0 minutes and 0.28 seconds (0.28s).
[2026-07-11T19:00:09.367+0000] {subprocess.py:106} INFO - [0m19:00:09
[2026-07-11T19:00:09.368+0000] {subprocess.py:106} INFO - [0m19:00:09  [32mCompleted successfully[0m
[2026-07-11T19:00:09.368+0000] {subprocess.py:106} INFO - [0m19:00:09
[2026-07-11T19:00:09.368+0000] {subprocess.py:106} INFO - [0m19:00:09  Done. PASS=1 WARN=0 ERROR=0 SKIP=0 NO-OP=0 TOTAL=1
[2026-07-11T19:00:11.162+0000] {subprocess.py:106} INFO - [0m19:00:11  Running with dbt=1.11.12
[2026-07-11T19:00:11.250+0000] {subprocess.py:106} INFO - [0m19:00:11  Registered adapter: postgres=1.9.0
[2026-07-11T19:00:11.450+0000] {subprocess.py:106} INFO - [0m19:00:11  Found 1 model, 6 data tests, 1 source, 475 macros
[2026-07-11T19:00:11.452+0000] {subprocess.py:106} INFO - [0m19:00:11
[2026-07-11T19:00:11.452+0000] {subprocess.py:106} INFO - [0m19:00:11  Concurrency: 4 threads (target='dev')
[2026-07-11T19:00:11.452+0000] {subprocess.py:106} INFO - [0m19:00:11
[2026-07-11T19:00:11.492+0000] {subprocess.py:106} INFO - [0m19:00:11  1 of 6 START test accepted_values_avito_ads_source_system__avito__synthetic_avito  [RUN]
[2026-07-11T19:00:11.492+0000] {subprocess.py:106} INFO - [0m19:00:11  2 of 6 START test not_null_avito_ads_avito_id .................................. [RUN]
[2026-07-11T19:00:11.492+0000] {subprocess.py:106} INFO - [0m19:00:11  3 of 6 START test not_null_avito_ads_row_number ................................ [RUN]
[2026-07-11T19:00:11.493+0000] {subprocess.py:106} INFO - [0m19:00:11  4 of 6 START test not_null_avito_ads_run_id .................................... [RUN]
[2026-07-11T19:00:11.538+0000] {subprocess.py:106} INFO - [0m19:00:11  2 of 6 PASS not_null_avito_ads_avito_id ........................................ [[32mPASS[0m in 0.04s]
[2026-07-11T19:00:11.540+0000] {subprocess.py:106} INFO - [0m19:00:11  3 of 6 PASS not_null_avito_ads_row_number ...................................... [[32mPASS[0m in 0.05s]
[2026-07-11T19:00:11.540+0000] {subprocess.py:106} INFO - [0m19:00:11  4 of 6 PASS not_null_avito_ads_run_id .......................................... [[32mPASS[0m in 0.05s]
[2026-07-11T19:00:11.542+0000] {subprocess.py:106} INFO - [0m19:00:11  5 of 6 START test not_null_avito_ads_title ..................................... [RUN]
[2026-07-11T19:00:11.542+0000] {subprocess.py:106} INFO - [0m19:00:11  1 of 6 PASS accepted_values_avito_ads_source_system__avito__synthetic_avito .... [[32mPASS[0m in 0.05s]
[2026-07-11T19:00:11.543+0000] {subprocess.py:106} INFO - [0m19:00:11  6 of 6 START test not_null_avito_ads_url ....................................... [RUN]
[2026-07-11T19:00:11.559+0000] {subprocess.py:106} INFO - [0m19:00:11  6 of 6 PASS not_null_avito_ads_url ............................................. [[32mPASS[0m in 0.02s]
[2026-07-11T19:00:11.560+0000] {subprocess.py:106} INFO - [0m19:00:11  5 of 6 PASS not_null_avito_ads_title ........................................... [[32mPASS[0m in 0.02s]
[2026-07-11T19:00:11.568+0000] {subprocess.py:106} INFO - [0m19:00:11
[2026-07-11T19:00:11.568+0000] {subprocess.py:106} INFO - [0m19:00:11  Finished running 6 data tests in 0 hours 0 minutes and 0.12 seconds (0.12s).
[2026-07-11T19:00:11.590+0000] {subprocess.py:106} INFO - [0m19:00:11
[2026-07-11T19:00:11.590+0000] {subprocess.py:106} INFO - [0m19:00:11  [32mCompleted successfully[0m
[2026-07-11T19:00:11.591+0000] {subprocess.py:106} INFO - [0m19:00:11
[2026-07-11T19:00:11.591+0000] {subprocess.py:106} INFO - [0m19:00:11  Done. PASS=6 WARN=0 ERROR=0 SKIP=0 NO-OP=0 TOTAL=6
[2026-07-11T19:00:12.440+0000] {subprocess.py:110} INFO - Command exited with return code 0
[2026-07-11T19:00:12.454+0000] {taskinstance.py:341} INFO - ::group::Post task execution logs
[2026-07-11T19:00:12.455+0000] {taskinstance.py:353} INFO - Marking task as SUCCESS. dag_id=avito_to_raw_midraw, task_id=dbt_build_midraw, run_id=scheduled__2026-07-11T18:00:00+00:00, execution_date=20260711T180000, start_date=20260711T190007, end_date=20260711T190012
[2026-07-11T19:00:12.491+0000] {local_task_job_runner.py:266} INFO - Task exited with return code 0
[2026-07-11T19:00:12.501+0000] {taskinstance.py:3901} INFO - 0 downstream tasks scheduled from follow-on schedule check
[2026-07-11T19:00:12.502+0000] {local_task_job_runner.py:245} INFO - ::endgroup::
