[2026-07-27T01:22:20.591+0000] {local_task_job_runner.py:123} INFO - ::group::Pre task execution logs
[2026-07-27T01:22:20.599+0000] {taskinstance.py:2614} INFO - Dependencies all met for dep_context=non-requeueable deps ti=<TaskInstance: avito_to_raw_midraw.dbt_build_midraw scheduled__2026-07-27T00:00:00+00:00 [queued]>
[2026-07-27T01:22:20.602+0000] {taskinstance.py:2614} INFO - Dependencies all met for dep_context=requeueable deps ti=<TaskInstance: avito_to_raw_midraw.dbt_build_midraw scheduled__2026-07-27T00:00:00+00:00 [queued]>
[2026-07-27T01:22:20.603+0000] {taskinstance.py:2867} INFO - Starting attempt 1 of 2
[2026-07-27T01:22:20.607+0000] {taskinstance.py:2890} INFO - Executing <Task(BashOperator): dbt_build_midraw> on 2026-07-27 00:00:00+00:00
[2026-07-27T01:22:20.609+0000] {standard_task_runner.py:72} INFO - Started process 3761 to run task
[2026-07-27T01:22:20.611+0000] {standard_task_runner.py:104} INFO - Running: ['***', 'tasks', 'run', 'avito_to_raw_midraw', 'dbt_build_midraw', 'scheduled__2026-07-27T00:00:00+00:00', '--job-id', '384', '--raw', '--subdir', 'DAGS_FOLDER/avito_to_raw_midraw.py', '--cfg-path', '/tmp/tmp4v0ff5x_']
[2026-07-27T01:22:20.613+0000] {standard_task_runner.py:105} INFO - Job 384: Subtask dbt_build_midraw
[2026-07-27T01:22:20.636+0000] {task_command.py:467} INFO - Running <TaskInstance: avito_to_raw_midraw.dbt_build_midraw scheduled__2026-07-27T00:00:00+00:00 [running]> on host 4c6dd7d943f5
[2026-07-27T01:22:20.765+0000] {taskinstance.py:3134} INFO - Exporting env vars: AIRFLOW_CTX_DAG_OWNER='data-eng' AIRFLOW_CTX_DAG_ID='avito_to_raw_midraw' AIRFLOW_CTX_TASK_ID='dbt_build_midraw' AIRFLOW_CTX_EXECUTION_DATE='2026-07-27T00:00:00+00:00' AIRFLOW_CTX_TRY_NUMBER='1' AIRFLOW_CTX_DAG_RUN_ID='scheduled__2026-07-27T00:00:00+00:00'
[2026-07-27T01:22:20.765+0000] {taskinstance.py:732} INFO - ::endgroup::
[2026-07-27T01:22:20.770+0000] {subprocess.py:78} INFO - Tmp dir root location: /tmp
[2026-07-27T01:22:20.771+0000] {subprocess.py:88} INFO - Running command: ['/usr/bin/bash', '-c', 'cd /opt/***/dbt && dbt run --profiles-dir . --select avito_ads && dbt test --profiles-dir . --select avito_ads']
[2026-07-27T01:22:20.774+0000] {subprocess.py:99} INFO - Output:
[2026-07-27T01:22:21.683+0000] {subprocess.py:106} INFO - [0m01:22:21  Running with dbt=1.11.12
[2026-07-27T01:22:21.782+0000] {subprocess.py:106} INFO - [0m01:22:21  Registered adapter: postgres=1.9.0
[2026-07-27T01:22:21.995+0000] {subprocess.py:106} INFO - [0m01:22:21  Found 1 model, 4 data tests, 3 sources, 475 macros
[2026-07-27T01:22:21.997+0000] {subprocess.py:106} INFO - [0m01:22:21
[2026-07-27T01:22:21.997+0000] {subprocess.py:106} INFO - [0m01:22:21  Concurrency: 4 threads (target='dev')
[2026-07-27T01:22:21.997+0000] {subprocess.py:106} INFO - [0m01:22:21
[2026-07-27T01:22:22.047+0000] {subprocess.py:106} INFO - [0m01:22:22  1 of 1 START sql table model midraw.avito_ads .................................. [RUN]
[2026-07-27T01:22:22.113+0000] {subprocess.py:106} INFO - [0m01:22:22  1 of 1 OK created sql table model midraw.avito_ads ............................. [[32mSELECT 827[0m in 0.06s]
[2026-07-27T01:22:22.120+0000] {subprocess.py:106} INFO - [0m01:22:22
[2026-07-27T01:22:22.121+0000] {subprocess.py:106} INFO - [0m01:22:22  Finished running 1 table model in 0 hours 0 minutes and 0.12 seconds (0.12s).
[2026-07-27T01:22:22.146+0000] {subprocess.py:106} INFO - [0m01:22:22
[2026-07-27T01:22:22.147+0000] {subprocess.py:106} INFO - [0m01:22:22  [32mCompleted successfully[0m
[2026-07-27T01:22:22.147+0000] {subprocess.py:106} INFO - [0m01:22:22
[2026-07-27T01:22:22.147+0000] {subprocess.py:106} INFO - [0m01:22:22  Done. PASS=1 WARN=0 ERROR=0 SKIP=0 NO-OP=0 TOTAL=1
[2026-07-27T01:22:28.384+0000] {subprocess.py:106} INFO - [0m01:22:28  Running with dbt=1.11.12
[2026-07-27T01:22:28.489+0000] {subprocess.py:106} INFO - [0m01:22:28  Registered adapter: postgres=1.9.0
[2026-07-27T01:22:28.702+0000] {subprocess.py:106} INFO - [0m01:22:28  Found 1 model, 4 data tests, 3 sources, 475 macros
[2026-07-27T01:22:28.704+0000] {subprocess.py:106} INFO - [0m01:22:28
[2026-07-27T01:22:28.704+0000] {subprocess.py:106} INFO - [0m01:22:28  Concurrency: 4 threads (target='dev')
[2026-07-27T01:22:28.704+0000] {subprocess.py:106} INFO - [0m01:22:28
[2026-07-27T01:22:28.746+0000] {subprocess.py:106} INFO - [0m01:22:28  1 of 4 START test accepted_values_avito_ads_source_system__avito__synthetic_avito  [RUN]
[2026-07-27T01:22:28.747+0000] {subprocess.py:106} INFO - [0m01:22:28  2 of 4 START test not_null_avito_ads_avito_id .................................. [RUN]
[2026-07-27T01:22:28.747+0000] {subprocess.py:106} INFO - [0m01:22:28  3 of 4 START test not_null_avito_ads_title ..................................... [RUN]
[2026-07-27T01:22:28.747+0000] {subprocess.py:106} INFO - [0m01:22:28  4 of 4 START test not_null_avito_ads_url ....................................... [RUN]
[2026-07-27T01:22:28.800+0000] {subprocess.py:106} INFO - [0m01:22:28  2 of 4 PASS not_null_avito_ads_avito_id ........................................ [[32mPASS[0m in 0.05s]
[2026-07-27T01:22:28.800+0000] {subprocess.py:106} INFO - [0m01:22:28  1 of 4 PASS accepted_values_avito_ads_source_system__avito__synthetic_avito .... [[32mPASS[0m in 0.05s]
[2026-07-27T01:22:28.801+0000] {subprocess.py:106} INFO - [0m01:22:28  4 of 4 PASS not_null_avito_ads_url ............................................. [[32mPASS[0m in 0.05s]
[2026-07-27T01:22:28.801+0000] {subprocess.py:106} INFO - [0m01:22:28  3 of 4 PASS not_null_avito_ads_title ........................................... [[32mPASS[0m in 0.05s]
[2026-07-27T01:22:28.811+0000] {subprocess.py:106} INFO - [0m01:22:28
[2026-07-27T01:22:28.812+0000] {subprocess.py:106} INFO - [0m01:22:28  Finished running 4 data tests in 0 hours 0 minutes and 0.11 seconds (0.11s).
[2026-07-27T01:22:28.837+0000] {subprocess.py:106} INFO - [0m01:22:28
[2026-07-27T01:22:28.837+0000] {subprocess.py:106} INFO - [0m01:22:28  [32mCompleted successfully[0m
[2026-07-27T01:22:28.838+0000] {subprocess.py:106} INFO - [0m01:22:28
[2026-07-27T01:22:28.838+0000] {subprocess.py:106} INFO - [0m01:22:28  Done. PASS=4 WARN=0 ERROR=0 SKIP=0 NO-OP=0 TOTAL=4
[2026-07-27T01:22:34.062+0000] {subprocess.py:110} INFO - Command exited with return code 0
[2026-07-27T01:22:34.076+0000] {taskinstance.py:341} INFO - ::group::Post task execution logs
[2026-07-27T01:22:34.076+0000] {taskinstance.py:353} INFO - Marking task as SUCCESS. dag_id=avito_to_raw_midraw, task_id=dbt_build_midraw, run_id=scheduled__2026-07-27T00:00:00+00:00, execution_date=20260727T000000, start_date=20260727T012220, end_date=20260727T012234
[2026-07-27T01:22:34.137+0000] {local_task_job_runner.py:266} INFO - Task exited with return code 0
[2026-07-27T01:22:34.144+0000] {taskinstance.py:3901} INFO - 0 downstream tasks scheduled from follow-on schedule check
[2026-07-27T01:22:34.145+0000] {local_task_job_runner.py:245} INFO - ::endgroup::
