[2026-07-28T12:14:26.836+0000] {local_task_job_runner.py:123} INFO - ::group::Pre task execution logs
[2026-07-28T12:14:26.847+0000] {taskinstance.py:2614} INFO - Dependencies all met for dep_context=non-requeueable deps ti=<TaskInstance: avito_to_raw_midraw.dbt_build_midraw scheduled__2026-07-28T11:00:00+00:00 [queued]>
[2026-07-28T12:14:26.851+0000] {taskinstance.py:2614} INFO - Dependencies all met for dep_context=requeueable deps ti=<TaskInstance: avito_to_raw_midraw.dbt_build_midraw scheduled__2026-07-28T11:00:00+00:00 [queued]>
[2026-07-28T12:14:26.851+0000] {taskinstance.py:2867} INFO - Starting attempt 1 of 2
[2026-07-28T12:14:26.856+0000] {taskinstance.py:2890} INFO - Executing <Task(BashOperator): dbt_build_midraw> on 2026-07-28 11:00:00+00:00
[2026-07-28T12:14:26.858+0000] {standard_task_runner.py:72} INFO - Started process 4776 to run task
[2026-07-28T12:14:26.860+0000] {standard_task_runner.py:104} INFO - Running: ['***', 'tasks', 'run', 'avito_to_raw_midraw', 'dbt_build_midraw', 'scheduled__2026-07-28T11:00:00+00:00', '--job-id', '454', '--raw', '--subdir', 'DAGS_FOLDER/avito_to_raw_midraw.py', '--cfg-path', '/tmp/tmp49fosywe']
[2026-07-28T12:14:26.861+0000] {standard_task_runner.py:105} INFO - Job 454: Subtask dbt_build_midraw
[2026-07-28T12:14:26.886+0000] {task_command.py:467} INFO - Running <TaskInstance: avito_to_raw_midraw.dbt_build_midraw scheduled__2026-07-28T11:00:00+00:00 [running]> on host 4c6dd7d943f5
[2026-07-28T12:14:27.020+0000] {taskinstance.py:3134} INFO - Exporting env vars: AIRFLOW_CTX_DAG_OWNER='data-eng' AIRFLOW_CTX_DAG_ID='avito_to_raw_midraw' AIRFLOW_CTX_TASK_ID='dbt_build_midraw' AIRFLOW_CTX_EXECUTION_DATE='2026-07-28T11:00:00+00:00' AIRFLOW_CTX_TRY_NUMBER='1' AIRFLOW_CTX_DAG_RUN_ID='scheduled__2026-07-28T11:00:00+00:00'
[2026-07-28T12:14:27.020+0000] {taskinstance.py:732} INFO - ::endgroup::
[2026-07-28T12:14:27.025+0000] {subprocess.py:78} INFO - Tmp dir root location: /tmp
[2026-07-28T12:14:27.025+0000] {subprocess.py:88} INFO - Running command: ['/usr/bin/bash', '-c', 'cd /opt/***/dbt && dbt run --profiles-dir . --select avito_ads && dbt test --profiles-dir . --select avito_ads']
[2026-07-28T12:14:27.031+0000] {subprocess.py:99} INFO - Output:
[2026-07-28T12:14:28.082+0000] {subprocess.py:106} INFO - [0m12:14:28  Running with dbt=1.11.12
[2026-07-28T12:14:28.197+0000] {subprocess.py:106} INFO - [0m12:14:28  Registered adapter: postgres=1.9.0
[2026-07-28T12:14:28.423+0000] {subprocess.py:106} INFO - [0m12:14:28  Found 1 model, 4 data tests, 3 sources, 475 macros
[2026-07-28T12:14:28.424+0000] {subprocess.py:106} INFO - [0m12:14:28
[2026-07-28T12:14:28.425+0000] {subprocess.py:106} INFO - [0m12:14:28  Concurrency: 4 threads (target='dev')
[2026-07-28T12:14:28.425+0000] {subprocess.py:106} INFO - [0m12:14:28
[2026-07-28T12:14:28.482+0000] {subprocess.py:106} INFO - [0m12:14:28  1 of 1 START sql table model midraw.avito_ads .................................. [RUN]
[2026-07-28T12:14:28.552+0000] {subprocess.py:106} INFO - [0m12:14:28  1 of 1 OK created sql table model midraw.avito_ads ............................. [[32mSELECT 1082[0m in 0.07s]
[2026-07-28T12:14:28.559+0000] {subprocess.py:106} INFO - [0m12:14:28
[2026-07-28T12:14:28.559+0000] {subprocess.py:106} INFO - [0m12:14:28  Finished running 1 table model in 0 hours 0 minutes and 0.13 seconds (0.13s).
[2026-07-28T12:14:28.586+0000] {subprocess.py:106} INFO - [0m12:14:28
[2026-07-28T12:14:28.586+0000] {subprocess.py:106} INFO - [0m12:14:28  [32mCompleted successfully[0m
[2026-07-28T12:14:28.586+0000] {subprocess.py:106} INFO - [0m12:14:28
[2026-07-28T12:14:28.586+0000] {subprocess.py:106} INFO - [0m12:14:28  Done. PASS=1 WARN=0 ERROR=0 SKIP=0 NO-OP=0 TOTAL=1
[2026-07-28T12:14:30.353+0000] {subprocess.py:106} INFO - [0m12:14:30  Running with dbt=1.11.12
[2026-07-28T12:14:30.453+0000] {subprocess.py:106} INFO - [0m12:14:30  Registered adapter: postgres=1.9.0
[2026-07-28T12:14:30.673+0000] {subprocess.py:106} INFO - [0m12:14:30  Found 1 model, 4 data tests, 3 sources, 475 macros
[2026-07-28T12:14:30.674+0000] {subprocess.py:106} INFO - [0m12:14:30
[2026-07-28T12:14:30.674+0000] {subprocess.py:106} INFO - [0m12:14:30  Concurrency: 4 threads (target='dev')
[2026-07-28T12:14:30.675+0000] {subprocess.py:106} INFO - [0m12:14:30
[2026-07-28T12:14:30.721+0000] {subprocess.py:106} INFO - [0m12:14:30  1 of 4 START test accepted_values_avito_ads_source_system__avito__synthetic_avito  [RUN]
[2026-07-28T12:14:30.721+0000] {subprocess.py:106} INFO - [0m12:14:30  2 of 4 START test not_null_avito_ads_avito_id .................................. [RUN]
[2026-07-28T12:14:30.722+0000] {subprocess.py:106} INFO - [0m12:14:30  3 of 4 START test not_null_avito_ads_title ..................................... [RUN]
[2026-07-28T12:14:30.723+0000] {subprocess.py:106} INFO - [0m12:14:30  4 of 4 START test not_null_avito_ads_url ....................................... [RUN]
[2026-07-28T12:14:30.780+0000] {subprocess.py:106} INFO - [0m12:14:30  4 of 4 PASS not_null_avito_ads_url ............................................. [[32mPASS[0m in 0.06s]
[2026-07-28T12:14:30.781+0000] {subprocess.py:106} INFO - [0m12:14:30  3 of 4 PASS not_null_avito_ads_title ........................................... [[32mPASS[0m in 0.06s]
[2026-07-28T12:14:30.781+0000] {subprocess.py:106} INFO - [0m12:14:30  2 of 4 PASS not_null_avito_ads_avito_id ........................................ [[32mPASS[0m in 0.06s]
[2026-07-28T12:14:30.782+0000] {subprocess.py:106} INFO - [0m12:14:30  1 of 4 PASS accepted_values_avito_ads_source_system__avito__synthetic_avito .... [[32mPASS[0m in 0.06s]
[2026-07-28T12:14:30.793+0000] {subprocess.py:106} INFO - [0m12:14:30
[2026-07-28T12:14:30.793+0000] {subprocess.py:106} INFO - [0m12:14:30  Finished running 4 data tests in 0 hours 0 minutes and 0.12 seconds (0.12s).
[2026-07-28T12:14:30.820+0000] {subprocess.py:106} INFO - [0m12:14:30
[2026-07-28T12:14:30.820+0000] {subprocess.py:106} INFO - [0m12:14:30  [32mCompleted successfully[0m
[2026-07-28T12:14:30.820+0000] {subprocess.py:106} INFO - [0m12:14:30
[2026-07-28T12:14:30.821+0000] {subprocess.py:106} INFO - [0m12:14:30  Done. PASS=4 WARN=0 ERROR=0 SKIP=0 NO-OP=0 TOTAL=4
[2026-07-28T12:14:31.737+0000] {subprocess.py:110} INFO - Command exited with return code 0
[2026-07-28T12:14:31.763+0000] {taskinstance.py:341} INFO - ::group::Post task execution logs
[2026-07-28T12:14:31.764+0000] {taskinstance.py:353} INFO - Marking task as SUCCESS. dag_id=avito_to_raw_midraw, task_id=dbt_build_midraw, run_id=scheduled__2026-07-28T11:00:00+00:00, execution_date=20260728T110000, start_date=20260728T121426, end_date=20260728T121431
[2026-07-28T12:14:31.798+0000] {local_task_job_runner.py:266} INFO - Task exited with return code 0
[2026-07-28T12:14:31.811+0000] {taskinstance.py:3901} INFO - 0 downstream tasks scheduled from follow-on schedule check
[2026-07-28T12:14:31.812+0000] {local_task_job_runner.py:245} INFO - ::endgroup::
