[2026-07-12T14:00:15.517+0000] {local_task_job_runner.py:123} INFO - ::group::Pre task execution logs
[2026-07-12T14:00:15.529+0000] {taskinstance.py:2614} INFO - Dependencies all met for dep_context=non-requeueable deps ti=<TaskInstance: avito_to_raw_midraw.dbt_build_midraw scheduled__2026-07-12T13:00:00+00:00 [queued]>
[2026-07-12T14:00:15.532+0000] {taskinstance.py:2614} INFO - Dependencies all met for dep_context=requeueable deps ti=<TaskInstance: avito_to_raw_midraw.dbt_build_midraw scheduled__2026-07-12T13:00:00+00:00 [queued]>
[2026-07-12T14:00:15.532+0000] {taskinstance.py:2867} INFO - Starting attempt 1 of 2
[2026-07-12T14:00:15.536+0000] {taskinstance.py:2890} INFO - Executing <Task(BashOperator): dbt_build_midraw> on 2026-07-12 13:00:00+00:00
[2026-07-12T14:00:15.538+0000] {standard_task_runner.py:72} INFO - Started process 167 to run task
[2026-07-12T14:00:15.540+0000] {standard_task_runner.py:104} INFO - Running: ['***', 'tasks', 'run', 'avito_to_raw_midraw', 'dbt_build_midraw', 'scheduled__2026-07-12T13:00:00+00:00', '--job-id', '96', '--raw', '--subdir', 'DAGS_FOLDER/avito_to_raw_midraw.py', '--cfg-path', '/tmp/tmpdtz08mqi']
[2026-07-12T14:00:15.542+0000] {standard_task_runner.py:105} INFO - Job 96: Subtask dbt_build_midraw
[2026-07-12T14:00:15.567+0000] {task_command.py:467} INFO - Running <TaskInstance: avito_to_raw_midraw.dbt_build_midraw scheduled__2026-07-12T13:00:00+00:00 [running]> on host 4c6dd7d943f5
[2026-07-12T14:00:15.716+0000] {taskinstance.py:3134} INFO - Exporting env vars: AIRFLOW_CTX_DAG_OWNER='data-eng' AIRFLOW_CTX_DAG_ID='avito_to_raw_midraw' AIRFLOW_CTX_TASK_ID='dbt_build_midraw' AIRFLOW_CTX_EXECUTION_DATE='2026-07-12T13:00:00+00:00' AIRFLOW_CTX_TRY_NUMBER='1' AIRFLOW_CTX_DAG_RUN_ID='scheduled__2026-07-12T13:00:00+00:00'
[2026-07-12T14:00:15.717+0000] {taskinstance.py:732} INFO - ::endgroup::
[2026-07-12T14:00:15.722+0000] {subprocess.py:78} INFO - Tmp dir root location: /tmp
[2026-07-12T14:00:15.722+0000] {subprocess.py:88} INFO - Running command: ['/usr/bin/bash', '-c', 'cd /opt/***/dbt && dbt run --profiles-dir . --select avito_ads && dbt test --profiles-dir . --select avito_ads']
[2026-07-12T14:00:15.727+0000] {subprocess.py:99} INFO - Output:
[2026-07-12T14:00:16.694+0000] {subprocess.py:106} INFO - [0m14:00:16  Running with dbt=1.11.12
[2026-07-12T14:00:16.796+0000] {subprocess.py:106} INFO - [0m14:00:16  Registered adapter: postgres=1.9.0
[2026-07-12T14:00:17.003+0000] {subprocess.py:106} INFO - [0m14:00:17  Found 1 model, 6 data tests, 1 source, 475 macros
[2026-07-12T14:00:17.005+0000] {subprocess.py:106} INFO - [0m14:00:17
[2026-07-12T14:00:17.005+0000] {subprocess.py:106} INFO - [0m14:00:17  Concurrency: 4 threads (target='dev')
[2026-07-12T14:00:17.005+0000] {subprocess.py:106} INFO - [0m14:00:17
[2026-07-12T14:00:17.073+0000] {subprocess.py:106} INFO - [0m14:00:17  1 of 1 START sql table model midraw.avito_ads .................................. [RUN]
[2026-07-12T14:00:33.196+0000] {subprocess.py:106} INFO - [0m14:00:33  1 of 1 OK created sql table model midraw.avito_ads ............................. [[32mSELECT 44794[0m in 16.12s]
[2026-07-12T14:00:33.211+0000] {subprocess.py:106} INFO - [0m14:00:33
[2026-07-12T14:00:33.211+0000] {subprocess.py:106} INFO - [0m14:00:33  Finished running 1 table model in 0 hours 0 minutes and 16.21 seconds (16.21s).
[2026-07-12T14:00:33.242+0000] {subprocess.py:106} INFO - [0m14:00:33
[2026-07-12T14:00:33.242+0000] {subprocess.py:106} INFO - [0m14:00:33  [32mCompleted successfully[0m
[2026-07-12T14:00:33.242+0000] {subprocess.py:106} INFO - [0m14:00:33
[2026-07-12T14:00:33.243+0000] {subprocess.py:106} INFO - [0m14:00:33  Done. PASS=1 WARN=0 ERROR=0 SKIP=0 NO-OP=0 TOTAL=1
[2026-07-12T14:00:35.075+0000] {subprocess.py:106} INFO - [0m14:00:35  Running with dbt=1.11.12
[2026-07-12T14:00:35.178+0000] {subprocess.py:106} INFO - [0m14:00:35  Registered adapter: postgres=1.9.0
[2026-07-12T14:00:35.386+0000] {subprocess.py:106} INFO - [0m14:00:35  Found 1 model, 6 data tests, 1 source, 475 macros
[2026-07-12T14:00:35.388+0000] {subprocess.py:106} INFO - [0m14:00:35
[2026-07-12T14:00:35.388+0000] {subprocess.py:106} INFO - [0m14:00:35  Concurrency: 4 threads (target='dev')
[2026-07-12T14:00:35.388+0000] {subprocess.py:106} INFO - [0m14:00:35
[2026-07-12T14:00:35.462+0000] {subprocess.py:106} INFO - [0m14:00:35  1 of 6 START test accepted_values_avito_ads_source_system__avito__synthetic_avito  [RUN]
[2026-07-12T14:00:35.462+0000] {subprocess.py:106} INFO - [0m14:00:35  2 of 6 START test not_null_avito_ads_avito_id .................................. [RUN]
[2026-07-12T14:00:35.462+0000] {subprocess.py:106} INFO - [0m14:00:35  3 of 6 START test not_null_avito_ads_row_number ................................ [RUN]
[2026-07-12T14:00:35.463+0000] {subprocess.py:106} INFO - [0m14:00:35  4 of 6 START test not_null_avito_ads_run_id .................................... [RUN]
[2026-07-12T14:00:35.548+0000] {subprocess.py:106} INFO - [0m14:00:35  3 of 6 PASS not_null_avito_ads_row_number ...................................... [[32mPASS[0m in 0.08s]
[2026-07-12T14:00:35.548+0000] {subprocess.py:106} INFO - [0m14:00:35  1 of 6 PASS accepted_values_avito_ads_source_system__avito__synthetic_avito .... [[32mPASS[0m in 0.09s]
[2026-07-12T14:00:35.549+0000] {subprocess.py:106} INFO - [0m14:00:35  2 of 6 PASS not_null_avito_ads_avito_id ........................................ [[32mPASS[0m in 0.09s]
[2026-07-12T14:00:35.550+0000] {subprocess.py:106} INFO - [0m14:00:35  4 of 6 PASS not_null_avito_ads_run_id .......................................... [[32mPASS[0m in 0.09s]
[2026-07-12T14:00:35.552+0000] {subprocess.py:106} INFO - [0m14:00:35  5 of 6 START test not_null_avito_ads_title ..................................... [RUN]
[2026-07-12T14:00:35.553+0000] {subprocess.py:106} INFO - [0m14:00:35  6 of 6 START test not_null_avito_ads_url ....................................... [RUN]
[2026-07-12T14:00:35.580+0000] {subprocess.py:106} INFO - [0m14:00:35  6 of 6 PASS not_null_avito_ads_url ............................................. [[32mPASS[0m in 0.03s]
[2026-07-12T14:00:35.581+0000] {subprocess.py:106} INFO - [0m14:00:35  5 of 6 PASS not_null_avito_ads_title ........................................... [[32mPASS[0m in 0.03s]
[2026-07-12T14:00:35.589+0000] {subprocess.py:106} INFO - [0m14:00:35
[2026-07-12T14:00:35.589+0000] {subprocess.py:106} INFO - [0m14:00:35  Finished running 6 data tests in 0 hours 0 minutes and 0.20 seconds (0.20s).
[2026-07-12T14:00:35.613+0000] {subprocess.py:106} INFO - [0m14:00:35
[2026-07-12T14:00:35.614+0000] {subprocess.py:106} INFO - [0m14:00:35  [32mCompleted successfully[0m
[2026-07-12T14:00:35.614+0000] {subprocess.py:106} INFO - [0m14:00:35
[2026-07-12T14:00:35.614+0000] {subprocess.py:106} INFO - [0m14:00:35  Done. PASS=6 WARN=0 ERROR=0 SKIP=0 NO-OP=0 TOTAL=6
[2026-07-12T14:00:36.309+0000] {subprocess.py:110} INFO - Command exited with return code 0
[2026-07-12T14:00:36.364+0000] {taskinstance.py:341} INFO - ::group::Post task execution logs
[2026-07-12T14:00:36.365+0000] {taskinstance.py:353} INFO - Marking task as SUCCESS. dag_id=avito_to_raw_midraw, task_id=dbt_build_midraw, run_id=scheduled__2026-07-12T13:00:00+00:00, execution_date=20260712T130000, start_date=20260712T140015, end_date=20260712T140036
[2026-07-12T14:00:36.407+0000] {local_task_job_runner.py:266} INFO - Task exited with return code 0
[2026-07-12T14:00:36.419+0000] {taskinstance.py:3901} INFO - 0 downstream tasks scheduled from follow-on schedule check
[2026-07-12T14:00:36.419+0000] {local_task_job_runner.py:245} INFO - ::endgroup::
