[2026-07-30T09:15:27.360+0000] {local_task_job_runner.py:123} INFO - ::group::Pre task execution logs
[2026-07-30T09:15:27.369+0000] {taskinstance.py:2614} INFO - Dependencies all met for dep_context=non-requeueable deps ti=<TaskInstance: avito_to_raw_midraw.dbt_build_midraw scheduled__2026-07-30T08:00:00+00:00 [queued]>
[2026-07-30T09:15:27.373+0000] {taskinstance.py:2614} INFO - Dependencies all met for dep_context=requeueable deps ti=<TaskInstance: avito_to_raw_midraw.dbt_build_midraw scheduled__2026-07-30T08:00:00+00:00 [queued]>
[2026-07-30T09:15:27.373+0000] {taskinstance.py:2867} INFO - Starting attempt 1 of 2
[2026-07-30T09:15:27.378+0000] {taskinstance.py:2890} INFO - Executing <Task(BashOperator): dbt_build_midraw> on 2026-07-30 08:00:00+00:00
[2026-07-30T09:15:27.380+0000] {standard_task_runner.py:72} INFO - Started process 6100 to run task
[2026-07-30T09:15:27.383+0000] {standard_task_runner.py:104} INFO - Running: ['***', 'tasks', 'run', 'avito_to_raw_midraw', 'dbt_build_midraw', 'scheduled__2026-07-30T08:00:00+00:00', '--job-id', '545', '--raw', '--subdir', 'DAGS_FOLDER/avito_to_raw_midraw.py', '--cfg-path', '/tmp/tmpo2caum91']
[2026-07-30T09:15:27.385+0000] {standard_task_runner.py:105} INFO - Job 545: Subtask dbt_build_midraw
[2026-07-30T09:15:27.410+0000] {task_command.py:467} INFO - Running <TaskInstance: avito_to_raw_midraw.dbt_build_midraw scheduled__2026-07-30T08:00:00+00:00 [running]> on host 4c6dd7d943f5
[2026-07-30T09:15:27.552+0000] {taskinstance.py:3134} INFO - Exporting env vars: AIRFLOW_CTX_DAG_OWNER='data-eng' AIRFLOW_CTX_DAG_ID='avito_to_raw_midraw' AIRFLOW_CTX_TASK_ID='dbt_build_midraw' AIRFLOW_CTX_EXECUTION_DATE='2026-07-30T08:00:00+00:00' AIRFLOW_CTX_TRY_NUMBER='1' AIRFLOW_CTX_DAG_RUN_ID='scheduled__2026-07-30T08:00:00+00:00'
[2026-07-30T09:15:27.552+0000] {taskinstance.py:732} INFO - ::endgroup::
[2026-07-30T09:15:27.557+0000] {subprocess.py:78} INFO - Tmp dir root location: /tmp
[2026-07-30T09:15:27.558+0000] {subprocess.py:88} INFO - Running command: ['/usr/bin/bash', '-c', 'cd /opt/***/dbt && dbt run --profiles-dir . --select avito_ads && dbt test --profiles-dir . --select avito_ads']
[2026-07-30T09:15:27.562+0000] {subprocess.py:99} INFO - Output:
[2026-07-30T09:15:28.553+0000] {subprocess.py:106} INFO - [0m09:15:28  Running with dbt=1.11.12
[2026-07-30T09:15:28.654+0000] {subprocess.py:106} INFO - [0m09:15:28  Registered adapter: postgres=1.9.0
[2026-07-30T09:15:28.870+0000] {subprocess.py:106} INFO - [0m09:15:28  Found 1 model, 4 data tests, 3 sources, 475 macros
[2026-07-30T09:15:28.871+0000] {subprocess.py:106} INFO - [0m09:15:28
[2026-07-30T09:15:28.871+0000] {subprocess.py:106} INFO - [0m09:15:28  Concurrency: 4 threads (target='dev')
[2026-07-30T09:15:28.871+0000] {subprocess.py:106} INFO - [0m09:15:28
[2026-07-30T09:15:28.926+0000] {subprocess.py:106} INFO - [0m09:15:28  1 of 1 START sql table model midraw.avito_ads .................................. [RUN]
[2026-07-30T09:15:29.012+0000] {subprocess.py:106} INFO - [0m09:15:29  1 of 1 OK created sql table model midraw.avito_ads ............................. [[32mSELECT 1436[0m in 0.08s]
[2026-07-30T09:15:29.020+0000] {subprocess.py:106} INFO - [0m09:15:29
[2026-07-30T09:15:29.021+0000] {subprocess.py:106} INFO - [0m09:15:29  Finished running 1 table model in 0 hours 0 minutes and 0.15 seconds (0.15s).
[2026-07-30T09:15:29.047+0000] {subprocess.py:106} INFO - [0m09:15:29
[2026-07-30T09:15:29.047+0000] {subprocess.py:106} INFO - [0m09:15:29  [32mCompleted successfully[0m
[2026-07-30T09:15:29.047+0000] {subprocess.py:106} INFO - [0m09:15:29
[2026-07-30T09:15:29.047+0000] {subprocess.py:106} INFO - [0m09:15:29  Done. PASS=1 WARN=0 ERROR=0 SKIP=0 NO-OP=0 TOTAL=1
[2026-07-30T09:15:30.696+0000] {subprocess.py:106} INFO - [0m09:15:30  Running with dbt=1.11.12
[2026-07-30T09:15:30.804+0000] {subprocess.py:106} INFO - [0m09:15:30  Registered adapter: postgres=1.9.0
[2026-07-30T09:15:31.033+0000] {subprocess.py:106} INFO - [0m09:15:31  Found 1 model, 4 data tests, 3 sources, 475 macros
[2026-07-30T09:15:31.034+0000] {subprocess.py:106} INFO - [0m09:15:31
[2026-07-30T09:15:31.035+0000] {subprocess.py:106} INFO - [0m09:15:31  Concurrency: 4 threads (target='dev')
[2026-07-30T09:15:31.035+0000] {subprocess.py:106} INFO - [0m09:15:31
[2026-07-30T09:15:31.083+0000] {subprocess.py:106} INFO - [0m09:15:31  1 of 4 START test accepted_values_avito_ads_source_system__avito__synthetic_avito  [RUN]
[2026-07-30T09:15:31.083+0000] {subprocess.py:106} INFO - [0m09:15:31  2 of 4 START test not_null_avito_ads_avito_id .................................. [RUN]
[2026-07-30T09:15:31.083+0000] {subprocess.py:106} INFO - [0m09:15:31  3 of 4 START test not_null_avito_ads_title ..................................... [RUN]
[2026-07-30T09:15:31.084+0000] {subprocess.py:106} INFO - [0m09:15:31  4 of 4 START test not_null_avito_ads_url ....................................... [RUN]
[2026-07-30T09:15:31.147+0000] {subprocess.py:106} INFO - [0m09:15:31  1 of 4 PASS accepted_values_avito_ads_source_system__avito__synthetic_avito .... [[32mPASS[0m in 0.06s]
[2026-07-30T09:15:31.148+0000] {subprocess.py:106} INFO - [0m09:15:31  2 of 4 PASS not_null_avito_ads_avito_id ........................................ [[32mPASS[0m in 0.06s]
[2026-07-30T09:15:31.148+0000] {subprocess.py:106} INFO - [0m09:15:31  3 of 4 PASS not_null_avito_ads_title ........................................... [[32mPASS[0m in 0.06s]
[2026-07-30T09:15:31.149+0000] {subprocess.py:106} INFO - [0m09:15:31  4 of 4 PASS not_null_avito_ads_url ............................................. [[32mPASS[0m in 0.06s]
[2026-07-30T09:15:31.158+0000] {subprocess.py:106} INFO - [0m09:15:31
[2026-07-30T09:15:31.158+0000] {subprocess.py:106} INFO - [0m09:15:31  Finished running 4 data tests in 0 hours 0 minutes and 0.12 seconds (0.12s).
[2026-07-30T09:15:31.185+0000] {subprocess.py:106} INFO - [0m09:15:31
[2026-07-30T09:15:31.185+0000] {subprocess.py:106} INFO - [0m09:15:31  [32mCompleted successfully[0m
[2026-07-30T09:15:31.185+0000] {subprocess.py:106} INFO - [0m09:15:31
[2026-07-30T09:15:31.186+0000] {subprocess.py:106} INFO - [0m09:15:31  Done. PASS=4 WARN=0 ERROR=0 SKIP=0 NO-OP=0 TOTAL=4
[2026-07-30T09:15:31.934+0000] {subprocess.py:110} INFO - Command exited with return code 0
[2026-07-30T09:15:31.959+0000] {taskinstance.py:341} INFO - ::group::Post task execution logs
[2026-07-30T09:15:31.959+0000] {taskinstance.py:353} INFO - Marking task as SUCCESS. dag_id=avito_to_raw_midraw, task_id=dbt_build_midraw, run_id=scheduled__2026-07-30T08:00:00+00:00, execution_date=20260730T080000, start_date=20260730T091527, end_date=20260730T091531
[2026-07-30T09:15:32.005+0000] {local_task_job_runner.py:266} INFO - Task exited with return code 0
[2026-07-30T09:15:32.020+0000] {taskinstance.py:3901} INFO - 0 downstream tasks scheduled from follow-on schedule check
[2026-07-30T09:15:32.022+0000] {local_task_job_runner.py:245} INFO - ::endgroup::
