[2026-07-30T15:06:16.135+0000] {local_task_job_runner.py:123} INFO - ::group::Pre task execution logs
[2026-07-30T15:06:16.145+0000] {taskinstance.py:2614} INFO - Dependencies all met for dep_context=non-requeueable deps ti=<TaskInstance: avito_to_raw_midraw.dbt_build_midraw scheduled__2026-07-30T14:00:00+00:00 [queued]>
[2026-07-30T15:06:16.148+0000] {taskinstance.py:2614} INFO - Dependencies all met for dep_context=requeueable deps ti=<TaskInstance: avito_to_raw_midraw.dbt_build_midraw scheduled__2026-07-30T14:00:00+00:00 [queued]>
[2026-07-30T15:06:16.148+0000] {taskinstance.py:2867} INFO - Starting attempt 1 of 2
[2026-07-30T15:06:16.152+0000] {taskinstance.py:2890} INFO - Executing <Task(BashOperator): dbt_build_midraw> on 2026-07-30 14:00:00+00:00
[2026-07-30T15:06:16.154+0000] {standard_task_runner.py:72} INFO - Started process 6274 to run task
[2026-07-30T15:06:16.156+0000] {standard_task_runner.py:104} INFO - Running: ['***', 'tasks', 'run', 'avito_to_raw_midraw', 'dbt_build_midraw', 'scheduled__2026-07-30T14:00:00+00:00', '--job-id', '557', '--raw', '--subdir', 'DAGS_FOLDER/avito_to_raw_midraw.py', '--cfg-path', '/tmp/tmpqulpjyo2']
[2026-07-30T15:06:16.158+0000] {standard_task_runner.py:105} INFO - Job 557: Subtask dbt_build_midraw
[2026-07-30T15:06:16.182+0000] {task_command.py:467} INFO - Running <TaskInstance: avito_to_raw_midraw.dbt_build_midraw scheduled__2026-07-30T14:00:00+00:00 [running]> on host 4c6dd7d943f5
[2026-07-30T15:06:16.319+0000] {taskinstance.py:3134} INFO - Exporting env vars: AIRFLOW_CTX_DAG_OWNER='data-eng' AIRFLOW_CTX_DAG_ID='avito_to_raw_midraw' AIRFLOW_CTX_TASK_ID='dbt_build_midraw' AIRFLOW_CTX_EXECUTION_DATE='2026-07-30T14:00:00+00:00' AIRFLOW_CTX_TRY_NUMBER='1' AIRFLOW_CTX_DAG_RUN_ID='scheduled__2026-07-30T14:00:00+00:00'
[2026-07-30T15:06:16.320+0000] {taskinstance.py:732} INFO - ::endgroup::
[2026-07-30T15:06:16.324+0000] {subprocess.py:78} INFO - Tmp dir root location: /tmp
[2026-07-30T15:06:16.325+0000] {subprocess.py:88} INFO - Running command: ['/usr/bin/bash', '-c', 'cd /opt/***/dbt && dbt run --profiles-dir . --select avito_ads && dbt test --profiles-dir . --select avito_ads']
[2026-07-30T15:06:16.329+0000] {subprocess.py:99} INFO - Output:
[2026-07-30T15:06:17.342+0000] {subprocess.py:106} INFO - [0m15:06:17  Running with dbt=1.11.12
[2026-07-30T15:06:17.450+0000] {subprocess.py:106} INFO - [0m15:06:17  Registered adapter: postgres=1.9.0
[2026-07-30T15:06:17.674+0000] {subprocess.py:106} INFO - [0m15:06:17  Found 1 model, 4 data tests, 3 sources, 475 macros
[2026-07-30T15:06:17.675+0000] {subprocess.py:106} INFO - [0m15:06:17
[2026-07-30T15:06:17.676+0000] {subprocess.py:106} INFO - [0m15:06:17  Concurrency: 4 threads (target='dev')
[2026-07-30T15:06:17.676+0000] {subprocess.py:106} INFO - [0m15:06:17
[2026-07-30T15:06:17.733+0000] {subprocess.py:106} INFO - [0m15:06:17  1 of 1 START sql table model midraw.avito_ads .................................. [RUN]
[2026-07-30T15:06:17.806+0000] {subprocess.py:106} INFO - [0m15:06:17  1 of 1 OK created sql table model midraw.avito_ads ............................. [[32mSELECT 1490[0m in 0.07s]
[2026-07-30T15:06:17.814+0000] {subprocess.py:106} INFO - [0m15:06:17
[2026-07-30T15:06:17.814+0000] {subprocess.py:106} INFO - [0m15:06:17  Finished running 1 table model in 0 hours 0 minutes and 0.14 seconds (0.14s).
[2026-07-30T15:06:17.840+0000] {subprocess.py:106} INFO - [0m15:06:17
[2026-07-30T15:06:17.841+0000] {subprocess.py:106} INFO - [0m15:06:17  [32mCompleted successfully[0m
[2026-07-30T15:06:17.841+0000] {subprocess.py:106} INFO - [0m15:06:17
[2026-07-30T15:06:17.841+0000] {subprocess.py:106} INFO - [0m15:06:17  Done. PASS=1 WARN=0 ERROR=0 SKIP=0 NO-OP=0 TOTAL=1
[2026-07-30T15:06:19.574+0000] {subprocess.py:106} INFO - [0m15:06:19  Running with dbt=1.11.12
[2026-07-30T15:06:19.674+0000] {subprocess.py:106} INFO - [0m15:06:19  Registered adapter: postgres=1.9.0
[2026-07-30T15:06:19.931+0000] {subprocess.py:106} INFO - [0m15:06:19  Found 1 model, 4 data tests, 3 sources, 475 macros
[2026-07-30T15:06:19.933+0000] {subprocess.py:106} INFO - [0m15:06:19
[2026-07-30T15:06:19.933+0000] {subprocess.py:106} INFO - [0m15:06:19  Concurrency: 4 threads (target='dev')
[2026-07-30T15:06:19.933+0000] {subprocess.py:106} INFO - [0m15:06:19
[2026-07-30T15:06:19.982+0000] {subprocess.py:106} INFO - [0m15:06:19  1 of 4 START test accepted_values_avito_ads_source_system__avito__synthetic_avito  [RUN]
[2026-07-30T15:06:19.982+0000] {subprocess.py:106} INFO - [0m15:06:19  2 of 4 START test not_null_avito_ads_avito_id .................................. [RUN]
[2026-07-30T15:06:19.983+0000] {subprocess.py:106} INFO - [0m15:06:19  3 of 4 START test not_null_avito_ads_title ..................................... [RUN]
[2026-07-30T15:06:19.983+0000] {subprocess.py:106} INFO - [0m15:06:19  4 of 4 START test not_null_avito_ads_url ....................................... [RUN]
[2026-07-30T15:06:20.048+0000] {subprocess.py:106} INFO - [0m15:06:20  1 of 4 PASS accepted_values_avito_ads_source_system__avito__synthetic_avito .... [[32mPASS[0m in 0.06s]
[2026-07-30T15:06:20.048+0000] {subprocess.py:106} INFO - [0m15:06:20  4 of 4 PASS not_null_avito_ads_url ............................................. [[32mPASS[0m in 0.06s]
[2026-07-30T15:06:20.049+0000] {subprocess.py:106} INFO - [0m15:06:20  3 of 4 PASS not_null_avito_ads_title ........................................... [[32mPASS[0m in 0.06s]
[2026-07-30T15:06:20.049+0000] {subprocess.py:106} INFO - [0m15:06:20  2 of 4 PASS not_null_avito_ads_avito_id ........................................ [[32mPASS[0m in 0.06s]
[2026-07-30T15:06:20.060+0000] {subprocess.py:106} INFO - [0m15:06:20
[2026-07-30T15:06:20.060+0000] {subprocess.py:106} INFO - [0m15:06:20  Finished running 4 data tests in 0 hours 0 minutes and 0.13 seconds (0.13s).
[2026-07-30T15:06:20.087+0000] {subprocess.py:106} INFO - [0m15:06:20
[2026-07-30T15:06:20.087+0000] {subprocess.py:106} INFO - [0m15:06:20  [32mCompleted successfully[0m
[2026-07-30T15:06:20.087+0000] {subprocess.py:106} INFO - [0m15:06:20
[2026-07-30T15:06:20.087+0000] {subprocess.py:106} INFO - [0m15:06:20  Done. PASS=4 WARN=0 ERROR=0 SKIP=0 NO-OP=0 TOTAL=4
[2026-07-30T15:06:20.925+0000] {subprocess.py:110} INFO - Command exited with return code 0
[2026-07-30T15:06:20.941+0000] {taskinstance.py:341} INFO - ::group::Post task execution logs
[2026-07-30T15:06:20.941+0000] {taskinstance.py:353} INFO - Marking task as SUCCESS. dag_id=avito_to_raw_midraw, task_id=dbt_build_midraw, run_id=scheduled__2026-07-30T14:00:00+00:00, execution_date=20260730T140000, start_date=20260730T150616, end_date=20260730T150620
[2026-07-30T15:06:20.982+0000] {local_task_job_runner.py:266} INFO - Task exited with return code 0
[2026-07-30T15:06:20.994+0000] {taskinstance.py:3901} INFO - 0 downstream tasks scheduled from follow-on schedule check
[2026-07-30T15:06:20.994+0000] {local_task_job_runner.py:245} INFO - ::endgroup::
