[2026-07-26T19:00:02.266+0000] {local_task_job_runner.py:123} INFO - ::group::Pre task execution logs
[2026-07-26T19:00:02.276+0000] {taskinstance.py:2614} INFO - Dependencies all met for dep_context=non-requeueable deps ti=<TaskInstance: avito_to_raw_midraw.dbt_build_midraw scheduled__2026-07-26T18:00:00+00:00 [queued]>
[2026-07-26T19:00:02.280+0000] {taskinstance.py:2614} INFO - Dependencies all met for dep_context=requeueable deps ti=<TaskInstance: avito_to_raw_midraw.dbt_build_midraw scheduled__2026-07-26T18:00:00+00:00 [queued]>
[2026-07-26T19:00:02.280+0000] {taskinstance.py:2867} INFO - Starting attempt 1 of 2
[2026-07-26T19:00:02.285+0000] {taskinstance.py:2890} INFO - Executing <Task(BashOperator): dbt_build_midraw> on 2026-07-26 18:00:00+00:00
[2026-07-26T19:00:02.287+0000] {standard_task_runner.py:72} INFO - Started process 3587 to run task
[2026-07-26T19:00:02.289+0000] {standard_task_runner.py:104} INFO - Running: ['***', 'tasks', 'run', 'avito_to_raw_midraw', 'dbt_build_midraw', 'scheduled__2026-07-26T18:00:00+00:00', '--job-id', '372', '--raw', '--subdir', 'DAGS_FOLDER/avito_to_raw_midraw.py', '--cfg-path', '/tmp/tmphfx551j2']
[2026-07-26T19:00:02.291+0000] {standard_task_runner.py:105} INFO - Job 372: Subtask dbt_build_midraw
[2026-07-26T19:00:02.314+0000] {task_command.py:467} INFO - Running <TaskInstance: avito_to_raw_midraw.dbt_build_midraw scheduled__2026-07-26T18:00:00+00:00 [running]> on host 4c6dd7d943f5
[2026-07-26T19:00:02.449+0000] {taskinstance.py:3134} INFO - Exporting env vars: AIRFLOW_CTX_DAG_OWNER='data-eng' AIRFLOW_CTX_DAG_ID='avito_to_raw_midraw' AIRFLOW_CTX_TASK_ID='dbt_build_midraw' AIRFLOW_CTX_EXECUTION_DATE='2026-07-26T18:00:00+00:00' AIRFLOW_CTX_TRY_NUMBER='1' AIRFLOW_CTX_DAG_RUN_ID='scheduled__2026-07-26T18:00:00+00:00'
[2026-07-26T19:00:02.449+0000] {taskinstance.py:732} INFO - ::endgroup::
[2026-07-26T19:00:02.454+0000] {subprocess.py:78} INFO - Tmp dir root location: /tmp
[2026-07-26T19:00:02.455+0000] {subprocess.py:88} INFO - Running command: ['/usr/bin/bash', '-c', 'cd /opt/***/dbt && dbt run --profiles-dir . --select avito_ads && dbt test --profiles-dir . --select avito_ads']
[2026-07-26T19:00:02.460+0000] {subprocess.py:99} INFO - Output:
[2026-07-26T19:00:03.489+0000] {subprocess.py:106} INFO - [0m19:00:03  Running with dbt=1.11.12
[2026-07-26T19:00:03.595+0000] {subprocess.py:106} INFO - [0m19:00:03  Registered adapter: postgres=1.9.0
[2026-07-26T19:00:03.799+0000] {subprocess.py:106} INFO - [0m19:00:03  Found 1 model, 4 data tests, 3 sources, 475 macros
[2026-07-26T19:00:03.800+0000] {subprocess.py:106} INFO - [0m19:00:03
[2026-07-26T19:00:03.800+0000] {subprocess.py:106} INFO - [0m19:00:03  Concurrency: 4 threads (target='dev')
[2026-07-26T19:00:03.800+0000] {subprocess.py:106} INFO - [0m19:00:03
[2026-07-26T19:00:03.856+0000] {subprocess.py:106} INFO - [0m19:00:03  1 of 1 START sql table model midraw.avito_ads .................................. [RUN]
[2026-07-26T19:00:03.922+0000] {subprocess.py:106} INFO - [0m19:00:03  1 of 1 OK created sql table model midraw.avito_ads ............................. [[32mSELECT 762[0m in 0.06s]
[2026-07-26T19:00:03.930+0000] {subprocess.py:106} INFO - [0m19:00:03
[2026-07-26T19:00:03.930+0000] {subprocess.py:106} INFO - [0m19:00:03  Finished running 1 table model in 0 hours 0 minutes and 0.13 seconds (0.13s).
[2026-07-26T19:00:03.954+0000] {subprocess.py:106} INFO - [0m19:00:03
[2026-07-26T19:00:03.955+0000] {subprocess.py:106} INFO - [0m19:00:03  [32mCompleted successfully[0m
[2026-07-26T19:00:03.955+0000] {subprocess.py:106} INFO - [0m19:00:03
[2026-07-26T19:00:03.955+0000] {subprocess.py:106} INFO - [0m19:00:03  Done. PASS=1 WARN=0 ERROR=0 SKIP=0 NO-OP=0 TOTAL=1
[2026-07-26T19:00:05.702+0000] {subprocess.py:106} INFO - [0m19:00:05  Running with dbt=1.11.12
[2026-07-26T19:00:05.803+0000] {subprocess.py:106} INFO - [0m19:00:05  Registered adapter: postgres=1.9.0
[2026-07-26T19:00:06.020+0000] {subprocess.py:106} INFO - [0m19:00:06  Found 1 model, 4 data tests, 3 sources, 475 macros
[2026-07-26T19:00:06.021+0000] {subprocess.py:106} INFO - [0m19:00:06
[2026-07-26T19:00:06.022+0000] {subprocess.py:106} INFO - [0m19:00:06  Concurrency: 4 threads (target='dev')
[2026-07-26T19:00:06.022+0000] {subprocess.py:106} INFO - [0m19:00:06
[2026-07-26T19:00:06.062+0000] {subprocess.py:106} INFO - [0m19:00:06  1 of 4 START test accepted_values_avito_ads_source_system__avito__synthetic_avito  [RUN]
[2026-07-26T19:00:06.062+0000] {subprocess.py:106} INFO - [0m19:00:06  2 of 4 START test not_null_avito_ads_avito_id .................................. [RUN]
[2026-07-26T19:00:06.063+0000] {subprocess.py:106} INFO - [0m19:00:06  3 of 4 START test not_null_avito_ads_title ..................................... [RUN]
[2026-07-26T19:00:06.063+0000] {subprocess.py:106} INFO - [0m19:00:06  4 of 4 START test not_null_avito_ads_url ....................................... [RUN]
[2026-07-26T19:00:06.113+0000] {subprocess.py:106} INFO - [0m19:00:06  3 of 4 PASS not_null_avito_ads_title ........................................... [[32mPASS[0m in 0.05s]
[2026-07-26T19:00:06.113+0000] {subprocess.py:106} INFO - [0m19:00:06  4 of 4 PASS not_null_avito_ads_url ............................................. [[32mPASS[0m in 0.05s]
[2026-07-26T19:00:06.113+0000] {subprocess.py:106} INFO - [0m19:00:06  1 of 4 PASS accepted_values_avito_ads_source_system__avito__synthetic_avito .... [[32mPASS[0m in 0.05s]
[2026-07-26T19:00:06.114+0000] {subprocess.py:106} INFO - [0m19:00:06  2 of 4 PASS not_null_avito_ads_avito_id ........................................ [[32mPASS[0m in 0.05s]
[2026-07-26T19:00:06.123+0000] {subprocess.py:106} INFO - [0m19:00:06
[2026-07-26T19:00:06.123+0000] {subprocess.py:106} INFO - [0m19:00:06  Finished running 4 data tests in 0 hours 0 minutes and 0.10 seconds (0.10s).
[2026-07-26T19:00:06.148+0000] {subprocess.py:106} INFO - [0m19:00:06
[2026-07-26T19:00:06.149+0000] {subprocess.py:106} INFO - [0m19:00:06  [32mCompleted successfully[0m
[2026-07-26T19:00:06.149+0000] {subprocess.py:106} INFO - [0m19:00:06
[2026-07-26T19:00:06.149+0000] {subprocess.py:106} INFO - [0m19:00:06  Done. PASS=4 WARN=0 ERROR=0 SKIP=0 NO-OP=0 TOTAL=4
[2026-07-26T19:00:06.911+0000] {subprocess.py:110} INFO - Command exited with return code 0
[2026-07-26T19:00:06.927+0000] {taskinstance.py:341} INFO - ::group::Post task execution logs
[2026-07-26T19:00:06.928+0000] {taskinstance.py:353} INFO - Marking task as SUCCESS. dag_id=avito_to_raw_midraw, task_id=dbt_build_midraw, run_id=scheduled__2026-07-26T18:00:00+00:00, execution_date=20260726T180000, start_date=20260726T190002, end_date=20260726T190006
[2026-07-26T19:00:06.976+0000] {local_task_job_runner.py:266} INFO - Task exited with return code 0
[2026-07-26T19:00:06.988+0000] {taskinstance.py:3901} INFO - 0 downstream tasks scheduled from follow-on schedule check
[2026-07-26T19:00:06.989+0000] {local_task_job_runner.py:245} INFO - ::endgroup::
