[2026-07-25T23:06:37.584+0000] {local_task_job_runner.py:123} INFO - ::group::Pre task execution logs
[2026-07-25T23:06:37.594+0000] {taskinstance.py:2614} INFO - Dependencies all met for dep_context=non-requeueable deps ti=<TaskInstance: avito_to_raw_midraw.dbt_build_midraw scheduled__2026-07-25T22:00:00+00:00 [queued]>
[2026-07-25T23:06:37.597+0000] {taskinstance.py:2614} INFO - Dependencies all met for dep_context=requeueable deps ti=<TaskInstance: avito_to_raw_midraw.dbt_build_midraw scheduled__2026-07-25T22:00:00+00:00 [queued]>
[2026-07-25T23:06:37.598+0000] {taskinstance.py:2867} INFO - Starting attempt 1 of 2
[2026-07-25T23:06:37.602+0000] {taskinstance.py:2890} INFO - Executing <Task(BashOperator): dbt_build_midraw> on 2026-07-25 22:00:00+00:00
[2026-07-25T23:06:37.604+0000] {standard_task_runner.py:72} INFO - Started process 3007 to run task
[2026-07-25T23:06:37.606+0000] {standard_task_runner.py:104} INFO - Running: ['***', 'tasks', 'run', 'avito_to_raw_midraw', 'dbt_build_midraw', 'scheduled__2026-07-25T22:00:00+00:00', '--job-id', '332', '--raw', '--subdir', 'DAGS_FOLDER/avito_to_raw_midraw.py', '--cfg-path', '/tmp/tmpx0icrley']
[2026-07-25T23:06:37.608+0000] {standard_task_runner.py:105} INFO - Job 332: Subtask dbt_build_midraw
[2026-07-25T23:06:37.632+0000] {task_command.py:467} INFO - Running <TaskInstance: avito_to_raw_midraw.dbt_build_midraw scheduled__2026-07-25T22:00:00+00:00 [running]> on host 4c6dd7d943f5
[2026-07-25T23:06:37.769+0000] {taskinstance.py:3134} INFO - Exporting env vars: AIRFLOW_CTX_DAG_OWNER='data-eng' AIRFLOW_CTX_DAG_ID='avito_to_raw_midraw' AIRFLOW_CTX_TASK_ID='dbt_build_midraw' AIRFLOW_CTX_EXECUTION_DATE='2026-07-25T22:00:00+00:00' AIRFLOW_CTX_TRY_NUMBER='1' AIRFLOW_CTX_DAG_RUN_ID='scheduled__2026-07-25T22:00:00+00:00'
[2026-07-25T23:06:37.769+0000] {taskinstance.py:732} INFO - ::endgroup::
[2026-07-25T23:06:37.775+0000] {subprocess.py:78} INFO - Tmp dir root location: /tmp
[2026-07-25T23:06:37.775+0000] {subprocess.py:88} INFO - Running command: ['/usr/bin/bash', '-c', 'cd /opt/***/dbt && dbt run --profiles-dir . --select avito_ads && dbt test --profiles-dir . --select avito_ads']
[2026-07-25T23:06:37.780+0000] {subprocess.py:99} INFO - Output:
[2026-07-25T23:06:38.803+0000] {subprocess.py:106} INFO - [0m23:06:38  Running with dbt=1.11.12
[2026-07-25T23:06:38.913+0000] {subprocess.py:106} INFO - [0m23:06:38  Registered adapter: postgres=1.9.0
[2026-07-25T23:06:39.131+0000] {subprocess.py:106} INFO - [0m23:06:39  Found 1 model, 4 data tests, 3 sources, 475 macros
[2026-07-25T23:06:39.132+0000] {subprocess.py:106} INFO - [0m23:06:39
[2026-07-25T23:06:39.133+0000] {subprocess.py:106} INFO - [0m23:06:39  Concurrency: 4 threads (target='dev')
[2026-07-25T23:06:39.133+0000] {subprocess.py:106} INFO - [0m23:06:39
[2026-07-25T23:06:39.189+0000] {subprocess.py:106} INFO - [0m23:06:39  1 of 1 START sql table model midraw.avito_ads .................................. [RUN]
[2026-07-25T23:06:39.259+0000] {subprocess.py:106} INFO - [0m23:06:39  1 of 1 OK created sql table model midraw.avito_ads ............................. [[32mSELECT 487[0m in 0.07s]
[2026-07-25T23:06:39.266+0000] {subprocess.py:106} INFO - [0m23:06:39
[2026-07-25T23:06:39.267+0000] {subprocess.py:106} INFO - [0m23:06:39  Finished running 1 table model in 0 hours 0 minutes and 0.13 seconds (0.13s).
[2026-07-25T23:06:39.292+0000] {subprocess.py:106} INFO - [0m23:06:39
[2026-07-25T23:06:39.293+0000] {subprocess.py:106} INFO - [0m23:06:39  [32mCompleted successfully[0m
[2026-07-25T23:06:39.293+0000] {subprocess.py:106} INFO - [0m23:06:39
[2026-07-25T23:06:39.293+0000] {subprocess.py:106} INFO - [0m23:06:39  Done. PASS=1 WARN=0 ERROR=0 SKIP=0 NO-OP=0 TOTAL=1
[2026-07-25T23:06:41.376+0000] {subprocess.py:106} INFO - [0m23:06:41  Running with dbt=1.11.12
[2026-07-25T23:06:41.466+0000] {subprocess.py:106} INFO - [0m23:06:41  Registered adapter: postgres=1.9.0
[2026-07-25T23:06:41.662+0000] {subprocess.py:106} INFO - [0m23:06:41  Found 1 model, 4 data tests, 3 sources, 475 macros
[2026-07-25T23:06:41.664+0000] {subprocess.py:106} INFO - [0m23:06:41
[2026-07-25T23:06:41.664+0000] {subprocess.py:106} INFO - [0m23:06:41  Concurrency: 4 threads (target='dev')
[2026-07-25T23:06:41.664+0000] {subprocess.py:106} INFO - [0m23:06:41
[2026-07-25T23:06:41.703+0000] {subprocess.py:106} INFO - [0m23:06:41  1 of 4 START test accepted_values_avito_ads_source_system__avito__synthetic_avito  [RUN]
[2026-07-25T23:06:41.703+0000] {subprocess.py:106} INFO - [0m23:06:41  2 of 4 START test not_null_avito_ads_avito_id .................................. [RUN]
[2026-07-25T23:06:41.704+0000] {subprocess.py:106} INFO - [0m23:06:41  3 of 4 START test not_null_avito_ads_title ..................................... [RUN]
[2026-07-25T23:06:41.704+0000] {subprocess.py:106} INFO - [0m23:06:41  4 of 4 START test not_null_avito_ads_url ....................................... [RUN]
[2026-07-25T23:06:41.751+0000] {subprocess.py:106} INFO - [0m23:06:41  2 of 4 PASS not_null_avito_ads_avito_id ........................................ [[32mPASS[0m in 0.05s]
[2026-07-25T23:06:41.752+0000] {subprocess.py:106} INFO - [0m23:06:41  4 of 4 PASS not_null_avito_ads_url ............................................. [[32mPASS[0m in 0.05s]
[2026-07-25T23:06:41.753+0000] {subprocess.py:106} INFO - [0m23:06:41  3 of 4 PASS not_null_avito_ads_title ........................................... [[32mPASS[0m in 0.05s]
[2026-07-25T23:06:41.754+0000] {subprocess.py:106} INFO - [0m23:06:41  1 of 4 PASS accepted_values_avito_ads_source_system__avito__synthetic_avito .... [[32mPASS[0m in 0.05s]
[2026-07-25T23:06:41.762+0000] {subprocess.py:106} INFO - [0m23:06:41
[2026-07-25T23:06:41.763+0000] {subprocess.py:106} INFO - [0m23:06:41  Finished running 4 data tests in 0 hours 0 minutes and 0.10 seconds (0.10s).
[2026-07-25T23:06:41.789+0000] {subprocess.py:106} INFO - [0m23:06:41
[2026-07-25T23:06:41.789+0000] {subprocess.py:106} INFO - [0m23:06:41  [32mCompleted successfully[0m
[2026-07-25T23:06:41.789+0000] {subprocess.py:106} INFO - [0m23:06:41
[2026-07-25T23:06:41.789+0000] {subprocess.py:106} INFO - [0m23:06:41  Done. PASS=4 WARN=0 ERROR=0 SKIP=0 NO-OP=0 TOTAL=4
[2026-07-25T23:06:42.513+0000] {subprocess.py:110} INFO - Command exited with return code 0
[2026-07-25T23:06:42.528+0000] {taskinstance.py:341} INFO - ::group::Post task execution logs
[2026-07-25T23:06:42.529+0000] {taskinstance.py:353} INFO - Marking task as SUCCESS. dag_id=avito_to_raw_midraw, task_id=dbt_build_midraw, run_id=scheduled__2026-07-25T22:00:00+00:00, execution_date=20260725T220000, start_date=20260725T230637, end_date=20260725T230642
[2026-07-25T23:06:42.552+0000] {local_task_job_runner.py:266} INFO - Task exited with return code 0
[2026-07-25T23:06:42.563+0000] {taskinstance.py:3901} INFO - 0 downstream tasks scheduled from follow-on schedule check
[2026-07-25T23:06:42.564+0000] {local_task_job_runner.py:245} INFO - ::endgroup::
