[2026-07-24T16:05:22.776+0000] {local_task_job_runner.py:123} INFO - ::group::Pre task execution logs
[2026-07-24T16:05:22.786+0000] {taskinstance.py:2614} INFO - Dependencies all met for dep_context=non-requeueable deps ti=<TaskInstance: avito_to_raw_midraw.dbt_build_midraw scheduled__2026-07-24T15:00:00+00:00 [queued]>
[2026-07-24T16:05:22.791+0000] {taskinstance.py:2614} INFO - Dependencies all met for dep_context=requeueable deps ti=<TaskInstance: avito_to_raw_midraw.dbt_build_midraw scheduled__2026-07-24T15:00:00+00:00 [queued]>
[2026-07-24T16:05:22.792+0000] {taskinstance.py:2867} INFO - Starting attempt 1 of 2
[2026-07-24T16:05:22.797+0000] {taskinstance.py:2890} INFO - Executing <Task(BashOperator): dbt_build_midraw> on 2026-07-24 15:00:00+00:00
[2026-07-24T16:05:22.799+0000] {standard_task_runner.py:72} INFO - Started process 2094 to run task
[2026-07-24T16:05:22.802+0000] {standard_task_runner.py:104} INFO - Running: ['***', 'tasks', 'run', 'avito_to_raw_midraw', 'dbt_build_midraw', 'scheduled__2026-07-24T15:00:00+00:00', '--job-id', '270', '--raw', '--subdir', 'DAGS_FOLDER/avito_to_raw_midraw.py', '--cfg-path', '/tmp/tmpfgxq_3xk']
[2026-07-24T16:05:22.804+0000] {standard_task_runner.py:105} INFO - Job 270: Subtask dbt_build_midraw
[2026-07-24T16:05:22.832+0000] {task_command.py:467} INFO - Running <TaskInstance: avito_to_raw_midraw.dbt_build_midraw scheduled__2026-07-24T15:00:00+00:00 [running]> on host 4c6dd7d943f5
[2026-07-24T16:05:23.010+0000] {taskinstance.py:3134} INFO - Exporting env vars: AIRFLOW_CTX_DAG_OWNER='data-eng' AIRFLOW_CTX_DAG_ID='avito_to_raw_midraw' AIRFLOW_CTX_TASK_ID='dbt_build_midraw' AIRFLOW_CTX_EXECUTION_DATE='2026-07-24T15:00:00+00:00' AIRFLOW_CTX_TRY_NUMBER='1' AIRFLOW_CTX_DAG_RUN_ID='scheduled__2026-07-24T15:00:00+00:00'
[2026-07-24T16:05:23.011+0000] {taskinstance.py:732} INFO - ::endgroup::
[2026-07-24T16:05:23.016+0000] {subprocess.py:78} INFO - Tmp dir root location: /tmp
[2026-07-24T16:05:23.016+0000] {subprocess.py:88} INFO - Running command: ['/usr/bin/bash', '-c', 'cd /opt/***/dbt && dbt run --profiles-dir . --select avito_ads && dbt test --profiles-dir . --select avito_ads']
[2026-07-24T16:05:23.021+0000] {subprocess.py:99} INFO - Output:
[2026-07-24T16:05:24.027+0000] {subprocess.py:106} INFO - [0m16:05:24  Running with dbt=1.11.12
[2026-07-24T16:05:24.141+0000] {subprocess.py:106} INFO - [0m16:05:24  Registered adapter: postgres=1.9.0
[2026-07-24T16:05:24.356+0000] {subprocess.py:106} INFO - [0m16:05:24  Found 1 model, 4 data tests, 3 sources, 475 macros
[2026-07-24T16:05:24.358+0000] {subprocess.py:106} INFO - [0m16:05:24
[2026-07-24T16:05:24.359+0000] {subprocess.py:106} INFO - [0m16:05:24  Concurrency: 4 threads (target='dev')
[2026-07-24T16:05:24.360+0000] {subprocess.py:106} INFO - [0m16:05:24
[2026-07-24T16:05:24.417+0000] {subprocess.py:106} INFO - [0m16:05:24  1 of 1 START sql table model midraw.avito_ads .................................. [RUN]
[2026-07-24T16:05:24.562+0000] {subprocess.py:106} INFO - [0m16:05:24  1 of 1 OK created sql table model midraw.avito_ads ............................. [[32mSELECT 2268[0m in 0.14s]
[2026-07-24T16:05:24.569+0000] {subprocess.py:106} INFO - [0m16:05:24
[2026-07-24T16:05:24.570+0000] {subprocess.py:106} INFO - [0m16:05:24  Finished running 1 table model in 0 hours 0 minutes and 0.21 seconds (0.21s).
[2026-07-24T16:05:24.594+0000] {subprocess.py:106} INFO - [0m16:05:24
[2026-07-24T16:05:24.595+0000] {subprocess.py:106} INFO - [0m16:05:24  [32mCompleted successfully[0m
[2026-07-24T16:05:24.595+0000] {subprocess.py:106} INFO - [0m16:05:24
[2026-07-24T16:05:24.595+0000] {subprocess.py:106} INFO - [0m16:05:24  Done. PASS=1 WARN=0 ERROR=0 SKIP=0 NO-OP=0 TOTAL=1
[2026-07-24T16:05:26.962+0000] {subprocess.py:106} INFO - [0m16:05:26  Running with dbt=1.11.12
[2026-07-24T16:05:27.111+0000] {subprocess.py:106} INFO - [0m16:05:27  Registered adapter: postgres=1.9.0
[2026-07-24T16:05:27.339+0000] {subprocess.py:106} INFO - [0m16:05:27  Found 1 model, 4 data tests, 3 sources, 475 macros
[2026-07-24T16:05:27.340+0000] {subprocess.py:106} INFO - [0m16:05:27
[2026-07-24T16:05:27.341+0000] {subprocess.py:106} INFO - [0m16:05:27  Concurrency: 4 threads (target='dev')
[2026-07-24T16:05:27.341+0000] {subprocess.py:106} INFO - [0m16:05:27
[2026-07-24T16:05:27.387+0000] {subprocess.py:106} INFO - [0m16:05:27  1 of 4 START test accepted_values_avito_ads_source_system__avito__synthetic_avito  [RUN]
[2026-07-24T16:05:27.387+0000] {subprocess.py:106} INFO - [0m16:05:27  2 of 4 START test not_null_avito_ads_avito_id .................................. [RUN]
[2026-07-24T16:05:27.388+0000] {subprocess.py:106} INFO - [0m16:05:27  3 of 4 START test not_null_avito_ads_title ..................................... [RUN]
[2026-07-24T16:05:27.388+0000] {subprocess.py:106} INFO - [0m16:05:27  4 of 4 START test not_null_avito_ads_url ....................................... [RUN]
[2026-07-24T16:05:27.439+0000] {subprocess.py:106} INFO - [0m16:05:27  2 of 4 PASS not_null_avito_ads_avito_id ........................................ [[32mPASS[0m in 0.05s]
[2026-07-24T16:05:27.440+0000] {subprocess.py:106} INFO - [0m16:05:27  1 of 4 PASS accepted_values_avito_ads_source_system__avito__synthetic_avito .... [[32mPASS[0m in 0.05s]
[2026-07-24T16:05:27.440+0000] {subprocess.py:106} INFO - [0m16:05:27  4 of 4 PASS not_null_avito_ads_url ............................................. [[32mPASS[0m in 0.05s]
[2026-07-24T16:05:27.440+0000] {subprocess.py:106} INFO - [0m16:05:27  3 of 4 PASS not_null_avito_ads_title ........................................... [[32mPASS[0m in 0.05s]
[2026-07-24T16:05:27.452+0000] {subprocess.py:106} INFO - [0m16:05:27
[2026-07-24T16:05:27.453+0000] {subprocess.py:106} INFO - [0m16:05:27  Finished running 4 data tests in 0 hours 0 minutes and 0.11 seconds (0.11s).
[2026-07-24T16:05:27.477+0000] {subprocess.py:106} INFO - [0m16:05:27
[2026-07-24T16:05:27.477+0000] {subprocess.py:106} INFO - [0m16:05:27  [32mCompleted successfully[0m
[2026-07-24T16:05:27.477+0000] {subprocess.py:106} INFO - [0m16:05:27
[2026-07-24T16:05:27.477+0000] {subprocess.py:106} INFO - [0m16:05:27  Done. PASS=4 WARN=0 ERROR=0 SKIP=0 NO-OP=0 TOTAL=4
[2026-07-24T16:05:28.777+0000] {subprocess.py:110} INFO - Command exited with return code 0
[2026-07-24T16:05:28.800+0000] {taskinstance.py:341} INFO - ::group::Post task execution logs
[2026-07-24T16:05:28.800+0000] {taskinstance.py:353} INFO - Marking task as SUCCESS. dag_id=avito_to_raw_midraw, task_id=dbt_build_midraw, run_id=scheduled__2026-07-24T15:00:00+00:00, execution_date=20260724T150000, start_date=20260724T160522, end_date=20260724T160528
[2026-07-24T16:05:28.855+0000] {local_task_job_runner.py:266} INFO - Task exited with return code 0
[2026-07-24T16:05:28.866+0000] {taskinstance.py:3901} INFO - 0 downstream tasks scheduled from follow-on schedule check
[2026-07-24T16:05:28.867+0000] {local_task_job_runner.py:245} INFO - ::endgroup::
