[2026-07-03T02:17:56.427+0000] {local_task_job_runner.py:123} INFO - ::group::Pre task execution logs
[2026-07-03T02:17:56.432+0000] {taskinstance.py:2614} INFO - Dependencies all met for dep_context=non-requeueable deps ti=<TaskInstance: ingest_avito_to_raw.ingest_to_raw scheduled__2026-07-03T01:00:00+00:00 [queued]>
[2026-07-03T02:17:56.435+0000] {taskinstance.py:2614} INFO - Dependencies all met for dep_context=requeueable deps ti=<TaskInstance: ingest_avito_to_raw.ingest_to_raw scheduled__2026-07-03T01:00:00+00:00 [queued]>
[2026-07-03T02:17:56.435+0000] {taskinstance.py:2867} INFO - Starting attempt 1 of 2
[2026-07-03T02:17:56.439+0000] {taskinstance.py:2890} INFO - Executing <Task(PythonOperator): ingest_to_raw> on 2026-07-03 01:00:00+00:00
[2026-07-03T02:17:56.441+0000] {standard_task_runner.py:72} INFO - Started process 35489 to run task
[2026-07-03T02:17:56.442+0000] {standard_task_runner.py:104} INFO - Running: ['***', 'tasks', 'run', 'ingest_avito_to_raw', 'ingest_to_raw', 'scheduled__2026-07-03T01:00:00+00:00', '--job-id', '159', '--raw', '--subdir', 'DAGS_FOLDER/ingest_avito_to_raw.py', '--cfg-path', '/tmp/tmpab_uj287']
[2026-07-03T02:17:56.443+0000] {standard_task_runner.py:105} INFO - Job 159: Subtask ingest_to_raw
[2026-07-03T02:17:56.459+0000] {task_command.py:467} INFO - Running <TaskInstance: ingest_avito_to_raw.ingest_to_raw scheduled__2026-07-03T01:00:00+00:00 [running]> on host a53ee8ab3337
[2026-07-03T02:17:56.489+0000] {taskinstance.py:3134} INFO - Exporting env vars: AIRFLOW_CTX_DAG_OWNER='avito' AIRFLOW_CTX_DAG_ID='ingest_avito_to_raw' AIRFLOW_CTX_TASK_ID='ingest_to_raw' AIRFLOW_CTX_EXECUTION_DATE='2026-07-03T01:00:00+00:00' AIRFLOW_CTX_TRY_NUMBER='1' AIRFLOW_CTX_DAG_RUN_ID='scheduled__2026-07-03T01:00:00+00:00'
[2026-07-03T02:17:56.490+0000] {taskinstance.py:732} INFO - ::endgroup::
[2026-07-03T02:17:56.498+0000] {base.py:84} INFO - Retrieving connection 'raw_dwh'
[2026-07-03T02:17:56.502+0000] {sql.py:511} INFO - Running statement: 
        CREATE TABLE IF NOT EXISTS raw.ads (
            avito_id BIGINT PRIMARY KEY,
            url TEXT,
            title TEXT,
            price INTEGER,
            category TEXT,
            seller TEXT,
            location TEXT,
            description TEXT,
            total_views INTEGER,
            today_views INTEGER,
            is_promoted BOOLEAN,
            phone TEXT,
            first_seen TIMESTAMP,
            last_seen TIMESTAMP,
            is_active BOOLEAN,
            ingested_at TIMESTAMP DEFAULT CURRENT_TIMESTAMP
        );
        , parameters: None
[2026-07-03T02:17:56.504+0000] {sql.py:511} INFO - Running statement: 
        CREATE TABLE IF NOT EXISTS raw.price_history (
            id SERIAL PRIMARY KEY,
            avito_id BIGINT,
            price INTEGER,
            detected_at TIMESTAMP
        );
        , parameters: None
[2026-07-03T02:17:56.507+0000] {sql.py:511} INFO - Running statement: TRUNCATE TABLE raw.ads, parameters: None
[2026-07-03T02:17:56.512+0000] {sql.py:511} INFO - Running statement: TRUNCATE TABLE raw.price_history, parameters: None
[2026-07-03T02:17:56.515+0000] {base.py:84} INFO - Retrieving connection 'avito_postgres'
[2026-07-03T02:17:56.518+0000] {sql.py:511} INFO - Running statement: SELECT column_name FROM information_schema.columns WHERE table_schema='public' AND table_name='ads' ORDER BY ordinal_position, parameters: None
[2026-07-03T02:17:56.521+0000] {sql.py:520} INFO - Rows affected: 16
[2026-07-03T02:17:56.523+0000] {logging_mixin.py:190} WARNING - /home/***/.local/lib/python3.11/site-packages/***/providers/common/sql/hooks/sql.py:470 DeprecationWarning: Import of fetch_all_handler from the '***.providers.common.sql.hooks' module is deprecated and will
be removed in the future. Please import it from '***.providers.common.sql.hooks.handlers'.
[2026-07-03T02:17:56.524+0000] {logging_mixin.py:190} WARNING - /home/***/.local/lib/python3.11/site-packages/***/providers/common/sql/hooks/sql.py:471 DeprecationWarning: Import of return_single_query_results from the '***.providers.common.sql.hooks' module is deprecated and will
be removed in the future. Please import it from '***.providers.common.sql.hooks.handlers'.
[2026-07-03T02:17:56.525+0000] {logging_mixin.py:190} WARNING - /home/***/.local/lib/python3.11/site-packages/***/providers/common/sql/hooks/sql.py:486 DeprecationWarning: Import of return_single_query_results from the '***.providers.common.sql.hooks' module is deprecated and will
be removed in the future. Please import it from '***.providers.common.sql.hooks.handlers'.
[2026-07-03T02:17:56.527+0000] {sql.py:511} INFO - Running statement: SELECT avito_id, url, title, price, category, seller, location, coords, description, total_views, today_views, is_promoted, phone, first_seen, last_seen, is_active FROM public.ads, parameters: None
[2026-07-03T02:17:56.527+0000] {sql.py:520} INFO - Rows affected: 110
[2026-07-03T02:17:56.534+0000] {logging_mixin.py:190} INFO -   ✅ ads: 110 строк перенесено
[2026-07-03T02:17:56.536+0000] {sql.py:511} INFO - Running statement: SELECT column_name FROM information_schema.columns WHERE table_schema='public' AND table_name='price_history' ORDER BY ordinal_position, parameters: None
[2026-07-03T02:17:56.538+0000] {sql.py:520} INFO - Rows affected: 4
[2026-07-03T02:17:56.540+0000] {sql.py:511} INFO - Running statement: SELECT id, avito_id, price, detected_at FROM public.price_history, parameters: None
[2026-07-03T02:17:56.541+0000] {sql.py:520} INFO - Rows affected: 113
[2026-07-03T02:17:56.544+0000] {logging_mixin.py:190} INFO -   ✅ price_history: 113 строк перенесено
[2026-07-03T02:17:56.544+0000] {python.py:240} INFO - Done. Returned value was: None
[2026-07-03T02:17:56.548+0000] {taskinstance.py:341} INFO - ::group::Post task execution logs
[2026-07-03T02:17:56.548+0000] {taskinstance.py:353} INFO - Marking task as SUCCESS. dag_id=ingest_avito_to_raw, task_id=ingest_to_raw, run_id=scheduled__2026-07-03T01:00:00+00:00, execution_date=20260703T010000, start_date=20260703T021756, end_date=20260703T021756
[2026-07-03T02:17:56.586+0000] {local_task_job_runner.py:266} INFO - Task exited with return code 0
[2026-07-03T02:17:56.593+0000] {taskinstance.py:3901} INFO - 0 downstream tasks scheduled from follow-on schedule check
[2026-07-03T02:17:56.594+0000] {local_task_job_runner.py:245} INFO - ::endgroup::
