[2026-07-28T00:11:22.127+0000] {local_task_job_runner.py:123} INFO - ::group::Pre task execution logs
[2026-07-28T00:11:22.136+0000] {taskinstance.py:2614} INFO - Dependencies all met for dep_context=non-requeueable deps ti=<TaskInstance: avito_to_raw_midraw.dbt_build_midraw scheduled__2026-07-27T23:00:00+00:00 [queued]>
[2026-07-28T00:11:22.140+0000] {taskinstance.py:2614} INFO - Dependencies all met for dep_context=requeueable deps ti=<TaskInstance: avito_to_raw_midraw.dbt_build_midraw scheduled__2026-07-27T23:00:00+00:00 [queued]>
[2026-07-28T00:11:22.141+0000] {taskinstance.py:2867} INFO - Starting attempt 1 of 2
[2026-07-28T00:11:22.145+0000] {taskinstance.py:2890} INFO - Executing <Task(BashOperator): dbt_build_midraw> on 2026-07-27 23:00:00+00:00
[2026-07-28T00:11:22.147+0000] {standard_task_runner.py:72} INFO - Started process 4428 to run task
[2026-07-28T00:11:22.149+0000] {standard_task_runner.py:104} INFO - Running: ['***', 'tasks', 'run', 'avito_to_raw_midraw', 'dbt_build_midraw', 'scheduled__2026-07-27T23:00:00+00:00', '--job-id', '430', '--raw', '--subdir', 'DAGS_FOLDER/avito_to_raw_midraw.py', '--cfg-path', '/tmp/tmpons0247f']
[2026-07-28T00:11:22.151+0000] {standard_task_runner.py:105} INFO - Job 430: Subtask dbt_build_midraw
[2026-07-28T00:11:22.174+0000] {task_command.py:467} INFO - Running <TaskInstance: avito_to_raw_midraw.dbt_build_midraw scheduled__2026-07-27T23:00:00+00:00 [running]> on host 4c6dd7d943f5
[2026-07-28T00:11:22.306+0000] {taskinstance.py:3134} INFO - Exporting env vars: AIRFLOW_CTX_DAG_OWNER='data-eng' AIRFLOW_CTX_DAG_ID='avito_to_raw_midraw' AIRFLOW_CTX_TASK_ID='dbt_build_midraw' AIRFLOW_CTX_EXECUTION_DATE='2026-07-27T23:00:00+00:00' AIRFLOW_CTX_TRY_NUMBER='1' AIRFLOW_CTX_DAG_RUN_ID='scheduled__2026-07-27T23:00:00+00:00'
[2026-07-28T00:11:22.306+0000] {taskinstance.py:732} INFO - ::endgroup::
[2026-07-28T00:11:22.311+0000] {subprocess.py:78} INFO - Tmp dir root location: /tmp
[2026-07-28T00:11:22.312+0000] {subprocess.py:88} INFO - Running command: ['/usr/bin/bash', '-c', 'cd /opt/***/dbt && dbt run --profiles-dir . --select avito_ads && dbt test --profiles-dir . --select avito_ads']
[2026-07-28T00:11:22.316+0000] {subprocess.py:99} INFO - Output:
[2026-07-28T00:11:23.319+0000] {subprocess.py:106} INFO - [0m00:11:23  Running with dbt=1.11.12
[2026-07-28T00:11:23.424+0000] {subprocess.py:106} INFO - [0m00:11:23  Registered adapter: postgres=1.9.0
[2026-07-28T00:11:23.644+0000] {subprocess.py:106} INFO - [0m00:11:23  Found 1 model, 4 data tests, 3 sources, 475 macros
[2026-07-28T00:11:23.645+0000] {subprocess.py:106} INFO - [0m00:11:23
[2026-07-28T00:11:23.645+0000] {subprocess.py:106} INFO - [0m00:11:23  Concurrency: 4 threads (target='dev')
[2026-07-28T00:11:23.645+0000] {subprocess.py:106} INFO - [0m00:11:23
[2026-07-28T00:11:23.699+0000] {subprocess.py:106} INFO - [0m00:11:23  1 of 1 START sql table model midraw.avito_ads .................................. [RUN]
[2026-07-28T00:11:23.768+0000] {subprocess.py:106} INFO - [0m00:11:23  1 of 1 OK created sql table model midraw.avito_ads ............................. [[32mSELECT 1057[0m in 0.07s]
[2026-07-28T00:11:23.776+0000] {subprocess.py:106} INFO - [0m00:11:23
[2026-07-28T00:11:23.777+0000] {subprocess.py:106} INFO - [0m00:11:23  Finished running 1 table model in 0 hours 0 minutes and 0.13 seconds (0.13s).
[2026-07-28T00:11:23.802+0000] {subprocess.py:106} INFO - [0m00:11:23
[2026-07-28T00:11:23.803+0000] {subprocess.py:106} INFO - [0m00:11:23  [32mCompleted successfully[0m
[2026-07-28T00:11:23.803+0000] {subprocess.py:106} INFO - [0m00:11:23
[2026-07-28T00:11:23.803+0000] {subprocess.py:106} INFO - [0m00:11:23  Done. PASS=1 WARN=0 ERROR=0 SKIP=0 NO-OP=0 TOTAL=1
[2026-07-28T00:11:28.911+0000] {subprocess.py:106} INFO - [0m00:11:28  Running with dbt=1.11.12
[2026-07-28T00:11:29.006+0000] {subprocess.py:106} INFO - [0m00:11:29  Registered adapter: postgres=1.9.0
[2026-07-28T00:11:29.213+0000] {subprocess.py:106} INFO - [0m00:11:29  Found 1 model, 4 data tests, 3 sources, 475 macros
[2026-07-28T00:11:29.214+0000] {subprocess.py:106} INFO - [0m00:11:29
[2026-07-28T00:11:29.214+0000] {subprocess.py:106} INFO - [0m00:11:29  Concurrency: 4 threads (target='dev')
[2026-07-28T00:11:29.214+0000] {subprocess.py:106} INFO - [0m00:11:29
[2026-07-28T00:11:29.258+0000] {subprocess.py:106} INFO - [0m00:11:29  1 of 4 START test accepted_values_avito_ads_source_system__avito__synthetic_avito  [RUN]
[2026-07-28T00:11:29.259+0000] {subprocess.py:106} INFO - [0m00:11:29  2 of 4 START test not_null_avito_ads_avito_id .................................. [RUN]
[2026-07-28T00:11:29.259+0000] {subprocess.py:106} INFO - [0m00:11:29  3 of 4 START test not_null_avito_ads_title ..................................... [RUN]
[2026-07-28T00:11:29.259+0000] {subprocess.py:106} INFO - [0m00:11:29  4 of 4 START test not_null_avito_ads_url ....................................... [RUN]
[2026-07-28T00:11:29.312+0000] {subprocess.py:106} INFO - [0m00:11:29  2 of 4 PASS not_null_avito_ads_avito_id ........................................ [[32mPASS[0m in 0.05s]
[2026-07-28T00:11:29.314+0000] {subprocess.py:106} INFO - [0m00:11:29  1 of 4 PASS accepted_values_avito_ads_source_system__avito__synthetic_avito .... [[32mPASS[0m in 0.05s]
[2026-07-28T00:11:29.315+0000] {subprocess.py:106} INFO - [0m00:11:29  3 of 4 PASS not_null_avito_ads_title ........................................... [[32mPASS[0m in 0.05s]
[2026-07-28T00:11:29.316+0000] {subprocess.py:106} INFO - [0m00:11:29  4 of 4 PASS not_null_avito_ads_url ............................................. [[32mPASS[0m in 0.06s]
[2026-07-28T00:11:29.326+0000] {subprocess.py:106} INFO - [0m00:11:29
[2026-07-28T00:11:29.326+0000] {subprocess.py:106} INFO - [0m00:11:29  Finished running 4 data tests in 0 hours 0 minutes and 0.11 seconds (0.11s).
[2026-07-28T00:11:29.353+0000] {subprocess.py:106} INFO - [0m00:11:29
[2026-07-28T00:11:29.354+0000] {subprocess.py:106} INFO - [0m00:11:29  [32mCompleted successfully[0m
[2026-07-28T00:11:29.354+0000] {subprocess.py:106} INFO - [0m00:11:29
[2026-07-28T00:11:29.354+0000] {subprocess.py:106} INFO - [0m00:11:29  Done. PASS=4 WARN=0 ERROR=0 SKIP=0 NO-OP=0 TOTAL=4
[2026-07-28T00:11:33.564+0000] {subprocess.py:110} INFO - Command exited with return code 0
[2026-07-28T00:11:33.580+0000] {taskinstance.py:341} INFO - ::group::Post task execution logs
[2026-07-28T00:11:33.580+0000] {taskinstance.py:353} INFO - Marking task as SUCCESS. dag_id=avito_to_raw_midraw, task_id=dbt_build_midraw, run_id=scheduled__2026-07-27T23:00:00+00:00, execution_date=20260727T230000, start_date=20260728T001122, end_date=20260728T001133
[2026-07-28T00:11:33.635+0000] {local_task_job_runner.py:266} INFO - Task exited with return code 0
[2026-07-28T00:11:33.644+0000] {taskinstance.py:3901} INFO - 0 downstream tasks scheduled from follow-on schedule check
[2026-07-28T00:11:33.645+0000] {local_task_job_runner.py:245} INFO - ::endgroup::
