[2026-07-22T04:22:49.706+0000] {local_task_job_runner.py:123} INFO - ::group::Pre task execution logs
[2026-07-22T04:22:49.715+0000] {taskinstance.py:2614} INFO - Dependencies all met for dep_context=non-requeueable deps ti=<TaskInstance: avito_to_raw_midraw.dbt_build_midraw scheduled__2026-07-22T03:00:00+00:00 [queued]>
[2026-07-22T04:22:49.718+0000] {taskinstance.py:2614} INFO - Dependencies all met for dep_context=requeueable deps ti=<TaskInstance: avito_to_raw_midraw.dbt_build_midraw scheduled__2026-07-22T03:00:00+00:00 [queued]>
[2026-07-22T04:22:49.719+0000] {taskinstance.py:2867} INFO - Starting attempt 1 of 2
[2026-07-22T04:22:49.723+0000] {taskinstance.py:2890} INFO - Executing <Task(BashOperator): dbt_build_midraw> on 2026-07-22 03:00:00+00:00
[2026-07-22T04:22:49.725+0000] {standard_task_runner.py:72} INFO - Started process 354 to run task
[2026-07-22T04:22:49.727+0000] {standard_task_runner.py:104} INFO - Running: ['***', 'tasks', 'run', 'avito_to_raw_midraw', 'dbt_build_midraw', 'scheduled__2026-07-22T03:00:00+00:00', '--job-id', '150', '--raw', '--subdir', 'DAGS_FOLDER/avito_to_raw_midraw.py', '--cfg-path', '/tmp/tmpu2cjxyzl']
[2026-07-22T04:22:49.729+0000] {standard_task_runner.py:105} INFO - Job 150: Subtask dbt_build_midraw
[2026-07-22T04:22:49.753+0000] {task_command.py:467} INFO - Running <TaskInstance: avito_to_raw_midraw.dbt_build_midraw scheduled__2026-07-22T03:00:00+00:00 [running]> on host 4c6dd7d943f5
[2026-07-22T04:22:49.889+0000] {taskinstance.py:3134} INFO - Exporting env vars: AIRFLOW_CTX_DAG_OWNER='data-eng' AIRFLOW_CTX_DAG_ID='avito_to_raw_midraw' AIRFLOW_CTX_TASK_ID='dbt_build_midraw' AIRFLOW_CTX_EXECUTION_DATE='2026-07-22T03:00:00+00:00' AIRFLOW_CTX_TRY_NUMBER='1' AIRFLOW_CTX_DAG_RUN_ID='scheduled__2026-07-22T03:00:00+00:00'
[2026-07-22T04:22:49.889+0000] {taskinstance.py:732} INFO - ::endgroup::
[2026-07-22T04:22:49.894+0000] {subprocess.py:78} INFO - Tmp dir root location: /tmp
[2026-07-22T04:22:49.894+0000] {subprocess.py:88} INFO - Running command: ['/usr/bin/bash', '-c', 'cd /opt/***/dbt && dbt run --profiles-dir . --select avito_ads && dbt test --profiles-dir . --select avito_ads']
[2026-07-22T04:22:49.899+0000] {subprocess.py:99} INFO - Output:
[2026-07-22T04:22:50.874+0000] {subprocess.py:106} INFO - [0m04:22:50  Running with dbt=1.11.12
[2026-07-22T04:22:50.977+0000] {subprocess.py:106} INFO - [0m04:22:50  Registered adapter: postgres=1.9.0
[2026-07-22T04:22:51.200+0000] {subprocess.py:106} INFO - [0m04:22:51  Found 1 model, 4 data tests, 3 sources, 475 macros
[2026-07-22T04:22:51.201+0000] {subprocess.py:106} INFO - [0m04:22:51
[2026-07-22T04:22:51.201+0000] {subprocess.py:106} INFO - [0m04:22:51  Concurrency: 4 threads (target='dev')
[2026-07-22T04:22:51.202+0000] {subprocess.py:106} INFO - [0m04:22:51
[2026-07-22T04:22:51.256+0000] {subprocess.py:106} INFO - [0m04:22:51  1 of 1 START sql table model midraw.avito_ads .................................. [RUN]
[2026-07-22T04:22:51.324+0000] {subprocess.py:106} INFO - [0m04:22:51  1 of 1 OK created sql table model midraw.avito_ads ............................. [[32mSELECT 1819[0m in 0.07s]
[2026-07-22T04:22:51.332+0000] {subprocess.py:106} INFO - [0m04:22:51
[2026-07-22T04:22:51.332+0000] {subprocess.py:106} INFO - [0m04:22:51  Finished running 1 table model in 0 hours 0 minutes and 0.13 seconds (0.13s).
[2026-07-22T04:22:51.358+0000] {subprocess.py:106} INFO - [0m04:22:51
[2026-07-22T04:22:51.359+0000] {subprocess.py:106} INFO - [0m04:22:51  [32mCompleted successfully[0m
[2026-07-22T04:22:51.359+0000] {subprocess.py:106} INFO - [0m04:22:51
[2026-07-22T04:22:51.359+0000] {subprocess.py:106} INFO - [0m04:22:51  Done. PASS=1 WARN=0 ERROR=0 SKIP=0 NO-OP=0 TOTAL=1
[2026-07-22T04:22:53.175+0000] {subprocess.py:106} INFO - [0m04:22:53  Running with dbt=1.11.12
[2026-07-22T04:22:53.267+0000] {subprocess.py:106} INFO - [0m04:22:53  Registered adapter: postgres=1.9.0
[2026-07-22T04:22:53.476+0000] {subprocess.py:106} INFO - [0m04:22:53  Found 1 model, 4 data tests, 3 sources, 475 macros
[2026-07-22T04:22:53.478+0000] {subprocess.py:106} INFO - [0m04:22:53
[2026-07-22T04:22:53.478+0000] {subprocess.py:106} INFO - [0m04:22:53  Concurrency: 4 threads (target='dev')
[2026-07-22T04:22:53.478+0000] {subprocess.py:106} INFO - [0m04:22:53
[2026-07-22T04:22:53.522+0000] {subprocess.py:106} INFO - [0m04:22:53  1 of 4 START test accepted_values_avito_ads_source_system__avito__synthetic_avito  [RUN]
[2026-07-22T04:22:53.523+0000] {subprocess.py:106} INFO - [0m04:22:53  2 of 4 START test not_null_avito_ads_avito_id .................................. [RUN]
[2026-07-22T04:22:53.523+0000] {subprocess.py:106} INFO - [0m04:22:53  3 of 4 START test not_null_avito_ads_title ..................................... [RUN]
[2026-07-22T04:22:53.524+0000] {subprocess.py:106} INFO - [0m04:22:53  4 of 4 START test not_null_avito_ads_url ....................................... [RUN]
[2026-07-22T04:22:53.579+0000] {subprocess.py:106} INFO - [0m04:22:53  1 of 4 PASS accepted_values_avito_ads_source_system__avito__synthetic_avito .... [[32mPASS[0m in 0.05s]
[2026-07-22T04:22:53.579+0000] {subprocess.py:106} INFO - [0m04:22:53  2 of 4 PASS not_null_avito_ads_avito_id ........................................ [[32mPASS[0m in 0.05s]
[2026-07-22T04:22:53.580+0000] {subprocess.py:106} INFO - [0m04:22:53  4 of 4 PASS not_null_avito_ads_url ............................................. [[32mPASS[0m in 0.05s]
[2026-07-22T04:22:53.580+0000] {subprocess.py:106} INFO - [0m04:22:53  3 of 4 PASS not_null_avito_ads_title ........................................... [[32mPASS[0m in 0.06s]
[2026-07-22T04:22:53.590+0000] {subprocess.py:106} INFO - [0m04:22:53
[2026-07-22T04:22:53.590+0000] {subprocess.py:106} INFO - [0m04:22:53  Finished running 4 data tests in 0 hours 0 minutes and 0.11 seconds (0.11s).
[2026-07-22T04:22:53.615+0000] {subprocess.py:106} INFO - [0m04:22:53
[2026-07-22T04:22:53.616+0000] {subprocess.py:106} INFO - [0m04:22:53  [32mCompleted successfully[0m
[2026-07-22T04:22:53.616+0000] {subprocess.py:106} INFO - [0m04:22:53
[2026-07-22T04:22:53.616+0000] {subprocess.py:106} INFO - [0m04:22:53  Done. PASS=4 WARN=0 ERROR=0 SKIP=0 NO-OP=0 TOTAL=4
[2026-07-22T04:22:55.005+0000] {subprocess.py:110} INFO - Command exited with return code 0
[2026-07-22T04:22:55.020+0000] {taskinstance.py:341} INFO - ::group::Post task execution logs
[2026-07-22T04:22:55.021+0000] {taskinstance.py:353} INFO - Marking task as SUCCESS. dag_id=avito_to_raw_midraw, task_id=dbt_build_midraw, run_id=scheduled__2026-07-22T03:00:00+00:00, execution_date=20260722T030000, start_date=20260722T042249, end_date=20260722T042255
[2026-07-22T04:22:55.072+0000] {local_task_job_runner.py:266} INFO - Task exited with return code 0
[2026-07-22T04:22:55.080+0000] {taskinstance.py:3901} INFO - 0 downstream tasks scheduled from follow-on schedule check
[2026-07-22T04:22:55.081+0000] {local_task_job_runner.py:245} INFO - ::endgroup::
