[2026-07-24T01:26:54.526+0000] {local_task_job_runner.py:123} INFO - ::group::Pre task execution logs
[2026-07-24T01:26:54.535+0000] {taskinstance.py:2614} INFO - Dependencies all met for dep_context=non-requeueable deps ti=<TaskInstance: avito_to_raw_midraw.dbt_build_midraw scheduled__2026-07-24T00:00:00+00:00 [queued]>
[2026-07-24T01:26:54.538+0000] {taskinstance.py:2614} INFO - Dependencies all met for dep_context=requeueable deps ti=<TaskInstance: avito_to_raw_midraw.dbt_build_midraw scheduled__2026-07-24T00:00:00+00:00 [queued]>
[2026-07-24T01:26:54.539+0000] {taskinstance.py:2867} INFO - Starting attempt 1 of 2
[2026-07-24T01:26:54.543+0000] {taskinstance.py:2890} INFO - Executing <Task(BashOperator): dbt_build_midraw> on 2026-07-24 00:00:00+00:00
[2026-07-24T01:26:54.545+0000] {standard_task_runner.py:72} INFO - Started process 1659 to run task
[2026-07-24T01:26:54.547+0000] {standard_task_runner.py:104} INFO - Running: ['***', 'tasks', 'run', 'avito_to_raw_midraw', 'dbt_build_midraw', 'scheduled__2026-07-24T00:00:00+00:00', '--job-id', '240', '--raw', '--subdir', 'DAGS_FOLDER/avito_to_raw_midraw.py', '--cfg-path', '/tmp/tmp16qxheld']
[2026-07-24T01:26:54.548+0000] {standard_task_runner.py:105} INFO - Job 240: Subtask dbt_build_midraw
[2026-07-24T01:26:54.571+0000] {task_command.py:467} INFO - Running <TaskInstance: avito_to_raw_midraw.dbt_build_midraw scheduled__2026-07-24T00:00:00+00:00 [running]> on host 4c6dd7d943f5
[2026-07-24T01:26:54.705+0000] {taskinstance.py:3134} INFO - Exporting env vars: AIRFLOW_CTX_DAG_OWNER='data-eng' AIRFLOW_CTX_DAG_ID='avito_to_raw_midraw' AIRFLOW_CTX_TASK_ID='dbt_build_midraw' AIRFLOW_CTX_EXECUTION_DATE='2026-07-24T00:00:00+00:00' AIRFLOW_CTX_TRY_NUMBER='1' AIRFLOW_CTX_DAG_RUN_ID='scheduled__2026-07-24T00:00:00+00:00'
[2026-07-24T01:26:54.705+0000] {taskinstance.py:732} INFO - ::endgroup::
[2026-07-24T01:26:54.710+0000] {subprocess.py:78} INFO - Tmp dir root location: /tmp
[2026-07-24T01:26:54.710+0000] {subprocess.py:88} INFO - Running command: ['/usr/bin/bash', '-c', 'cd /opt/***/dbt && dbt run --profiles-dir . --select avito_ads && dbt test --profiles-dir . --select avito_ads']
[2026-07-24T01:26:54.714+0000] {subprocess.py:99} INFO - Output:
[2026-07-24T01:26:55.642+0000] {subprocess.py:106} INFO - [0m01:26:55  Running with dbt=1.11.12
[2026-07-24T01:26:55.746+0000] {subprocess.py:106} INFO - [0m01:26:55  Registered adapter: postgres=1.9.0
[2026-07-24T01:26:55.957+0000] {subprocess.py:106} INFO - [0m01:26:55  Found 1 model, 4 data tests, 3 sources, 475 macros
[2026-07-24T01:26:55.959+0000] {subprocess.py:106} INFO - [0m01:26:55
[2026-07-24T01:26:55.959+0000] {subprocess.py:106} INFO - [0m01:26:55  Concurrency: 4 threads (target='dev')
[2026-07-24T01:26:55.960+0000] {subprocess.py:106} INFO - [0m01:26:55
[2026-07-24T01:26:56.016+0000] {subprocess.py:106} INFO - [0m01:26:56  1 of 1 START sql table model midraw.avito_ads .................................. [RUN]
[2026-07-24T01:26:56.081+0000] {subprocess.py:106} INFO - [0m01:26:56  1 of 1 OK created sql table model midraw.avito_ads ............................. [[32mSELECT 2198[0m in 0.06s]
[2026-07-24T01:26:56.088+0000] {subprocess.py:106} INFO - [0m01:26:56
[2026-07-24T01:26:56.089+0000] {subprocess.py:106} INFO - [0m01:26:56  Finished running 1 table model in 0 hours 0 minutes and 0.13 seconds (0.13s).
[2026-07-24T01:26:56.114+0000] {subprocess.py:106} INFO - [0m01:26:56
[2026-07-24T01:26:56.114+0000] {subprocess.py:106} INFO - [0m01:26:56  [32mCompleted successfully[0m
[2026-07-24T01:26:56.114+0000] {subprocess.py:106} INFO - [0m01:26:56
[2026-07-24T01:26:56.115+0000] {subprocess.py:106} INFO - [0m01:26:56  Done. PASS=1 WARN=0 ERROR=0 SKIP=0 NO-OP=0 TOTAL=1
[2026-07-24T01:27:01.199+0000] {subprocess.py:106} INFO - [0m01:27:01  Running with dbt=1.11.12
[2026-07-24T01:27:01.294+0000] {subprocess.py:106} INFO - [0m01:27:01  Registered adapter: postgres=1.9.0
[2026-07-24T01:27:01.506+0000] {subprocess.py:106} INFO - [0m01:27:01  Found 1 model, 4 data tests, 3 sources, 475 macros
[2026-07-24T01:27:01.508+0000] {subprocess.py:106} INFO - [0m01:27:01
[2026-07-24T01:27:01.508+0000] {subprocess.py:106} INFO - [0m01:27:01  Concurrency: 4 threads (target='dev')
[2026-07-24T01:27:01.508+0000] {subprocess.py:106} INFO - [0m01:27:01
[2026-07-24T01:27:01.551+0000] {subprocess.py:106} INFO - [0m01:27:01  1 of 4 START test accepted_values_avito_ads_source_system__avito__synthetic_avito  [RUN]
[2026-07-24T01:27:01.551+0000] {subprocess.py:106} INFO - [0m01:27:01  2 of 4 START test not_null_avito_ads_avito_id .................................. [RUN]
[2026-07-24T01:27:01.551+0000] {subprocess.py:106} INFO - [0m01:27:01  3 of 4 START test not_null_avito_ads_title ..................................... [RUN]
[2026-07-24T01:27:01.552+0000] {subprocess.py:106} INFO - [0m01:27:01  4 of 4 START test not_null_avito_ads_url ....................................... [RUN]
[2026-07-24T01:27:01.602+0000] {subprocess.py:106} INFO - [0m01:27:01  2 of 4 PASS not_null_avito_ads_avito_id ........................................ [[32mPASS[0m in 0.05s]
[2026-07-24T01:27:01.603+0000] {subprocess.py:106} INFO - [0m01:27:01  3 of 4 PASS not_null_avito_ads_title ........................................... [[32mPASS[0m in 0.05s]
[2026-07-24T01:27:01.604+0000] {subprocess.py:106} INFO - [0m01:27:01  4 of 4 PASS not_null_avito_ads_url ............................................. [[32mPASS[0m in 0.05s]
[2026-07-24T01:27:01.605+0000] {subprocess.py:106} INFO - [0m01:27:01  1 of 4 PASS accepted_values_avito_ads_source_system__avito__synthetic_avito .... [[32mPASS[0m in 0.05s]
[2026-07-24T01:27:01.615+0000] {subprocess.py:106} INFO - [0m01:27:01
[2026-07-24T01:27:01.615+0000] {subprocess.py:106} INFO - [0m01:27:01  Finished running 4 data tests in 0 hours 0 minutes and 0.11 seconds (0.11s).
[2026-07-24T01:27:01.641+0000] {subprocess.py:106} INFO - [0m01:27:01
[2026-07-24T01:27:01.641+0000] {subprocess.py:106} INFO - [0m01:27:01  [32mCompleted successfully[0m
[2026-07-24T01:27:01.641+0000] {subprocess.py:106} INFO - [0m01:27:01
[2026-07-24T01:27:01.641+0000] {subprocess.py:106} INFO - [0m01:27:01  Done. PASS=4 WARN=0 ERROR=0 SKIP=0 NO-OP=0 TOTAL=4
[2026-07-24T01:27:05.857+0000] {subprocess.py:110} INFO - Command exited with return code 0
[2026-07-24T01:27:05.872+0000] {taskinstance.py:341} INFO - ::group::Post task execution logs
[2026-07-24T01:27:05.872+0000] {taskinstance.py:353} INFO - Marking task as SUCCESS. dag_id=avito_to_raw_midraw, task_id=dbt_build_midraw, run_id=scheduled__2026-07-24T00:00:00+00:00, execution_date=20260724T000000, start_date=20260724T012654, end_date=20260724T012705
[2026-07-24T01:27:05.897+0000] {local_task_job_runner.py:266} INFO - Task exited with return code 0
[2026-07-24T01:27:05.905+0000] {taskinstance.py:3901} INFO - 0 downstream tasks scheduled from follow-on schedule check
[2026-07-24T01:27:05.906+0000] {local_task_job_runner.py:245} INFO - ::endgroup::
