[2026-07-27T19:00:12.488+0000] {local_task_job_runner.py:123} INFO - ::group::Pre task execution logs
[2026-07-27T19:00:12.498+0000] {taskinstance.py:2614} INFO - Dependencies all met for dep_context=non-requeueable deps ti=<TaskInstance: avito_to_raw_midraw.dbt_build_midraw scheduled__2026-07-27T18:00:00+00:00 [queued]>
[2026-07-27T19:00:12.501+0000] {taskinstance.py:2614} INFO - Dependencies all met for dep_context=requeueable deps ti=<TaskInstance: avito_to_raw_midraw.dbt_build_midraw scheduled__2026-07-27T18:00:00+00:00 [queued]>
[2026-07-27T19:00:12.502+0000] {taskinstance.py:2867} INFO - Starting attempt 1 of 2
[2026-07-27T19:00:12.506+0000] {taskinstance.py:2890} INFO - Executing <Task(BashOperator): dbt_build_midraw> on 2026-07-27 18:00:00+00:00
[2026-07-27T19:00:12.508+0000] {standard_task_runner.py:72} INFO - Started process 4283 to run task
[2026-07-27T19:00:12.510+0000] {standard_task_runner.py:104} INFO - Running: ['***', 'tasks', 'run', 'avito_to_raw_midraw', 'dbt_build_midraw', 'scheduled__2026-07-27T18:00:00+00:00', '--job-id', '420', '--raw', '--subdir', 'DAGS_FOLDER/avito_to_raw_midraw.py', '--cfg-path', '/tmp/tmpmme6j0ws']
[2026-07-27T19:00:12.512+0000] {standard_task_runner.py:105} INFO - Job 420: Subtask dbt_build_midraw
[2026-07-27T19:00:12.535+0000] {task_command.py:467} INFO - Running <TaskInstance: avito_to_raw_midraw.dbt_build_midraw scheduled__2026-07-27T18:00:00+00:00 [running]> on host 4c6dd7d943f5
[2026-07-27T19:00:12.675+0000] {taskinstance.py:3134} INFO - Exporting env vars: AIRFLOW_CTX_DAG_OWNER='data-eng' AIRFLOW_CTX_DAG_ID='avito_to_raw_midraw' AIRFLOW_CTX_TASK_ID='dbt_build_midraw' AIRFLOW_CTX_EXECUTION_DATE='2026-07-27T18:00:00+00:00' AIRFLOW_CTX_TRY_NUMBER='1' AIRFLOW_CTX_DAG_RUN_ID='scheduled__2026-07-27T18:00:00+00:00'
[2026-07-27T19:00:12.676+0000] {taskinstance.py:732} INFO - ::endgroup::
[2026-07-27T19:00:12.681+0000] {subprocess.py:78} INFO - Tmp dir root location: /tmp
[2026-07-27T19:00:12.681+0000] {subprocess.py:88} INFO - Running command: ['/usr/bin/bash', '-c', 'cd /opt/***/dbt && dbt run --profiles-dir . --select avito_ads && dbt test --profiles-dir . --select avito_ads']
[2026-07-27T19:00:12.687+0000] {subprocess.py:99} INFO - Output:
[2026-07-27T19:00:13.604+0000] {subprocess.py:106} INFO - [0m19:00:13  Running with dbt=1.11.12
[2026-07-27T19:00:13.708+0000] {subprocess.py:106} INFO - [0m19:00:13  Registered adapter: postgres=1.9.0
[2026-07-27T19:00:13.899+0000] {subprocess.py:106} INFO - [0m19:00:13  Found 1 model, 4 data tests, 3 sources, 475 macros
[2026-07-27T19:00:13.901+0000] {subprocess.py:106} INFO - [0m19:00:13
[2026-07-27T19:00:13.901+0000] {subprocess.py:106} INFO - [0m19:00:13  Concurrency: 4 threads (target='dev')
[2026-07-27T19:00:13.901+0000] {subprocess.py:106} INFO - [0m19:00:13
[2026-07-27T19:00:13.949+0000] {subprocess.py:106} INFO - [0m19:00:13  1 of 1 START sql table model midraw.avito_ads .................................. [RUN]
[2026-07-27T19:00:14.017+0000] {subprocess.py:106} INFO - [0m19:00:14  1 of 1 OK created sql table model midraw.avito_ads ............................. [[32mSELECT 991[0m in 0.07s]
[2026-07-27T19:00:14.023+0000] {subprocess.py:106} INFO - [0m19:00:14
[2026-07-27T19:00:14.023+0000] {subprocess.py:106} INFO - [0m19:00:14  Finished running 1 table model in 0 hours 0 minutes and 0.12 seconds (0.12s).
[2026-07-27T19:00:14.044+0000] {subprocess.py:106} INFO - [0m19:00:14
[2026-07-27T19:00:14.045+0000] {subprocess.py:106} INFO - [0m19:00:14  [32mCompleted successfully[0m
[2026-07-27T19:00:14.045+0000] {subprocess.py:106} INFO - [0m19:00:14
[2026-07-27T19:00:14.045+0000] {subprocess.py:106} INFO - [0m19:00:14  Done. PASS=1 WARN=0 ERROR=0 SKIP=0 NO-OP=0 TOTAL=1
[2026-07-27T19:00:16.329+0000] {subprocess.py:106} INFO - [0m19:00:16  Running with dbt=1.11.12
[2026-07-27T19:00:16.423+0000] {subprocess.py:106} INFO - [0m19:00:16  Registered adapter: postgres=1.9.0
[2026-07-27T19:00:16.645+0000] {subprocess.py:106} INFO - [0m19:00:16  Found 1 model, 4 data tests, 3 sources, 475 macros
[2026-07-27T19:00:16.649+0000] {subprocess.py:106} INFO - [0m19:00:16
[2026-07-27T19:00:16.650+0000] {subprocess.py:106} INFO - [0m19:00:16  Concurrency: 4 threads (target='dev')
[2026-07-27T19:00:16.651+0000] {subprocess.py:106} INFO - [0m19:00:16
[2026-07-27T19:00:16.694+0000] {subprocess.py:106} INFO - [0m19:00:16  1 of 4 START test accepted_values_avito_ads_source_system__avito__synthetic_avito  [RUN]
[2026-07-27T19:00:16.695+0000] {subprocess.py:106} INFO - [0m19:00:16  2 of 4 START test not_null_avito_ads_avito_id .................................. [RUN]
[2026-07-27T19:00:16.695+0000] {subprocess.py:106} INFO - [0m19:00:16  3 of 4 START test not_null_avito_ads_title ..................................... [RUN]
[2026-07-27T19:00:16.696+0000] {subprocess.py:106} INFO - [0m19:00:16  4 of 4 START test not_null_avito_ads_url ....................................... [RUN]
[2026-07-27T19:00:16.745+0000] {subprocess.py:106} INFO - [0m19:00:16  1 of 4 PASS accepted_values_avito_ads_source_system__avito__synthetic_avito .... [[32mPASS[0m in 0.05s]
[2026-07-27T19:00:16.745+0000] {subprocess.py:106} INFO - [0m19:00:16  4 of 4 PASS not_null_avito_ads_url ............................................. [[32mPASS[0m in 0.05s]
[2026-07-27T19:00:16.746+0000] {subprocess.py:106} INFO - [0m19:00:16  2 of 4 PASS not_null_avito_ads_avito_id ........................................ [[32mPASS[0m in 0.05s]
[2026-07-27T19:00:16.747+0000] {subprocess.py:106} INFO - [0m19:00:16  3 of 4 PASS not_null_avito_ads_title ........................................... [[32mPASS[0m in 0.05s]
[2026-07-27T19:00:16.755+0000] {subprocess.py:106} INFO - [0m19:00:16
[2026-07-27T19:00:16.755+0000] {subprocess.py:106} INFO - [0m19:00:16  Finished running 4 data tests in 0 hours 0 minutes and 0.10 seconds (0.10s).
[2026-07-27T19:00:16.776+0000] {subprocess.py:106} INFO - [0m19:00:16
[2026-07-27T19:00:16.776+0000] {subprocess.py:106} INFO - [0m19:00:16  [32mCompleted successfully[0m
[2026-07-27T19:00:16.777+0000] {subprocess.py:106} INFO - [0m19:00:16
[2026-07-27T19:00:16.777+0000] {subprocess.py:106} INFO - [0m19:00:16  Done. PASS=4 WARN=0 ERROR=0 SKIP=0 NO-OP=0 TOTAL=4
[2026-07-27T19:00:18.060+0000] {subprocess.py:110} INFO - Command exited with return code 0
[2026-07-27T19:00:18.075+0000] {taskinstance.py:341} INFO - ::group::Post task execution logs
[2026-07-27T19:00:18.075+0000] {taskinstance.py:353} INFO - Marking task as SUCCESS. dag_id=avito_to_raw_midraw, task_id=dbt_build_midraw, run_id=scheduled__2026-07-27T18:00:00+00:00, execution_date=20260727T180000, start_date=20260727T190012, end_date=20260727T190018
[2026-07-27T19:00:18.096+0000] {local_task_job_runner.py:266} INFO - Task exited with return code 0
[2026-07-27T19:00:18.104+0000] {taskinstance.py:3901} INFO - 0 downstream tasks scheduled from follow-on schedule check
[2026-07-27T19:00:18.105+0000] {local_task_job_runner.py:245} INFO - ::endgroup::
