[2026-08-04T03:13:14.846+0000] {local_task_job_runner.py:123} INFO - ::group::Pre task execution logs
[2026-08-04T03:13:14.862+0000] {taskinstance.py:2614} INFO - Dependencies all met for dep_context=non-requeueable deps ti=<TaskInstance: avito_to_raw_midraw.dbt_build_midraw scheduled__2026-08-04T02:00:00+00:00 [queued]>
[2026-08-04T03:13:14.868+0000] {taskinstance.py:2614} INFO - Dependencies all met for dep_context=requeueable deps ti=<TaskInstance: avito_to_raw_midraw.dbt_build_midraw scheduled__2026-08-04T02:00:00+00:00 [queued]>
[2026-08-04T03:13:14.869+0000] {taskinstance.py:2867} INFO - Starting attempt 1 of 2
[2026-08-04T03:13:14.877+0000] {taskinstance.py:2890} INFO - Executing <Task(BashOperator): dbt_build_midraw> on 2026-08-04 02:00:00+00:00
[2026-08-04T03:13:14.883+0000] {standard_task_runner.py:72} INFO - Started process 1700 to run task
[2026-08-04T03:13:14.889+0000] {standard_task_runner.py:104} INFO - Running: ['***', 'tasks', 'run', 'avito_to_raw_midraw', 'dbt_build_midraw', 'scheduled__2026-08-04T02:00:00+00:00', '--job-id', '751', '--raw', '--subdir', 'DAGS_FOLDER/avito_to_raw_midraw.py', '--cfg-path', '/tmp/tmpge_qe92c']
[2026-08-04T03:13:14.894+0000] {standard_task_runner.py:105} INFO - Job 751: Subtask dbt_build_midraw
[2026-08-04T03:13:14.950+0000] {task_command.py:467} INFO - Running <TaskInstance: avito_to_raw_midraw.dbt_build_midraw scheduled__2026-08-04T02:00:00+00:00 [running]> on host 4c6dd7d943f5
[2026-08-04T03:13:15.177+0000] {taskinstance.py:3134} INFO - Exporting env vars: AIRFLOW_CTX_DAG_OWNER='data-eng' AIRFLOW_CTX_DAG_ID='avito_to_raw_midraw' AIRFLOW_CTX_TASK_ID='dbt_build_midraw' AIRFLOW_CTX_EXECUTION_DATE='2026-08-04T02:00:00+00:00' AIRFLOW_CTX_TRY_NUMBER='1' AIRFLOW_CTX_DAG_RUN_ID='scheduled__2026-08-04T02:00:00+00:00'
[2026-08-04T03:13:15.178+0000] {taskinstance.py:732} INFO - ::endgroup::
[2026-08-04T03:13:15.189+0000] {subprocess.py:78} INFO - Tmp dir root location: /tmp
[2026-08-04T03:13:15.191+0000] {subprocess.py:88} INFO - Running command: ['/usr/bin/bash', '-c', 'cd /opt/***/dbt && dbt run --profiles-dir . --select avito_ads && dbt test --profiles-dir . --select avito_ads']
[2026-08-04T03:13:15.204+0000] {subprocess.py:99} INFO - Output:
[2026-08-04T03:13:16.725+0000] {subprocess.py:106} INFO - [0m03:13:16  Running with dbt=1.11.12
[2026-08-04T03:13:16.865+0000] {subprocess.py:106} INFO - [0m03:13:16  Registered adapter: postgres=1.9.0
[2026-08-04T03:13:17.164+0000] {subprocess.py:106} INFO - [0m03:13:17  Found 1 model, 4 data tests, 3 sources, 475 macros
[2026-08-04T03:13:17.166+0000] {subprocess.py:106} INFO - [0m03:13:17
[2026-08-04T03:13:17.166+0000] {subprocess.py:106} INFO - [0m03:13:17  Concurrency: 4 threads (target='dev')
[2026-08-04T03:13:17.167+0000] {subprocess.py:106} INFO - [0m03:13:17
[2026-08-04T03:13:17.274+0000] {subprocess.py:106} INFO - [0m03:13:17  1 of 1 START sql table model midraw.avito_ads .................................. [RUN]
[2026-08-04T04:30:32.714+0000] {job.py:229} INFO - Heartbeat recovered after 4612.44 seconds
[2026-08-04T05:14:53.805+0000] {job.py:229} INFO - Heartbeat recovered after 2635.72 seconds
[2026-08-04T05:15:12.332+0000] {subprocess.py:106} INFO - [0m05:15:12  1 of 1 OK created sql table model midraw.avito_ads ............................. [[32mSELECT 2008[0m in 7315.05s]
[2026-08-04T05:15:12.351+0000] {subprocess.py:106} INFO - [0m05:15:12
[2026-08-04T05:15:12.352+0000] {subprocess.py:106} INFO - [0m05:15:12  Finished running 1 table model in 2 hours 1 minutes and 55.18 seconds (7315.18s).
[2026-08-04T05:15:12.407+0000] {subprocess.py:106} INFO - [0m05:15:12
[2026-08-04T05:15:12.408+0000] {subprocess.py:106} INFO - [0m05:15:12  [32mCompleted successfully[0m
[2026-08-04T05:15:12.408+0000] {subprocess.py:106} INFO - [0m05:15:12
[2026-08-04T05:15:12.409+0000] {subprocess.py:106} INFO - [0m05:15:12  Done. PASS=1 WARN=0 ERROR=0 SKIP=0 NO-OP=0 TOTAL=1
[2026-08-04T05:15:17.138+0000] {subprocess.py:106} INFO - [0m05:15:17  Running with dbt=1.11.12
[2026-08-04T05:15:17.319+0000] {subprocess.py:106} INFO - [0m05:15:17  Registered adapter: postgres=1.9.0
[2026-08-04T05:15:17.698+0000] {subprocess.py:106} INFO - [0m05:15:17  Found 1 model, 4 data tests, 3 sources, 475 macros
[2026-08-04T05:15:17.700+0000] {subprocess.py:106} INFO - [0m05:15:17
[2026-08-04T05:15:17.701+0000] {subprocess.py:106} INFO - [0m05:15:17  Concurrency: 4 threads (target='dev')
[2026-08-04T05:15:17.701+0000] {subprocess.py:106} INFO - [0m05:15:17
[2026-08-04T05:15:17.785+0000] {subprocess.py:106} INFO - [0m05:15:17  1 of 4 START test accepted_values_avito_ads_source_system__avito__synthetic_avito  [RUN]
[2026-08-04T05:15:17.786+0000] {subprocess.py:106} INFO - [0m05:15:17  2 of 4 START test not_null_avito_ads_avito_id .................................. [RUN]
[2026-08-04T05:15:17.786+0000] {subprocess.py:106} INFO - [0m05:15:17  3 of 4 START test not_null_avito_ads_title ..................................... [RUN]
[2026-08-04T05:15:17.787+0000] {subprocess.py:106} INFO - [0m05:15:17  4 of 4 START test not_null_avito_ads_url ....................................... [RUN]
[2026-08-04T05:15:17.870+0000] {subprocess.py:106} INFO - [0m05:15:17  2 of 4 PASS not_null_avito_ads_avito_id ........................................ [[32mPASS[0m in 0.08s]
[2026-08-04T05:15:17.870+0000] {subprocess.py:106} INFO - [0m05:15:17  3 of 4 PASS not_null_avito_ads_title ........................................... [[32mPASS[0m in 0.08s]
[2026-08-04T05:15:17.871+0000] {subprocess.py:106} INFO - [0m05:15:17  1 of 4 PASS accepted_values_avito_ads_source_system__avito__synthetic_avito .... [[32mPASS[0m in 0.08s]
[2026-08-04T05:15:17.872+0000] {subprocess.py:106} INFO - [0m05:15:17  4 of 4 PASS not_null_avito_ads_url ............................................. [[32mPASS[0m in 0.08s]
[2026-08-04T05:15:17.886+0000] {subprocess.py:106} INFO - [0m05:15:17
[2026-08-04T05:15:17.886+0000] {subprocess.py:106} INFO - [0m05:15:17  Finished running 4 data tests in 0 hours 0 minutes and 0.18 seconds (0.18s).
[2026-08-04T05:15:17.921+0000] {subprocess.py:106} INFO - [0m05:15:17
[2026-08-04T05:15:17.921+0000] {subprocess.py:106} INFO - [0m05:15:17  [32mCompleted successfully[0m
[2026-08-04T05:15:17.921+0000] {subprocess.py:106} INFO - [0m05:15:17
[2026-08-04T05:15:17.922+0000] {subprocess.py:106} INFO - [0m05:15:17  Done. PASS=4 WARN=0 ERROR=0 SKIP=0 NO-OP=0 TOTAL=4
[2026-08-04T06:30:46.039+0000] {subprocess.py:110} INFO - Command exited with return code 0
[2026-08-04T06:30:46.377+0000] {taskinstance.py:341} INFO - ::group::Post task execution logs
[2026-08-04T06:30:46.382+0000] {taskinstance.py:353} INFO - Marking task as SUCCESS. dag_id=avito_to_raw_midraw, task_id=dbt_build_midraw, run_id=scheduled__2026-08-04T02:00:00+00:00, execution_date=20260804T020000, start_date=20260804T031314, end_date=20260804T063046
[2026-08-04T06:30:46.525+0000] {local_task_job_runner.py:266} INFO - Task exited with return code 0
[2026-08-04T06:30:46.573+0000] {taskinstance.py:3901} INFO - 0 downstream tasks scheduled from follow-on schedule check
[2026-08-04T06:30:46.575+0000] {local_task_job_runner.py:245} INFO - ::endgroup::
