[2026-07-12T12:10:27.693+0000] {local_task_job_runner.py:123} INFO - ::group::Pre task execution logs
[2026-07-12T12:10:27.707+0000] {taskinstance.py:2614} INFO - Dependencies all met for dep_context=non-requeueable deps ti=<TaskInstance: avito_to_raw_midraw.dbt_build_midraw scheduled__2026-07-12T11:00:00+00:00 [queued]>
[2026-07-12T12:10:27.711+0000] {taskinstance.py:2614} INFO - Dependencies all met for dep_context=requeueable deps ti=<TaskInstance: avito_to_raw_midraw.dbt_build_midraw scheduled__2026-07-12T11:00:00+00:00 [queued]>
[2026-07-12T12:10:27.712+0000] {taskinstance.py:2867} INFO - Starting attempt 1 of 2
[2026-07-12T12:10:27.716+0000] {taskinstance.py:2890} INFO - Executing <Task(BashOperator): dbt_build_midraw> on 2026-07-12 11:00:00+00:00
[2026-07-12T12:10:27.719+0000] {standard_task_runner.py:72} INFO - Started process 103 to run task
[2026-07-12T12:10:27.722+0000] {standard_task_runner.py:104} INFO - Running: ['***', 'tasks', 'run', 'avito_to_raw_midraw', 'dbt_build_midraw', 'scheduled__2026-07-12T11:00:00+00:00', '--job-id', '90', '--raw', '--subdir', 'DAGS_FOLDER/avito_to_raw_midraw.py', '--cfg-path', '/tmp/tmpx6l8cwdx']
[2026-07-12T12:10:27.724+0000] {standard_task_runner.py:105} INFO - Job 90: Subtask dbt_build_midraw
[2026-07-12T12:10:27.754+0000] {task_command.py:467} INFO - Running <TaskInstance: avito_to_raw_midraw.dbt_build_midraw scheduled__2026-07-12T11:00:00+00:00 [running]> on host 4c6dd7d943f5
[2026-07-12T12:10:27.941+0000] {taskinstance.py:3134} INFO - Exporting env vars: AIRFLOW_CTX_DAG_OWNER='data-eng' AIRFLOW_CTX_DAG_ID='avito_to_raw_midraw' AIRFLOW_CTX_TASK_ID='dbt_build_midraw' AIRFLOW_CTX_EXECUTION_DATE='2026-07-12T11:00:00+00:00' AIRFLOW_CTX_TRY_NUMBER='1' AIRFLOW_CTX_DAG_RUN_ID='scheduled__2026-07-12T11:00:00+00:00'
[2026-07-12T12:10:27.942+0000] {taskinstance.py:732} INFO - ::endgroup::
[2026-07-12T12:10:27.948+0000] {subprocess.py:78} INFO - Tmp dir root location: /tmp
[2026-07-12T12:10:27.949+0000] {subprocess.py:88} INFO - Running command: ['/usr/bin/bash', '-c', 'cd /opt/***/dbt && dbt run --profiles-dir . --select avito_ads && dbt test --profiles-dir . --select avito_ads']
[2026-07-12T12:10:27.955+0000] {subprocess.py:99} INFO - Output:
[2026-07-12T12:10:29.089+0000] {subprocess.py:106} INFO - [0m12:10:29  Running with dbt=1.11.12
[2026-07-12T12:10:29.220+0000] {subprocess.py:106} INFO - [0m12:10:29  Registered adapter: postgres=1.9.0
[2026-07-12T12:10:29.467+0000] {subprocess.py:106} INFO - [0m12:10:29  Found 1 model, 6 data tests, 1 source, 475 macros
[2026-07-12T12:10:29.468+0000] {subprocess.py:106} INFO - [0m12:10:29
[2026-07-12T12:10:29.469+0000] {subprocess.py:106} INFO - [0m12:10:29  Concurrency: 4 threads (target='dev')
[2026-07-12T12:10:29.469+0000] {subprocess.py:106} INFO - [0m12:10:29
[2026-07-12T12:10:29.547+0000] {subprocess.py:106} INFO - [0m12:10:29  1 of 1 START sql table model midraw.avito_ads .................................. [RUN]
[2026-07-12T12:28:05.920+0000] {job.py:229} INFO - Heartbeat recovered after 1048.12 seconds
[2026-07-12T12:28:07.614+0000] {subprocess.py:106} INFO - [0m12:28:07  1 of 1 OK created sql table model midraw.avito_ads ............................. [[32mSELECT 39100[0m in 1058.06s]
[2026-07-12T12:28:07.623+0000] {subprocess.py:106} INFO - [0m12:28:07
[2026-07-12T12:28:07.624+0000] {subprocess.py:106} INFO - [0m12:28:07  Finished running 1 table model in 0 hours 17 minutes and 38.15 seconds (1058.15s).
[2026-07-12T12:28:07.652+0000] {subprocess.py:106} INFO - [0m12:28:07
[2026-07-12T12:28:07.652+0000] {subprocess.py:106} INFO - [0m12:28:07  [32mCompleted successfully[0m
[2026-07-12T12:28:07.653+0000] {subprocess.py:106} INFO - [0m12:28:07
[2026-07-12T12:28:07.653+0000] {subprocess.py:106} INFO - [0m12:28:07  Done. PASS=1 WARN=0 ERROR=0 SKIP=0 NO-OP=0 TOTAL=1
[2026-07-12T12:28:09.445+0000] {subprocess.py:106} INFO - [0m12:28:09  Running with dbt=1.11.12
[2026-07-12T12:28:09.565+0000] {subprocess.py:106} INFO - [0m12:28:09  Registered adapter: postgres=1.9.0
[2026-07-12T12:28:09.784+0000] {subprocess.py:106} INFO - [0m12:28:09  Found 1 model, 6 data tests, 1 source, 475 macros
[2026-07-12T12:28:09.785+0000] {subprocess.py:106} INFO - [0m12:28:09
[2026-07-12T12:28:09.785+0000] {subprocess.py:106} INFO - [0m12:28:09  Concurrency: 4 threads (target='dev')
[2026-07-12T12:28:09.786+0000] {subprocess.py:106} INFO - [0m12:28:09
[2026-07-12T12:28:09.844+0000] {subprocess.py:106} INFO - [0m12:28:09  1 of 6 START test accepted_values_avito_ads_source_system__avito__synthetic_avito  [RUN]
[2026-07-12T12:28:09.844+0000] {subprocess.py:106} INFO - [0m12:28:09  2 of 6 START test not_null_avito_ads_avito_id .................................. [RUN]
[2026-07-12T12:28:09.845+0000] {subprocess.py:106} INFO - [0m12:28:09  3 of 6 START test not_null_avito_ads_row_number ................................ [RUN]
[2026-07-12T12:28:09.845+0000] {subprocess.py:106} INFO - [0m12:28:09  4 of 6 START test not_null_avito_ads_run_id .................................... [RUN]
[2026-07-12T12:28:09.930+0000] {subprocess.py:106} INFO - [0m12:28:09  1 of 6 PASS accepted_values_avito_ads_source_system__avito__synthetic_avito .... [[32mPASS[0m in 0.08s]
[2026-07-12T12:28:09.931+0000] {subprocess.py:106} INFO - [0m12:28:09  4 of 6 PASS not_null_avito_ads_run_id .......................................... [[32mPASS[0m in 0.08s]
[2026-07-12T12:28:09.931+0000] {subprocess.py:106} INFO - [0m12:28:09  2 of 6 PASS not_null_avito_ads_avito_id ........................................ [[32mPASS[0m in 0.09s]
[2026-07-12T12:28:09.932+0000] {subprocess.py:106} INFO - [0m12:28:09  3 of 6 PASS not_null_avito_ads_row_number ...................................... [[32mPASS[0m in 0.09s]
[2026-07-12T12:28:09.936+0000] {subprocess.py:106} INFO - [0m12:28:09  5 of 6 START test not_null_avito_ads_title ..................................... [RUN]
[2026-07-12T12:28:09.936+0000] {subprocess.py:106} INFO - [0m12:28:09  6 of 6 START test not_null_avito_ads_url ....................................... [RUN]
[2026-07-12T12:28:09.962+0000] {subprocess.py:106} INFO - [0m12:28:09  6 of 6 PASS not_null_avito_ads_url ............................................. [[32mPASS[0m in 0.02s]
[2026-07-12T12:28:09.962+0000] {subprocess.py:106} INFO - [0m12:28:09  5 of 6 PASS not_null_avito_ads_title ........................................... [[32mPASS[0m in 0.03s]
[2026-07-12T12:28:09.971+0000] {subprocess.py:106} INFO - [0m12:28:09
[2026-07-12T12:28:09.972+0000] {subprocess.py:106} INFO - [0m12:28:09  Finished running 6 data tests in 0 hours 0 minutes and 0.19 seconds (0.19s).
[2026-07-12T12:28:09.998+0000] {subprocess.py:106} INFO - [0m12:28:09
[2026-07-12T12:28:09.998+0000] {subprocess.py:106} INFO - [0m12:28:09  [32mCompleted successfully[0m
[2026-07-12T12:28:09.999+0000] {subprocess.py:106} INFO - [0m12:28:09
[2026-07-12T12:28:09.999+0000] {subprocess.py:106} INFO - [0m12:28:09  Done. PASS=6 WARN=0 ERROR=0 SKIP=0 NO-OP=0 TOTAL=6
[2026-07-12T12:28:10.712+0000] {subprocess.py:110} INFO - Command exited with return code 0
[2026-07-12T12:28:10.745+0000] {taskinstance.py:341} INFO - ::group::Post task execution logs
[2026-07-12T12:28:10.746+0000] {taskinstance.py:353} INFO - Marking task as SUCCESS. dag_id=avito_to_raw_midraw, task_id=dbt_build_midraw, run_id=scheduled__2026-07-12T11:00:00+00:00, execution_date=20260712T110000, start_date=20260712T121027, end_date=20260712T122810
[2026-07-12T12:28:10.803+0000] {local_task_job_runner.py:266} INFO - Task exited with return code 0
[2026-07-12T12:28:10.815+0000] {taskinstance.py:3901} INFO - 0 downstream tasks scheduled from follow-on schedule check
[2026-07-12T12:28:10.815+0000] {local_task_job_runner.py:245} INFO - ::endgroup::
