[2026-07-30T19:07:40.375+0000] {local_task_job_runner.py:123} INFO - ::group::Pre task execution logs
[2026-07-30T19:07:40.386+0000] {taskinstance.py:2614} INFO - Dependencies all met for dep_context=non-requeueable deps ti=<TaskInstance: avito_to_raw_midraw.dbt_build_midraw scheduled__2026-07-30T18:00:00+00:00 [queued]>
[2026-07-30T19:07:40.390+0000] {taskinstance.py:2614} INFO - Dependencies all met for dep_context=requeueable deps ti=<TaskInstance: avito_to_raw_midraw.dbt_build_midraw scheduled__2026-07-30T18:00:00+00:00 [queued]>
[2026-07-30T19:07:40.390+0000] {taskinstance.py:2867} INFO - Starting attempt 1 of 2
[2026-07-30T19:07:40.395+0000] {taskinstance.py:2890} INFO - Executing <Task(BashOperator): dbt_build_midraw> on 2026-07-30 18:00:00+00:00
[2026-07-30T19:07:40.397+0000] {standard_task_runner.py:72} INFO - Started process 6390 to run task
[2026-07-30T19:07:40.400+0000] {standard_task_runner.py:104} INFO - Running: ['***', 'tasks', 'run', 'avito_to_raw_midraw', 'dbt_build_midraw', 'scheduled__2026-07-30T18:00:00+00:00', '--job-id', '565', '--raw', '--subdir', 'DAGS_FOLDER/avito_to_raw_midraw.py', '--cfg-path', '/tmp/tmpovb3kk_d']
[2026-07-30T19:07:40.402+0000] {standard_task_runner.py:105} INFO - Job 565: Subtask dbt_build_midraw
[2026-07-30T19:07:40.433+0000] {task_command.py:467} INFO - Running <TaskInstance: avito_to_raw_midraw.dbt_build_midraw scheduled__2026-07-30T18:00:00+00:00 [running]> on host 4c6dd7d943f5
[2026-07-30T19:07:40.631+0000] {taskinstance.py:3134} INFO - Exporting env vars: AIRFLOW_CTX_DAG_OWNER='data-eng' AIRFLOW_CTX_DAG_ID='avito_to_raw_midraw' AIRFLOW_CTX_TASK_ID='dbt_build_midraw' AIRFLOW_CTX_EXECUTION_DATE='2026-07-30T18:00:00+00:00' AIRFLOW_CTX_TRY_NUMBER='1' AIRFLOW_CTX_DAG_RUN_ID='scheduled__2026-07-30T18:00:00+00:00'
[2026-07-30T19:07:40.632+0000] {taskinstance.py:732} INFO - ::endgroup::
[2026-07-30T19:07:40.638+0000] {subprocess.py:78} INFO - Tmp dir root location: /tmp
[2026-07-30T19:07:40.639+0000] {subprocess.py:88} INFO - Running command: ['/usr/bin/bash', '-c', 'cd /opt/***/dbt && dbt run --profiles-dir . --select avito_ads && dbt test --profiles-dir . --select avito_ads']
[2026-07-30T19:07:40.644+0000] {subprocess.py:99} INFO - Output:
[2026-07-30T19:07:41.871+0000] {subprocess.py:106} INFO - [0m19:07:41  Running with dbt=1.11.12
[2026-07-30T19:07:42.002+0000] {subprocess.py:106} INFO - [0m19:07:42  Registered adapter: postgres=1.9.0
[2026-07-30T19:07:42.253+0000] {subprocess.py:106} INFO - [0m19:07:42  Found 1 model, 4 data tests, 3 sources, 475 macros
[2026-07-30T19:07:42.254+0000] {subprocess.py:106} INFO - [0m19:07:42
[2026-07-30T19:07:42.254+0000] {subprocess.py:106} INFO - [0m19:07:42  Concurrency: 4 threads (target='dev')
[2026-07-30T19:07:42.255+0000] {subprocess.py:106} INFO - [0m19:07:42
[2026-07-30T19:07:42.317+0000] {subprocess.py:106} INFO - [0m19:07:42  1 of 1 START sql table model midraw.avito_ads .................................. [RUN]
[2026-07-30T19:07:42.396+0000] {subprocess.py:106} INFO - [0m19:07:42  1 of 1 OK created sql table model midraw.avito_ads ............................. [[32mSELECT 1580[0m in 0.08s]
[2026-07-30T19:07:42.404+0000] {subprocess.py:106} INFO - [0m19:07:42
[2026-07-30T19:07:42.404+0000] {subprocess.py:106} INFO - [0m19:07:42  Finished running 1 table model in 0 hours 0 minutes and 0.15 seconds (0.15s).
[2026-07-30T19:07:42.431+0000] {subprocess.py:106} INFO - [0m19:07:42
[2026-07-30T19:07:42.432+0000] {subprocess.py:106} INFO - [0m19:07:42  [32mCompleted successfully[0m
[2026-07-30T19:07:42.432+0000] {subprocess.py:106} INFO - [0m19:07:42
[2026-07-30T19:07:42.432+0000] {subprocess.py:106} INFO - [0m19:07:42  Done. PASS=1 WARN=0 ERROR=0 SKIP=0 NO-OP=0 TOTAL=1
[2026-07-30T19:07:44.152+0000] {subprocess.py:106} INFO - [0m19:07:44  Running with dbt=1.11.12
[2026-07-30T19:07:44.245+0000] {subprocess.py:106} INFO - [0m19:07:44  Registered adapter: postgres=1.9.0
[2026-07-30T19:07:44.452+0000] {subprocess.py:106} INFO - [0m19:07:44  Found 1 model, 4 data tests, 3 sources, 475 macros
[2026-07-30T19:07:44.453+0000] {subprocess.py:106} INFO - [0m19:07:44
[2026-07-30T19:07:44.453+0000] {subprocess.py:106} INFO - [0m19:07:44  Concurrency: 4 threads (target='dev')
[2026-07-30T19:07:44.453+0000] {subprocess.py:106} INFO - [0m19:07:44
[2026-07-30T19:07:44.494+0000] {subprocess.py:106} INFO - [0m19:07:44  1 of 4 START test accepted_values_avito_ads_source_system__avito__synthetic_avito  [RUN]
[2026-07-30T19:07:44.495+0000] {subprocess.py:106} INFO - [0m19:07:44  2 of 4 START test not_null_avito_ads_avito_id .................................. [RUN]
[2026-07-30T19:07:44.495+0000] {subprocess.py:106} INFO - [0m19:07:44  3 of 4 START test not_null_avito_ads_title ..................................... [RUN]
[2026-07-30T19:07:44.495+0000] {subprocess.py:106} INFO - [0m19:07:44  4 of 4 START test not_null_avito_ads_url ....................................... [RUN]
[2026-07-30T19:07:44.544+0000] {subprocess.py:106} INFO - [0m19:07:44  1 of 4 PASS accepted_values_avito_ads_source_system__avito__synthetic_avito .... [[32mPASS[0m in 0.05s]
[2026-07-30T19:07:44.545+0000] {subprocess.py:106} INFO - [0m19:07:44  4 of 4 PASS not_null_avito_ads_url ............................................. [[32mPASS[0m in 0.05s]
[2026-07-30T19:07:44.546+0000] {subprocess.py:106} INFO - [0m19:07:44  2 of 4 PASS not_null_avito_ads_avito_id ........................................ [[32mPASS[0m in 0.05s]
[2026-07-30T19:07:44.546+0000] {subprocess.py:106} INFO - [0m19:07:44  3 of 4 PASS not_null_avito_ads_title ........................................... [[32mPASS[0m in 0.05s]
[2026-07-30T19:07:44.556+0000] {subprocess.py:106} INFO - [0m19:07:44
[2026-07-30T19:07:44.556+0000] {subprocess.py:106} INFO - [0m19:07:44  Finished running 4 data tests in 0 hours 0 minutes and 0.10 seconds (0.10s).
[2026-07-30T19:07:44.582+0000] {subprocess.py:106} INFO - [0m19:07:44
[2026-07-30T19:07:44.582+0000] {subprocess.py:106} INFO - [0m19:07:44  [32mCompleted successfully[0m
[2026-07-30T19:07:44.582+0000] {subprocess.py:106} INFO - [0m19:07:44
[2026-07-30T19:07:44.583+0000] {subprocess.py:106} INFO - [0m19:07:44  Done. PASS=4 WARN=0 ERROR=0 SKIP=0 NO-OP=0 TOTAL=4
[2026-07-30T19:07:45.318+0000] {subprocess.py:110} INFO - Command exited with return code 0
[2026-07-30T19:07:45.334+0000] {taskinstance.py:341} INFO - ::group::Post task execution logs
[2026-07-30T19:07:45.335+0000] {taskinstance.py:353} INFO - Marking task as SUCCESS. dag_id=avito_to_raw_midraw, task_id=dbt_build_midraw, run_id=scheduled__2026-07-30T18:00:00+00:00, execution_date=20260730T180000, start_date=20260730T190740, end_date=20260730T190745
[2026-07-30T19:07:45.380+0000] {local_task_job_runner.py:266} INFO - Task exited with return code 0
[2026-07-30T19:07:45.392+0000] {taskinstance.py:3901} INFO - 0 downstream tasks scheduled from follow-on schedule check
[2026-07-30T19:07:45.393+0000] {local_task_job_runner.py:245} INFO - ::endgroup::
[2026-07-30T19:07:45.400+0000] {standard_task_runner.py:217} INFO - Process not found (most likely exited), stop collecting metrics
