[2026-07-26T14:00:01.313+0000] {local_task_job_runner.py:123} INFO - ::group::Pre task execution logs
[2026-07-26T14:00:01.325+0000] {taskinstance.py:2614} INFO - Dependencies all met for dep_context=non-requeueable deps ti=<TaskInstance: avito_to_raw_midraw.dbt_build_midraw scheduled__2026-07-26T13:00:00+00:00 [queued]>
[2026-07-26T14:00:01.330+0000] {taskinstance.py:2614} INFO - Dependencies all met for dep_context=requeueable deps ti=<TaskInstance: avito_to_raw_midraw.dbt_build_midraw scheduled__2026-07-26T13:00:00+00:00 [queued]>
[2026-07-26T14:00:01.331+0000] {taskinstance.py:2867} INFO - Starting attempt 1 of 2
[2026-07-26T14:00:01.337+0000] {taskinstance.py:2890} INFO - Executing <Task(BashOperator): dbt_build_midraw> on 2026-07-26 13:00:00+00:00
[2026-07-26T14:00:01.339+0000] {standard_task_runner.py:72} INFO - Started process 3442 to run task
[2026-07-26T14:00:01.342+0000] {standard_task_runner.py:104} INFO - Running: ['***', 'tasks', 'run', 'avito_to_raw_midraw', 'dbt_build_midraw', 'scheduled__2026-07-26T13:00:00+00:00', '--job-id', '362', '--raw', '--subdir', 'DAGS_FOLDER/avito_to_raw_midraw.py', '--cfg-path', '/tmp/tmp07ef85o5']
[2026-07-26T14:00:01.344+0000] {standard_task_runner.py:105} INFO - Job 362: Subtask dbt_build_midraw
[2026-07-26T14:00:01.373+0000] {task_command.py:467} INFO - Running <TaskInstance: avito_to_raw_midraw.dbt_build_midraw scheduled__2026-07-26T13:00:00+00:00 [running]> on host 4c6dd7d943f5
[2026-07-26T14:00:01.528+0000] {taskinstance.py:3134} INFO - Exporting env vars: AIRFLOW_CTX_DAG_OWNER='data-eng' AIRFLOW_CTX_DAG_ID='avito_to_raw_midraw' AIRFLOW_CTX_TASK_ID='dbt_build_midraw' AIRFLOW_CTX_EXECUTION_DATE='2026-07-26T13:00:00+00:00' AIRFLOW_CTX_TRY_NUMBER='1' AIRFLOW_CTX_DAG_RUN_ID='scheduled__2026-07-26T13:00:00+00:00'
[2026-07-26T14:00:01.528+0000] {taskinstance.py:732} INFO - ::endgroup::
[2026-07-26T14:00:01.534+0000] {subprocess.py:78} INFO - Tmp dir root location: /tmp
[2026-07-26T14:00:01.535+0000] {subprocess.py:88} INFO - Running command: ['/usr/bin/bash', '-c', 'cd /opt/***/dbt && dbt run --profiles-dir . --select avito_ads && dbt test --profiles-dir . --select avito_ads']
[2026-07-26T14:00:01.540+0000] {subprocess.py:99} INFO - Output:
[2026-07-26T14:00:02.895+0000] {subprocess.py:106} INFO - [0m14:00:02  Running with dbt=1.11.12
[2026-07-26T14:00:03.034+0000] {subprocess.py:106} INFO - [0m14:00:03  Registered adapter: postgres=1.9.0
[2026-07-26T14:00:03.340+0000] {subprocess.py:106} INFO - [0m14:00:03  Found 1 model, 4 data tests, 3 sources, 475 macros
[2026-07-26T14:00:03.342+0000] {subprocess.py:106} INFO - [0m14:00:03
[2026-07-26T14:00:03.342+0000] {subprocess.py:106} INFO - [0m14:00:03  Concurrency: 4 threads (target='dev')
[2026-07-26T14:00:03.342+0000] {subprocess.py:106} INFO - [0m14:00:03
[2026-07-26T14:00:03.413+0000] {subprocess.py:106} INFO - [0m14:00:03  1 of 1 START sql table model midraw.avito_ads .................................. [RUN]
[2026-07-26T14:00:03.508+0000] {subprocess.py:106} INFO - [0m14:00:03  1 of 1 OK created sql table model midraw.avito_ads ............................. [[32mSELECT 669[0m in 0.09s]
[2026-07-26T14:00:03.518+0000] {subprocess.py:106} INFO - [0m14:00:03
[2026-07-26T14:00:03.518+0000] {subprocess.py:106} INFO - [0m14:00:03  Finished running 1 table model in 0 hours 0 minutes and 0.18 seconds (0.18s).
[2026-07-26T14:00:03.551+0000] {subprocess.py:106} INFO - [0m14:00:03
[2026-07-26T14:00:03.551+0000] {subprocess.py:106} INFO - [0m14:00:03  [32mCompleted successfully[0m
[2026-07-26T14:00:03.552+0000] {subprocess.py:106} INFO - [0m14:00:03
[2026-07-26T14:00:03.552+0000] {subprocess.py:106} INFO - [0m14:00:03  Done. PASS=1 WARN=0 ERROR=0 SKIP=0 NO-OP=0 TOTAL=1
[2026-07-26T14:00:05.519+0000] {subprocess.py:106} INFO - [0m14:00:05  Running with dbt=1.11.12
[2026-07-26T14:00:05.637+0000] {subprocess.py:106} INFO - [0m14:00:05  Registered adapter: postgres=1.9.0
[2026-07-26T14:00:05.882+0000] {subprocess.py:106} INFO - [0m14:00:05  Found 1 model, 4 data tests, 3 sources, 475 macros
[2026-07-26T14:00:05.884+0000] {subprocess.py:106} INFO - [0m14:00:05
[2026-07-26T14:00:05.884+0000] {subprocess.py:106} INFO - [0m14:00:05  Concurrency: 4 threads (target='dev')
[2026-07-26T14:00:05.885+0000] {subprocess.py:106} INFO - [0m14:00:05
[2026-07-26T14:00:05.938+0000] {subprocess.py:106} INFO - [0m14:00:05  1 of 4 START test accepted_values_avito_ads_source_system__avito__synthetic_avito  [RUN]
[2026-07-26T14:00:05.938+0000] {subprocess.py:106} INFO - [0m14:00:05  2 of 4 START test not_null_avito_ads_avito_id .................................. [RUN]
[2026-07-26T14:00:05.939+0000] {subprocess.py:106} INFO - [0m14:00:05  3 of 4 START test not_null_avito_ads_title ..................................... [RUN]
[2026-07-26T14:00:05.939+0000] {subprocess.py:106} INFO - [0m14:00:05  4 of 4 START test not_null_avito_ads_url ....................................... [RUN]
[2026-07-26T14:00:05.997+0000] {subprocess.py:106} INFO - [0m14:00:05  2 of 4 PASS not_null_avito_ads_avito_id ........................................ [[32mPASS[0m in 0.06s]
[2026-07-26T14:00:06.000+0000] {subprocess.py:106} INFO - [0m14:00:06  1 of 4 PASS accepted_values_avito_ads_source_system__avito__synthetic_avito .... [[32mPASS[0m in 0.06s]
[2026-07-26T14:00:06.000+0000] {subprocess.py:106} INFO - [0m14:00:06  3 of 4 PASS not_null_avito_ads_title ........................................... [[32mPASS[0m in 0.06s]
[2026-07-26T14:00:06.001+0000] {subprocess.py:106} INFO - [0m14:00:06  4 of 4 PASS not_null_avito_ads_url ............................................. [[32mPASS[0m in 0.06s]
[2026-07-26T14:00:06.012+0000] {subprocess.py:106} INFO - [0m14:00:06
[2026-07-26T14:00:06.012+0000] {subprocess.py:106} INFO - [0m14:00:06  Finished running 4 data tests in 0 hours 0 minutes and 0.13 seconds (0.13s).
[2026-07-26T14:00:06.041+0000] {subprocess.py:106} INFO - [0m14:00:06
[2026-07-26T14:00:06.041+0000] {subprocess.py:106} INFO - [0m14:00:06  [32mCompleted successfully[0m
[2026-07-26T14:00:06.042+0000] {subprocess.py:106} INFO - [0m14:00:06
[2026-07-26T14:00:06.042+0000] {subprocess.py:106} INFO - [0m14:00:06  Done. PASS=4 WARN=0 ERROR=0 SKIP=0 NO-OP=0 TOTAL=4
[2026-07-26T14:00:07.159+0000] {subprocess.py:110} INFO - Command exited with return code 0
[2026-07-26T14:00:07.182+0000] {taskinstance.py:341} INFO - ::group::Post task execution logs
[2026-07-26T14:00:07.183+0000] {taskinstance.py:353} INFO - Marking task as SUCCESS. dag_id=avito_to_raw_midraw, task_id=dbt_build_midraw, run_id=scheduled__2026-07-26T13:00:00+00:00, execution_date=20260726T130000, start_date=20260726T140001, end_date=20260726T140007
[2026-07-26T14:00:07.246+0000] {local_task_job_runner.py:266} INFO - Task exited with return code 0
[2026-07-26T14:00:07.256+0000] {taskinstance.py:3901} INFO - 0 downstream tasks scheduled from follow-on schedule check
[2026-07-26T14:00:07.257+0000] {local_task_job_runner.py:245} INFO - ::endgroup::
