[2026-07-25T17:00:01.531+0000] {local_task_job_runner.py:123} INFO - ::group::Pre task execution logs
[2026-07-25T17:00:01.539+0000] {taskinstance.py:2614} INFO - Dependencies all met for dep_context=non-requeueable deps ti=<TaskInstance: avito_to_raw_midraw.dbt_build_midraw scheduled__2026-07-25T16:00:00+00:00 [queued]>
[2026-07-25T17:00:01.543+0000] {taskinstance.py:2614} INFO - Dependencies all met for dep_context=requeueable deps ti=<TaskInstance: avito_to_raw_midraw.dbt_build_midraw scheduled__2026-07-25T16:00:00+00:00 [queued]>
[2026-07-25T17:00:01.543+0000] {taskinstance.py:2867} INFO - Starting attempt 1 of 2
[2026-07-25T17:00:01.547+0000] {taskinstance.py:2890} INFO - Executing <Task(BashOperator): dbt_build_midraw> on 2026-07-25 16:00:00+00:00
[2026-07-25T17:00:01.550+0000] {standard_task_runner.py:72} INFO - Started process 2819 to run task
[2026-07-25T17:00:01.551+0000] {standard_task_runner.py:104} INFO - Running: ['***', 'tasks', 'run', 'avito_to_raw_midraw', 'dbt_build_midraw', 'scheduled__2026-07-25T16:00:00+00:00', '--job-id', '320', '--raw', '--subdir', 'DAGS_FOLDER/avito_to_raw_midraw.py', '--cfg-path', '/tmp/tmp15c1f2ue']
[2026-07-25T17:00:01.553+0000] {standard_task_runner.py:105} INFO - Job 320: Subtask dbt_build_midraw
[2026-07-25T17:00:01.577+0000] {task_command.py:467} INFO - Running <TaskInstance: avito_to_raw_midraw.dbt_build_midraw scheduled__2026-07-25T16:00:00+00:00 [running]> on host 4c6dd7d943f5
[2026-07-25T17:00:01.704+0000] {taskinstance.py:3134} INFO - Exporting env vars: AIRFLOW_CTX_DAG_OWNER='data-eng' AIRFLOW_CTX_DAG_ID='avito_to_raw_midraw' AIRFLOW_CTX_TASK_ID='dbt_build_midraw' AIRFLOW_CTX_EXECUTION_DATE='2026-07-25T16:00:00+00:00' AIRFLOW_CTX_TRY_NUMBER='1' AIRFLOW_CTX_DAG_RUN_ID='scheduled__2026-07-25T16:00:00+00:00'
[2026-07-25T17:00:01.704+0000] {taskinstance.py:732} INFO - ::endgroup::
[2026-07-25T17:00:01.709+0000] {subprocess.py:78} INFO - Tmp dir root location: /tmp
[2026-07-25T17:00:01.710+0000] {subprocess.py:88} INFO - Running command: ['/usr/bin/bash', '-c', 'cd /opt/***/dbt && dbt run --profiles-dir . --select avito_ads && dbt test --profiles-dir . --select avito_ads']
[2026-07-25T17:00:01.715+0000] {subprocess.py:99} INFO - Output:
[2026-07-25T17:00:02.721+0000] {subprocess.py:106} INFO - [0m17:00:02  Running with dbt=1.11.12
[2026-07-25T17:00:02.828+0000] {subprocess.py:106} INFO - [0m17:00:02  Registered adapter: postgres=1.9.0
[2026-07-25T17:00:03.192+0000] {subprocess.py:106} INFO - [0m17:00:03  Found 1 model, 4 data tests, 3 sources, 475 macros
[2026-07-25T17:00:03.194+0000] {subprocess.py:106} INFO - [0m17:00:03
[2026-07-25T17:00:03.194+0000] {subprocess.py:106} INFO - [0m17:00:03  Concurrency: 4 threads (target='dev')
[2026-07-25T17:00:03.195+0000] {subprocess.py:106} INFO - [0m17:00:03
[2026-07-25T17:00:03.245+0000] {subprocess.py:106} INFO - [0m17:00:03  1 of 1 START sql table model midraw.avito_ads .................................. [RUN]
[2026-07-25T17:00:03.306+0000] {subprocess.py:106} INFO - [0m17:00:03  1 of 1 OK created sql table model midraw.avito_ads ............................. [[32mSELECT 44[0m in 0.06s]
[2026-07-25T17:00:03.313+0000] {subprocess.py:106} INFO - [0m17:00:03
[2026-07-25T17:00:03.313+0000] {subprocess.py:106} INFO - [0m17:00:03  Finished running 1 table model in 0 hours 0 minutes and 0.12 seconds (0.12s).
[2026-07-25T17:00:03.335+0000] {subprocess.py:106} INFO - [0m17:00:03
[2026-07-25T17:00:03.335+0000] {subprocess.py:106} INFO - [0m17:00:03  [32mCompleted successfully[0m
[2026-07-25T17:00:03.335+0000] {subprocess.py:106} INFO - [0m17:00:03
[2026-07-25T17:00:03.335+0000] {subprocess.py:106} INFO - [0m17:00:03  Done. PASS=1 WARN=0 ERROR=0 SKIP=0 NO-OP=0 TOTAL=1
[2026-07-25T17:00:05.177+0000] {subprocess.py:106} INFO - [0m17:00:05  Running with dbt=1.11.12
[2026-07-25T17:00:05.282+0000] {subprocess.py:106} INFO - [0m17:00:05  Registered adapter: postgres=1.9.0
[2026-07-25T17:00:05.509+0000] {subprocess.py:106} INFO - [0m17:00:05  Found 1 model, 4 data tests, 3 sources, 475 macros
[2026-07-25T17:00:05.510+0000] {subprocess.py:106} INFO - [0m17:00:05
[2026-07-25T17:00:05.511+0000] {subprocess.py:106} INFO - [0m17:00:05  Concurrency: 4 threads (target='dev')
[2026-07-25T17:00:05.511+0000] {subprocess.py:106} INFO - [0m17:00:05
[2026-07-25T17:00:05.552+0000] {subprocess.py:106} INFO - [0m17:00:05  1 of 4 START test accepted_values_avito_ads_source_system__avito__synthetic_avito  [RUN]
[2026-07-25T17:00:05.552+0000] {subprocess.py:106} INFO - [0m17:00:05  2 of 4 START test not_null_avito_ads_avito_id .................................. [RUN]
[2026-07-25T17:00:05.553+0000] {subprocess.py:106} INFO - [0m17:00:05  3 of 4 START test not_null_avito_ads_title ..................................... [RUN]
[2026-07-25T17:00:05.553+0000] {subprocess.py:106} INFO - [0m17:00:05  4 of 4 START test not_null_avito_ads_url ....................................... [RUN]
[2026-07-25T17:00:05.603+0000] {subprocess.py:106} INFO - [0m17:00:05  2 of 4 PASS not_null_avito_ads_avito_id ........................................ [[32mPASS[0m in 0.05s]
[2026-07-25T17:00:05.604+0000] {subprocess.py:106} INFO - [0m17:00:05  4 of 4 PASS not_null_avito_ads_url ............................................. [[32mPASS[0m in 0.05s]
[2026-07-25T17:00:05.604+0000] {subprocess.py:106} INFO - [0m17:00:05  3 of 4 PASS not_null_avito_ads_title ........................................... [[32mPASS[0m in 0.05s]
[2026-07-25T17:00:05.605+0000] {subprocess.py:106} INFO - [0m17:00:05  1 of 4 PASS accepted_values_avito_ads_source_system__avito__synthetic_avito .... [[32mPASS[0m in 0.05s]
[2026-07-25T17:00:05.615+0000] {subprocess.py:106} INFO - [0m17:00:05
[2026-07-25T17:00:05.615+0000] {subprocess.py:106} INFO - [0m17:00:05  Finished running 4 data tests in 0 hours 0 minutes and 0.10 seconds (0.10s).
[2026-07-25T17:00:05.639+0000] {subprocess.py:106} INFO - [0m17:00:05
[2026-07-25T17:00:05.640+0000] {subprocess.py:106} INFO - [0m17:00:05  [32mCompleted successfully[0m
[2026-07-25T17:00:05.640+0000] {subprocess.py:106} INFO - [0m17:00:05
[2026-07-25T17:00:05.640+0000] {subprocess.py:106} INFO - [0m17:00:05  Done. PASS=4 WARN=0 ERROR=0 SKIP=0 NO-OP=0 TOTAL=4
[2026-07-25T17:00:06.388+0000] {subprocess.py:110} INFO - Command exited with return code 0
[2026-07-25T17:00:06.430+0000] {taskinstance.py:341} INFO - ::group::Post task execution logs
[2026-07-25T17:00:06.431+0000] {taskinstance.py:353} INFO - Marking task as SUCCESS. dag_id=avito_to_raw_midraw, task_id=dbt_build_midraw, run_id=scheduled__2026-07-25T16:00:00+00:00, execution_date=20260725T160000, start_date=20260725T170001, end_date=20260725T170006
[2026-07-25T17:00:06.499+0000] {local_task_job_runner.py:266} INFO - Task exited with return code 0
[2026-07-25T17:00:06.525+0000] {taskinstance.py:3901} INFO - 0 downstream tasks scheduled from follow-on schedule check
[2026-07-25T17:00:06.525+0000] {local_task_job_runner.py:245} INFO - ::endgroup::
