[2026-07-22T13:03:47.982+0000] {local_task_job_runner.py:123} INFO - ::group::Pre task execution logs
[2026-07-22T13:03:47.992+0000] {taskinstance.py:2614} INFO - Dependencies all met for dep_context=non-requeueable deps ti=<TaskInstance: avito_to_raw_midraw.dbt_build_midraw scheduled__2026-07-22T12:00:00+00:00 [queued]>
[2026-07-22T13:03:47.996+0000] {taskinstance.py:2614} INFO - Dependencies all met for dep_context=requeueable deps ti=<TaskInstance: avito_to_raw_midraw.dbt_build_midraw scheduled__2026-07-22T12:00:00+00:00 [queued]>
[2026-07-22T13:03:47.996+0000] {taskinstance.py:2867} INFO - Starting attempt 1 of 2
[2026-07-22T13:03:48.000+0000] {taskinstance.py:2890} INFO - Executing <Task(BashOperator): dbt_build_midraw> on 2026-07-22 12:00:00+00:00
[2026-07-22T13:03:48.003+0000] {standard_task_runner.py:72} INFO - Started process 615 to run task
[2026-07-22T13:03:48.005+0000] {standard_task_runner.py:104} INFO - Running: ['***', 'tasks', 'run', 'avito_to_raw_midraw', 'dbt_build_midraw', 'scheduled__2026-07-22T12:00:00+00:00', '--job-id', '168', '--raw', '--subdir', 'DAGS_FOLDER/avito_to_raw_midraw.py', '--cfg-path', '/tmp/tmpye6fzwi7']
[2026-07-22T13:03:48.006+0000] {standard_task_runner.py:105} INFO - Job 168: Subtask dbt_build_midraw
[2026-07-22T13:03:48.032+0000] {task_command.py:467} INFO - Running <TaskInstance: avito_to_raw_midraw.dbt_build_midraw scheduled__2026-07-22T12:00:00+00:00 [running]> on host 4c6dd7d943f5
[2026-07-22T13:03:48.175+0000] {taskinstance.py:3134} INFO - Exporting env vars: AIRFLOW_CTX_DAG_OWNER='data-eng' AIRFLOW_CTX_DAG_ID='avito_to_raw_midraw' AIRFLOW_CTX_TASK_ID='dbt_build_midraw' AIRFLOW_CTX_EXECUTION_DATE='2026-07-22T12:00:00+00:00' AIRFLOW_CTX_TRY_NUMBER='1' AIRFLOW_CTX_DAG_RUN_ID='scheduled__2026-07-22T12:00:00+00:00'
[2026-07-22T13:03:48.175+0000] {taskinstance.py:732} INFO - ::endgroup::
[2026-07-22T13:03:48.180+0000] {subprocess.py:78} INFO - Tmp dir root location: /tmp
[2026-07-22T13:03:48.181+0000] {subprocess.py:88} INFO - Running command: ['/usr/bin/bash', '-c', 'cd /opt/***/dbt && dbt run --profiles-dir . --select avito_ads && dbt test --profiles-dir . --select avito_ads']
[2026-07-22T13:03:48.186+0000] {subprocess.py:99} INFO - Output:
[2026-07-22T13:03:49.183+0000] {subprocess.py:106} INFO - [0m13:03:49  Running with dbt=1.11.12
[2026-07-22T13:03:49.284+0000] {subprocess.py:106} INFO - [0m13:03:49  Registered adapter: postgres=1.9.0
[2026-07-22T13:03:49.498+0000] {subprocess.py:106} INFO - [0m13:03:49  Found 1 model, 4 data tests, 3 sources, 475 macros
[2026-07-22T13:03:49.500+0000] {subprocess.py:106} INFO - [0m13:03:49
[2026-07-22T13:03:49.500+0000] {subprocess.py:106} INFO - [0m13:03:49  Concurrency: 4 threads (target='dev')
[2026-07-22T13:03:49.500+0000] {subprocess.py:106} INFO - [0m13:03:49
[2026-07-22T13:03:49.551+0000] {subprocess.py:106} INFO - [0m13:03:49  1 of 1 START sql table model midraw.avito_ads .................................. [RUN]
[2026-07-22T13:03:49.619+0000] {subprocess.py:106} INFO - [0m13:03:49  1 of 1 OK created sql table model midraw.avito_ads ............................. [[32mSELECT 1838[0m in 0.07s]
[2026-07-22T13:03:49.626+0000] {subprocess.py:106} INFO - [0m13:03:49
[2026-07-22T13:03:49.626+0000] {subprocess.py:106} INFO - [0m13:03:49  Finished running 1 table model in 0 hours 0 minutes and 0.13 seconds (0.13s).
[2026-07-22T13:03:49.652+0000] {subprocess.py:106} INFO - [0m13:03:49
[2026-07-22T13:03:49.652+0000] {subprocess.py:106} INFO - [0m13:03:49  [32mCompleted successfully[0m
[2026-07-22T13:03:49.653+0000] {subprocess.py:106} INFO - [0m13:03:49
[2026-07-22T13:03:49.653+0000] {subprocess.py:106} INFO - [0m13:03:49  Done. PASS=1 WARN=0 ERROR=0 SKIP=0 NO-OP=0 TOTAL=1
[2026-07-22T13:03:54.432+0000] {subprocess.py:106} INFO - [0m13:03:54  Running with dbt=1.11.12
[2026-07-22T13:03:54.541+0000] {subprocess.py:106} INFO - [0m13:03:54  Registered adapter: postgres=1.9.0
[2026-07-22T13:03:54.787+0000] {subprocess.py:106} INFO - [0m13:03:54  Found 1 model, 4 data tests, 3 sources, 475 macros
[2026-07-22T13:03:54.788+0000] {subprocess.py:106} INFO - [0m13:03:54
[2026-07-22T13:03:54.789+0000] {subprocess.py:106} INFO - [0m13:03:54  Concurrency: 4 threads (target='dev')
[2026-07-22T13:03:54.789+0000] {subprocess.py:106} INFO - [0m13:03:54
[2026-07-22T13:03:54.837+0000] {subprocess.py:106} INFO - [0m13:03:54  1 of 4 START test accepted_values_avito_ads_source_system__avito__synthetic_avito  [RUN]
[2026-07-22T13:03:54.838+0000] {subprocess.py:106} INFO - [0m13:03:54  2 of 4 START test not_null_avito_ads_avito_id .................................. [RUN]
[2026-07-22T13:03:54.838+0000] {subprocess.py:106} INFO - [0m13:03:54  3 of 4 START test not_null_avito_ads_title ..................................... [RUN]
[2026-07-22T13:03:54.838+0000] {subprocess.py:106} INFO - [0m13:03:54  4 of 4 START test not_null_avito_ads_url ....................................... [RUN]
[2026-07-22T13:03:54.898+0000] {subprocess.py:106} INFO - [0m13:03:54  4 of 4 PASS not_null_avito_ads_url ............................................. [[32mPASS[0m in 0.06s]
[2026-07-22T13:03:54.899+0000] {subprocess.py:106} INFO - [0m13:03:54  2 of 4 PASS not_null_avito_ads_avito_id ........................................ [[32mPASS[0m in 0.06s]
[2026-07-22T13:03:54.899+0000] {subprocess.py:106} INFO - [0m13:03:54  1 of 4 PASS accepted_values_avito_ads_source_system__avito__synthetic_avito .... [[32mPASS[0m in 0.06s]
[2026-07-22T13:03:54.900+0000] {subprocess.py:106} INFO - [0m13:03:54  3 of 4 PASS not_null_avito_ads_title ........................................... [[32mPASS[0m in 0.06s]
[2026-07-22T13:03:54.911+0000] {subprocess.py:106} INFO - [0m13:03:54
[2026-07-22T13:03:54.912+0000] {subprocess.py:106} INFO - [0m13:03:54  Finished running 4 data tests in 0 hours 0 minutes and 0.12 seconds (0.12s).
[2026-07-22T13:03:54.941+0000] {subprocess.py:106} INFO - [0m13:03:54
[2026-07-22T13:03:54.941+0000] {subprocess.py:106} INFO - [0m13:03:54  [32mCompleted successfully[0m
[2026-07-22T13:03:54.941+0000] {subprocess.py:106} INFO - [0m13:03:54
[2026-07-22T13:03:54.942+0000] {subprocess.py:106} INFO - [0m13:03:54  Done. PASS=4 WARN=0 ERROR=0 SKIP=0 NO-OP=0 TOTAL=4
[2026-07-22T13:03:55.820+0000] {subprocess.py:110} INFO - Command exited with return code 0
[2026-07-22T13:03:55.836+0000] {taskinstance.py:341} INFO - ::group::Post task execution logs
[2026-07-22T13:03:55.837+0000] {taskinstance.py:353} INFO - Marking task as SUCCESS. dag_id=avito_to_raw_midraw, task_id=dbt_build_midraw, run_id=scheduled__2026-07-22T12:00:00+00:00, execution_date=20260722T120000, start_date=20260722T130347, end_date=20260722T130355
[2026-07-22T13:03:55.896+0000] {local_task_job_runner.py:266} INFO - Task exited with return code 0
[2026-07-22T13:03:55.906+0000] {taskinstance.py:3901} INFO - 0 downstream tasks scheduled from follow-on schedule check
[2026-07-22T13:03:55.907+0000] {local_task_job_runner.py:245} INFO - ::endgroup::
