[2026-07-27T12:14:09.367+0000] {local_task_job_runner.py:123} INFO - ::group::Pre task execution logs
[2026-07-27T12:14:09.376+0000] {taskinstance.py:2614} INFO - Dependencies all met for dep_context=non-requeueable deps ti=<TaskInstance: avito_to_raw_midraw.dbt_build_midraw scheduled__2026-07-27T11:00:00+00:00 [queued]>
[2026-07-27T12:14:09.380+0000] {taskinstance.py:2614} INFO - Dependencies all met for dep_context=requeueable deps ti=<TaskInstance: avito_to_raw_midraw.dbt_build_midraw scheduled__2026-07-27T11:00:00+00:00 [queued]>
[2026-07-27T12:14:09.380+0000] {taskinstance.py:2867} INFO - Starting attempt 1 of 2
[2026-07-27T12:14:09.384+0000] {taskinstance.py:2890} INFO - Executing <Task(BashOperator): dbt_build_midraw> on 2026-07-27 11:00:00+00:00
[2026-07-27T12:14:09.386+0000] {standard_task_runner.py:72} INFO - Started process 4080 to run task
[2026-07-27T12:14:09.388+0000] {standard_task_runner.py:104} INFO - Running: ['***', 'tasks', 'run', 'avito_to_raw_midraw', 'dbt_build_midraw', 'scheduled__2026-07-27T11:00:00+00:00', '--job-id', '406', '--raw', '--subdir', 'DAGS_FOLDER/avito_to_raw_midraw.py', '--cfg-path', '/tmp/tmp6_t0iukv']
[2026-07-27T12:14:09.390+0000] {standard_task_runner.py:105} INFO - Job 406: Subtask dbt_build_midraw
[2026-07-27T12:14:09.414+0000] {task_command.py:467} INFO - Running <TaskInstance: avito_to_raw_midraw.dbt_build_midraw scheduled__2026-07-27T11:00:00+00:00 [running]> on host 4c6dd7d943f5
[2026-07-27T12:14:09.548+0000] {taskinstance.py:3134} INFO - Exporting env vars: AIRFLOW_CTX_DAG_OWNER='data-eng' AIRFLOW_CTX_DAG_ID='avito_to_raw_midraw' AIRFLOW_CTX_TASK_ID='dbt_build_midraw' AIRFLOW_CTX_EXECUTION_DATE='2026-07-27T11:00:00+00:00' AIRFLOW_CTX_TRY_NUMBER='1' AIRFLOW_CTX_DAG_RUN_ID='scheduled__2026-07-27T11:00:00+00:00'
[2026-07-27T12:14:09.549+0000] {taskinstance.py:732} INFO - ::endgroup::
[2026-07-27T12:14:09.553+0000] {subprocess.py:78} INFO - Tmp dir root location: /tmp
[2026-07-27T12:14:09.554+0000] {subprocess.py:88} INFO - Running command: ['/usr/bin/bash', '-c', 'cd /opt/***/dbt && dbt run --profiles-dir . --select avito_ads && dbt test --profiles-dir . --select avito_ads']
[2026-07-27T12:14:09.558+0000] {subprocess.py:99} INFO - Output:
[2026-07-27T12:14:10.521+0000] {subprocess.py:106} INFO - [0m12:14:10  Running with dbt=1.11.12
[2026-07-27T12:14:10.637+0000] {subprocess.py:106} INFO - [0m12:14:10  Registered adapter: postgres=1.9.0
[2026-07-27T12:14:10.857+0000] {subprocess.py:106} INFO - [0m12:14:10  Found 1 model, 4 data tests, 3 sources, 475 macros
[2026-07-27T12:14:10.858+0000] {subprocess.py:106} INFO - [0m12:14:10
[2026-07-27T12:14:10.858+0000] {subprocess.py:106} INFO - [0m12:14:10  Concurrency: 4 threads (target='dev')
[2026-07-27T12:14:10.859+0000] {subprocess.py:106} INFO - [0m12:14:10
[2026-07-27T12:14:10.914+0000] {subprocess.py:106} INFO - [0m12:14:10  1 of 1 START sql table model midraw.avito_ads .................................. [RUN]
[2026-07-27T12:14:10.989+0000] {subprocess.py:106} INFO - [0m12:14:10  1 of 1 OK created sql table model midraw.avito_ads ............................. [[32mSELECT 876[0m in 0.07s]
[2026-07-27T12:14:10.996+0000] {subprocess.py:106} INFO - [0m12:14:10
[2026-07-27T12:14:10.996+0000] {subprocess.py:106} INFO - [0m12:14:10  Finished running 1 table model in 0 hours 0 minutes and 0.14 seconds (0.14s).
[2026-07-27T12:14:11.020+0000] {subprocess.py:106} INFO - [0m12:14:11
[2026-07-27T12:14:11.021+0000] {subprocess.py:106} INFO - [0m12:14:11  [32mCompleted successfully[0m
[2026-07-27T12:14:11.021+0000] {subprocess.py:106} INFO - [0m12:14:11
[2026-07-27T12:14:11.021+0000] {subprocess.py:106} INFO - [0m12:14:11  Done. PASS=1 WARN=0 ERROR=0 SKIP=0 NO-OP=0 TOTAL=1
[2026-07-27T12:14:12.743+0000] {subprocess.py:106} INFO - [0m12:14:12  Running with dbt=1.11.12
[2026-07-27T12:14:12.842+0000] {subprocess.py:106} INFO - [0m12:14:12  Registered adapter: postgres=1.9.0
[2026-07-27T12:14:13.058+0000] {subprocess.py:106} INFO - [0m12:14:13  Found 1 model, 4 data tests, 3 sources, 475 macros
[2026-07-27T12:14:13.060+0000] {subprocess.py:106} INFO - [0m12:14:13
[2026-07-27T12:14:13.061+0000] {subprocess.py:106} INFO - [0m12:14:13  Concurrency: 4 threads (target='dev')
[2026-07-27T12:14:13.061+0000] {subprocess.py:106} INFO - [0m12:14:13
[2026-07-27T12:14:13.103+0000] {subprocess.py:106} INFO - [0m12:14:13  1 of 4 START test accepted_values_avito_ads_source_system__avito__synthetic_avito  [RUN]
[2026-07-27T12:14:13.103+0000] {subprocess.py:106} INFO - [0m12:14:13  2 of 4 START test not_null_avito_ads_avito_id .................................. [RUN]
[2026-07-27T12:14:13.104+0000] {subprocess.py:106} INFO - [0m12:14:13  3 of 4 START test not_null_avito_ads_title ..................................... [RUN]
[2026-07-27T12:14:13.104+0000] {subprocess.py:106} INFO - [0m12:14:13  4 of 4 START test not_null_avito_ads_url ....................................... [RUN]
[2026-07-27T12:14:13.155+0000] {subprocess.py:106} INFO - [0m12:14:13  4 of 4 PASS not_null_avito_ads_url ............................................. [[32mPASS[0m in 0.05s]
[2026-07-27T12:14:13.156+0000] {subprocess.py:106} INFO - [0m12:14:13  2 of 4 PASS not_null_avito_ads_avito_id ........................................ [[32mPASS[0m in 0.05s]
[2026-07-27T12:14:13.156+0000] {subprocess.py:106} INFO - [0m12:14:13  3 of 4 PASS not_null_avito_ads_title ........................................... [[32mPASS[0m in 0.05s]
[2026-07-27T12:14:13.157+0000] {subprocess.py:106} INFO - [0m12:14:13  1 of 4 PASS accepted_values_avito_ads_source_system__avito__synthetic_avito .... [[32mPASS[0m in 0.05s]
[2026-07-27T12:14:13.166+0000] {subprocess.py:106} INFO - [0m12:14:13
[2026-07-27T12:14:13.167+0000] {subprocess.py:106} INFO - [0m12:14:13  Finished running 4 data tests in 0 hours 0 minutes and 0.11 seconds (0.11s).
[2026-07-27T12:14:13.191+0000] {subprocess.py:106} INFO - [0m12:14:13
[2026-07-27T12:14:13.192+0000] {subprocess.py:106} INFO - [0m12:14:13  [32mCompleted successfully[0m
[2026-07-27T12:14:13.192+0000] {subprocess.py:106} INFO - [0m12:14:13
[2026-07-27T12:14:13.192+0000] {subprocess.py:106} INFO - [0m12:14:13  Done. PASS=4 WARN=0 ERROR=0 SKIP=0 NO-OP=0 TOTAL=4
[2026-07-27T12:14:13.867+0000] {subprocess.py:110} INFO - Command exited with return code 0
[2026-07-27T12:14:13.883+0000] {taskinstance.py:341} INFO - ::group::Post task execution logs
[2026-07-27T12:14:13.884+0000] {taskinstance.py:353} INFO - Marking task as SUCCESS. dag_id=avito_to_raw_midraw, task_id=dbt_build_midraw, run_id=scheduled__2026-07-27T11:00:00+00:00, execution_date=20260727T110000, start_date=20260727T121409, end_date=20260727T121413
[2026-07-27T12:14:13.917+0000] {local_task_job_runner.py:266} INFO - Task exited with return code 0
[2026-07-27T12:14:13.928+0000] {taskinstance.py:3901} INFO - 0 downstream tasks scheduled from follow-on schedule check
[2026-07-27T12:14:13.929+0000] {local_task_job_runner.py:245} INFO - ::endgroup::
